
> zero-one-dao@0.1.0 e2e:relay
> tsx relay/e2e-local.ts


== step 1: deploy Zero One on a fresh anvil (prague) + genesis: founder deposits 50 USDC -> 50e18 shares
   anvil http://127.0.0.1:11545 chainId 31401; safe 0x60E73Cf6512C324874Dd3D76858C619434EdB969 baal 0x9e3A5623588164a697863374823ecd9B99C884B7 adapter 0x2EB8B19B2d6f3085fDF8e7f87c9E7ECD0dD6B7FB; genesis 0xf4dc712693f4e3b6d5e978601c15234c28b3ca1c185fed57a628c1875579d016
   ok: founder holds 50e18 shares = 100%

== step 2: sponsor float: 10,000 test USDC to the relay sponsor (faucet for test chains); write the deployment record
   deployment record /Users/michaelyang/Documents/Workspace/zero-one-dao/state/e2e-relay-1788986616317/deployment.json
   ok: relay decodes TreasuryNotSettled with the settlement-vote recovery reason

== step 3: start the relay against the mirror (sponsor = anvil account 15)
{
  "listening": "127.0.0.1:18751",
  "startedAt": "2026-09-09T20:43:37.787Z",
  "chainId": 31401,
  "adapter": "0x2EB8B19B2d6f3085fDF8e7f87c9E7ECD0dD6B7FB",
  "sponsor": "0x33835872657b0AA70FF91d6cbeA870F954Db6bCf",
  "deployment": "/Users/michaelyang/Documents/Workspace/zero-one-dao/state/e2e-relay-1788986616317/deployment.json",
  "stateDir": "/Users/michaelyang/Documents/Workspace/zero-one-dao/state/e2e-relay-1788986616317/relay"
}

   health: {"service":"zero-one-relay","dao":"Zero One","chainId":31401,"chain":"local mirror","adapter":"0x2EB8B19B2d6f3085fDF8e7f87c9E7ECD0dD6B7FB","baal":"0x9e3A5623588164a697863374823ecd9B99C884B7","safe":"0x60E73Cf6512C324874Dd3D76858C619434EdB969","settlement":"0xB798D560D56589a77aF2152662c9294Ac7B30350","constitution":{"address":"0x0b0d3A4471aAc39b743954f8Ee58E7330Df2B14F","textHash":"0xebc7c39cf14fdc0ac2c028cdba5960ecc4560a314e613b93b4585b62826f2d9a","textUrl":"docs/CONSTITUTION.md","text":"docs/CONSTITUTION.md"},"sponsor":"0x33835872657b0AA70FF91d6cbeA870F954Db6bCf","sponsorBalanceWei":"10000000
   ok: relay is alive on the mirror with the deployed adapter

== step 4: build and validate the beacon (README <= 44 lines, every address has code)
[index] scan 0..24 rows=1
$ beacon/scripts/validate.ts --deployment <mirror> --out <mirror-beacon>
{
  "result": "PASS",
  "readmeLines": 44,
  "readmeLineLimit": 44,
  "addressesWithCode": 11,
  "proposals": 0,
  "tasks": 0,
  "members": 1,
  "block": "24"
}

$ wc -l README.txt
      44 /Users/michaelyang/Documents/Workspace/zero-one-dao/state/e2e-relay-1788986616317/beacon/README.txt

   ok: beacon validator CLI produced PASS
   ok: README line count command succeeds

----- README.txt (44 lines) -----
Zero One | Any member can propose anything; only the other members' votes or exits can stop it.
Chain local mirror (31401). Relay http://127.0.0.1:18751. Settlement USDC (6 dec). Shares: 18 dec, non-transferable, weight and exit.
Constitution http://127.0.0.1:18751/CONSTITUTION.md keccak256 0xebc7c39cf14fdc0ac2c028cdba5960ecc4560a314e613b93b4585b62826f2d9a (immutable, on-chain at 0x0b0d3A4471aAc39b743954f8Ee58E7330Df2B14F).
In: USDC at NAV (1 share per USDC while empty). Out: ragequit any time, pro-rata, same block. Work: shares voted per task.
Deposits pause while an open proposal contract still holds a non-USDC asset (a vote settles it, then they resume); Safe dust never pauses them; exit is pro-rata of the Safe only.
Eight verbs. One signed intent each, sent as GET http://127.0.0.1:18751/relay?intent=<base64url JSON {message,signature[,authorization]}>.
message = {member, op, proposalId, amount, evidenceHash, data, details, nonce, deadline}; unused fields are 0 / "0x" / "".
join      GET /relay?op=join&authorization=<base64url {chainId,address,nonce,r,s,yParity}> attaches the adapter to your key; mints nothing
deposit   op=5 amount=<USDC raw units>                    pulls USDC from your address into the Safe, mints shares at NAV
task      op=7 amount=<taskId>                            claims an active task (its verifiers cannot)
deliver   op=8 amount=<taskId> evidenceHash=keccak256(evidence text)
propose   op=0 data=abi.encode(uint8 template,bytes params,bytes32 salt) details=<text+json>   one intent; GET /relay?op=quote (below) builds it
vote      op=2 proposalId=<id> amount=1 (yes) or 0 (no)   needs shares held before the proposal was submitted
execute   op=3 proposalId=<id> data=<proposalData>        anyone, after grace; the relay sends 5,000,000 gas
ragequit  op=4 amount=<shares raw units> data=abi.encode(address[] [USDC])   burns shares, pays pro-rata of the Safe
also work op=6 data=abi.encode(address[] verifiers,uint16 threshold,uint256 rewardShares,uint32 expiration) details=<text> submits the task
proposal and sponsors it in the same transaction (>= 1 share); confirm op=9 amount=<taskId> data=<evidence bytes> (a named verifier)
Intent(address member,uint8 op,uint32 proposalId,uint256 amount,bytes32 evidenceHash,bytes data,string details,uint256 nonce,uint256 deadline)
EIP-712 domain: name ZeroOneIntent, version 1, chainId 31401, verifyingContract 0x2EB8B19B2d6f3085fDF8e7f87c9E7ECD0dD6B7FB. nonce from /me; deadline <= now + 3600 s.
quote: GET /relay?op=quote&member=<addr>&template=<T>&params=<JSON>&summary=<text> (read-only) returns instance, codeHash, paramsHash, budget and the
exact op-0 message to sign; template ids 0 Payment 1 Strategy 2 Project 3 Config; salt = your nonce. The instance address is CREATE2 from
(template, params, member, salt) via the factory 0x818dD8451D67BB7D85dC25304b5dFF4eb96c665c: your account recomputes it and the fund+start multicall on-chain, so nobody can
swap the code. The relay deploys the instance if empty when your signed intent arrives (members with >= 1 share).
Templates: Payment {recipients[],amounts[]} | Strategy {venue,asset,budget,rule{maxPerRun,minInterval,deadline,takeProfitBps,stopLossBps,slippageBps}}
           Project {tranches[{amount,releaseType:date|verifiers,releaseAt,verifiers[],threshold}],deadline} | Config {votingPeriod,gracePeriod,...}
Every response is JSON: {ok:true, hash, ...} or {ok:false, status, reason, error:{name,args}} (decoded custom errors, never a bare revert).

T1 (your own key; Node 18+ or Python 3, no packages): GET http://127.0.0.1:18751/snippet.js or /snippet.py and run
  node snippet.js join --key agent.key        python3 snippet.py join --key agent.key
  ... deposit --usdc 100 | vote --proposal 1 --approve yes | execute --proposal 1 | task --task 1 | deliver --task 1 --evidence "text"
  ... propose --template Payment --params '{"recipients":["0x.."],"amounts":["10000000"]}' | ragequit | work --verifiers a,b --reward-shares RAW
  ... confirm --task 1 --evidence "text" (verifier). propose checks the quoted intent (template id, salt, paramsHash; Payment params re-encoded) before signing.
Each command reads /me, signs locally and prints the exact GET URL; fetch it. Address goes to stderr. Keep the key file 0600.
T0 (fetch only; custodial-lite: the relay derives and holds your key from your pass, so it can sign for you): GET http://127.0.0.1:18751/relay?op=join&pass=<32..256 chars, >= 128 bits of entropy: openssl rand -hex 32>
  same pass with op=deposit&amount= | op=vote&proposalId=&approve=yes | op=execute&proposalId= | op=task&taskId= | op=deliver&taskId=&evidence=
  op=propose&template=&params= | op=work&verifiers=&rewardShares= | op=confirm&taskId=&evidence= | op=ragequit ; op=identity&pass= gives your address
Read: /me/<address>.json (shares, NAV, settled, depositTreasury, shareLiability, exit value, open proposals with deadlines, decoded calls, treasury effect and warnings[], my votes, my tasks, nonce, ragequit data)
      /proposals.json (every proposal, state, deadlines, votes, decoded calls, proposalData, flags) | /state.json (treasury, members, tasks, governance) | /pending.json (what the relay is holding)
Process: submit (self-sponsored: >= 1 share) -> voting 6 h -> grace 6 h (exit allowed) -> execute. Silence is consent: poll /me at least hourly.
A vote in the block of the submission is impossible (share checkpoint); the relay waits for the next block before sending it.
T0: the relay operator can delay or drop your intents; anything you cannot afford to lose goes through T1. The relay's secret is every T0 key; ok comes only after the hash is on chain (/pending.json).
Addresses: Safe 0x60E73Cf6512C324874Dd3D76858C619434EdB969 | Baal 0x9e3A5623588164a697863374823ecd9B99C884B7 | Shares 0xEe874619DaBC7E654395444F877B3f1b5c238E1b | USDC 0xB798D560D56589a77aF2152662c9294Ac7B30350
           DepositShaman 0x22b2e88D865AeBb2b1C7E976Bb81D9Eceb9D05F7 | WorkManager 0x9dc4adF1a3CEe09fcbb807F80B61A5017F6B050F | Adapter 0x2EB8B19B2d6f3085fDF8e7f87c9E7ECD0dD6B7FB | TemplateFactory 0x818dD8451D67BB7D85dC25304b5dFF4eb96c665c
Relay down or budget exhausted? The contracts work without it: call Baal / DepositShaman / WorkManager from any wallet with the same arguments.
----- end README.txt -----
   ok: README.txt is at most 44 lines
   ok: node snippet selftest: JavaScript keccak and curve vectors PASS
   ok: python snippet selftest: Python keccak and curve vectors PASS

== step 5: keys: a fresh T1 agent key (never funded with ETH) plus founder and verifier keys as 0600 files
   agent 0x969FFEa8d05839605852bE6baE95CDdB651B34ad (ETH balance 0) founder 0x2a65fa10E274C7937824b2362c6405bF6854d120 verifiers 0xcFe5caE3621A896dDDb8C50c7505966e139Dd015 0x84ABB9012F289d5DA75Ee8bdbB9128B3f7D4f906

== step 6: T1 agent: join (node snippet.js join) -> delegation attached, nothing minted
   $ node snippet.js join --key /Users/michaelyang/Documents/Workspace/zero-one-dao/state/e2e-relay-1788986616317/keys/agent.key
[index] scan 0..24 rows=1
   stderr: 0x969ffea8d05839605852be6bae95cddb651b34ad
   GET http://127.0.0.1:18751/relay?op=join&authorization=eyJjaGFpbklkIjozMTQwMSwi...
   -> 200 {"ok":true,"verb":"join","address":"0x969FFEa8d05839605852bE6baE95CDdB651B34ad","delegated":true,"hash":"0x87a97b277968db47d33da176336e67bdd9f79deb8b2ebada71e1988d8c3b8930","blockNumber":"25","nonce":"0","shares":"0","note":"mints nothing; deposit at NAV or earn shares by verified work"}
   ok: relay answered ok ()
   ok: agent is delegated and holds 0 shares
[index] scan 25..25 rows=1
   /me: {"address":"0x969FFEa8d05839605852bE6baE95CDdB651B34ad","chainId":31401,"adapter":"0x2EB8B19B2d6f3085fDF8e7f87c9E7ECD0dD6B7FB","delegated":true,"nonce":"0","authorizationNonce":1,"chainTime":1788986619,"domain":{"name":"ZeroOneIntent","version":"1","chainId":31401,"verifyingContract":"0x2EB8B19B2d6f3085fDF8e7f87c9E7ECD0dD6B7FB"},"dao":{"name":"Zero One","principle":"Any member can propose anything; only the other members' votes or exits can stop it."},"custody":"self-custody","shares":"0","sharesFormatted":"0","percent":"0.0000","navUsdcPerShare":"1","settled":true,"depositTreasury":"50000000","shareLiability":"0","exitValueUsdc":"0","usdc":"0","usdcFormatted":"0","spendable":"0","openPropos
   ok: /me shows delegated, nonce 0, 0 shares

== step 7: T1 agent: deposit 100 USDC (deposit --usdc 100); the mirror faucet tops the agent up first
   $ node snippet.js deposit --key /Users/michaelyang/Documents/Workspace/zero-one-dao/state/e2e-relay-1788986616317/keys/agent.key --usdc 100
   stderr: 0x969ffea8d05839605852be6bae95cddb651b34ad
   GET http://127.0.0.1:18751/relay?intent=eyJtZXNzYWdlIjp7Im1lbWJl...
   -> 200 {"ok":true,"verb":"deposit","op":5,"member":"0x969FFEa8d05839605852bE6baE95CDdB651B34ad","hash":"0x1d8c3ef9e11ab1d82cd431d9dfa9a8dfd3d085914ba98fd6ed9a7df84d766904","blockNumber":"27","gasUsed":"265319","nonceUsed":"0","nextNonce":"1","deposit":{"usdc":"100","sharesMinted":"100"},"faucet":{"toppedUpUsdc":"100","hash":"0x7cb1b9ed5b558b7de71cd9127b5ec833479210ef4b984a516c021c97c57ecb6e"}}
   ok: relay answered ok ()
   ok: 100 USDC at NAV 1 -> 100 shares
[index] scan 26..27 rows=2
   /me: shares 100 (66.6666%) nav 1 exitValue 100 usdc 0 nonce 1
   ok: /me: 100 shares, NAV 1 USDC/share, exit value 100 USDC, nonce 1
   ok: /me exposes settled and depositTreasury at the state block
   ok: /state.json exposes the same ledger deposit NAV as /me

== step 8: founder: join via the relay (python3 snippet.py) before any proposal exists
   $ python3 snippet.py join --key /Users/michaelyang/Documents/Workspace/zero-one-dao/state/e2e-relay-1788986616317/keys/founder.key
   stderr: 0x2a65fa10e274c7937824b2362c6405bf6854d120
   GET http://127.0.0.1:18751/relay?op=join&authorization=eyJjaGFpbklkIjozMTQwMSwi...
   -> 200 {"ok":true,"verb":"join","address":"0x2a65fa10E274C7937824b2362c6405bF6854d120","delegated":true,"hash":"0x6230c94749090d8c5a751db57bf204e8da8d975dab45276f5064786fcb2ab90b","blockNumber":"28","nonce":"0","shares":"0","note":"mints nothing; deposit at NAV or earn shares by verified work"}
   ok: relay answered ok ()

== step 9: T1 agent: propose a Payment of 10 USDC to itself with ONE signed intent (propose --template Payment): op=quote (read-only) -> sign -> the relay deploys the CREATE2 instance -> the account submits fund+start of exactly that address
   GET http://127.0.0.1:18751/relay?op=quote&member=0x969FFEa8d05839605852bE6baE95CDdB651B34ad&template=Payment&params=%7B%22recipients%22%3A%5B%220x969FFEa8d05839605852bE6baE95CDdB651B34ad%22%5D%2C%22amounts%22%3A%5B%2210000000%22%5D%7D&summary=agent%3A%20pay%20me%2010%20USDC
   -> 200 {"ok":true,"verb":"quote","instance":"0x38E8982a10837614ecfc892d2f8883CFCF366792","exists":false,"template":"Payment","templateId":0,"contract":"PaymentProposal","codeHash":"0x0bf56f870a82b73d6e87ff76da332c218fa95ef0970dde7f3b79519fe4dcedb9","paramsHash":"0xb37fb291c41fbef1b3313ab042cc799d5e425f28ecd661ec7e4e6707f17879d1","paramsBytes":"0x000000000000000000000000000000000000000000000000000000000000004000000000000000000000000000000000000000000000000000000000000000800000000000000000000000000000000000000000000000000000000000000001000000000000000000000000969ffea8d05839605852be6bae95cddb651b34ad00000000000000000000000000000000000000000000000000000000000000010000000000000000000000000000000000000000000000000000000000989680","salt":"0x0000000000000000000000000000000000000000000000000000000000000001","operator":"0x969FFEa8d05839605852bE6baE95CDdB651B34ad","budget":"10000000","budgetUsdc":"10","deadline":"0","calls":[{"to":"0xB798D560D56589a77aF2152662c9294Ac7B30350","data":"0xa9059cbb00000000000000000000000038e8982a10837614ecfc892d2f8883cfcf3667920000000000000000000000000000000000000000000000000000000000989680"},{"to":"0x38E8982a10837614ecfc892d2f8883CFCF366792","data":"0xbe9a6555"}],"propo
   ok: relay answered ok ()
   ok: quote: the instance address is known before deployment (exists: false), with its code hash
   $ node snippet.js propose --key /Users/michaelyang/Documents/Workspace/zero-one-dao/state/e2e-relay-1788986616317/keys/agent.key --template Payment --params "{\"recipients\":[\"0x969FFEa8d05839605852bE6baE95CDdB651B34ad\"],\"amounts\":[\"10000000\"]}" --summary "agent: pay me 10 USDC"
[index] scan 28..28 rows=2
   stderr: 0x969ffea8d05839605852be6bae95cddb651b34ad | {"instance":"0x38E8982a10837614ecfc892d2f8883CFCF366792","exists":false,"codeHash":"0x0bf56f870a82b73d6e87ff76da332c218fa95ef0970dde7f3b79519fe4dcedb9","paramsHash":"0xb37fb291c41fbef1b3313ab042cc799d5e425f28ecd661ec7e4e6707f17879d1","operator":"0x969FFEa8d05839605852bE6baE95CDdB651B34ad","budgetUsdc":"10","canPropose":true}
   GET http://127.0.0.1:18751/relay?intent=eyJtZXNzYWdlIjp7Im1lbWJl...
   -> 200 {"ok":true,"verb":"propose","op":0,"member":"0x969FFEa8d05839605852bE6baE95CDdB651B34ad","hash":"0xf91afba12bf6bd91fff03f3e80add25ce17f7ce4e345f4cf3da8f321b1d1b3d1","blockNumber":"30","gasUsed":"358740","nonceUsed":"1","nextNonce":"2","proposalId":1,"sponsored":true,"instance":"0x38E8982a10837614ecfc892d2f8883CFCF366792","template":"Payment","codeHash":"0x0bf56f870a82b73d6e87ff76da332c218fa95ef0970dde7f3b79519fe4dcedb9","deployHash":"0x573bf532bd5710788d3272496686cd4a4e68b972c799d4850fa701cfc120e278","deployedBy":"relay sponsor"}
   ok: relay answered ok ()
   ok: proposal #1 submitted and self-sponsored (agent holds >= 1 share) in one intent
   ok: the relay deployed the instance at the quoted CREATE2 address before the intent (sponsored, member >= 1 share)
   ok: the code hash quoted before deployment equals keccak256 of the code now at the address
[index] scan 29..30 rows=3
   /proposals.json #1: state Voting effect "10 USDC leaves the Safe; Payment contract 0x38E8982a10837614ecfc892d2f8883CFCF366792 (budget 10 USDC, operator 0x969FFEa8d05839605852bE6baE95CDdB651B34ad)" instance {"address":"0x38E8982a10837614ecfc892d2f8883CFCF366792","template":"Payment","paramsHash":"0xb37fb291c41fbef1b3313ab042cc799d5e425f28ecd661ec7e4e6707f17879d1","operator":"0x969FFEa8d05839605852bE6baE95CDdB651B34ad","budget":"10000000","budgetUsdc":"10","deadline":0,"status":"Pending","codeHash":"0x0
   ok: proposal #1 is Voting with treasury effect 10 USDC out
   ok: instance is a Pending Payment whose operator is the agent
   ok: the proposalData the account built on-chain equals the quoted (off-chain) multicall; details carry codeHash and paramsHash
   GET http://127.0.0.1:18751/relay?op=quote&member=0x969FFEa8d05839605852bE6baE95CDdB651B34ad&template=Payment&params=%7B%22recipients%22%3A%5B%220x969FFEa8d05839605852bE6baE95CDdB651B34ad%22%5D%2C%22amounts%22%3A%5B%2210000000%22%5D%7D&summary=x&salt=0x0000000000000000000000000000000000000000000000000000000000000001
   -> 200 {"ok":true,"verb":"quote","instance":"0x38E8982a10837614ecfc892d2f8883CFCF366792","exists":true,"template":"Payment","templateId":0,"contract":"PaymentProposal","codeHash":"0x0bf56f870a82b73d6e87ff76da332c218fa95ef0970dde7f3b79519fe4dcedb9","paramsHash":"0xb37fb291c41fbef1b3313ab042cc799d5e425f28ecd661ec7e4e6707f17879d1","paramsBytes":"0x000000000000000000000000000000000000000000000000000000000000004000000000000000000000000000000000000000000000000000000000000000800000000000000000000000000000000000000000000000000000000000000001000000000000000000000000969ffea8d05839605852be6bae95cddb651b34ad00000000000000000000000000000000000000000000000000000000000000010000000000000000000000000000000000000000000000000000000000989680","salt":"0x0000000000000000000000000000000000000000000000000000000000000001","operator":"0x969FFEa8d05839605852bE6baE95CDdB651B34ad","budget":"10000000","budgetUsdc":"10","deadline":"0","calls":[{"to":"0xB798D560D56589a77aF2152662c9294Ac7B30350","data":"0xa9059cbb00000000000000000000000038e8982a10837614ecfc892d2f8883cfcf3667920000000000000000000000000000000000000000000000000000000000989680"},{"to":"0x38E8982a10837614ecfc892d2f8883CFCF366792","data":"0xbe9a6555"}],"propos
   ok: relay answered ok ()
   ok: quoting the same (template, params, member, salt) again finds the deployed instance (deterministic address)
   $ node snippet.js propose --key /Users/michaelyang/Documents/Workspace/zero-one-dao/state/e2e-relay-1788986616317/keys/agent.key --template Payment --params "{\"recipients\":[\"0x969FFEa8d05839605852bE6baE95CDdB651B34ad\"],\"amounts\":[\"10000000\"]}" --summary x
   stderr: 0x969ffea8d05839605852be6bae95cddb651b34ad | {"instance":"0x1CF08E79EDe232Bb9fd0c3fb44560B12ee10CCEc","exists":false,"codeHash":"0x0bf56f870a82b73d6e87ff76da332c218fa95ef0970dde7f3b79519fe4dcedb9","paramsHash":"0xb37fb291c41fbef1b3313ab042cc799d5e425f28ecd661ec7e4e6707f17879d1","operator":"0x969FFEa8d05839605852bE6baE95CDdB651B34ad","budgetUsdc":"10","canPropose":true}
   ok: the signed intent carries only the template id, the exact abi.encode(params) and a salt (nothing the relay chose)

== step 10: founder votes YES on #1 right after the submission (python3 snippet.py): the relay waits one block (ruling 7)
   $ python3 snippet.py vote --key /Users/michaelyang/Documents/Workspace/zero-one-dao/state/e2e-relay-1788986616317/keys/founder.key --proposal 1 --approve yes
   stderr: 0x2a65fa10e274c7937824b2362c6405bf6854d120
   GET http://127.0.0.1:18751/relay?intent=eyJtZXNzYWdlIjp7Im1lbWJl...
   -> 200 {"ok":true,"verb":"vote","op":2,"member":"0x2a65fa10E274C7937824b2362c6405bF6854d120","hash":"0xb1b6caa7f78da6d09b90134c47ac04eea75baee0eac35b1052f76616e467aab3","blockNumber":"32","gasUsed":"157314","nonceUsed":"0","nextNonce":"1","waitedBlocks":1,"vote":{"proposalId":1,"approved":true,"shares":"50"}}
   ok: relay answered ok ()
   ok: the relay waited exactly one block before sending a vote that followed a fresh submission (ruling 7)
   ok: founder voted YES with 50 shares

== step 11: warp past voting + grace (12 h); T1 agent executes #1 via the relay (explicit 5,000,000 gas)
   $ node snippet.js execute --key /Users/michaelyang/Documents/Workspace/zero-one-dao/state/e2e-relay-1788986616317/keys/agent.key --proposal 1
[index] scan 31..33 rows=4
   stderr: 0x969ffea8d05839605852be6bae95cddb651b34ad
   GET http://127.0.0.1:18751/relay?intent=eyJtZXNzYWdlIjp7Im1lbWJl...
   -> 200 {"ok":true,"verb":"execute","op":3,"member":"0x969FFEa8d05839605852bE6baE95CDdB651B34ad","hash":"0x14135599a2dbb8111c457cb5b17bccadc65cda6ae8ac4902cd3615ee61051b31","blockNumber":"34","gasUsed":"294739","nonceUsed":"2","nextNonce":"3","processed":{"proposalId":1,"passed":true,"actionFailed":false}}
   ok: relay answered ok ()
   ok: proposal #1 passed and its action executed (fund + start)
[index] scan 34..34 rows=5
   /me: usdc 10 shares 100 nav 0.933333 exitValue 93.333333
   ok: the agent sees the 10 USDC payment
   ok: the Safe holds 140 USDC (50 + 100 - 10)

== step 12: founder proposes a task via the relay (work: verifiers V1,V2 threshold 2, reward 5 shares): submitTask + sponsorProposal in ONE transaction (ruling 4); founder votes right after (relay waits one block); agent votes; warp; agent executes
   $ python3 snippet.py work --key /Users/michaelyang/Documents/Workspace/zero-one-dao/state/e2e-relay-1788986616317/keys/founder.key --verifiers 0xcFe5caE3621A896dDDb8C50c7505966e139Dd015,0x84ABB9012F289d5DA75Ee8bdbB9128B3f7D4f906 --threshold 2 --reward-shares 5000000000000000000 --details "ops: run the relay e2e"
   stderr: 0x2a65fa10e274c7937824b2362c6405bf6854d120
   GET http://127.0.0.1:18751/relay?intent=eyJtZXNzYWdlIjp7Im1lbWJl...
   -> 200 {"ok":true,"verb":"work","op":6,"member":"0x2a65fa10E274C7937824b2362c6405bF6854d120","hash":"0x3b8ec7ef613861a47bc9681bf6fb85338d66d5357b9420249f59e2564252d531","blockNumber":"35","gasUsed":"542178","nonceUsed":"1","nextNonce":"2","proposalId":2,"task":{"taskId":1,"proposalId":2},"sponsored":true}
   ok: relay answered ok ()
   ok: task #1 recorded, proposal #2 submitted
   ok: the same transaction sponsored #2 (SponsorProposal event): no ninth verb
[index] scan 35..35 rows=8
   ok: proposal #2 is Voting, sponsored by the founder's own account
   $ python3 snippet.py vote --key /Users/michaelyang/Documents/Workspace/zero-one-dao/state/e2e-relay-1788986616317/keys/founder.key --proposal 2 --approve yes
   stderr: 0x2a65fa10e274c7937824b2362c6405bf6854d120
   GET http://127.0.0.1:18751/relay?intent=eyJtZXNzYWdlIjp7Im1lbWJl...
   -> 200 {"ok":true,"verb":"vote","op":2,"member":"0x2a65fa10E274C7937824b2362c6405bF6854d120","hash":"0x709162db6e9bafd41b6a73feccdaf83f4d7d7c02db077071e8d66b47b80115be","blockNumber":"37","gasUsed":"140226","nonceUsed":"2","nextNonce":"3","waitedBlocks":1,"vote":{"proposalId":2,"approved":true,"shares":"50"}}
   ok: relay answered ok ()
   ok: the relay waited exactly one block before sending a vote that followed a fresh submission (ruling 7)
   $ node snippet.js vote --key /Users/michaelyang/Documents/Workspace/zero-one-dao/state/e2e-relay-1788986616317/keys/agent.key --proposal 2 --approve yes
[index] scan 36..37 rows=9
   stderr: 0x969ffea8d05839605852be6bae95cddb651b34ad
   GET http://127.0.0.1:18751/relay?intent=eyJtZXNzYWdlIjp7Im1lbWJl...
   -> 200 {"ok":true,"verb":"vote","op":2,"member":"0x969FFEa8d05839605852bE6baE95CDdB651B34ad","hash":"0xfe36eb8af24f761b3f3f2dfec764416ce3d32cf1a14efa8ca070f80b7956b17b","blockNumber":"38","gasUsed":"123126","nonceUsed":"3","nextNonce":"4","waitedBlocks":0,"vote":{"proposalId":2,"approved":true,"shares":"100"}}
   ok: relay answered ok ()
   ok: a vote after a later block exists is sent at once (waitedBlocks 0)
   $ node snippet.js execute --key /Users/michaelyang/Documents/Workspace/zero-one-dao/state/e2e-relay-1788986616317/keys/agent.key --proposal 2
[index] scan 38..39 rows=10
   stderr: 0x969ffea8d05839605852be6bae95cddb651b34ad
   GET http://127.0.0.1:18751/relay?intent=eyJtZXNzYWdlIjp7Im1lbWJl...
   -> 200 {"ok":true,"verb":"execute","op":3,"member":"0x969FFEa8d05839605852bE6baE95CDdB651B34ad","hash":"0x7695f43df237645832060a29a7bd383579e906974319763d6a005c4b37513376","blockNumber":"40","gasUsed":"235158","nonceUsed":"4","nextNonce":"5","processed":{"proposalId":2,"passed":true,"actionFailed":false}}
   ok: relay answered ok ()
   ok: task proposal executed: task #1 active

== step 13: T1 agent: claim task #1 (task --task 1) and deliver evidence; verifiers confirm via the relay (python); reward mints at the threshold
   $ node snippet.js task --key /Users/michaelyang/Documents/Workspace/zero-one-dao/state/e2e-relay-1788986616317/keys/agent.key --task 1
[index] scan 40..40 rows=12
   stderr: 0x969ffea8d05839605852be6bae95cddb651b34ad
   GET http://127.0.0.1:18751/relay?intent=eyJtZXNzYWdlIjp7Im1lbWJl...
   -> 200 {"ok":true,"verb":"task","op":7,"member":"0x969FFEa8d05839605852bE6baE95CDdB651B34ad","hash":"0x934e0cb53e608934b652c6a004606d76ab05c4efa99f1cc02bfeb531bc996b30","blockNumber":"41","gasUsed":"98187","nonceUsed":"5","nextNonce":"6","claimed":{"taskId":1}}
   ok: relay answered ok ()
   ok: agent claimed task #1
   $ node snippet.js deliver --key /Users/michaelyang/Documents/Workspace/zero-one-dao/state/e2e-relay-1788986616317/keys/agent.key --task 1 --evidence "done: relay e2e delivered"
[index] scan 41..41 rows=13
   stderr: 0x969ffea8d05839605852be6bae95cddb651b34ad
   GET http://127.0.0.1:18751/relay?intent=eyJtZXNzYWdlIjp7Im1lbWJl...
   -> 200 {"ok":true,"verb":"deliver","op":8,"member":"0x969FFEa8d05839605852bE6baE95CDdB651B34ad","hash":"0xe429f90ed67b911d936aaac72074ac105389d0d681991271f2f2c537e9ace09e","blockNumber":"42","gasUsed":"82403","nonceUsed":"6","nextNonce":"7","delivered":{"taskId":1,"round":1}}
   ok: relay answered ok ()
   ok: delivery round 1 committed
[index] scan 42..42 rows=14
   /me myTasks: [{"taskId":1,"proposalId":2,"proposer":"0x2a65fa10E274C7937824b2362c6405bF6854d120","worker":"0x969FFEa8d05839605852bE6baE95CDdB651B34ad","verifiers":["0xcFe5caE3621A896dDDb8C50c7505966e139Dd015","0x84ABB9012F289d5DA75Ee8bdbB9128B3f7D4f906"],"threshold":2,"confirmations":0,"round":1,"rewardShares":"5000000000000000000","rewardSharesFormatted":"5","status":"Active","evidenceHash":"0x2ddb3e2784a74da
   ok: /me shows the delivery awaiting verification
   $ python3 snippet.py join --key /Users/michaelyang/Documents/Workspace/zero-one-dao/state/e2e-relay-1788986616317/keys/v1.key
   stderr: 0xcfe5cae3621a896dddb8c50c7505966e139dd015
   GET http://127.0.0.1:18751/relay?op=join&authorization=eyJjaGFpbklkIjozMTQwMSwi...
   -> 200 {"ok":true,"verb":"join","address":"0xcFe5caE3621A896dDDb8C50c7505966e139Dd015","delegated":true,"hash":"0x570823ca5d4b35ee661ef90a8e6781333ec879f26a5892122f5cdb5f1980fa3d","blockNumber":"43","nonce":"0","shares":"0","note":"mints nothing; deposit at NAV or earn shares by verified work"}
   ok: relay answered ok ()
   $ python3 snippet.py confirm --key /Users/michaelyang/Documents/Workspace/zero-one-dao/state/e2e-relay-1788986616317/keys/v1.key --task 1 --evidence "done: relay e2e delivered"
[index] scan 43..43 rows=14
   stderr: 0xcfe5cae3621a896dddb8c50c7505966e139dd015
   GET http://127.0.0.1:18751/relay?intent=eyJtZXNzYWdlIjp7Im1lbWJl...
   -> 200 {"ok":true,"verb":"confirm","op":9,"member":"0xcFe5caE3621A896dDDb8C50c7505966e139Dd015","hash":"0x6e9c7a5d173775bc7b570182fa79e222be1371fa4d7630d961d201c5f9b10509","blockNumber":"44","gasUsed":"103363","nonceUsed":"0","nextNonce":"1","confirmed":{"taskId":1,"confirmations":1}}
   ok: relay answered ok ()
   ok: first confirmation: nothing minted yet
   $ python3 snippet.py join --key /Users/michaelyang/Documents/Workspace/zero-one-dao/state/e2e-relay-1788986616317/keys/v2.key
[index] scan 44..44 rows=15
   stderr: 0x84abb9012f289d5da75ee8bdbb9128b3f7d4f906
   GET http://127.0.0.1:18751/relay?op=join&authorization=eyJjaGFpbklkIjozMTQwMSwi...
   -> 200 {"ok":true,"verb":"join","address":"0x84ABB9012F289d5DA75Ee8bdbB9128B3f7D4f906","delegated":true,"hash":"0x8ad595f53369aece07f52c5df0d7dda89a73ad991c9baa06010e1f084178fca4","blockNumber":"45","nonce":"0","shares":"0","note":"mints nothing; deposit at NAV or earn shares by verified work"}
   ok: relay answered ok ()
   $ python3 snippet.py confirm --key /Users/michaelyang/Documents/Workspace/zero-one-dao/state/e2e-relay-1788986616317/keys/v2.key --task 1 --evidence "done: relay e2e delivered"
[index] scan 45..45 rows=15
   stderr: 0x84abb9012f289d5da75ee8bdbb9128b3f7d4f906
   GET http://127.0.0.1:18751/relay?intent=eyJtZXNzYWdlIjp7Im1lbWJl...
   -> 200 {"ok":true,"verb":"confirm","op":9,"member":"0x84ABB9012F289d5DA75Ee8bdbB9128B3f7D4f906","hash":"0x950bb8a383ad2a7f39da3b9fa75c3a26f6b6700d8bd6a1b506c47dbbf2eaab8b","blockNumber":"46","gasUsed":"231250","nonceUsed":"0","nextNonce":"1","confirmed":{"taskId":1,"confirmations":2},"verified":{"taskId":1,"worker":"0x969FFEa8d05839605852bE6baE95CDdB651B34ad","rewardShares":"5"}}
   ok: relay answered ok ()
   ok: second confirmation mints exactly 5 shares to the worker
[index] scan 46..46 rows=18
   /me: shares 105 (67.7419%) exitValue 94.838709
   ok: the agent sees 105 shares

== step 14: T0 agent (passphrase, fetch only): identity, join, deposit 20 USDC
   GET http://127.0.0.1:18751/relay?op=identity&pass=<redacted>
   -> 200 {"ok":true,"address":"0x59a8a9B58FC0968D71F786DA9cb715b8414C6F0A","chainId":31401,"adapter":"0x2EB8B19B2d6f3085fDF8e7f87c9E7ECD0dD6B7FB","delegated":false,"nonce":"0","authorizationNonce":0,"chainTime":1789073053,"domain":{"name":"ZeroOneIntent","version":"1","chainId":31401,"verifyingContract":"0x2EB8B19B2d6f3085fDF8e7f87c9E7ECD0dD6B7FB"},"custody":"custodial-lite","me":"/me/pass/58155fd6e870788d3780ffb4361690ab7b0ee1ea55592ef96424d56b55a40c3e.json"}
   ok: relay answered ok ()
   GET http://127.0.0.1:18751/relay?op=join&pass=<redacted>
   -> 200 {"ok":true,"verb":"join","address":"0x59a8a9B58FC0968D71F786DA9cb715b8414C6F0A","delegated":true,"hash":"0x388f1110acbc879ee25e899ff7c83f7774a0d5b07b2e309307e046dca6bcdcae","blockNumber":"47","nonce":"0","shares":"0","note":"mints nothing; deposit at NAV or earn shares by verified work"}
   ok: relay answered ok ()
   ok: T0 account delegated
   GET http://127.0.0.1:18751/relay?op=deposit&amount=20000000&pass=<redacted>
[index] scan 47..47 rows=18
   -> 200 {"ok":true,"verb":"deposit","op":5,"member":"0x59a8a9B58FC0968D71F786DA9cb715b8414C6F0A","hash":"0xbed0981292150d46f42721425643db79a09907a6aabc125a45bf26dd75947004","blockNumber":"49","gasUsed":"265307","nonceUsed":"0","nextNonce":"1","deposit":{"usdc":"20","sharesMinted":"22.142857142857142857"},"faucet":{"toppedUpUsdc":"20","hash":"0x0e894ab4b6f877db4868c472c11c1af1ffca34a5fdbc0403d02ba9092acd56d0"},"custody":"custodial-lite","me":"/me/pass/58155fd6e870788d3780ffb4361690ab7b0ee1ea55592ef96424d56b55a40c3e.json"}
   ok: relay answered ok ()
   T0 deposit -> 22.142857142857142857 shares (raw 22142857142857142857)
   ok: T0 received 20 x 155 / 140 shares at NAV
[index] scan 48..49 rows=19
   /me/pass: custody custodial-lite shares 22.142857142857142857 nonce 1
   ok: /me/pass/<sha256> reports the T0 shares

== step 15: T1 agent proposes Payment #2 (1 USDC to the T0 address); T0 votes YES then ragequits during voting (allowed); T0 sees 0 shares
   $ node snippet.js propose --key /Users/michaelyang/Documents/Workspace/zero-one-dao/state/e2e-relay-1788986616317/keys/agent.key --template Payment --params "{\"recipients\":[\"0x59a8a9B58FC0968D71F786DA9cb715b8414C6F0A\"],\"amounts\":[\"1000000\"]}" --summary "agent: 1 USDC to the T0 agent"
   stderr: 0x969ffea8d05839605852be6bae95cddb651b34ad | {"instance":"0x9AEA6871F3950D83094fEF636cF05Ac573C91696","exists":false,"codeHash":"0x0bf56f870a82b73d6e87ff76da332c218fa95ef0970dde7f3b79519fe4dcedb9","paramsHash":"0x820404439362bb5c15a95d196a794f35824233027fb15ee0936c3ab5f3338633","operator":"0x969FFEa8d05839605852bE6baE95CDdB651B34ad","budgetUsdc":"1","canPropose":true}
   GET http://127.0.0.1:18751/relay?intent=eyJtZXNzYWdlIjp7Im1lbWJl...
   -> 200 {"ok":true,"verb":"propose","op":0,"member":"0x969FFEa8d05839605852bE6baE95CDdB651B34ad","hash":"0x73355af0f464587197dcf53642a2bb2c729d68e02641b8f772544e2ffe58e159","blockNumber":"51","gasUsed":"342111","nonceUsed":"7","nextNonce":"8","proposalId":3,"sponsored":true,"instance":"0x9AEA6871F3950D83094fEF636cF05Ac573C91696","template":"Payment","codeHash":"0x0bf56f870a82b73d6e87ff76da332c218fa95ef0970dde7f3b79519fe4dcedb9","deployHash":"0x274cccb615261ff90f4f8f897458086e8abaca53713a6d384b2883092216be72","deployedBy":"relay sponsor"}
   ok: relay answered ok ()
   ok: proposal #3 submitted; its instance deployed by the sponsor at the CREATE2 address
   GET http://127.0.0.1:18751/relay?op=vote&proposalId=3&approve=yes&pass=<redacted>
[index] scan 50..51 rows=20
   -> 200 {"ok":true,"verb":"vote","op":2,"member":"0x59a8a9B58FC0968D71F786DA9cb715b8414C6F0A","hash":"0xb0ce34b37739823b338d36f05535589d4c68563ba421a6dd2a0f367585c3d455","blockNumber":"53","gasUsed":"140226","nonceUsed":"1","nextNonce":"2","waitedBlocks":1,"vote":{"proposalId":3,"approved":true,"shares":"22.142857142857142857"},"custody":"custodial-lite","me":"/me/pass/58155fd6e870788d3780ffb4361690ab7b0ee1ea55592ef96424d56b55a40c3e.json"}
   ok: relay answered ok ()
   ok: the relay waited exactly one block before sending a vote that followed a fresh submission (ruling 7)
   ok: T0 voted YES on #3
   GET http://127.0.0.1:18751/relay?op=ragequit&pass=<redacted>
[index] scan 52..53 rows=21
   -> 200 {"ok":true,"verb":"ragequit","op":4,"member":"0x59a8a9B58FC0968D71F786DA9cb715b8414C6F0A","hash":"0x1c668041bb3bd1c2a5cc21e86f07213450b33432c800dcf60bad60446f4e9b5d","blockNumber":"54","gasUsed":"727281","nonceUsed":"2","nextNonce":"3","ragequit":{"sharesBurned":"22.142857142857142857"},"custody":"custodial-lite","me":"/me/pass/58155fd6e870788d3780ffb4361690ab7b0ee1ea55592ef96424d56b55a40c3e.json"}
   ok: relay answered ok ()
   ok: T0 ragequit all shares
   T0 usdc 0 -> 19999999
   ok: T0 received its pro-rata USDC
[index] scan 54..54 rows=22
   ok: /me/pass shows 0 shares after ragequit

== step 16: T1 agent ragequits all shares; sees 0 shares and its pro-rata USDC
   $ node snippet.js ragequit --key /Users/michaelyang/Documents/Workspace/zero-one-dao/state/e2e-relay-1788986616317/keys/agent.key
   stderr: 0x969ffea8d05839605852be6bae95cddb651b34ad
   GET http://127.0.0.1:18751/relay?intent=eyJtZXNzYWdlIjp7Im1lbWJl...
   -> 200 {"ok":true,"verb":"ragequit","op":4,"member":"0x969FFEa8d05839605852bE6baE95CDdB651B34ad","hash":"0x4498eeea76904e48db6e9e281601e00be5f16d23aff9f51c1b4856ec752bcd57","blockNumber":"55","gasUsed":"339802","nonceUsed":"8","nextNonce":"9","ragequit":{"sharesBurned":"105"}}
   ok: relay answered ok ()
   ok: 105 shares burned
   paid 94838710 (expected 94838710) from treasury 140000001 at supply 155000000000000000000
   ok: the agent received exactly its pro-rata of the Safe
[index] scan 55..55 rows=23
   /me: shares 0 usdc 104.83871 nonce 9
   ok: /me shows 0 shares

== step 17: readable failures: every rejected request carries a JSON reason (decoded custom error / Baal string), never a bare revert
   $ node snippet.js execute --key /Users/michaelyang/Documents/Workspace/zero-one-dao/state/e2e-relay-1788986616317/keys/agent.key --proposal 3
   stderr: 0x969ffea8d05839605852be6bae95cddb651b34ad
   GET http://127.0.0.1:18751/relay?intent=eyJtZXNzYWdlIjp7Im1lbWJl...
[relay] /relay?intent=eyJtZXNzYWdlIjp7Im1lbWJlciI6IjB4OTY5ZmZlYThkMDU4Mzk2MDU4NTJiZTZiYWU5NWNkZGI2NTFiMzRhZCIsIm9wIjozLCJwcm9wb3NhbElkIjozLCJhbW91bnQiOiIwIiwiZXZpZGVuY2VIYXNoIjoiMHgwMDAwMDAwMDAwMDAwMDAwMDAwMD -> 422 reverted: the proposal is not ready to execute: wait for grace to end, or it was defeated / cancelled / already processed
   -> 422 {"ok":false,"status":422,"reason":"reverted: the proposal is not ready to execute: wait for grace to end, or it was defeated / cancelled / already processed","error":{"name":"Error","args":{"message":"!ready"}}}
   ok: relay answered with a JSON reason: reverted: the proposal is not ready to execute: wait for grace to end, or it was defeated / cancelled / already processed
   ok: execute before grace -> 422 with Baal '!ready' decoded
   GET http://127.0.0.1:18751/relay?op=vote&proposalId=3&approve=no&pass=<redacted>
[index] resume 55 scanned=0
[relay] /relay?op=vote&proposalId=3&approve=no&pass=<redacted> -> 422 reverted: this address already voted on the proposal
   -> 422 {"ok":false,"status":422,"reason":"reverted: this address already voted on the proposal","error":{"name":"Error","args":{"message":"voted"}}}
   ok: relay answered with a JSON reason: reverted: this address already voted on the proposal
   ok: T0 voting twice -> 'voted' decoded
   $ node snippet.js task --key /Users/michaelyang/Documents/Workspace/zero-one-dao/state/e2e-relay-1788986616317/keys/agent.key --task 1
[index] resume 55 scanned=0
   stderr: 0x969ffea8d05839605852be6bae95cddb651b34ad
   GET http://127.0.0.1:18751/relay?intent=eyJtZXNzYWdlIjp7Im1lbWJl...
[relay] /relay?intent=eyJtZXNzYWdlIjp7Im1lbWJlciI6IjB4OTY5ZmZlYThkMDU4Mzk2MDU4NTJiZTZiYWU5NWNkZGI2NTFiMzRhZCIsIm9wIjo3LCJwcm9wb3NhbElkIjowLCJhbW91bnQiOiIxIiwiZXZpZGVuY2VIYXNoIjoiMHgwMDAwMDAwMDAwMDAwMDAwMDAwMD -> 422 reverted: WrongStatus(taskId=1, expected=2, observed=3)
   -> 422 {"ok":false,"status":422,"reason":"reverted: WrongStatus(taskId=1, expected=2, observed=3)","error":{"name":"WrongStatus","args":{"taskId":"1","expected":"2","observed":"3"}}}
   ok: relay answered with a JSON reason: reverted: WrongStatus(taskId=1, expected=2, observed=3)
   ok: claiming a completed task -> custom error WrongStatus decoded with its arguments
   $ python3 snippet.py deposit --key /Users/michaelyang/Documents/Workspace/zero-one-dao/state/e2e-relay-1788986616317/keys/v1.key --amount 0
[index] resume 55 scanned=0
   stderr: 0xcfe5cae3621a896dddb8c50c7505966e139dd015
   GET http://127.0.0.1:18751/relay?intent=eyJtZXNzYWdlIjp7Im1lbWJl...
[relay] /relay?intent=eyJtZXNzYWdlIjp7Im1lbWJlciI6IjB4Y2ZlNWNhZTM2MjFhODk2ZGRkYjhjNTBjNzUwNTk2NmUxMzlkZDAxNSIsIm9wIjo1LCJwcm9wb3NhbElkIjowLCJhbW91bnQiOiIwIiwiZXZpZGVuY2VIYXNoIjoiMHgwMDAwMDAwMDAwMDAwMDAwMDAwMD -> 422 reverted: ZeroAmount()
   -> 422 {"ok":false,"status":422,"reason":"reverted: ZeroAmount()","error":{"name":"ZeroAmount","args":{}}}
   ok: relay answered with a JSON reason: reverted: ZeroAmount()
   ok: deposit 0 -> DepositShaman.ZeroAmount decoded
   GET http://127.0.0.1:18751/relay?op=propose&template=Bogus&params=%7B%7D&pass=<redacted>
[relay] /relay?op=propose&template=Bogus&params=%7B%7D&pass=<redacted> -> 400 unknown template Bogus; use one of Payment, Strategy, Project, Config
   -> 400 {"ok":false,"status":400,"reason":"unknown template Bogus; use one of Payment, Strategy, Project, Config"}
   ok: relay answered with a JSON reason: unknown template Bogus; use one of Payment, Strategy, Project, Config
   ok: unknown template -> 400 with a reason
   $ python3 snippet.py propose --key /Users/michaelyang/Documents/Workspace/zero-one-dao/state/e2e-relay-1788986616317/keys/v1.key --template Payment --params "{\"recipients\":[\"0x969FFEa8d05839605852bE6baE95CDdB651B34ad\"],\"amounts\":[\"10000000\"]}" --summary "v1: no shares"
   stderr: 0xcfe5cae3621a896dddb8c50c7505966e139dd015 | {"instance": "0x8f86EE260F2874E8f59DDAe5ddeAfc19Cd487A4d", "exists": false, "codeHash": "0xd8fe337b9d2edad828d366fa2218ce3c9ffc8e8003dbb3a07908cfeac08bd850", "paramsHash": "0xb37fb291c41fbef1b3313ab042cc799d5e425f28ecd661ec7e4e6707f17879d1", "operator": "0xcFe5caE3621A896dDDb8C50c7505966e139Dd015", "budgetUsdc": "10", "canPropose": false}
   GET http://127.0.0.1:18751/relay?intent=eyJtZXNzYWdlIjp7Im1lbWJl...
[relay] /relay?intent=eyJtZXNzYWdlIjp7Im1lbWJlciI6IjB4Y2ZlNWNhZTM2MjFhODk2ZGRkYjhjNTBjNzUwNTk2NmUxMzlkZDAxNSIsIm9wIjowLCJwcm9wb3NhbElkIjowLCJhbW91bnQiOiIwIiwiZXZpZGVuY2VIYXNoIjoiMHgwMDAwMDAwMDAwMDAwMDAwMDAwMD -> 409 propose needs at least 1 shares so the proposal is self-sponsored (you hold 0); deposit first
   -> 409 {"ok":false,"status":409,"reason":"propose needs at least 1 shares so the proposal is self-sponsored (you hold 0); deposit first"}
   ok: relay answered with a JSON reason: propose needs at least 1 shares so the proposal is self-sponsored (you hold 0); deposit first
   ok: propose by a member below sponsorThreshold -> 409 (no sponsored deployment, no unsponsorable proposal)
   GET http://127.0.0.1:18751/relay?op=sponsor&proposalId=3&pass=<redacted>
[relay] /relay?op=sponsor&proposalId=3&pass=<redacted> -> 400 unknown op sponsor; T0 verbs: join, deposit, task, deliver, propose, vote, execute, ragequit, work, confirm (sponsor no longer exists: work self-sponsors)
   -> 400 {"ok":false,"status":400,"reason":"unknown op sponsor; T0 verbs: join, deposit, task, deliver, propose, vote, execute, ragequit, work, confirm (sponsor no longer exists: work self-sponsors)"}
   ok: relay answered with a JSON reason: unknown op sponsor; T0 verbs: join, deposit, task, deliver, propose, vote, execute, ragequit, work, confirm (sponsor no longer exists: work self-sponsors)
   ok: op=sponsor no longer exists -> 400
   GET http://127.0.0.1:18751/relay?op=prepare&member=0x2a65fa10E274C7937824b2362c6405bF6854d120&template=Payment&params=%7B%22recipients%22%3A%5B%220x969FFEa8d05839605852bE6baE95CDdB651B34ad%22%5D%2C%22amounts%22%3A%5B%2210000000%22%5D%7D
[relay] /relay?op=prepare&member=0x2a65fa10E274C7937824b2362c6405bF6854d120&template=Payment&params=%7B%22recipients%22%3A%5B%220x969FFEa8d05839605852bE6baE95CDdB651B34ad%22%5D%2C%22amounts%22%3A%5B%221000000 -> 400 expected intent=<base64url envelope>, op=join&authorization=<base64url>, op=quote&member=..&template=..&params=..[&summary=&salt=], or op=<verb>&pass=<secret>
   -> 400 {"ok":false,"status":400,"reason":"expected intent=<base64url envelope>, op=join&authorization=<base64url>, op=quote&member=..&template=..&params=..[&summary=&salt=], or op=<verb>&pass=<secret>"}
   ok: relay answered with a JSON reason: expected intent=<base64url envelope>, op=join&authorization=<base64url>, op=quote&member=..&template=..&params=..[&summary=&salt=], or op=<verb>&pass=<secret>
   ok: op=prepare is retired -> 400
   GET http://127.0.0.1:18751/relay?op=quote&member=0x2a65fa10E274C7937824b2362c6405bF6854d120&template=Payment&params=%7B%22recipients%22%3A%5B%220x2a65fa10E274C7937824b2362c6405bF6854d120%22%5D%2C%22amounts%22%3A%5B%220%22%5D%7D
[relay] /relay?op=quote&member=0x2a65fa10E274C7937824b2362c6405bF6854d120&template=Payment&params=%7B%22recipients%22%3A%5B%220x2a65fa10E274C7937824b2362c6405bF6854d120%22%5D%2C%22amounts%22%3A%5B%220%22%5D%7 -> 422 reverted: ZeroAmount(index=0)
   -> 422 {"ok":false,"status":422,"reason":"reverted: ZeroAmount(index=0)","error":{"name":"ZeroAmount","args":{"index":"0"}}}
   ok: relay answered with a JSON reason: reverted: ZeroAmount(index=0)
   ok: quote with a zero payment -> the template constructor's ZeroAmount decoded from the factory dry run

== step 18: phase 5 stage C: /pending.json, allowance + delegatecall counted in the treasury effect, an instance name no call touches, Config flags, the T0 entropy floor, the persisted rate counter
   /pending.json: {"service":"zero-one-relay","chainId":31401,"sponsor":"0x33835872657b0AA70FF91d6cbeA870F954Db6bCf","queued":0,"inFlight":[],"journal":null,"note":"an intent is answered ok only after its transaction is on chain; anything listed here is unfinished, and anything listed nowhere was never broadcast. The relay operator can delay or drop your intents: verify the hash on chain, and send anything you cannot afford to lose from your own key (T1).","generatedAt":"2026-09-09T20:44:37.667Z"}
   ok: /pending.json shows nothing in flight once every intent has settled (ruling 7)
   ok: /pending.json states what a T0 member is trusting the operator with (A5-10)
   $ node snippet.js deposit --key /Users/michaelyang/Documents/Workspace/zero-one-dao/state/e2e-relay-1788986616317/keys/agent.key --usdc 1
   stderr: 0x969ffea8d05839605852be6bae95cddb651b34ad
   GET http://127.0.0.1:18751/relay?intent=eyJtZXNzYWdlIjp7Im1lbWJl...
   -> 200 {"ok":true,"verb":"deposit","op":5,"member":"0x969FFEa8d05839605852bE6baE95CDdB651B34ad","hash":"0xccd501d99ca78fc037776cc442dbfa0b5ea220b701798efd05611e103e9e4dd1","blockNumber":"56","gasUsed":"238313","nonceUsed":"9","nextNonce":"10","deposit":{"usdc":"1","sharesMinted":"1.107142840535714534"}}
   ok: relay answered ok ()
   GET http://127.0.0.1:18751/relay?intent=eyJtZXNzYWdlIjp7Im1lbWJl...
   -> 200 {"ok":true,"replayed":true,"hash":"0xccd501d99ca78fc037776cc442dbfa0b5ea220b701798efd05611e103e9e4dd1","status":"success","blockNumber":"56","verb":"deposit"}
   ok: relay answered ok ()
   ok: an identical envelope is answered from the recorded receipt (replayed, same hash, with the block it is in)
   db.json requests["0x1c30470a487d..."].hash rewritten to 0xabababababababababababababababababababababababababababababababab (no such transaction)
   GET http://127.0.0.1:18751/relay?intent=eyJtZXNzYWdlIjp7Im1lbWJl...
[relay] /relay?intent=eyJtZXNzYWdlIjp7Im1lbWJlciI6IjB4OTY5ZmZlYThkMDU4Mzk2MDU4NTJiZTZiYWU5NWNkZGI2NTFiMzRhZCIsIm9wIjo1LCJwcm9wb3NhbElkIjowLCJhbW91bnQiOiIxMDAwMDAwIiwiZXZpZGVuY2VIYXNoIjoiMHgwMDAwMDAwMDAwMDAwMD -> 409 nonce changed: expected 10; read /me and sign again
   -> 409 {"ok":false,"status":409,"reason":"nonce changed: expected 10; read /me and sign again"}
   ok: relay answered with a JSON reason: nonce changed: expected 10; read /me and sign again
   ok: a recorded hash that is on no block is never reported as success: nonce changed: expected 10; read /me and sign again
   ok: the unbacked row is dropped and the intent is broadcast again instead (it then fails on its real reason: the nonce is spent)
[index] scan 56..58 rows=26
   ok: both probe proposals are indexed (#4, #5 of 5)
   hostile #4: effect {"usdcOut":"140000000","usdcOutFormatted":"140","usdcApproved":"340282366920938463463374607431768211456","usdcApprovedFormatted":"340282366920938463463374607431768.211456","usdcAtRisk":"340282366920938463463374607431908211456","usdcAtRiskFormatted":"340282366920938463463374607431908.211456","summary":"140 USDC leaves the Safe; 340282366920938463463374607431768.211456 USDC of allowance is granted on the Safe (the spender pulls it whenever it likes); contains a delegatecall as the Safe; WARNING: 3 flags on this proposal (read flags[])"}
   hostile #4 flags: ["allowance: 0xcFe5caE3621A896dDDb8C50c7505966e139Dd015 may pull 340282366920938463463374607431768.211456 USDC out of the Safe at any later time, outside this vote and outside any grace window (ECO-06)","delegatecall: call 2 would run 0xB798D560D56589a77aF2152662c9294Ac7B30350's code as the Safe itself, which can move every asset the Safe holds; the deployment's multisend library is MultiSendCallOnly, so execution reverts instead (ECO-06)","details: the proposal's details JSON names instance 0x38E8982a10837614ecfc892d2f8883CFCF366792, which none of this proposal's calls touches; the panel below is built from the decoded calls, so read calls[] and ignore the name (A5-11)"]
   ok: an approve of 2^128 USDC is counted as treasury effect, not as 0, and adds to the transfer in usdcAtRisk (ruling 6, ECO-06)
   ok: the proposal carries the allowance, delegatecall and spoofed-instance-name flags
   ok: the instance panel is bound to the decoded calls: a details JSON naming a benign instance no call touches shows no panel (A5-11)
   ok: the delegatecall entry is labelled as one (operation 1 is never a bare field)
   config #5 flags: ["config: voting + grace = 5 s is below the 3600 s poll cadence the README promises: a member polling hourly can miss the next proposal entirely, vote and exit included (ECO-04)","config: quorumPercent 101 is above 100, so no proposal can ever reach quorum again, a repair Config included: TERMINAL (T-9b)"]
   ok: a Config cutting voting+grace to 5 s and quorum to 101 is flagged as both unpollable and terminal (ECO-04, T-9b)
   /me warnings (5): ["proposal 4 (Submitted, grace ends 0): allowance: 0xcFe5caE3621A896dDDb8C50c7505966e139Dd015 may pull 340282366920938463463374607431768.211456 USDC out of the Safe at any later time, outside this vote and outside any grace window (ECO-06)","proposal 4 (Submitted, grace ends 0): delegatecall: call 2 would run 0xB798D560D56589a77aF2152662c9294Ac7B30350's code as the Safe itself, which can move every asset the Safe holds; the deployment's multisend library is MultiSendCallOnly, so execution reverts instead (ECO-06)","proposal 4 (Submitted, grace ends 0): details: the proposal's details JSON names instance 0x38E8982a10837614ecfc892d2f8883CFCF366792, which none of this proposal's calls touches; 
   ok: /me carries the same flags as warnings, one line per open proposal (ruling 10)
   ok: /me exposes the share liability of Active tasks (0)
   ok: /state.json and /me report the same settled, depositTreasury and shareLiability
   GET http://127.0.0.1:18751/relay?op=identity&pass=<redacted>
[relay] /relay?op=identity&pass=<redacted> -> 400 pass carries about 51 bits of entropy, below the 128-bit floor: a guessable pass is a guessable member because op=identity maps any pass to its address for free. Use 32 random bytes, e.g. openssl rand -base64 32 | tr '+/' '-_' (43 characters), openssl rand -hex 32, or at least 10 random words
   -> 400 {"ok":false,"status":400,"reason":"pass carries about 51 bits of entropy, below the 128-bit floor: a guessable pass is a guessable member because op=identity maps any pass to its address for free. Use 32 random bytes, e.g. openssl rand -base64 32 | tr '+/' '-_' (43 characters), openssl rand -hex 32, or at least 10 random words"}
   ok: relay answered with a JSON reason: pass carries about 51 bits of entropy, below the 128-bit floor: a guessable pass is a guessable member because op=identity maps any pass to its address for free. Use 32 random bytes, e.g. openssl rand -base64 32 | tr '+/' '-_' (43 characters), openssl rand -hex 32, or at least 10 random words
   ok: a 44-character sentence is refused before any address is revealed: pass carries about 51 bits of entropy, below the 128-bit floor: a guessable pass is a guessable member because op=identi
   ok: the estimator scores the sentence 52 bits and the E2E's 32 random bytes 283 bits
[relay] /relay?op=quote -> 400 member (address) is required
[relay] /relay?op=quote -> 400 member (address) is required
[relay] /relay?op=quote -> 400 member (address) is required
[relay] /relay?op=quote -> 400 member (address) is required
[relay] /relay?op=quote -> 400 member (address) is required
   persisted per-IP counter: 1 -> 6 after 5 rejected requests
   ok: every rejected request is counted on disk before it is rejected (A5-09)

== step 19: cross-check: node, python and viem produce byte-identical signatures for the same intent (deterministic RFC 6979)
   $ node snippet.js vote --key /Users/michaelyang/Documents/Workspace/zero-one-dao/state/e2e-relay-1788986616317/keys/founder.key --proposal 3 --approve no --deadline 1789073691
   stderr: 0x2a65fa10e274c7937824b2362c6405bf6854d120
   $ python3 snippet.py vote --key /Users/michaelyang/Documents/Workspace/zero-one-dao/state/e2e-relay-1788986616317/keys/founder.key --proposal 3 --approve no --deadline 1789073691
   stderr: 0x2a65fa10e274c7937824b2362c6405bf6854d120
   ok: node and python snippets sign identically
   ok: viem's EIP-712 signature equals the snippets' (same digest, same key)

== step 20: phase 3 two-process concurrency, duplicate intents, restart cursor and killed broadcaster recovery
ASSERT Base policy no faucet; daily=2000000000000000 floor=3000000000000000 maxFee=100000000 priority=1000000
ASSERT cross-chain state directory startup refused before any transaction
ASSERT sponsored hash=0x73b4529bdefad06179ef4df5dc5f7535a2b8701a2eb1669d835b67b4b314de9b replayed=false
ASSERT sponsored hash=0xa666a43a148f5994f7bf72a409048324b5ad877297c4f56c9bc6f2fcf53288a8 replayed=false
ASSERT sponsored hash=0x0eb739db85a5bcbfcd7b724eaf77495d3be6e277636c6611e4ba0cdaa69651ca replayed=false
[index] scan 61..62 rows=27
ASSERT sponsored hash=0xa9fe2f670879a32ca7c671418812db59aae4ef601bc394b3106f6a64b9e83cee replayed=false
ASSERT two processes concurrent deposits nonce=32,30 treasuryDelta=2000000 no collision no double spend
ASSERT sponsored hash=0x9c87282a7f26db8841c738c5ca24a84953cac290b7971a272279bbc120dfac4a replayed=false
ASSERT sponsored hash=0x520369fe24904c3fb1419840222ead784d7b0945440f825a094e5f863053972b replayed=false
ASSERT sponsored hash=0x520369fe24904c3fb1419840222ead784d7b0945440f825a094e5f863053972b replayed=true
ASSERT duplicate intent single hash=0x520369fe24904c3fb1419840222ead784d7b0945440f825a094e5f863053972b treasuryDelta=1000000
[index] resume 67 scanned=0
ASSERT restart persisted decoded rows and cursor resumed without historical scan
ASSERT sponsored hash=none replayed=false
ASSERT killed owner recovered pid+age signed hash=0xcf73dc0e02e46d1b6f2808c024d01adacb33d07f5273f9fec8c6836e787a34fa nonce=36 one mined transaction lock released
=== RELAY HARDENING: PASS ===

== step 21: phase 4 ledger HTTP: open-budget NAV, actual unsettled deposit refusals, and settlement recovery
   completed prior sponsored proposal #3: 0x33dba6ee55a6975a14256ba51d88e2fd7dd397d6ec6ed55e0b71d1a8e2bbef1c
   ledger HTTP tx transfer: 0xc37d7489e208afd5253193db3d5ca81ab11e2e788b52e63f13d3b999dbd3d5e0 block=74
   ledger HTTP tx submitVote: 0x968d03d294c0b8a2b851a9c92e6f6ba0f20b20754bde0316e0cbc335e37d6885 block=78
   ledger HTTP tx processProposal: 0xf35b735efe3c8b33b67b73f796108c565e82ae9a234b05c8dda6832aaea64b5f block=80
[index] scan 68..80 rows=33
   ASSERT ledger HTTP settled=true safe=39161291 depositTreasury=49161291 block=80
   ledger HTTP tx run: 0x22aba9eb30e308460662bbb94a7d044cbe12b0bde322bbf7a077c4f44f58ddd3 block=81
[index] scan 81..81 rows=33
   ASSERT ledger HTTP settled=false safe=39161291 depositTreasury=47161291 block=81
[index] scan 82..82 rows=33
[relay] /relay?op=deposit&amount=1000000&pass=<redacted> -> 422 reverted: TreasuryNotSettled(): deposits resume after a vote settles the registered assets to USDC
   ASSERT ledger HTTP deposit 422: {"ok":false,"status":422,"reason":"reverted: TreasuryNotSettled(): deposits resume after a vote settles the registered assets to USDC","error":{"name":"TreasuryNotSettled","args":{}}}
   ledger HTTP tx submitVote: 0x19311149c292232533a117d9c3e134cc38fcf833751691d2fe614111e9caaf2d block=86
   ledger HTTP tx processProposal: 0x11db57d086b168c65d86e93d07bdad8be38bc4012b5e6581dc2acd7426390454 block=88
[index] scan 83..88 rows=36
   ASSERT ledger HTTP settled=false safe=47161291 depositTreasury=47161291 block=88
[relay] /relay?op=deposit&amount=1000000&pass=<redacted> -> 422 reverted: TreasuryNotSettled(): deposits resume after a vote settles the registered assets to USDC
   ASSERT ledger HTTP deposit 422: {"ok":false,"status":422,"reason":"reverted: TreasuryNotSettled(): deposits resume after a vote settles the registered assets to USDC","error":{"name":"TreasuryNotSettled","args":{}}}
   ledger HTTP tx submitVote: 0x7f8d00be708df825d9ff75c65c040965f8545f06439986c20adbfd2204c4fda5 block=91
   ledger HTTP tx processProposal: 0x4b2b745753d2dfa5f107cdd4c058e7b8dcc1f58b5bd100a9987657c4ca301be4 block=93
[index] scan 89..93 rows=39
   ASSERT ledger HTTP settled=true safe=49161291 depositTreasury=49161291 block=93
   ASSERT ledger HTTP same deposit succeeds after settlement: 0xa6fa4f81d01bd6d1daa3f5ee0b5972cd1d90fc826108625486d4f82bdc4ab10e
=== RELAY LEDGER HTTP: PASS ===

=== RELAY E2E: PASS ===

EXIT 0
