anvil http://127.0.0.1:11545 chainId 31401
deployed: safe 0xF95f57d55D2A975cE81307EEa456A4b8a48896Cd baal 0xfE284ecFAE324A4C9bD535b00Abe48c836a689c1 shares 0x5258a74Aa6FDac3BE78197De3171611aEc23ede7 settlement 0x90127C23E16100AfE81E4C254548Eb044b7913fa
          depositShaman 0xA6C43f522265580AB1B3414B738EAE68410792CC workManager 0x6E1778E4086E41C9F0bE32e0987706FF314BAF98 constitution 0xf87b00E6Db809de87D4322e7ECe7C58EcCdCe6cD
          templateFactory 0x5a8b2f63258bDff17E8a320ca99c46C910284343 deployers 0xbf113C753F3e3d7AC91754D627E2Db55e28573EB 0xEc8577b43405c35128D06968BFE5C4Bdd034c205 0xdE424e51aA1341650B14CD996865DA373ed3a75f 0x969F1a7C0E0FE5b894014Fa0DF3a00aFf1DE7110 intentAccount 0x158b57FFC0ba715cC6BA330667C508E7C2a5085c
   F = 0xC62D5c44453B94BFBe8B8aCd03F7Cb81EF6E01c8  founder (deployer; ordinary member via the 50 USDC genesis deposit)
   A = 0x7be56ADdD7209598575D953A26065Aa50c8330AF  member agent A
   B = 0xDBc3a4Fbd8C4f983fc8DEbbb3747BeCb38Afa313  member agent B
   C = 0xb91681cA8b0C10ed735e9672eC2e44de2ef201c6  member agent C
   D = 0x9Cc55e9Cc65AE0128198655e791CB1273556a2Be  depositor D (joins later)
   O = 0x3b8a833fFf31Cdaa40638e7899E04738F0124De6  operator O (mandate recipient)
   W = 0xE5f01d7DFef599F05FBA918D8935ac1e78cCb9a2  worker W (task deliverer)
   shaman 0xA6C43f522265580AB1B3414B738EAE68410792CC permission 2 (DepositShaman)
   shaman 0x6E1778E4086E41C9F0bE32e0987706FF314BAF98 permission 2 (WorkManager)
   ok: every shaman ever set is either revoked (0) or a plain manager (2): no admin, no governor
   ok: the only manager (mint) shamans are DepositShaman and WorkManager
   ok: Baal.avatar is the Safe: the only non-shaman minter is a passed proposal executed by the Safe
   ok: the founder holds no shaman permission
   ok: adminLock is on
   ok: the founder cannot call Baal.mintShares directly (reverted with !baal & !manager)
   constitution textHash 0xebc7c39cf14fdc0ac2c028cdba5960ecc4560a314e613b93b4585b62826f2d9a url docs/CONSTITUTION.md
   ok: Constitution.textHash == keccak256(docs/CONSTITUTION.md exact bytes)
   ok: Constitution has no state-changing function (immutable, no amendment path)
   ok: TemplateFactory is bound to this Safe, settlement and Baal
   ok: factory template 0 -> Payment deployer 0xbf113C753F3e3d7AC91754D627E2Db55e28573EB
   ok: Payment deployer is bound to the same Safe and settlement
   ok: factory template 1 -> Strategy deployer 0xEc8577b43405c35128D06968BFE5C4Bdd034c205
   ok: Strategy deployer is bound to the same Safe and settlement
   ok: factory template 2 -> Project deployer 0xdE424e51aA1341650B14CD996865DA373ed3a75f
   ok: Project deployer is bound to the same Safe and settlement
   ok: factory template 3 -> Config deployer 0x969F1a7C0E0FE5b894014Fa0DF3a00aFf1DE7110
   ok: Config deployer is bound to the same Safe and settlement
   ok: ZeroOneIntentAccount.factory is this TemplateFactory (op 0 deploys and submits through it)

== step 1: seed: fund actors with USDC-mock
   tx fund A with 10000 USDC: 0xf2cdb277f145bdd4269b273cb5fc32fc054e9a2d1f0b69a583e20c0d90611598 (block 22, gas 51250)
   tx fund B with 10000 USDC: 0x20889d07fe5bb016ff629dc50d95ef5cbc0dc08703f3b93a313558e47de58617 (block 23, gas 51250)
   tx fund C with 10000 USDC: 0xd9ef92715a00beba1fe4b6d7f315cdcf918f2bc7bda9922cf14bc2ff4cc277f6 (block 24, gas 51250)
   tx fund D with 10000 USDC: 0x392606199e1fc5796fd7bd484c6589460935e6bf508c320a174a57876aabcc3e (block 25, gas 51250)
   tx fund O with 10000 USDC: 0x4b9dd0d9d2b72673cee472b4cf12b1accd24acbb00c9b081a0f8aee932c3754e (block 26, gas 51250)
   tx fund W with 10000 USDC: 0x279c4071dca850db4a46d5d855068bfa2bbfe189d1a5539ca31b46c1ed540cd6 (block 27, gas 51250)

== step 2: seed: genesis deposit 50 USDC by the founder -> 50e18 shares = 100% of supply
   tx F approve deposit shaman: 0xb5a4e8a3a0edf7b9bc62a53e097710a2ed19152456e9c15802db6d310c6b5d44 (block 28, gas 45901)
   tx F deposit 50 USDC -> 50 shares (quoted 50): 0x08475c4a039ac760e92db48a761451fc2ec062c880d39de5c690e80791b5e64a (block 29, gas 259012)
   ok: genesis: 50 USDC (50e6) -> exactly 50e18 shares (1 USDC -> 1e18 shares while the treasury is empty)
   ok: the founder holds 100% of supply after genesis; nothing else was minted

== step 3: seed: A, B, C deposit 1000 USDC each at NAV (1 USDC per share)
   tx A approve deposit shaman: 0x6b9ccfcefa37d48da02b6cc389aff39a91f6c5ea8cd67263c0490505f6615046 (block 30, gas 45889)
   tx A deposit 1000 USDC -> 1000 shares (quoted 1000): 0xdfa221c57f85ce7a8f42f2af0766f571c61f10805e4aac2290ae28a7616f84fe (block 31, gas 224890)
   tx B approve deposit shaman: 0xa6285109778757eca2a0741ba4b082bfc283b159fd1b80301a8d3540be2b2117 (block 32, gas 45889)
   tx B deposit 1000 USDC -> 1000 shares (quoted 1000): 0x21cac4591cf15c6c57051c4c689fb887598da04f9efda1b3350edf44f45956d8 (block 33, gas 224890)
   tx C approve deposit shaman: 0x10afd75d2561aa462dc723cc72cc95c2bb5252556344a634b991945e45c7379f (block 34, gas 45889)
   tx C deposit 1000 USDC -> 1000 shares (quoted 1000): 0x770db602ad062b6623306edd386b7ad720f125f91c37a385a643a1e8059ec3df (block 35, gas 224890)
   [seeded] treasury(Safe) USDC = 3050  totalShares = 3050
   [seeded] F: USDC = 99939950  shares = 50
   [seeded] A: USDC = 9000  shares = 1000
   [seeded] B: USDC = 9000  shares = 1000
   [seeded] C: USDC = 9000  shares = 1000

== step 4: A's submitProposal with baalGas = 20,000,000 reverts: the fork caps baalGas at 8,000,000
   ok: baalGas 20,000,000 is refused (reverted with baalGas to high)
   ok: baalGas 8,000,001 is refused (reverted with baalGas to high)

== step 5: A submits #1 'pay O 1 USDC' with baalGas = 8,000,000 (the maximum the fork accepts) and votes YES
   ok: submitProposal with baalGas 8,000,000 accepted
   warp +1s (let votingStarts become past) -> block 37 timestamp 1788959676
   tx A votes YES on #1 -> yes 1000 / no 0: 0xea4678835fa0b2a27e5c443801cb2400146a0f83c5c1c5b8006a89fa3d455d53 (block 38, gas 117190)

== step 6: B submits #2 'pay O 2 USDC' (prevProposalId = 1) and votes YES
   tx B submitProposal #2 "B: pay O 2 USDC" (baalGas 77827): 0x3cba2a5b21d43f06847d4f974a480e983aa9066a4225d3fcfd31e5e8090246c9 (block 39, gas 269499)
   warp +1s (let votingStarts become past) -> block 40 timestamp 1788959677
   proposal #2 state = Voting
   tx B votes YES on #2 -> yes 1000 / no 0: 0x46a3ea4069db9a2a5d03a7fe6ba3b7bc760466e68e529ffe807ef71eb5efe9f2 (block 41, gas 117190)
   warp +43200s (past grace of #2) -> block 42 timestamp 1789002877
   proposal #2 state = Ready
   #1 state Ready (baalGas 8000000), #2 state Ready

== step 7: processProposal(#1) with 5,000,000 gas -> reverts 'not enough gas'; #2 -> 'prev!processed' (a delay, not a lock)
   processProposal(#1) gas=5000000 status=reverted
   ok: #1 cannot be processed at 5 M gas
   ok: #2 waits behind #1 (reverted with prev!processed)

== step 8: a transaction under Base's 16,777,216 cap clears #1: processProposal(#1) with 8,500,000 gas
   ok: the clearing transaction fits under the EIP-7825 cap (8500000 < 16777216)
   processProposal(#1) gas=8500000 status=success gasUsed=148994 passed=true actionFailed=false; O USDC 10001
   ok: #1 processed with 8.5 M gas
   processProposal(#2) gas=5000000 status=success state=Processed
   ok: #2 processes once #1 is terminal
   worst case for a member holding 1 share: every later proposal waits until someone pays one 8.5 M gas transaction (Base: cents); never permanent

=== SCENARIO GOV-05 baalGas capped at 8M: no proposal can block the chain permanently (phase 5 fork; fixed): PASS ===

anvil stopped (http://127.0.0.1:11545)
EXIT 0
