FORK attempt https://mainnet.base.org
ASSERT fork upstream=https://mainnet.base.org chainId=8453 block=51000000 loopback=http://127.0.0.1:11545
ASSERT USDC proxy decimals=6 impersonated=0xd0b53D9277642d899DF5C87A3966A349A798F224 funded=50000000 recipient=0xCFbF4349D2EeF02Db6a46A656Bad266E513e6086 tx=0xd4b201032f57b0f396d1bbbe36c81490bfe15ff1f5e141108a6a15eafb83555d
tx deploy singleton:Baal 0x8d7481bd424efbe36227f5c0bdfd80c98951363178a73f55355e14d9d9744e46
tx deploy singleton:ModuleProxyFactory 0x670a4bc4378d04af21fa33daca68578693d45bde82cebf5e3ae3552dcaf845be
tx deploy singleton:GnosisSafe 0xb09772f06186dfdd353b1c0fbc650eed7e97e5ccc7b7b1ea05b674bad0b08652
tx deploy singleton:GnosisSafeProxyFactory 0xd58ab880520eed7fd853462aa1845dd8690887d12903cee5e50c0d411c9a2be8
tx deploy singleton:MultiSendCallOnly 0xcdbb8de26e0881aee0b0d3669aa545bbb2099978d7e737ccbb8cd6ef7ae6e292
tx deploy SafeProxy 0x7fca4dc1536a29db0aa27c91342a480741a4db6e387263933ac2c3f3d87c2424
tx deploy BaalProxy 0x5d842275173f13b8636177518eae916f25f87ecf030900b29004ffeceacad44b
tx deploy NavShareToken 0x52a15444f9826734239f54b81ee587c6bfe76eaa87991624f2d94035585ecfb5
tx deploy LootToken 0xd290c57441230e97728edfad3118c841e1b9d027354ad8f838600d46464ea0d9
tx deploy DepositShaman 0x9371e44d761d8ac6e539fa35caf829ca21a44c0593640152502ad1298f35f7e4
tx deploy WorkManager 0x04c4ad0405370066b313dba092db5308ac9dc0e9a09690ccb6fc517d8bdcec32
tx deploy PaymentDeployer 0x62e3ef95b44e50880d674375b4ec2640eb7c36aa399ba9a984291c290ee65b6c
tx deploy StrategyDeployer 0xbd3848de120bfd22eac332ca516ef6457fca714358992c058ba94be6f1223af1
tx deploy ProjectDeployer 0x0b6d84edcca06994d6a921008a19595463b4411d16d5e59f65b508822ccd2a0d
tx deploy ConfigDeployer 0xa572609c6e1328783bfba0f3c2782f3a587a968aecc940489ee3d31e57ab6821
tx deploy TemplateFactory 0x672de348ae820b9fd416c3a7bc3e1dde3b2d91f030870072bf5e7de0afac95ad
tx deploy ZeroOneIntentAccount 0x20675aba4fb996226548af9c5dd8773ad65ab255357cb6d5268c305201693deb
tx deploy Constitution 0xa8e30e1ba363b0b52795a8cbbb7a296ca08ea53d84b79c707ce61c5fdeb80eb0
tx deploy Safe.setup 0x44951ab706dd3860747833f54656226796af6bf620a1fccaf37d709809c242b6
tx deploy Baal.setUp 0xf9f4f43446f34bccec93a189fbb524145fb6659fbf51fe25fb34174342601023
tx genesis 0x220fb5340968cd88aa80551b5921ca14677525b4fd5fe3e08bf5e3646b17ac79 shares=50000000000000000000
   ok: K settlement is real Base USDC proxy
SOURCE https://developers.uniswap.org/docs/protocols/v3/deployments/v3-base-deployments
   ok: published Base router 0x2626664c2603336E57B271c5C0b26F421741e481 code bytes=24497
   ok: published Base quoter 0x3d4e44Eb1374240CE5F1B871ab261CD16335B76a code bytes=8273
   ok: published Base factory 0x33128a8fC17869897dcE68Ed026d694621f6FDfD code bytes=24535
   ok: router.factory selector responds with published factory
   ok: router.WETH9 selector responds with Base WETH
   ok: quoter.factory selector responds with published factory
   ok: quoter.WETH9 selector responds with Base WETH
   ok: factory feeAmountTickSpacing(500)=10
   ok: USDC decimals read through proxy = 6
tx fresh pool create 0x6ad203d656ecd5f808ff748be6bbfb5d922877ed5e3982fe0ffaddece930e02f initialize 0xf6d3e1e9802a615f5c6fa9c18d2d3bb9592fc8f909a2669c204c87a81642ed78 pool=0x4A2257dc44D9AdC47965b24ECcbaBC621991C94e
ASSERT fresh pool cardinality=1 oldest observation age=0s (< 1800)
   ok: constructor refuses the fresh pool: WindowUnavailable(cardinality=1, oldestObservationAge=0)
ASSERT real fork pool=0xd0b53D9277642d899DF5C87A3966A349A798F224 slot0=["3962392616713554227206705",-198075,4614,5000,5000,68,true] oldest observation age=167701s cardinality=5000
ASSERT upstream pool already serves observe([1800,0])
ASSERT real observe([1800,0]) after local 1801s warm-up=-18724200030109,-18724556565109
tx UniswapV3Venue deploy 0xb205d47e125c70a042ef572ebdb8ffe586e4fc1e37cfd172e4e99a915e24deb0 address=0x0fB609e6912983E2Ec4285dF5Ae9C406bBf0b92b
   ok: venue ABI has no owner/admin or mutable fee setter
   ok: WETH accounting uses 18 decimals
   ok: TWAP_WINDOW = 1800 s
tx Strategy deploy 0x318e1a533061ad25220ce20a317d70470eb3be5af1f5bc772661abf99d2a0e65 address=0x5613e4Fc6763B1a354e4820Dd5fFf578e63Ad1AD
tx proposal #1 submit 0x34ddb8de445624a865e1aef933874713d63f216e2f6913ff043600074c49040c
tx vote #1 0x6586f5c2b68e75c6f9bf6eb1dcda2e315bac5ac90397f2878c68139dc9dcbf79 block=51000032 gas=117190
tx execute #1 0x2c1c1cddf99db4adfe71fabc13030d6d8699e09e8019d5da2d11f830c3045f26 block=51000034
   ok: proposal #1 processed passed=true actionFailed=false
   ok: started Strategy is open in the ledger; USDC-only holdings keep the treasury settled
tx stranger run #1 0xd77d8e0c756c270ef31f22f98499da2d99dbf4a321dced5965cde9f8fc127895 block=51000035 gas=361766
   ok: swap bounded amountIn=2000000 quoted=799202682042586 minimum=795629616909476 actual=799202682042586
   ok: adapter holds zero USDC and zero WETH between runs
   ok: router allowance 0x833589fCD6eDb6E08f4c7C32D4f71b54bdA02913=0
   ok: router allowance 0x4200000000000000000000000000000000000006=0
tx stranger run #2 0xb29ff6859e4c177dc93cd3e423e2822af080e625c2a93eea1a2da196046c44f9 block=51000036 gas=310488
   ok: swap bounded amountIn=2000000 quoted=799202617778560 minimum=795629616909476 actual=799202617778560
   ok: adapter holds zero USDC and zero WETH between runs
   ok: router allowance 0x833589fCD6eDb6E08f4c7C32D4f71b54bdA02913=0
   ok: router allowance 0x4200000000000000000000000000000000000006=0
   ok: two exact 2 USDC swaps acquired WETH; raw holdings remain in Strategy
   ok: the open instance's WETH keeps the treasury unsettled
   ok: deposits are refused while the running Strategy holds WETH (reverted with TreasuryNotSettled)
tx proposal #2 submit 0xbb5e04e0735a4104338626c963e782701f3d1afcb87efd5fb957c27af80111e8
tx vote #2 0xa3a024385bfdeb344f786c4900b6205f0b647ca5699c4c93bf53c4a2d3d7ebca block=51000039 gas=117190
tx execute #2 0xc835c1385a664d55b0ed84baef52c4a77743a3344ec03f923af32f472a62977c block=51000041
   ok: proposal #2 processed passed=true actionFailed=false
   ok: stopped instance holds no USDC and all of its WETH
   ok: stop returned exact raw USDC to the Safe and no WETH (phase 5 ruling 4b)
   ok: stopped instance stays open in the ledger; treasury unsettled
   ok: deposits stay refused while the stopped Strategy holds WETH (reverted with TreasuryNotSettled)
tx proposal #3 submit 0x0932bf52d889c674bcd30a101f2d1dd24b42faf2286c1505741ac9a1b03c4b23
tx vote #3 0xcfcf6c9af63d7b0f4526be9d10f4deb6c4b8e22276b9001099e0c344a9e69bac block=51000044 gas=117190
tx execute #3 0x52ead4f3c64d8497a642730c94533ea01c1be443960e98c1ba6f1900aa19b2d1 block=51000046
   ok: proposal #3 processed passed=true actionFailed=false
   ok: swap bounded amountIn=1598405299821146 quoted=3996001 minimum=3977883 actual=3996001
   ok: voted unwind sold 1598405299821146 wei WETH for 3996001 USDC units, proceeds in the Safe
   ok: unwound instance is empty and closed; treasury settled; deposits reopen
   ok: adapter holds zero USDC and zero WETH between runs
   ok: router allowance 0x833589fCD6eDb6E08f4c7C32D4f71b54bdA02913=0
   ok: router allowance 0x4200000000000000000000000000000000000006=0
tx Strategy deploy 0x25ff777cbb71ff2c3cea43cd76881f4ab6436372d59feee75f8caa261f07a3c7 address=0x67665FB7eBF11EeC2008739Af05585Fac13AbB26
tx proposal #4 submit 0xec9e6fe219743dd30528d498dc35d8158d8198355e98028c6a5014516aac95b7
tx vote #4 0xc7e46326a3f34ce50bc3faf334ea770256d1752c5a6b0fed8688f5f759dafb9a block=51000050 gas=117190
tx execute #4 0x5fba5883d76733f0c93d71567e6bf58fea99211055b53fcad5a709483af1ab2c block=51000052
   ok: proposal #4 processed passed=true actionFailed=false
tx old Strategy run before migration 0x11a3644e2b11f1146e7dd40038cbef767c4b9bea5d0f46ee46843f0a092c8a23 block=51000053 gas=361766
   ok: swap bounded amountIn=2000000 quoted=799202681978322 minimum=795629616909476 actual=799202681978322
tx successor deploy 0xd0e8e907d67b51f08f6cab17489297b07b27e485057ea12fc754451816e85272 address=0xA239A9651735b6e3771Af3ea8409a76bB769D041
tx proposal #5 submit 0x0cc5bb1fe572ab2f61982bb53576d01848806a34e7c94b2015908a2f4109e575
tx vote #5 0xfeed76f954c63cff9d3f9798bf0c61c5ccfcbe5c669826cfea747cbe22e3f7bd block=51000057 gas=117190
tx execute #5 0x627ef6618de18b058d49b8a890fc2a368701ccaa52f86d091e98c0e634acea95 block=51000059
   ok: proposal #5 processed passed=true actionFailed=false
   ok: old Migrated; successor Running
   ok: migrated instance empty
   ok: migration preserved both raw token quantities
   ok: ledger: old closed by migrate, successor opened by start
tx successor runs on migrated holdings 0x60a8a67a0a62421b39fdf76aedaf0e1c35be4d957f64b79109ed38db503af52e block=51000060 gas=344666
   ok: swap bounded amountIn=2000000 quoted=799202617714296 minimum=795629616909476 actual=799202617714296
   ok: adapter holds zero USDC and zero WETH between runs
   ok: router allowance 0x833589fCD6eDb6E08f4c7C32D4f71b54bdA02913=0
   ok: router allowance 0x4200000000000000000000000000000000000006=0
tx proposal #6 submit 0x4c09deeeec0e87c891672a44804bd1d974fa93162c22f9545e3080ef61ba976b
tx vote #6 0x0731bf5b3e0533763482e1d5edfe3e29439d71a37c83d44a65cf4b372837d686 block=51000063 gas=117190
tx execute #6 0x9722f1d0964e1514f04c8b1a0e3db5f72763ac31ac67d0b060ad96618b484d33 block=51000065
   ok: proposal #6 processed passed=true actionFailed=false
tx take-profit unwinds WETH through real router 0xaea9f6150687ec30e3cd778e2c6b9fdb85c6539a119ad26936068f5da4d0519e block=51000066 gas=312092
   ok: swap bounded amountIn=1598405299692618 quoted=3996001 minimum=3977883 actual=3996001
   ok: adapter holds zero USDC and zero WETH between runs
   ok: router allowance 0x833589fCD6eDb6E08f4c7C32D4f71b54bdA02913=0
   ok: router allowance 0x4200000000000000000000000000000000000006=0
   ok: take-profit sold WETH and returned all proceeds to Safe
tx Strategy deploy 0xa66466d7d82df2c529bd4abda8782c6ca108759cf0a969dc26d8cf3a32f7c984 address=0x2B45fDe8fd2aA2F0A8d5E60ceaD8c46A469bB6C6
tx proposal #7 submit 0x1fe12cd026790a6e8ebb6994c060231db95c26c6442caf02634a521db2916f8c
tx vote #7 0x4614a4773258b334b86ca1b36b32a78f8fd83e13922cbb8e75eeb53c3690ccf6 block=51000070 gas=117190
tx execute #7 0x268015efb66f112ce71bbb8438d9f8da8227bfaaee8d53116d6fa694c3c6899d block=51000072
   ok: proposal #7 processed passed=true actionFailed=false
tx stop-loss fixture entry 0x76b8d7420b27d587a70e0314e4040421d4ed0dda706c16c9411de6ebc2a0cd36 block=51000073 gas=356966
   ok: swap bounded amountIn=5000000 quoted=1998006584290098 minimum=1989074042273692 actual=1998006584290098
tx stop-loss unwinds through real router 0xbb61849cd7075b4678e34782dba993b9b00685c96cff7b14ebaee73689c37305 block=51000074 gas=327697
   ok: swap bounded amountIn=1998006584290098 quoted=4995001 minimum=4972354 actual=4995001
   ok: adapter holds zero USDC and zero WETH between runs
   ok: router allowance 0x833589fCD6eDb6E08f4c7C32D4f71b54bdA02913=0
   ok: router allowance 0x4200000000000000000000000000000000000006=0
   ok: 1 bp stop-loss fired after 5 bp pool-fee entry; instance empty
   ok: every instance closed: treasury settled
tx proposal #8 submit 0x9c80220ed43d750d6c4470bd80fd0f670f355f619c9252174f197d57b2044200
tx vote #8 0x702cc5a9d7ee2e86c0199d141333586151880e8872ac23a90145ad1b87604bbb block=51000077 gas=117190
tx execute #8 0xb976b7f7af65fb9d106de286f977a712a55cfc5ee31eb066e32ac7c10e850121 block=51000079
   ok: proposal #8 processed passed=true actionFailed=false
tx stranger sweeps dust only to immutable Safe 0x108b8a653cebc26d10d3cf4588324f2e1d1a333b4a3c7eab63e00a69a2fbb2b7 block=51000080 gas=52394
   ok: permissionless sweep returns exact dust to Safe
   ok: adapter holds zero USDC and zero WETH between runs
   ok: router allowance 0x833589fCD6eDb6E08f4c7C32D4f71b54bdA02913=0
   ok: router allowance 0x4200000000000000000000000000000000000006=0
tx TwapSandwichProbe deploy 0x47237bf2d8a90c1706d0ea97518a992a5ef7855fca6fd8cf0b11fbab990d5fd4 address=0xd5316904aE3010d98F137068a41196A2E530B640
tx probe wraps 100000 ETH into WETH (fork ether) 0x56140f99e966068c67e8f83b0e89750b3d4b265015f387acd160cdf3164bf499 block=51000082 gas=54724
   USDC holder candidate 0xBBBBBbbBBb9cC5e90e3b3Af64bdAF62C37EEFFCb balance=217313274508602
   ok: a Base USDC holder with >= 60000000000000 base units exists on the fork
ASSERT USDC proxy decimals=6 impersonated=0xBBBBBbbBBb9cC5e90e3b3Af64bdAF62C37EEFFCb funded=60000000000000 recipient=0xd5316904aE3010d98F137068a41196A2E530B640 tx=0x9bf039c8eef33f15c9d5751d43737e7f92b692d17781ddcfec456fb77bf2376b
ASSERT warmed pool=0xd0b53D9277642d899DF5C87A3966A349A798F224 tick=-198075 spacing=10 slots=1547 in 200.4s
tx Strategy deploy 0xa66da66a725bb7f9fe5bb70c64f600aca1474e72debfc8754e7e8fd5c537464a address=0x2C1c1676504B17bc0339602bF27FF5378844BF18
tx proposal #9 submit 0xe619cd8350657f54894c391748090b7dc688cc1daa8a9adfdba9d400d12e897e
tx vote #9 0x722fd86ab34bcb17a591644ab09d6a1cfcef14c5e47c26bdd76f484bd8eb0c73 block=51000087 gas=117190
tx execute #9 0x926431a153f373cb9359d439437cb6c4845baead726a991fa2750aa1682d2409 block=51000089
   ok: proposal #9 processed passed=true actionFailed=false
tx T-4 entry sandwich (+25% WETH print, victim DCA buy) 0x1f1991b8f3d75737f00bc1c599b5f7af17b9d0dd9e19672379afb383cb5963de block=51000090 gas=7176494
   ok: swap bounded amountIn=2000000 quoted=799164044735887 minimum=795629616909476 actual=799164044735887
   ok: probe emitted Sandwiched
   ok: swap bounded amountIn=2000000 quoted=799164044735887 minimum=795629616909476 actual=799164044735887
   sandwich T-4 entry sandwich (+25% WETH print, victim DCA buy): spot 2500 bps during the print, 0 bps after the back-run; price() 2501163805 -> 2501163805; value() 20000000 -> 20000000; moved=2616849634152 received=961011833624271572310; refused output=639362047019863 < minimum=795629616909476; strategy Running weth=799164044735887 usdc=18000000
   ok: same-block spot print moved the pool by more than 20% (2500 bps)
   ok: price() (30-min TWAP) and value() are unchanged by the print (checked inside the transaction)
   ok: back-run restored the spot to within 50 bps (0 bps)
   ok: adapter holds zero USDC and zero WETH between runs
   ok: router allowance 0x833589fCD6eDb6E08f4c7C32D4f71b54bdA02913=0
   ok: router allowance 0x4200000000000000000000000000000000000006=0
   ok: T-4: the run during the print was refused (would have received 639362047019863 wei WETH, bound 795629616909476); after restoration the run filled 799164044735887 wei WETH for 2 USDC
tx Strategy deploy 0x46c6bd70de47b4d962958567406105911458d3222f5034d4df79e4a2305d0f9e address=0x94DC6969ff17BD1d77b9aA9bf3066623B1Dc4ea8
tx proposal #10 submit 0xe6cd0f99c0e47d5664f3c2a86558053907078fee1397f65f3aab978fedca2720
tx vote #10 0xfc504e87cd53a3169e9c5afbfe3c624203e7be909095d829a97aa993ac97b2d0 block=51000094 gas=117190
tx execute #10 0x4f3f9d49ce8a9722abff9599a0c2a2cc720af28c361bacd8c68f67c405e26621 block=51000096
   ok: proposal #10 processed passed=true actionFailed=false
tx T-5 victim buys its first 5 USDC of WETH at the fair price 0xa256472c5f42cc13f0bc0dbb4294216b5a79d3ec3dc4096a813f393d29e14249 block=51000097 gas=361559
   ok: swap bounded amountIn=5000000 quoted=1997909830705010 minimum=1989074042273692 actual=1997909830705010
tx T-5 print sandwich (-25% WETH print, attacker calls run()) 0xa088d427966a560e17fd3454f3cc37046f258126d81f312fe2111cbc7660cdb5 block=51000098 gas=8721702
   ok: swap bounded amountIn=5000000 quoted=2663880379024956 minimum=2650560977129831 actual=2663880379024956
   ok: probe emitted Sandwiched
   ok: swap bounded amountIn=5000000 quoted=2663880379024956 minimum=2650560977129831 actual=2663880379024956
   sandwich T-5 print sandwich (-25% WETH print, attacker calls run()): spot -2501 bps during the print, -1 bps after the back-run; price() 2501163805 -> 2501163805; value() 9997099 -> 9997099; moved=1309213054938713777982 received=2971440377033; strategy Running weth=4661790209729966 usdc=0
   ok: same-block spot print moved the pool by more than 20% (-2501 bps)
   ok: price() (30-min TWAP) and value() are unchanged by the print (checked inside the transaction)
   ok: back-run restored the spot to within 50 bps (-1 bps)
   ok: adapter holds zero USDC and zero WETH between runs
   ok: router allowance 0x833589fCD6eDb6E08f4c7C32D4f71b54bdA02913=0
   ok: router allowance 0x4200000000000000000000000000000000000006=0
   ok: T-5: the stop-loss did not fire on the print (value 9997099 unchanged); the run bought 2663880379024956 wei WETH at the attacker's cheap spot and the strategy stays Running
tx Strategy deploy 0x4043ce38d80418da194073e6fc309bbe84aef9fa29ea94f6e14965ada72e39f3 address=0x934229E1655B660f2dC0EF1C2f21F5DFD669709C
tx proposal #11 submit 0xab8c5ba9b1bb64bd4f6ff3597ed41a1bbbda5abf63fbb9fa5bfe073b3cdf0ec7
tx vote #11 0xcd38f7455b7edd4f3c97347f165decde05d654365f0cbd130a481824f5a0184c block=51000102 gas=117190
tx execute #11 0xbc08ff8b5148cbdcaf8742f238205d970db0325965d031d78e00a7d28412e522 block=51000104
   ok: proposal #11 processed passed=true actionFailed=false
tx T-5 exit victim buys 5 USDC of WETH 0xce274bf88897814e5045ca5816194326b5dcc8014371419bb1d52b8fed4236da block=51000105 gas=354448
   ok: swap bounded amountIn=5000000 quoted=1998028431756021 minimum=1989074042273692 actual=1998028431756021
tx T-5 exit sandwich (-25% WETH print, victim deadline unwind) 0xd1eb34f762bbd7ef7f8f9242065e614c8f0c970dcd51f941b2a7970ba6b7c91f block=51000107 gas=8799979
   ok: swap bounded amountIn=1998028431756021 quoted=4994702 minimum=4972409 actual=4994702
   ok: probe emitted Sandwiched
   ok: swap bounded amountIn=1998028431756021 quoted=4994702 minimum=4972409 actual=4994702
   sandwich T-5 exit sandwich (-25% WETH print, victim deadline unwind): spot -2501 bps during the print, -1 bps after the back-run; price() 2501163805 -> 2501163805; value() 4997396 -> 4997396; moved=1308753533634440965527 received=2970209829339; refused output=3746246 < minimum=4972409; strategy Complete weth=0 usdc=0
   ok: same-block spot print moved the pool by more than 20% (-2501 bps)
   ok: price() (30-min TWAP) and value() are unchanged by the print (checked inside the transaction)
   ok: back-run restored the spot to within 50 bps (-1 bps)
   ok: adapter holds zero USDC and zero WETH between runs
   ok: router allowance 0x833589fCD6eDb6E08f4c7C32D4f71b54bdA02913=0
   ok: router allowance 0x4200000000000000000000000000000000000006=0
   ok: T-5: the deadline sell during the print was refused (would have received 3746246 USDC units, bound 4972409); after restoration it sold for 4994702 USDC units to the Safe
=== SCENARIO K: PASS ===
