anvil http://127.0.0.1:11545 chainId 31401
deployed: safe 0x2fD672fc10fC9D287f66c2C6778315D786821C07 baal 0x46fFfedF2230486a69a83131bD8575A1f1D6f59d shares 0x5F6cE2b0a75d0B0485e7f5d42faAaD467BbE96B3 settlement 0x38Fbdd68bA1D716178c10c9efc3136c50f38138B
          depositShaman 0xB9795F03440c5b992BEF192A1e1634A5789B4B3d workManager 0x5E03FD1920BF195c5E5B4Cac0dBE709B4EC31E6D constitution 0xFB1710370784593452C5c88ce8d16C0a5021aa03
          templateFactory 0x28399E63bEe1B75A9eadf3BC757918Ec341be5c4 deployers 0x6DDBA5b57D45f8556460457293Ac0141aFC7ED42 0x9c792cd8c598153d56D2eB941E900a98d97074dd 0xEf42f0ae35d3b7Dc49Aec7793e09E8e81D5dAEf8 0xa65974E2f9Dd479e5124fff18a85911313E027Ea intentAccount 0xffCBbe6c52f4812295887AD3A5abc91A6e3d9aE4
   F = 0xd04886b737d4D6474E2bb334b387918f4cDDdAF1  founder (deployer; ordinary member via the 50 USDC genesis deposit)
   A = 0x63baFc5dB719711106d20648cfAD4Fc2d12e1DA6  member agent A
   B = 0x528CeD9778CEB84B844b1F3c5bFAc5481260fa76  member agent B
   C = 0x12bfdc5A6C7Dc67361bCbF82b50202a895824F97  member agent C
   D = 0x9230a832aB702F15C1c39f251eC0CD05841B7ec6  depositor D (joins later)
   O = 0xf001c6F81077959744143d01Adc0897B058356cB  operator O (mandate recipient)
   W = 0x770a516e8D05a6E53F746b6167eD879f18AC8231  worker W (task deliverer)
   shaman 0xB9795F03440c5b992BEF192A1e1634A5789B4B3d permission 2 (DepositShaman)
   shaman 0x5E03FD1920BF195c5E5B4Cac0dBE709B4EC31E6D permission 2 (WorkManager)
   ok: every shaman ever set is either revoked (0) or a plain manager (2): no admin, no governor
   ok: the only manager (mint) shamans are DepositShaman and WorkManager
   ok: Baal.avatar is the Safe: the only non-shaman minter is a passed proposal executed by the Safe
   ok: the founder holds no shaman permission
   ok: adminLock is on
   ok: the founder cannot call Baal.mintShares directly (reverted with !baal & !manager)
   constitution textHash 0xebc7c39cf14fdc0ac2c028cdba5960ecc4560a314e613b93b4585b62826f2d9a url docs/CONSTITUTION.md
   ok: Constitution.textHash == keccak256(docs/CONSTITUTION.md exact bytes)
   ok: Constitution has no state-changing function (immutable, no amendment path)
   ok: TemplateFactory is bound to this Safe, settlement and Baal
   ok: factory template 0 -> Payment deployer 0x6DDBA5b57D45f8556460457293Ac0141aFC7ED42
   ok: Payment deployer is bound to the same Safe and settlement
   ok: factory template 1 -> Strategy deployer 0x9c792cd8c598153d56D2eB941E900a98d97074dd
   ok: Strategy deployer is bound to the same Safe and settlement
   ok: factory template 2 -> Project deployer 0xEf42f0ae35d3b7Dc49Aec7793e09E8e81D5dAEf8
   ok: Project deployer is bound to the same Safe and settlement
   ok: factory template 3 -> Config deployer 0xa65974E2f9Dd479e5124fff18a85911313E027Ea
   ok: Config deployer is bound to the same Safe and settlement
   ok: ZeroOneIntentAccount.factory is this TemplateFactory (op 0 deploys and submits through it)

== step 1: seed: fund actors with USDC-mock
   tx fund A with 10000 USDC: 0x81e97a23f4014c462ad09e2423aeb5f32595d44faf98b39e6a158dad541a59d7 (block 22, gas 51250)
   tx fund B with 10000 USDC: 0x320dbdcba6c80eed2f84636138a0369a03db3d7d425e93007070ee0c1691c8d9 (block 23, gas 51250)
   tx fund C with 10000 USDC: 0xf239a77e9a3efb78639352a31d0a4f0b9022818bffbc8a4d2163537cafaf84c2 (block 24, gas 51250)
   tx fund D with 10000 USDC: 0xb452b1e4f5d5802e31610aa35bd0c4244361218918edc409e41941ab4128f475 (block 25, gas 51250)
   tx fund O with 10000 USDC: 0xdb7e3d9fa1e3ea42cbd2f5f2ce75a63f1d5da3999251b2b582af69c237245ee9 (block 26, gas 51250)
   tx fund W with 10000 USDC: 0xb7cde7fef8395e80c8c9b59263e65425ea8a58d625ebde885401f6f5126735d5 (block 27, gas 51250)

== step 2: seed: genesis deposit 50 USDC by the founder -> 50e18 shares = 100% of supply
   tx F approve deposit shaman: 0x25df561e36957fe3a4469f0ae3acae821ca837c730686c8efbf12532e1150c1a (block 28, gas 45901)
   tx F deposit 50 USDC -> 50 shares (quoted 50): 0xd00a0bda436f94d246fc1877e3ac3562fc321dc7b3aff3d8fd9d42ae13c14834 (block 29, gas 259012)
   ok: genesis: 50 USDC (50e6) -> exactly 50e18 shares (1 USDC -> 1e18 shares while the treasury is empty)
   ok: the founder holds 100% of supply after genesis; nothing else was minted

== step 3: seed: A, B, C deposit 1000 USDC each at NAV (1 USDC per share)
   tx A approve deposit shaman: 0x939dd548ad64af5dbdd6c0b2d02283ae3e96b431529ef7ee9e33574e8fd90d87 (block 30, gas 45889)
   tx A deposit 1000 USDC -> 1000 shares (quoted 1000): 0x97f5a26fea4fa937848dd7904c9a1d36b84921a1d026ef5ec00261e7f60b4750 (block 31, gas 224890)
   tx B approve deposit shaman: 0xc3008d8239fdd80609b4538c871c62489c533325c37173749ecf41a9b3b1ecc0 (block 32, gas 45889)
   tx B deposit 1000 USDC -> 1000 shares (quoted 1000): 0x43d024a58272603d3e67791cd4409af1b46e4ba1c28f753aa9554ed8494eee68 (block 33, gas 224890)
   tx C approve deposit shaman: 0xb07491567269bcff7995d63ca23421bb4ae337baebba20785e2a2508f84b104b (block 34, gas 45889)
   tx C deposit 1000 USDC -> 1000 shares (quoted 1000): 0x138127f1f48cd7acf9796e532074c76d9fb15f56586b4b0bf075cf619e84118b (block 35, gas 224890)
   [seeded] treasury(Safe) USDC = 3050  totalShares = 3050
   [seeded] F: USDC = 99939950  shares = 50
   [seeded] A: USDC = 9000  shares = 1000
   [seeded] B: USDC = 9000  shares = 1000
   [seeded] C: USDC = 9000  shares = 1000
   tx fund D with 10000 USDC: 0x1db85c856340f35a01659f40d519315da023a4a48cd69942cbb6efb6e221ed85 (block 36, gas 34150)

== step 4: block N: X deposits 1570 USDC (51.5% of supply) and submits 'Safe pays X the whole pre-attack treasury'
   tx D approve deposit shaman: 0x13064c93a02f9389aafeea9b0f3289b20ef11b3c91ce81673bd77a47d8c9de27 (block 37, gas 45901)
   tx D deposit 1570 USDC -> 1570 shares (quoted 1570): 0xd1edea794f59eeb205797ea10e3063ce721dab89bbdcfa57d4782f5ca49a2ffc (block 38, gas 224902)
   tx D submitProposal #1 "X: pay X 3050 USDC" (baalGas 80023): 0x9193ded51aba4ba14df78a6655a997bbae40cb4431d7b84e01ccb4b314cb27cc (block 39, gas 286659)
   warp +1s (let votingStarts become past) -> block 40 timestamp 1788990029
   proposal #1 state = Voting
   X shares 1570 = 33.98% of supply; proposal #1 sponsored by X (threshold 1 share), votingStarts 1788990028

== step 5: block N+1: X votes YES with the snapshot weight, then ragequits every deposited share in the same block
   tx D votes YES on #1 -> yes 1570 / no 0: 0xca0551789493526fc09a2e23d107e361e4474afab86af0cb8eb3d027ab9194f6 (block 41, gas 117190)
   tx D ragequit 1570 shares -> paid 1570 USDC (pro-rata of 4620 at supply 4620): 0x600740e53e1aa286ee299fdba105b76133f0534405ce5f3ea93c4d614912f485 (block 42, gas 708827)
   yesVotes 1570 (X's snapshot weight) noVotes 0; X USDC 20000 -> 20000 (capital at risk for 2 blocks, net 0); X shares now 0
   ok: the YES weight equals the deposited shares although they are already burned
   ok: X has its deposit back (rounding at most 1 unit)
   retention: supply 3050 vs 66% of high-water mark 3049.2 -> proposal stays alive
   ok: X sized the stake so its own exit does not trip minRetention

== step 6: F, A, B, C neither vote nor exit within 12 h (sleeping members); grace passes; anyone processes
   warp +43200s (past grace of #1) -> block 43 timestamp 1789033229
   proposal #1 state = Ready
   ok: the proposal is Ready with X's votes alone
   tx W processProposal #1 -> passed=true actionFailed=false state=Processed: 0xfa2684cf82eb73e7c836bf904f225b6dc4b6eaade2c46dedf5cca0a54993d914 (block 44, gas 144218)
   processed: passed=true actionFailed=false; Safe USDC 3050 -> 0; X USDC 20000 -> 23050 (profit 3050)
   F: 50 shares now worth 0 USDC (was 50)
   A: 1000 shares now worth 0 USDC (was 1000)
   B: 1000 shares now worth 0 USDC (was 1000)
   C: 1000 shares now worth 0 USDC (was 1000)
   ok: the whole pre-attack treasury left the Safe
   ok: X's profit is the whole pre-attack treasury minus rounding
   attacker cost: gas + 1570 USDC exposed for 2 blocks (a 2-block loan); could hold 1 share (1 USDC) and repeat every 12 h

=== SCENARIO GOV-02 vote weight survives exit: capital attack with 2-block exposure (finding demonstrated): PASS ===

anvil stopped (http://127.0.0.1:11545)
