anvil http://127.0.0.1:11545 chainId 31401
deployed: safe 0xB8492aC67497603af09Eb9264B965C309e149FD6 baal 0xc8ca411D8C978D05F4fdCb4e2CC44fc438e968fb shares 0x7CaB6b680EfeacFd1ABbe83DF273A3e9BD5a1961 settlement 0x27EE412a62715F89e039646Ab4747CE177bC9945
          depositShaman 0x583F2038c11799f68C0E2056A6a18792baAa4980 workManager 0x03DEf5A7f644912598EfD60622A6D6C5C4E47BA3 constitution 0x83eb4e7830B832d26c3E12970164Dd18497dCb6D
          templateFactory 0x808B28108e14ea0951Be4371132dbd371Fe3a76d deployers 0x7f8bE2B4a05952069aD5A7735714C3404bA170ef 0x22CC083efe5D37f0ec93C2023aE5C8878009edfe 0x35808a3D931f805Cf0a56d7D436CfA70Db9AFb4B 0x3fae3A27a9dC641ABac13D9130ABF7674f684572 intentAccount 0x18Cb9959457d9CbbE26B1C61D5D0899129b7dd39
   F = 0xa9df64A0a9A19242d7b86541DE93BEF2Dc5fD37F  founder (deployer; ordinary member via the 50 USDC genesis deposit)
   A = 0x4c8EFB8438AaFEe8875A62B334010D53D7ebf85E  member agent A
   B = 0xA17a98879d53fC62d236f7a637aabBD6e0aff538  member agent B
   C = 0x5ffB32560878398bF44d0506dFd4000f24332b45  member agent C
   D = 0x543F869C7b64CdCf940CCA350cF5Bb55209a6543  depositor D (joins later)
   O = 0xfDC0B25c3Ddc0385411B9eaFe271EFc97100d846  operator O (mandate recipient)
   W = 0x2E1FbDeBABCE94D1F371EEBFBA3a86AA6943E18B  worker W (task deliverer)
   shaman 0x583F2038c11799f68C0E2056A6a18792baAa4980 permission 2 (DepositShaman)
   shaman 0x03DEf5A7f644912598EfD60622A6D6C5C4E47BA3 permission 2 (WorkManager)
   ok: every shaman ever set is either revoked (0) or a plain manager (2): no admin, no governor
   ok: the only manager (mint) shamans are DepositShaman and WorkManager
   ok: Baal.avatar is the Safe: the only non-shaman minter is a passed proposal executed by the Safe
   ok: the founder holds no shaman permission
   ok: adminLock is on
   ok: the founder cannot call Baal.mintShares directly (reverted with !baal & !manager)
   constitution textHash 0xebc7c39cf14fdc0ac2c028cdba5960ecc4560a314e613b93b4585b62826f2d9a url docs/CONSTITUTION.md
   ok: Constitution.textHash == keccak256(docs/CONSTITUTION.md exact bytes)
   ok: Constitution has no state-changing function (immutable, no amendment path)
   ok: TemplateFactory is bound to this Safe, settlement and Baal
   ok: factory template 0 -> Payment deployer 0x7f8bE2B4a05952069aD5A7735714C3404bA170ef
   ok: Payment deployer is bound to the same Safe and settlement
   ok: factory template 1 -> Strategy deployer 0x22CC083efe5D37f0ec93C2023aE5C8878009edfe
   ok: Strategy deployer is bound to the same Safe and settlement
   ok: factory template 2 -> Project deployer 0x35808a3D931f805Cf0a56d7D436CfA70Db9AFb4B
   ok: Project deployer is bound to the same Safe and settlement
   ok: factory template 3 -> Config deployer 0x3fae3A27a9dC641ABac13D9130ABF7674f684572
   ok: Config deployer is bound to the same Safe and settlement
   ok: ZeroOneIntentAccount.factory is this TemplateFactory (op 0 deploys and submits through it)

== step 1: seed: fund actors with USDC-mock
   tx fund A with 10000 USDC: 0x83a9a94a171c3e07e953c1dc4aac1f94f27fbfebda35b0a3546d917a01791eaa (block 22, gas 51250)
   tx fund B with 10000 USDC: 0x0a438ec7e27329054e602928eec4a3fcca1b7331f1006a31b8b7d55af0a38cc9 (block 23, gas 51250)
   tx fund C with 10000 USDC: 0x0b55158d6b71d14320ab695e9b6e1647bc12e8f1b03fd262134ce3162412e269 (block 24, gas 51238)
   tx fund D with 10000 USDC: 0xde21af93731bbd5724755fa7509eac0aad8117eeeb2dc7e7a762032b1844c5a6 (block 25, gas 51250)
   tx fund O with 10000 USDC: 0x7bf1d20a2774141a0958f3fb3f4dfefbc5860fc28263e43c184416d5e75a165e (block 26, gas 51238)
   tx fund W with 10000 USDC: 0x95e410d2dca00d6afa566b565d2cc95b06af988cb02773c21a438efc2fba938a (block 27, gas 51250)

== step 2: seed: genesis deposit 50 USDC by the founder -> 50e18 shares = 100% of supply
   tx F approve deposit shaman: 0x9036dfc7cb4728ecd7f3fcf76e25452e8fa9760f7275851b3a4761446d83e469 (block 28, gas 45901)
   tx F deposit 50 USDC -> 50 shares (quoted 50): 0x434878281321bbed416ab97c119840eb1843860bff3b0abafa1cbd58654212b5 (block 29, gas 259012)
   ok: genesis: 50 USDC (50e6) -> exactly 50e18 shares (1 USDC -> 1e18 shares while the treasury is empty)
   ok: the founder holds 100% of supply after genesis; nothing else was minted

== step 3: seed: A, B, C deposit 1000 USDC each at NAV (1 USDC per share)
   tx A approve deposit shaman: 0x887350c07144a07ffdb842bed8af64b56908051b1811ab7764889cfe72d62139 (block 30, gas 45889)
   tx A deposit 1000 USDC -> 1000 shares (quoted 1000): 0x63fa28fc96bb5ea6e0cd953e9d53647d7cbb679fb52512a86f61ab06022adf71 (block 31, gas 224890)
   tx B approve deposit shaman: 0xe540e874096d6d327d80ddcc44428e701d053958b0bbb74e0ac24673e2dea53f (block 32, gas 45889)
   tx B deposit 1000 USDC -> 1000 shares (quoted 1000): 0x4ca8b94677abbfe600016c008d739008c81d1bd95425e15f98ed823c9845beb9 (block 33, gas 224890)
   tx C approve deposit shaman: 0xca5dcddb49976801f0f391bcf3bf09757e19bbb4cab6410661f5d5b47779c528 (block 34, gas 45889)
   tx C deposit 1000 USDC -> 1000 shares (quoted 1000): 0xffffe6be191a81093ac3ed974a1a39e4eef21889043304fb05a1029ce582a68e (block 35, gas 224890)
   [seeded] treasury(Safe) USDC = 3050  totalShares = 3050
   [seeded] F: USDC = 99939950  shares = 50
   [seeded] A: USDC = 9000  shares = 1000
   [seeded] B: USDC = 9000  shares = 1000
   [seeded] C: USDC = 9000  shares = 1000

== step 4: T-7: Project P1: tranche 0 = 300 USDC by date (due day 2), tranche 1 = 200 USDC by verifiers B, C; deadline day 3; voted and started
   A deployed ProjectProposal @ 0x51CB13f4065F73804be3536a3cEf5d848d571DeA via TemplateFactory (tx 0x8855815d939a049d06a79eab65c9946bd096886aa4caf0fa5bd7f4d52d4f35eb, salt 0x0000000000000000000000000000000000000000000000000000000000000002) paramsHash 0x75e940fccdb0283352fdb7133bb4d03bcef46811d05abb7c0f12d32891c8d196 codeHash 0xffd5c25ca84716f3a59ecaa0414d3662d1856c30441bf08f5b1a0e4683a092bf
   factory.proposalData == builder multicall (asserted byte-identical in submitTemplateProposal)
   tx A submitProposal #1 "A: P1 two tranches, 3 d deadline {"template":"Project","contract":"ProjectPropos...": 0x1bac65942808102b7d9cb01760d63c6b187309b5b3a954ec4bcb749a2e46b854 (block 37, gas 308628)
   details: A: P1 two tranches, 3 d deadline {"template":"Project","contract":"ProjectProposal","compiler":"0.8.36+commit.8a079791.Emscripten.clang","instance":"0x51CB13f4065F73804be3536a3cEf5d848d571DeA","operator":"0x4c8EFB8438AaFEe8875A62B334010D53D7ebf85E","budget":"500000000","deadline":"1789249152","params":{"tranches":[{"amount":"300000000","releaseType":"date","releaseAt":"1789162752","verifiers":[],"threshold":0},{"amount":"200000000","releaseType":"verifiers","releaseAt":"0","verifiers":["0xA17a98879d53fC62d236f7a637aabBD6e0aff538","0x5ffB32560878398bF44d0506dFd4000f24332b45"],"threshold":2}],"deadline":"1789249152"},"paramsHash":"0x75e940fccdb0283352fdb7133bb4d03bcef46811d05abb7c0f12d32891c8d196","codeHash":"0xffd5c25ca84716f3a59ecaa0414d3662d1856c30441bf08f5b1a0e4683a092bf","salt":"0x0000000000000000000000000000000000000000000000000000000000000002"}
   warp +1s (let votingStarts become past) -> block 38 timestamp 1788989953
   proposal #1 state = Voting
   tx A votes YES on #1 -> yes 1000 / no 0: 0xd61d57ada99d7d6879cf927a3ef5d916eb5dfc01ad7d117a5e69ea9a28724586 (block 39, gas 117190)
   tx B votes YES on #1 -> yes 2000 / no 0: 0x8bd8a032bd75b7dbb53b8034105a1dde40b3db7a762707637137395f21ca4973 (block 40, gas 100090)
   warp +43200s (past grace of #1) -> block 41 timestamp 1789033153
   proposal #1 state = Ready
   tx D processProposal #1 -> passed=true actionFailed=false state=Processed: 0xd66fc48705be928eaeb993c44f60af88d870b8a59a8a20789374de517d9b5cc9 (block 42, gas 295056)
   ok: P1 funded (500) and Running

== step 5: T-7: nobody calls release(0) on day 2; the deadline passes; release(0) and confirm(1) revert DeadlinePassed, only end() applies
   warp +216000s (past the project deadline) -> block 43 timestamp 1789249153
   at deadline + 1: release(0) by the operator reverts; confirm(1) by a verifier reverts; end() by anyone succeeds
   holds [T-7]: after the deadline exactly one of {pay the operator, return to the Safe} is possible for a due tranche (end() only)
   ok: release(0) after the deadline reverts DeadlinePassed (reverted with DeadlinePassed)
   ok: confirm(1) after the deadline reverts DeadlinePassed (reverted with DeadlinePassed)
   tx W end(): 0x25d1100554e9827ebed7efab4685cfa0419bf3f594b53714e32fe7ce0eb5fe9b (block 44, gas 62267)
   [P1] Project @ 0x51CB13f4065F73804be3536a3cEf5d848d571DeA: status Complete budget 500 deadline 1789249152 operator 0x4c8EFB8438AaFEe8875A62B334010D53D7ebf85E params 0x75e940fccdb0283352fdb7133bb4d03bcef46811d05abb7c0f12d32891c8d196 held 0 USDC
   end(): 500 USDC (both unreleased tranches) back to the Safe; operator A received 0 USDC after the deadline; Complete
   holds [T-7]: no tranche is paid after the project deadline (paid 0 USDC; 500 USDC returned)

== step 6: T-7: a Project whose deadline has already come cannot start (the funding multicall fails atomically, nothing moves)
   A deployed ProjectProposal @ 0x3e92C650Ab57CD495Bf5A1ecbcf1D723DB0dB110 via TemplateFactory (tx 0xa93d9eae74ea1a36c5da70f5cc8713b599352ba06f8a7fe064f15d67a7b694b8, salt 0x0000000000000000000000000000000000000000000000000000000000000005) paramsHash 0xdfc12780c35a7371f22849ee7a656ffd83f80d358b254cfa97eaa56b2130e214 codeHash 0xffd5c25ca84716f3a59ecaa0414d3662d1856c30441bf08f5b1a0e4683a092bf
   factory.proposalData == builder multicall (asserted byte-identical in submitTemplateProposal)
   tx A submitProposal #2 "A: P-late, deadline before its own grace ends {"template":"Project","contract":"...": 0xcc17256df32974d999894452439a07b6fbb439613fd522a111929413ff6eb007 (block 46, gas 287398)
   details: A: P-late, deadline before its own grace ends {"template":"Project","contract":"ProjectProposal","compiler":"0.8.36+commit.8a079791.Emscripten.clang","instance":"0x3e92C650Ab57CD495Bf5A1ecbcf1D723DB0dB110","operator":"0x4c8EFB8438AaFEe8875A62B334010D53D7ebf85E","budget":"300000000","deadline":"1789421953","params":{"tranches":[{"amount":"300000000","releaseType":"date","releaseAt":"0","verifiers":[],"threshold":0}],"deadline":"1789421953"},"paramsHash":"0xdfc12780c35a7371f22849ee7a656ffd83f80d358b254cfa97eaa56b2130e214","codeHash":"0xffd5c25ca84716f3a59ecaa0414d3662d1856c30441bf08f5b1a0e4683a092bf","salt":"0x0000000000000000000000000000000000000000000000000000000000000005"}
   warp +1s (let votingStarts become past) -> block 47 timestamp 1789249154
   proposal #2 state = Voting
   tx A votes YES on #2 -> yes 1000 / no 0: 0x3a1fd8b060ac68fbb7b8fffb9e0dfcf625f0a2a10d691d44e4830ca272e392a2 (block 48, gas 117190)
   tx B votes YES on #2 -> yes 2000 / no 0: 0xb82dedc4a53a19adbfb34305352a4946d75cb3e8815f4fa62c26e9c50725b255 (block 49, gas 100090)
   warp +43200s (past grace of #2) -> block 50 timestamp 1789292354
   proposal #2 state = Ready
   warp +172800s (past the late project's deadline before processing) -> block 51 timestamp 1789465154
   tx D processProposal #2 -> passed=true actionFailed=true state=Processed: 0x0d847f244811eb4d43934ba93676c00259fafe815ba01e826f32a08c37580f24 (block 52, gas 277224)
   [P-late] Project @ 0x3e92C650Ab57CD495Bf5A1ecbcf1D723DB0dB110: status Pending budget 300 deadline 1789421953 operator 0x4c8EFB8438AaFEe8875A62B334010D53D7ebf85E params 0xdfc12780c35a7371f22849ee7a656ffd83f80d358b254cfa97eaa56b2130e214 held 0 USDC
   holds [T-7]: a Project started after its deadline reverts DeadlinePassed inside start(): actionFailed, the Safe keeps the budget

== step 7: T-8: a Pending Project cannot be amended by the Safe (eth_call from the Safe): Overcommitted(scheduled, held = 0)
   Safe -> amend(Pending P2 @ 0x7aA498c62D4eDc95AC073b896D0d574313e2c546) : Overcommitted
   holds [T-8]: Project amend while Pending reverts Overcommitted (a Pending instance holds 0): documented in TEMPLATES.md (Project amend: Running); observed Overcommitted

== step 8: T-9a: Config with gracePeriod 0: Baal keeps the old value, start() reverts NotApplied, the whole action fails; nothing applied
   baalGas: the action fails at every gas limit (meant to fail?); using the fallback 2000000
   A deployed ConfigProposal @ 0x2845B39E263BB3e138d608e04B216bA9CAf72B5F via TemplateFactory (tx 0x1377d015e99cbc15b9deded4f6a174975d1a4b34e0ac64ee4737c85f17f6813b, salt 0x0000000000000000000000000000000000000000000000000000000000000009) paramsHash 0x2df32bbb55251c99d4c61ace1c9bace4e69c94093a7600bcd244233723889124 codeHash 0x4665e0b6ddd2d06ad4f24f65fd09980cfd55a93b57ca39cbef7ccd046df964b4
   factory.proposalData == builder multicall (asserted byte-identical in submitTemplateProposal)
   tx A submitProposal #3 "A: grace 0 {"template":"Config","contract":"ConfigProposal","compiler":"0.8.36+c...": 0xa8986ba533464c0124145938ba8e5933b9226a9d0610917c8d47f7954ab9ea4e (block 55, gas 289001)
   details: A: grace 0 {"template":"Config","contract":"ConfigProposal","compiler":"0.8.36+commit.8a079791.Emscripten.clang","instance":"0x2845B39E263BB3e138d608e04B216bA9CAf72B5F","operator":"0x4c8EFB8438AaFEe8875A62B334010D53D7ebf85E","budget":"0","deadline":"0","params":{"votingPeriod":21600,"gracePeriod":0,"proposalOffering":"0","quorumPercent":"0","sponsorThreshold":"1000000000000000000","minRetentionPercent":"66"},"paramsHash":"0x2df32bbb55251c99d4c61ace1c9bace4e69c94093a7600bcd244233723889124","codeHash":"0x4665e0b6ddd2d06ad4f24f65fd09980cfd55a93b57ca39cbef7ccd046df964b4","salt":"0x0000000000000000000000000000000000000000000000000000000000000009"}
   warp +1s (let votingStarts become past) -> block 56 timestamp 1789465155
   proposal #3 state = Voting
   tx A votes YES on #3 -> yes 1000 / no 0: 0x0cc00f62269804b0aae152df740ee4cd98ffe71fe698bea0af8e3931bdfd853b (block 57, gas 117190)
   tx B votes YES on #3 -> yes 2000 / no 0: 0xd40cf538e3e23e73b5fd8f6c4387c47a61829b1b11dcd26e9420831f9a0db2af (block 58, gas 100090)
   warp +43200s (past grace of #3) -> block 59 timestamp 1789508355
   proposal #3 state = Ready
   tx D processProposal #3 -> passed=true actionFailed=true state=Processed: 0x48c560c298ac78e6ca47d27f723d299699e4e3a20261565c96b272986c8e56d8 (block 60, gas 276690)
   holds [T-9]: grace 0 -> actionFailed=true, gracePeriod still 21600 (documented; holds)

== step 9: T-9b: Config with quorumPercent 101 (Baal only checks minRetention <= 100): A and B vote YES; it applies
   A deployed ConfigProposal @ 0x58C78CFD32131CbB7eF025798DA285EE3B303985 via TemplateFactory (tx 0x90e8cf53b7f48e129745b600778ab2434e7a12f01a6d287ed6a058f667ea0f57, salt 0x000000000000000000000000000000000000000000000000000000000000000c) paramsHash 0xd655b080c5e9e04793fd6aa0c66d288e2f332cc93416e5000db8a1d547264fae codeHash 0x4665e0b6ddd2d06ad4f24f65fd09980cfd55a93b57ca39cbef7ccd046df964b4
   factory.proposalData == builder multicall (asserted byte-identical in submitTemplateProposal)
   tx A submitProposal #4 "A: quorum 101% {"template":"Config","contract":"ConfigProposal","compiler":"0.8....": 0xa2f007bd384320d470da59efacc62de8b818e7d8cecc20eb4cda9698d4a7f77e (block 62, gas 289157)
   details: A: quorum 101% {"template":"Config","contract":"ConfigProposal","compiler":"0.8.36+commit.8a079791.Emscripten.clang","instance":"0x58C78CFD32131CbB7eF025798DA285EE3B303985","operator":"0x4c8EFB8438AaFEe8875A62B334010D53D7ebf85E","budget":"0","deadline":"0","params":{"votingPeriod":21600,"gracePeriod":21600,"proposalOffering":"0","quorumPercent":"101","sponsorThreshold":"1000000000000000000","minRetentionPercent":"66"},"paramsHash":"0xd655b080c5e9e04793fd6aa0c66d288e2f332cc93416e5000db8a1d547264fae","codeHash":"0x4665e0b6ddd2d06ad4f24f65fd09980cfd55a93b57ca39cbef7ccd046df964b4","salt":"0x000000000000000000000000000000000000000000000000000000000000000c"}
   warp +1s (let votingStarts become past) -> block 63 timestamp 1789508356
   proposal #4 state = Voting
   tx A votes YES on #4 -> yes 1000 / no 0: 0x0d4efca8cfaac03df35fbb79791ab99c6359b74e47b0e6013331585a2d8bba9d (block 64, gas 117190)
   tx B votes YES on #4 -> yes 2000 / no 0: 0xeecaaf879beaeb1d01cd7fb14480cf78def1fb1e9a055b7d2aa4814e0c0093bb (block 65, gas 100090)
   warp +43200s (past grace of #4) -> block 66 timestamp 1789551556
   proposal #4 state = Ready
   tx D processProposal #4 -> passed=true actionFailed=false state=Processed: 0xb6d936a0d77256d5c3e4b2de6836677a187e711aa38cbf84fdbe35d25fb988fe (block 67, gas 254436)
   [C1] Config @ 0x58C78CFD32131CbB7eF025798DA285EE3B303985: status Complete budget 0 deadline 0 operator 0x4c8EFB8438AaFEe8875A62B334010D53D7ebf85E params 0xd655b080c5e9e04793fd6aa0c66d288e2f332cc93416e5000db8a1d547264fae held 0 USDC
   quorumPercent now 101; Config instance Complete
   holds [T-9]: Baal accepts a quorum above 100% (applied quorumPercent = 101): no on-chain cap by ruling; disclosed in PARAMETERS and flagged by the relay's /me

== step 10: T-9b: a Payment (10 USDC to O) with 100% of shares voting YES is processed as not passed; a repair Config (quorum 0) with 100% YES fails the same way
   A deployed PaymentProposal @ 0xeBB45cB31914B4867CC051156f0743EE92934c47 via TemplateFactory (tx 0xa8163b3e2b6b81690f6278c2e7772409c253dbbb22d862a69cf5075aff758166, salt 0x000000000000000000000000000000000000000000000000000000000000000f) paramsHash 0x7afde015f3647058f77f7bbe9121f571fb941eb3b1bb0bebb0973f7cb36093ae codeHash 0x026d5bd373453f6c707d4dcc4116293d4661e05b0c7c6b3c43eb86e6f2265784
   factory.proposalData == builder multicall (asserted byte-identical in submitTemplateProposal)
   tx A submitProposal #5 "A: pay O 10 {"template":"Payment","contract":"PaymentProposal","compiler":"0.8.3...": 0x3fb41802a16864550c827881a6778be55b2dd9ed42fb2ad0c8d1d819b632d212 (block 69, gas 285164)
   details: A: pay O 10 {"template":"Payment","contract":"PaymentProposal","compiler":"0.8.36+commit.8a079791.Emscripten.clang","instance":"0xeBB45cB31914B4867CC051156f0743EE92934c47","operator":"0x4c8EFB8438AaFEe8875A62B334010D53D7ebf85E","budget":"10000000","deadline":"0","params":{"recipients":["0xfDC0B25c3Ddc0385411B9eaFe271EFc97100d846"],"amounts":["10000000"]},"paramsHash":"0x7afde015f3647058f77f7bbe9121f571fb941eb3b1bb0bebb0973f7cb36093ae","codeHash":"0x026d5bd373453f6c707d4dcc4116293d4661e05b0c7c6b3c43eb86e6f2265784","salt":"0x000000000000000000000000000000000000000000000000000000000000000f"}
   warp +1s (let votingStarts become past) -> block 70 timestamp 1789551557
   proposal #5 state = Voting
   tx A votes YES on #5 -> yes 1000 / no 0: 0x49d80ce1babec6cb0cda4741fa121961b52eac68b2c77940f4fad442d26d3d30 (block 71, gas 117190)
   tx B votes YES on #5 -> yes 2000 / no 0: 0x236af2dc3d7b4e1bf0fd1bb42d3bd83f134b0d392d523e45f7068af87fae737f (block 72, gas 100090)
   tx C votes YES on #5 -> yes 3000 / no 0: 0x57fdf1e40ac7c455dab96c2d4623150178a5a964c51d7bb5c89be7e8997ede3d (block 73, gas 100090)
   tx F votes YES on #5 -> yes 3050 / no 0: 0x9c71798bf98c1c82f4c6c0761a602b47ccc4344371e6d210ee39bf135c6a191d (block 74, gas 100090)
   warp +43200s (past grace of #5) -> block 75 timestamp 1789594757
   proposal #5 state = Ready
   tx D processProposal #5 -> passed=false actionFailed=false state=Processed: 0xb393da6f6953bb35a1b53e778ea77d56673e32fee986e4a9c207d865ae42fb90 (block 76, gas 96436)
   payment: yes 3050 of 3050 shares (100%), passed=false, state Processed, O got 10000 USDC
   holds [T-9]: with quorum 101% a proposal approved by 100% of shares is processed as not passed (yes*100 < 101*supply for every vote): terminal for collective action, documented
   A deployed ConfigProposal @ 0xb28cB144a9D0f23Af0D63214f37D6F92f73AAcA9 via TemplateFactory (tx 0xae1bcd2c8dd2242e17fa46dfd8fbd8342af885373d142384bf6b8381474a2f83, salt 0x0000000000000000000000000000000000000000000000000000000000000012) paramsHash 0xb9f9f1a54858fd63758e419fc36ed08822228936575879b1c60d6abd43c019ca codeHash 0x4665e0b6ddd2d06ad4f24f65fd09980cfd55a93b57ca39cbef7ccd046df964b4
   factory.proposalData == builder multicall (asserted byte-identical in submitTemplateProposal)
   tx A submitProposal #6 "A: repair quorum -> 0 {"template":"Config","contract":"ConfigProposal","compiler...": 0xc880907ca4c43df2a6e0ffd4f2cca245fccdfbc224d73f96742e90bef30d2446 (block 78, gas 289205)
   details: A: repair quorum -> 0 {"template":"Config","contract":"ConfigProposal","compiler":"0.8.36+commit.8a079791.Emscripten.clang","instance":"0xb28cB144a9D0f23Af0D63214f37D6F92f73AAcA9","operator":"0x4c8EFB8438AaFEe8875A62B334010D53D7ebf85E","budget":"0","deadline":"0","params":{"votingPeriod":21600,"gracePeriod":21600,"proposalOffering":"0","quorumPercent":"0","sponsorThreshold":"1000000000000000000","minRetentionPercent":"66"},"paramsHash":"0xb9f9f1a54858fd63758e419fc36ed08822228936575879b1c60d6abd43c019ca","codeHash":"0x4665e0b6ddd2d06ad4f24f65fd09980cfd55a93b57ca39cbef7ccd046df964b4","salt":"0x0000000000000000000000000000000000000000000000000000000000000012"}
   warp +1s (let votingStarts become past) -> block 79 timestamp 1789594758
   proposal #6 state = Voting
   tx A votes YES on #6 -> yes 1000 / no 0: 0x695588e99cd6c3833f81b188c2ffd3f7ab47c7ad23ec22b9e04f36357df28bce (block 80, gas 117190)
   tx B votes YES on #6 -> yes 2000 / no 0: 0xac1b7ee0d6c743497331d73898fb244c2ba4c8914444b3683f6cdcd75efd0a72 (block 81, gas 100090)
   tx C votes YES on #6 -> yes 3000 / no 0: 0x31bd5bf08b32cc82c3cc7c580da99538803be9e6fa75d1f7f567550f48e4de14 (block 82, gas 100090)
   tx F votes YES on #6 -> yes 3050 / no 0: 0xcef9c9c6c9c2a2d0388c14cb2adbf2d2fd760a9027de38d1231367e60077c887 (block 83, gas 100090)
   warp +43200s (past grace of #6) -> block 84 timestamp 1789637958
   proposal #6 state = Ready
   tx D processProposal #6 -> passed=false actionFailed=false state=Processed: 0xd589aab5593c10c7666c178aeafd8a02bfb25ac263e5246f5b21379c93d083a4 (block 85, gas 97256)
   holds [T-9]: a unanimous repair proposal cannot pass either (passed=false; quorumPercent still 101): the documented terminal shape; exit is the remedy

== step 11: T-9b: exit still works: C ragequits 1000 shares and is paid pro-rata (the constitution's remedy survives the terminal config)
   tx C ragequit 1000 shares -> paid 1000 USDC (pro-rata of 3050 at supply 3050): 0x3b543e90bd8d8205e2f5edcc35ccbbf46e2c558b0dc01f5d7c9585c06a210d4e (block 86, gas 708815)
   holds [T-9]: C exited with 1000 USDC (expected pro-rata 1000): exit protects every member; only collective action is dead
   ok: C address present

=== AUDIT TEST project-config-edges: ALL INVARIANTS HOLD ===
anvil stopped (http://127.0.0.1:11545)
