anvil http://127.0.0.1:11545 chainId 31401
deployed: safe 0x0324B2D54E6ffcEfD219f730B0760B4F1266238D baal 0x18A5E9f27FB8bCF3476241f099A5F072dB502f19 shares 0xCB0317265Ac5850B7754cAf007246fbcFF1e0918 settlement 0x832929f74a9Ab80D9e62Dd0C33914a55006F3409
   F = 0xb16349299946b6E56e8d3678C0bdB7495511c2B7
   A = 0x50A036a496eC64836D2Ab781A21d79e472A1Cb61
   B = 0x6aCAC134252E0247D4F6f2086a7AD6254ef5dEbC
   C = 0x66BDb378bABffAE2A1324f43C4aaDa8227671fe5
   D = 0x506d25EDb677279092917c2776248ee258e83BDe
   O = 0x213fBcAFB970D8E42F94654A90ebC31992ab29d3
   W = 0x7b86b535e68DdDeA6fB247A7fD834c791fEFF6DA
   shaman 0xc56f9FC5b85a396830e375ceAb4902C6947894B1 permission 2 (DepositShaman)
   shaman 0x42E3C150090B518662E6F661A70A545BD045e707 permission 2 (WorkManager)
   ok: every shaman ever set is either revoked (0) or a plain manager (2): no admin, no governor
   ok: the only manager (mint) shamans are DepositShaman and WorkManager
   ok: Baal.avatar is the Safe: the only non-shaman minter is a passed proposal executed by the Safe
   ok: the founder holds no shaman permission
   ok: adminLock is on
   ok: the founder cannot call Baal.mintShares directly (reverted with !baal & !manager)
   constitution textHash 0xebc7c39cf14fdc0ac2c028cdba5960ecc4560a314e613b93b4585b62826f2d9a url docs/CONSTITUTION.md
   ok: Constitution.textHash == keccak256(docs/CONSTITUTION.md exact bytes)
   ok: Constitution has no state-changing function (immutable, no amendment path)
   ok: TemplateFactory is bound to this Safe, settlement and Baal
   ok: factory template 0 -> Payment deployer 0xa8a61f2F13cFEF3a7E4061073566F1A8af637635
   ok: Payment deployer is bound to the same Safe and settlement
   ok: factory template 1 -> Strategy deployer 0xeDca18760822E735ce409A1A7acA8A31Ca1799B5
   ok: Strategy deployer is bound to the same Safe and settlement
   ok: factory template 2 -> Project deployer 0x44Fe1f73C97Ac02D1B1E84BA9B8aE29499719E17
   ok: Project deployer is bound to the same Safe and settlement
   ok: factory template 3 -> Config deployer 0xd746ECf4305eDe247B93b076C45b0f443CCD8F85
   ok: Config deployer is bound to the same Safe and settlement
   ok: ZeroOneIntentAccount.factory is this TemplateFactory (op 0 deploys and submits through it)

== step 1: seed: fund actors with USDC-mock
   tx fund A with 10000 USDC: 0x088dea5647a20e979b57afc5513e3e72c079a7395c626c81590d875bda5494f5 (block 22, gas 51250)
   tx fund B with 10000 USDC: 0x954b9c74a6cc3f26ceff87b0d30a040d706ab961df7ea35583f6aa76a24458ad (block 23, gas 51250)
   tx fund C with 10000 USDC: 0xf132ffefcc0d3226100c9c1530e6bd6f3bacb19adaa03309478ee980fe643cbf (block 24, gas 51250)
   tx fund D with 10000 USDC: 0x584777076dcb93528a97c977b69dd3073defec2394511aa5e101f68d9736e4b0 (block 25, gas 51250)
   tx fund O with 10000 USDC: 0xea31cbcc58d43dbeafbe140adf33a262ee583bc649a7587b53dd7444f84f95bb (block 26, gas 51250)
   tx fund W with 10000 USDC: 0x58d8d6261097661df2899f662b414d42d0eee6de03460071c91e27948924d049 (block 27, gas 51250)

== step 2: seed: genesis deposit 50 USDC by the founder -> 50e18 shares = 100% of supply
   tx F approve deposit shaman: 0xfcf7ff7eceb2432a022a5f8f1e7d2dee1097ba41d6bbf4d17981fe4f9eaf917d (block 28, gas 45901)
   tx F deposit 50 USDC -> 50 shares (quoted 50): 0xa837fbb6781d05eecc927690e4447e45dfdd7c0401d6ff360d0defa0958acff7 (block 29, gas 259012)
   ok: genesis: 50 USDC (50e6) -> exactly 50e18 shares (1 USDC -> 1e18 shares while the treasury is empty)
   ok: the founder holds 100% of supply after genesis; nothing else was minted

== step 3: seed: A, B, C deposit 1000 USDC each at NAV (1 USDC per share)
   tx A approve deposit shaman: 0x858664c5da7d95263fed31d4b975681d5787bc15a98630f8983a6f4b7bacfd9e (block 30, gas 45889)
   tx A deposit 1000 USDC -> 1000 shares (quoted 1000): 0x9ef2c7fdced817c48bbe5fa578055979f3c42990f03934fa20b2f07886b835fc (block 31, gas 224890)
   tx B approve deposit shaman: 0xd9c4e9047aa4b78d4f564b92d0c8df65e128d79534459380faaf9df1e143e281 (block 32, gas 45889)
   tx B deposit 1000 USDC -> 1000 shares (quoted 1000): 0xd3fbd5326ea4c071e767d896a5722e2f89fe2216c36cdbf83108b514fb5d3a8e (block 33, gas 224890)
   tx C approve deposit shaman: 0xc5e621e5b877f95bd6d0094992a8cfc91a83862841cec1840f701402329b877c (block 34, gas 45889)
   tx C deposit 1000 USDC -> 1000 shares (quoted 1000): 0xf9b3c6f9e6a493658fb118918a83b3959d6e180b3599d0b72365be7e398722c7 (block 35, gas 224890)
   [seeded] treasury(Safe) USDC = 3050  totalShares = 3050
   [seeded] F: USDC = 99939950  shares = 50
   [seeded] A: USDC = 9000  shares = 1000
   [seeded] B: USDC = 9000  shares = 1000
   [seeded] C: USDC = 9000  shares = 1000

== step 4: step 1: A (32.8% of shares) proposes Config votingPeriod 4 s / gracePeriod 1 s; B, C, F stay silent for 12 h
   A deployed ConfigProposal @ 0xDe60E32E8d420698e7B4F09f75D441658D113c8E via TemplateFactory (tx 0x1344a23da6581abdd00b1f6360788b96ed800ffbc1b7ef93e9b23056aecb297d, salt 0x0000000000000000000000000000000000000000000000000000000000000002) paramsHash 0xaa5c5aba8a0f764179791141f8e792496824ab3226414222610c6ec51064406c codeHash 0xef9c16669c87727d5ebbe6f000c91cfa7fc99354a301a861707276d80b95fc69
   factory.proposalData == builder multicall (asserted byte-identical in submitTemplateProposal)
   tx A submitProposal #1 "A: speed up governance (4 s voting, 1 s grace) {"template":"Config","contract":"...": 0xb92d21f60cc8f6be1e5c9ca40f0de8f4b3340d186f46be69c2a0b0345708c308 (block 37, gas 306882)
   details: A: speed up governance (4 s voting, 1 s grace) {"template":"Config","contract":"ConfigProposal","compiler":"0.8.36+commit.8a079791.Emscripten.clang","instance":"0xDe60E32E8d420698e7B4F09f75D441658D113c8E","operator":"0x50A036a496eC64836D2Ab781A21d79e472A1Cb61","budget":"0","deadline":"0","params":{"votingPeriod":4,"gracePeriod":1,"proposalOffering":"0","quorumPercent":"0","sponsorThreshold":"1000000000000000000","minRetentionPercent":"66"},"paramsHash":"0xaa5c5aba8a0f764179791141f8e792496824ab3226414222610c6ec51064406c","codeHash":"0xef9c16669c87727d5ebbe6f000c91cfa7fc99354a301a861707276d80b95fc69","salt":"0x0000000000000000000000000000000000000000000000000000000000000002"}
   warp +1s (let votingStarts become past) -> block 38 timestamp 1788990128
   proposal #1 state = Voting
   tx A votes YES on #1 -> yes 1000 / no 0: 0x2ccff5be808a704474970fb22933fc4f2e71c0d5981fc627c7529d290aa7ee85 (block 39, gas 117190)
   warp +43200s (past grace of #1) -> block 40 timestamp 1789033328
   proposal #1 state = Ready
   tx B processProposal #1 -> passed=true actionFailed=false state=Processed: 0x3eada273134e437277f21cfa53ee9292c88160a82a178fa972b97902f9bfc780 (block 41, gas 240712)
   ok: Config applied with yes 1000 / no 0 (silence is consent)
   ok: votingPeriod 4 s, gracePeriod 1 s

== step 5: step 2: A proposes 'hand A an unlimited USDC allowance on the Safe' (call-only) and drives it through in 2 s blocks
   [before drain] treasury(Safe) USDC = 3050  totalShares = 3050
   [before drain] F: USDC = 99939950  shares = 50
   [before drain] A: USDC = 9000  shares = 1000
   [before drain] B: USDC = 9000  shares = 1000
   [before drain] C: USDC = 9000  shares = 1000
   tx A submitProposal #2 "A: routine payment" (baalGas 97534): 0x43db821ddb56c1b3c99311910b4b12077b4f60b1a2c9fcfc143cfad6b9b78a92 (block 42, gas 269511)
   warp +1s (let votingStarts become past) -> block 43 timestamp 1789033329
   proposal #2 state = Voting
   submitted at 1789033328 (block time 1789033328); votingEnds 1789033332 (+4 s); graceEnds 1789033333 (+5 s)
   warp +1s (block 2 (t+2 s)) -> block 44 timestamp 1789033330
   tx A votes YES on #2 -> yes 1000 / no 0: 0x00d9a98893f01fb84f89027a5b976886a667ecce8f89f00e43a2670ab5851008 (block 45, gas 117190)
   warp +2s (block 3 (t+4 s)) -> block 46 timestamp 1789033332
   state at t+4 s: Voting
   warp +2s (block 4 (t+6 s)) -> block 47 timestamp 1789033334
   ok: Ready at t+6 s: 3 blocks after submission
   tx A processProposal #2 -> passed=true actionFailed=false state=Processed: 0x7e0776cf61218c85b75993537dcff715acf83afaf2cf86eba4f948cebe1f73c7 (block 48, gas 160741)
   ok: the allowance proposal executed 6 s after submission
   [after drain] treasury(Safe) USDC = 0  totalShares = 3050
   [after drain] F: USDC = 99939950  shares = 50
   [after drain] A: USDC = 12050  shares = 1000
   [after drain] B: USDC = 9000  shares = 1000
   [after drain] C: USDC = 9000  shares = 1000
   ok: A took 3050 USDC 6 s after submitting (allowance voted in 3 blocks, pulled in the next)
   B, C, F lost 2050 USDC with 0 blocks in which an hourly poller could act; the only defence was step 1 (vote NO / exit against a Config that looked administrative)

== step 6: aftermath: at 4 s / 1 s nobody but a same-window voter can pass anything again
   B deployed ConfigProposal @ 0x0c6AFe31C15CBD3B690ca1921a0feBEA3A9aF0B0 via TemplateFactory (tx 0xf205ecb51e2f11ba7fbca95d32e13858145b7906653c24b517c7f1b562f3d87d, salt 0x0000000000000000000000000000000000000000000000000000000000000003) paramsHash 0xb9f9f1a54858fd63758e419fc36ed08822228936575879b1c60d6abd43c019ca codeHash 0x10dd6e770a4426de85885e3eebbe59a5c1b17aafa52d11c3fd77f50648373068
   factory.proposalData == builder multicall (asserted byte-identical in submitTemplateProposal)
   tx B submitProposal #3 "B: restore 6 h / 6 h {"template":"Config","contract":"ConfigProposal","compiler"...": 0xc08461cbee3e8b03b51c7543db8d8f94808c9d45974c0d477768d85c9c9ac548 (block 51, gas 289193)
   details: B: restore 6 h / 6 h {"template":"Config","contract":"ConfigProposal","compiler":"0.8.36+commit.8a079791.Emscripten.clang","instance":"0x0c6AFe31C15CBD3B690ca1921a0feBEA3A9aF0B0","operator":"0x6aCAC134252E0247D4F6f2086a7AD6254ef5dEbC","budget":"0","deadline":"0","params":{"votingPeriod":21600,"gracePeriod":21600,"proposalOffering":"0","quorumPercent":"0","sponsorThreshold":"1000000000000000000","minRetentionPercent":"66"},"paramsHash":"0xb9f9f1a54858fd63758e419fc36ed08822228936575879b1c60d6abd43c019ca","codeHash":"0x10dd6e770a4426de85885e3eebbe59a5c1b17aafa52d11c3fd77f50648373068","salt":"0x0000000000000000000000000000000000000000000000000000000000000003"}
   warp +1s (let votingStarts become past) -> block 52 timestamp 1789033335
   proposal #3 state = Voting
   warp +6s (6 s later (one hourly poll is 3600 s)) -> block 53 timestamp 1789033341
   repair proposal state after 6 s without a vote: Defeated (Defeated: 0 yes > 0 no is false)

=== SCENARIO ECO-04 config-shortening: PASS ===

anvil stopped (http://127.0.0.1:11545)
