anvil http://127.0.0.1:11545 chainId 31401
deployed: safe 0x4D2178cECF606913886fc97e77d461C6F1429Ef5 baal 0xed17781934434951d48Bb5fD62f182dC86AD4896 shares 0x26D4c690CcFC6b528ba45e33AF794e39BfBB0b1b settlement 0xA29c22264220fCF0B5458949ee2be59c78AF22C5
   F = 0x6e05A9DA45c49Ae4a5c6D0ECd5A18fE99fe8D886
   A = 0x4a11f4E4ae343dDC900f10FC4BcC742d03d31B50
   B = 0x27561709DF76092e14d2c081A222872f6B64e171
   C = 0xb4Fbd912C36E9b92C99b66Da9B58a88708363200
   D = 0xC6D49143D5b6446DE1AD3AC8ae63dc2eE74f6222
   O = 0xF3F6B5853F05d34529C664E9736F9E2a21F83B11
   W = 0x0000172e1c2EB729aE1Ca008DAF177B61E63A11e
   shaman 0xeD1E7F7697ECDDb9aa6C73f2670545c1387FBC4B permission 2 (DepositShaman)
   shaman 0xdD5B02dd842c6F565544B79115605Cfa4C175602 permission 2 (WorkManager)
   ok: every shaman ever set is either revoked (0) or a plain manager (2): no admin, no governor
   ok: the only manager (mint) shamans are DepositShaman and WorkManager
   ok: Baal.avatar is the Safe: the only non-shaman minter is a passed proposal executed by the Safe
   ok: the founder holds no shaman permission
   ok: adminLock is on
   ok: the founder cannot call Baal.mintShares directly (reverted with !baal & !manager)
   constitution textHash 0xebc7c39cf14fdc0ac2c028cdba5960ecc4560a314e613b93b4585b62826f2d9a url docs/CONSTITUTION.md
   ok: Constitution.textHash == keccak256(docs/CONSTITUTION.md exact bytes)
   ok: Constitution has no state-changing function (immutable, no amendment path)
   ok: TemplateFactory is bound to this Safe, settlement and Baal
   ok: factory template 0 -> Payment deployer 0x906EeA04096523D545C271337aC73C2855e7A67E
   ok: Payment deployer is bound to the same Safe and settlement
   ok: factory template 1 -> Strategy deployer 0x10bc10b03261B09E267e8013787C96Edc97DEc8D
   ok: Strategy deployer is bound to the same Safe and settlement
   ok: factory template 2 -> Project deployer 0x70AB4FD0Fd81034c456963f04105cF9F51543CAc
   ok: Project deployer is bound to the same Safe and settlement
   ok: factory template 3 -> Config deployer 0x54509CC32C0B91122976cBb145F5f9dEA0062628
   ok: Config deployer is bound to the same Safe and settlement
   ok: ZeroOneIntentAccount.factory is this TemplateFactory (op 0 deploys and submits through it)
   tx F approve deposit shaman: 0x24762591aa41a431c3902b22c4be59625f5641f42a893029517b930868f7a0f4 (block 22, gas 45901)
   tx F deposit 50 USDC -> 50 shares (quoted 50): 0x58d2ea67bddd3fc4f206ea156009d6ef3f9c172138eaec1cb8f6d1654b9ee01b (block 23, gas 259012)
   tx fund A with 1000 USDC: 0x2485f530c7bfe0848f1bad2aad339a0a1dfc4866f6735efbc4a75dcb6e371b0c (block 24, gas 51238)

== step 1: join: A signs an EIP-7702 authorization for the adapter; the sponsor broadcasts it (as relay/server.ts join())
   ok: A is delegated to the adapter (code 0xef0100e019fa84df501c1f12d52754958222748652bd9a)

== step 2: sponsor relays A's signed deposit intent (op 5, 100 USDC)
   [after sponsored deposit] treasury(Safe) USDC = 150  totalShares = 150
   [after sponsored deposit] A: USDC = 900  shares = 100
   ok: A holds 100 shares (gas 270119 paid by the sponsor; digest 0x5489a2d86bcd8606...)

== step 3: compromised sponsor key: what it can do with A's account and the DAO
   revert ok [replay of the same intent (nonce 0 already used)]: The contract function "executeIntent" reverted with the following reason: | nonce/expiry | Contract Call:
   revert ok [altered amount with the old signature]: The contract function "executeIntent" reverted with the following reason: | signature | Contract Call:
   revert ok [sponsor-signed ragequit intent for A]: The contract function "executeIntent" reverted with the following reason: | signature | Contract Call:
   revert ok [Baal.ragequit by the sponsor (burns msg.sender's shares: it has 0)]: The contract function "ragequit" reverted with the following signature: | 0xdb42144d | Unable to decode signature "0xdb42144d" as it was not found on the provided ABI.
   revert ok [Baal.mintShares by the sponsor]: The contract function "mintShares" reverted with the following reason: | !baal & !manager | Contract Call:
   revert ok [Baal.submitVote by the sponsor (no shares)]: The contract function "submitVote" reverted with the following reason: | !voting | Contract Call:
   revert ok [WorkManager.activateTask by the sponsor]: The contract function "activateTask" reverted. | Error: OnlySafe(address caller) |                (0x0247Bd41D1E2F6F668F50370dD20D524a49f5c17)
   revert ok [TemplateFactory.deploy with empty params (permissionless but harmless: constructor reverts)]: The contract function "deploy" reverted. | Contract Call: |   address:   0xeb760e5e20a468209D7E210bDCFBF0cA3e7f4AC5
   value under the sponsor key: its ETH 999999 milli-ETH (mainnet plan: 0.01 ETH); treasury reachable: 0 of 150 USDC; member shares reachable: 0 of 150
   relay-level powers that need no key forgery (argued, relay/server.ts): delay/drop a request, reorder requests in its queue, front-run a member's propose by deploying the same CREATE2 instance (idempotent, harmless), refuse service (503). None changes what a signed intent does on chain.
   T0 (custodial-lite) accounts are different: their keys derive from state/relay/secret + pass (relay/server.ts passAccount); a host compromise owns them fully (component 5).

=== SCENARIO OPS-02 sponsor-key-compromise: PASS ===

anvil stopped (http://127.0.0.1:11545)
