anvil http://127.0.0.1:11545 chainId 31401
deployed: safe 0xa679597baC53aC19a2B74b58aDd447a12ef6BcE6 baal 0xcf460cc02e1611B277a316f44d9f985fB7bcB61A shares 0x568B008F8da975d4C3B7fc92aE90AAd64a4416DA settlement 0x1a82a85DD03d516E54620d10aD82Ae0E4e7A56c8
          depositShaman 0x81815d2ecc6Aa28Fb40D8f92D305570e32e970C9 workManager 0x5d74F0C139B215D920BEABdDE2c8E2FA10AD4eaC constitution 0x232eC62D13685De412208511E47Be6066fb2ae65
          templateFactory 0xE22F11136311BcDe1647E2d58038c50fd9Dfc28c deployers 0x5123F254890C229fEc5EC7dCEea51E694d0b6aE5 0xd91a04F9E6A054f221cDd72f38e6eeC7bb6Ef1f5 0x065bE00B9f1FfF8BBe114d9A7d43F93E35451B98 0x35b30B587CFfE8dc29df46C2E96b80Ecb0d99E23 intentAccount 0x875C5048Da2f6F97471eDbD4F2dDE17F362aec27
   F = 0x9720C3CC97E2974A1eFaCf47794AbecbAE231fc4  founder (deployer; ordinary member via the 50 USDC genesis deposit)
   A = 0x05058D6EA5b6a4C995A9c9cC7B7571e5ebFD42c3  member agent A
   B = 0xA0D37Ca3434c413fA3362c3B6AE1FCeD92Fc1e1b  member agent B
   C = 0xbe3DEF47106055aCfecE1ed48C3065F3ec42a1Ec  member agent C
   D = 0xb60A17aF310686F60eeB35b89ebd9718be57c868  depositor D (joins later)
   O = 0x75B88837935Ed4844f03b71ca67Aff682F10AC79  operator O (mandate recipient)
   W = 0x1087891f803F77870Bde5c208b60C0462E56C6BD  worker W (task deliverer)
   shaman 0x81815d2ecc6Aa28Fb40D8f92D305570e32e970C9 permission 2 (DepositShaman)
   shaman 0x5d74F0C139B215D920BEABdDE2c8E2FA10AD4eaC permission 2 (WorkManager)
   ok: every shaman ever set is either revoked (0) or a plain manager (2): no admin, no governor
   ok: the only manager (mint) shamans are DepositShaman and WorkManager
   ok: Baal.avatar is the Safe: the only non-shaman minter is a passed proposal executed by the Safe
   ok: the founder holds no shaman permission
   ok: adminLock is on
   ok: the founder cannot call Baal.mintShares directly (reverted with !baal & !manager)
   constitution textHash 0xebc7c39cf14fdc0ac2c028cdba5960ecc4560a314e613b93b4585b62826f2d9a url docs/CONSTITUTION.md
   ok: Constitution.textHash == keccak256(docs/CONSTITUTION.md exact bytes)
   ok: Constitution has no state-changing function (immutable, no amendment path)
   ok: TemplateFactory is bound to this Safe, settlement and Baal
   ok: factory template 0 -> Payment deployer 0x5123F254890C229fEc5EC7dCEea51E694d0b6aE5
   ok: Payment deployer is bound to the same Safe and settlement
   ok: factory template 1 -> Strategy deployer 0xd91a04F9E6A054f221cDd72f38e6eeC7bb6Ef1f5
   ok: Strategy deployer is bound to the same Safe and settlement
   ok: factory template 2 -> Project deployer 0x065bE00B9f1FfF8BBe114d9A7d43F93E35451B98
   ok: Project deployer is bound to the same Safe and settlement
   ok: factory template 3 -> Config deployer 0x35b30B587CFfE8dc29df46C2E96b80Ecb0d99E23
   ok: Config deployer is bound to the same Safe and settlement
   ok: ZeroOneIntentAccount.factory is this TemplateFactory (op 0 deploys and submits through it)

== step 1: seed: fund actors with USDC-mock
   tx fund A with 10000 USDC: 0xd3817800eee7891e84f5c31ca3ee926c3e812b6fd855ed78ed04a85b5b4d7d66 (block 22, gas 51250)
   tx fund B with 10000 USDC: 0xfb971742bb2266f3734e33aea14360cbb985c8cbb139cedf39927035b08fbf1f (block 23, gas 51250)
   tx fund C with 10000 USDC: 0x3db51d51a3809a395e06f4c428354469d4e66c81b00c7ab5b49c4c4f75be7ed1 (block 24, gas 51250)
   tx fund D with 10000 USDC: 0x906dd2fd01f5c8da6056db442f6389968491da6bdac90f0bae1c0174c5677445 (block 25, gas 51250)
   tx fund O with 10000 USDC: 0x3d50556740c40d27f35919420d28bec1da0e77c25355e9cc4af678f687681cf1 (block 26, gas 51250)
   tx fund W with 10000 USDC: 0x81fcff9fe3ef27e14b3977b0dade6b2b929f4cbb2d73aced6302ff3c36aa2a58 (block 27, gas 51250)

== step 2: seed: genesis deposit 50 USDC by the founder -> 50e18 shares = 100% of supply
   tx F approve deposit shaman: 0xb0dc6ae0dcf2f6e06ec78dce8681e8418616ed51740c01701739a096a39b2534 (block 28, gas 45901)
   tx F deposit 50 USDC -> 50 shares (quoted 50): 0x5a53f260d5935ca58bdf67e6f9183efd400ca6aa20fafc8f18e291d933c13f3f (block 29, gas 259012)
   ok: genesis: 50 USDC (50e6) -> exactly 50e18 shares (1 USDC -> 1e18 shares while the treasury is empty)
   ok: the founder holds 100% of supply after genesis; nothing else was minted

== step 3: seed: A, B, C deposit 1000 USDC each at NAV (1 USDC per share)
   tx A approve deposit shaman: 0x90eec20da42f3c8b1dfcde659596cde3a8f606e2a370d84aa3194341e6a0a62d (block 30, gas 45889)
   tx A deposit 1000 USDC -> 1000 shares (quoted 1000): 0xb46ddee1063ac36cff282cfb4e92ba26c1f830bc0d4c727c0c9c10c554778507 (block 31, gas 224890)
   tx B approve deposit shaman: 0x4cc4f31b345c913db4f85d75c08e3691aacfb5ef3801a97004a9604c4e8a1207 (block 32, gas 45889)
   tx B deposit 1000 USDC -> 1000 shares (quoted 1000): 0x0368383296d43e1f9518bcee290970659692c320cd16c0606b0e58f2cf5ee8ff (block 33, gas 224890)
   tx C approve deposit shaman: 0xa70ceae78f5761e0e4b24d0b4fa93a3e8ee41bd444515116f5c50d4275ef6649 (block 34, gas 45889)
   tx C deposit 1000 USDC -> 1000 shares (quoted 1000): 0x9caae710581032c8a138da4800d1198b7480a459b48e46987b985c8bf587e5f5 (block 35, gas 224890)
   [seeded] treasury(Safe) USDC = 3050  totalShares = 3050
   [seeded] F: USDC = 99939950  shares = 50
   [seeded] A: USDC = 9000  shares = 1000
   [seeded] B: USDC = 9000  shares = 1000
   [seeded] C: USDC = 9000  shares = 1000

== step 4: Config votingPeriod 1 s / gracePeriod 1 s passes (A, B YES) and executes
   tx A submitProposal #1 "A: config 1s/1s" (baalGas 109209): 0x9ba9a1a5026208e5ffb429c7083239c172df92bb101be90c54e6c5b92f19e659 (block 36, gas 288992)
   warp +1s (let votingStarts become past) -> block 37 timestamp 1788990057
   proposal #1 state = Voting
   tx A votes YES on #1 -> yes 1000 / no 0: 0xd867eee9b87ce82fb9ba7897fc796067a152e3c04ddda3d788c669139afcf736 (block 38, gas 117190)
   tx B votes YES on #1 -> yes 2000 / no 0: 0x5e32c9ab957bad3dbc794ce274e8dfe2e2549f2412d93752ab3eb68285451bd1 (block 39, gas 100090)
   warp +43200s (past grace of #1) -> block 40 timestamp 1789033257
   proposal #1 state = Ready
   tx W processProposal #1 -> passed=true actionFailed=false state=Processed: 0xbe5a8b00c95f41980b85563213438e95c6460cd152f9c3c5d1e539590975c280 (block 41, gas 155071)
   ok: config applied
   votingPeriod 1 s, gracePeriod 1 s

== step 5: B submits #2 (repair back to 6 h / 6 h); the next block is 2 s later (Base block time)
   warp +2s (next Base block (+2 s)) -> block 43 timestamp 1789033259
   #2 state one block later: Grace
   ok: no block can carry a vote (reverted with !voting)
   warp +1s -> block 44 timestamp 1789033260
   #2 state after grace: Defeated (0 yes > 0 no is false): the repair is dead; every later proposal meets the same fate
   ok: repair defeated without a vote
   tx C ragequit 1000 shares -> paid 1000 USDC (pro-rata of 3050 at supply 3050): 0x3877447da9a10d1f31eab1281f9a33d24d0e1990a998bb0b58cb6e920efb95c2 (block 45, gas 708827)
   C still exits: paid 1000 USDC for 1000 shares (exit is unaffected)

== step 6: snapshot variant: Config votingPeriod = 2^32 - 1 -> submitProposal reverts on checked uint32 overflow
   chain reverted to snapshot 0x0
   tx A submitProposal #1 "A: config votingPeriod max" (baalGas 109209): 0x7564ebaca5af4a9d3dd8615a0f677e8722df42928566deadaf8160f18c356932 (block 36, gas 289160)
   warp +1s (let votingStarts become past) -> block 37 timestamp 1788990057
   proposal #1 state = Voting
   tx A votes YES on #1 -> yes 1000 / no 0: 0xd5cf7a4230e20eba976a97edb40a506a7f21d700ecbde99d71914f22d1e79f81 (block 38, gas 117190)
   tx B votes YES on #1 -> yes 2000 / no 0: 0xca66583ae4b37cfef0bd1916fdaa60fac41d97d3d803988b97b3d372d3541d7d (block 39, gas 100090)
   warp +43200s (past grace of #1) -> block 40 timestamp 1789033257
   proposal #1 state = Ready
   tx W processProposal #1 -> passed=true actionFailed=false state=Processed: 0xa93b8923cd1a119cc348d533977f246a335741261401165b8660376d5c246a81 (block 41, gas 155107)
   ok: config applied
   votingPeriod 4294967295 s
   submitProposal by a member now reverts: Arithmetic operation resulted in underflow or overflow.
   ok: no proposal can be submitted (uint32(block.timestamp) + votingPeriod overflows)

=== SCENARIO GOV-07 1 s / 1 s and uint32-max periods are terminal for decisions, not for exit (accepted by principle, demonstrated): PASS ===

anvil stopped (http://127.0.0.1:11545)
