anvil http://127.0.0.1:11545 chainId 31401
deployed: safe 0x5F7B5bfBC935659ecDf55729F7E95b2AE207Cef8 baal 0x37a5E726Fa0742083b20e2e77210079E61C18D93 shares 0x36688ACf4f2d0e6D33539329509821D8e666Ce29 settlement 0x85cf1C8D4475574961B6bc03134da5D6a7E1C5e7
   F = 0x05436586F10e8CfB2072824Cfebf250B263fb0A8
   A = 0xC73ffB218fe5821EF8B5771601BC1EAFCD90B064
   B = 0x7376bc3f6cB889089e51175CAfD0f5707b8b1FCD
   C = 0xF1ea88b668243384460071D9b0fcce0f9A430c1C
   D = 0x82dEB3791804d7E2B224B89CB841947ca9Fa61E0
   O = 0x789671Ec62AF987B7b901804Db5c2dfaeDDF5989
   W = 0xbDfb3b7AF5af518887254B0d9EF0d10a938f833B
   shaman 0x3b1F521FC1A14226b50f38619Ed003077fA6229c permission 2 (DepositShaman)
   shaman 0xfbf91505B2f8Da491bD9AFbDd9f72AbDd2A2D715 permission 2 (WorkManager)
   ok: every shaman ever set is either revoked (0) or a plain manager (2): no admin, no governor
   ok: the only manager (mint) shamans are DepositShaman and WorkManager
   ok: Baal.avatar is the Safe: the only non-shaman minter is a passed proposal executed by the Safe
   ok: the founder holds no shaman permission
   ok: adminLock is on
   ok: the founder cannot call Baal.mintShares directly (reverted with !baal & !manager)
   constitution textHash 0xebc7c39cf14fdc0ac2c028cdba5960ecc4560a314e613b93b4585b62826f2d9a url docs/CONSTITUTION.md
   ok: Constitution.textHash == keccak256(docs/CONSTITUTION.md exact bytes)
   ok: Constitution has no state-changing function (immutable, no amendment path)
   ok: TemplateFactory is bound to this Safe, settlement and Baal
   ok: factory template 0 -> Payment deployer 0x9dD41e5FAF6456500679b820681CC83745b3152c
   ok: Payment deployer is bound to the same Safe and settlement
   ok: factory template 1 -> Strategy deployer 0xCd02631f3f237C6d8e4C03A0AaB28dFBB840a7Cf
   ok: Strategy deployer is bound to the same Safe and settlement
   ok: factory template 2 -> Project deployer 0x6bb1b8b0221DF9E3377Af91aFace04D067428F6c
   ok: Project deployer is bound to the same Safe and settlement
   ok: factory template 3 -> Config deployer 0x57d2DE9B7782C96ae4Cea4E2Ca59bFf46250419A
   ok: Config deployer is bound to the same Safe and settlement
   ok: ZeroOneIntentAccount.factory is this TemplateFactory (op 0 deploys and submits through it)

== step 1: seed: fund actors with USDC-mock
   tx fund A with 10000 USDC: 0xe2b727f08c9824cb748899177daa099f343906e600eda73cce7c395d561f344c (block 22, gas 51250)
   tx fund B with 10000 USDC: 0x489e83f05de26dd3c5a59248151f9f5511f8e7a17513fda6f398b40fe74d30bd (block 23, gas 51250)
   tx fund C with 10000 USDC: 0x092e46ec78e10265b2965abf91afb5e7ea11c500e27e42acfaa3ebe07cf8244e (block 24, gas 51238)
   tx fund D with 10000 USDC: 0xfa7348d5c952ebd35ffe9c6f14922c3a7b2ec7f8166275ad6ed99387cd7a6e07 (block 25, gas 51250)
   tx fund O with 10000 USDC: 0x59fcfad00c9ccb56be6457a4c604d1b40cf085f7b889dbf383ed81850e200d24 (block 26, gas 51250)
   tx fund W with 10000 USDC: 0x4da0b37608cdcf2caf502da718587554c10e2a7b39814179f691ba755cff9111 (block 27, gas 51250)

== step 2: seed: genesis deposit 50 USDC by the founder -> 50e18 shares = 100% of supply
   tx F approve deposit shaman: 0x5cbbcd038e85d9dced5f9c515c8ef97c605ac41149e69c439d431fdabe8ef965 (block 28, gas 45901)
   tx F deposit 50 USDC -> 50 shares (quoted 50): 0x967ca3a59334ab4df405694d6b1e4792c3a9b80483a5169b00cda5f35fdee5c9 (block 29, gas 259012)
   ok: genesis: 50 USDC (50e6) -> exactly 50e18 shares (1 USDC -> 1e18 shares while the treasury is empty)
   ok: the founder holds 100% of supply after genesis; nothing else was minted

== step 3: seed: A, B, C deposit 1000 USDC each at NAV (1 USDC per share)
   tx A approve deposit shaman: 0xad35f41d4fb0e8daaabc7fe44ef1b42944be141147fdb22f1a87cbc7a62ca3e5 (block 30, gas 45889)
   tx A deposit 1000 USDC -> 1000 shares (quoted 1000): 0x1e2773ac89c518e1235343ba329d7d4466297165640e72119c31afe3bfe7dade (block 31, gas 224890)
   tx B approve deposit shaman: 0x5d83ad9201de0b6db3d811e6175687f2cdeee0a2a5ab3225412f076ad795936c (block 32, gas 45889)
   tx B deposit 1000 USDC -> 1000 shares (quoted 1000): 0x4456011e792ac01bdf671ecd7a76e3ef96a58c77e15401674dc76da92aaa11d8 (block 33, gas 224890)
   tx C approve deposit shaman: 0x478329c131c183bbb177322b1ea9390c592a5283a1f05bff6305d237d55fe68c (block 34, gas 45889)
   tx C deposit 1000 USDC -> 1000 shares (quoted 1000): 0xc71bbf183a377ac9c486ece2bb58ccd0e9583eb73b7fd0350f7ea46cbde4e3fa (block 35, gas 224890)
   [seeded] treasury(Safe) USDC = 3050  totalShares = 3050
   [seeded] F: USDC = 99939950  shares = 50
   [seeded] A: USDC = 9000  shares = 1000
   [seeded] B: USDC = 9000  shares = 1000
   [seeded] C: USDC = 9000  shares = 1000

== step 4: W deploys MemberContract and deposits 1000 USDC through it
   tx fund W with 2000 USDC: 0xa5238fca1850a3462d1154bc8b199b3d9d31d4ba2bcaa092e4f30512ced314a3 (block 37, gas 34138)
   ok: contract 0x510901A54cA7532cF7eF9c0a02d246BD737cBa59 holds 1000 shares (24.6% of supply)

== step 5: the contract votes; then W sells it (setOwner) and O votes with the same shares on the next proposal
   tx A submitProposal #1 "A: pay O 1" (baalGas 80023): 0xdeb53f9a5074ec47f65543395704426243d0984cfe934c1292d0aa4c4e0d2a2e (block 40, gas 286551)
   warp +1s (let votingStarts become past) -> block 41 timestamp 1788990149
   proposal #1 state = Voting
   ok: contract voted NO with 1000 shares
   setOwner(O): tx 0xcab98423434cde38ae8a51c2802a7d33bc03e692dc34afc62282cbc09c35332e, gas 26766: control of 1000 shares changed hands with 0 share transfers (NavShareToken.transfer would revert NonTransferable)
   tx A submitProposal #2 "A: pay O 1 (again)" (baalGas 80023): 0x65af7d47be58e6921acf279caf83469feb4014cdfa72c9665570be53c124763b (block 44, gas 269547)
   warp +1s (let votingStarts become past) -> block 45 timestamp 1788990150
   proposal #2 state = Voting
   ok: new owner O voted YES with the same 1000 shares

== step 6: the contract exits to any address chosen by its owner
   ok: O received 1000 USDC for shares W paid for

== step 7: same-transaction deposit + ragequit (round trip inside one block)
   roundTrip 500 USDC in one tx (336012 gas): contract USDC 500 -> 500 (delta 0); shares now 0
   ok: no profit from a same-block round trip while the Safe holds only USDC (phase 4 keeps this: exit price <= deposit price)
   warp +1s -> block 50 timestamp 1788990151
   warp +43199s (past grace of #2) -> block 51 timestamp 1789033350
   proposal #2 state = Ready
   tx A processProposal #2 -> passed=true actionFailed=false state=Processed: 0xa9a99e1674f4c06bf4f4fa76e3755ea5b657e4c14d28b8c9cb9f0718ce70ac71 (block 52, gas 149078)

=== SCENARIO ECO-07 contract-member: PASS ===

anvil stopped (http://127.0.0.1:11545)
