anvil http://127.0.0.1:11545 chainId 31401
deployed: safe 0xE991c7342C9143c545EAf309401D023EEf3ee04F baal 0x68a128831ce1C1009B26D8d05C31920b05789e22 shares 0x86a357bbB3eF806eF71Dbc0Ed289190A3a7f430B settlement 0x6215Ebd43BeB39063E15c20F4A0DbeBCBd225AE1
          depositShaman 0xB07552671517EAA5a30290D2aecD91Dd63Baeb4A workManager 0x9Ae27d01CdE6cF82ff946F36012473aFE6d406D9 constitution 0x48727999c056d244De6f0B15BFA526309d8cd358
          templateFactory 0xe60c908D5D83e6B2dc0914c36767746811C51B24 deployers 0x67473870D7e5A645a81dDCf94BF6ee3A3fd6368A 0x7a184eCFe4396f73A4e760E95D053F707FD74F05 0x9B7aA523Dee7F2Cf59fed1CdA737f61C5Bb82B4b 0x197d04d36237BaDDfBDE6F944B0C8d9b69F6a545 intentAccount 0x45CF75b15aA9316d901BA6267783ADc7EabFD7ED
   F = 0x8859F7E716606F14A6Ec94e5AD6Bf73f78352548  founder (deployer; ordinary member via the 50 USDC genesis deposit)
   A = 0x10424823977eB54A79Ec5C761065953862E2034e  member agent A
   B = 0x9c7f779446E88Ac964d28De809c5e879a1ef4f94  member agent B
   C = 0x33636CDF62C9910639E6E8A09a028709De16f0D2  member agent C
   D = 0xA31B03B8B5A1Ba1b4c0AFA0A2d5Cb8DE9A8ef593  depositor D (joins later)
   O = 0x1a8D7cC220a5BE801BbB541E217C8aa0cbE33964  operator O (mandate recipient)
   W = 0xdDb3574996ba138D209D59676187783478077560  worker W (task deliverer)
   shaman 0xB07552671517EAA5a30290D2aecD91Dd63Baeb4A permission 2 (DepositShaman)
   shaman 0x9Ae27d01CdE6cF82ff946F36012473aFE6d406D9 permission 2 (WorkManager)
   ok: every shaman ever set is either revoked (0) or a plain manager (2): no admin, no governor
   ok: the only manager (mint) shamans are DepositShaman and WorkManager
   ok: Baal.avatar is the Safe: the only non-shaman minter is a passed proposal executed by the Safe
   ok: the founder holds no shaman permission
   ok: adminLock is on
   ok: the founder cannot call Baal.mintShares directly (reverted with !baal & !manager)
   constitution textHash 0xebc7c39cf14fdc0ac2c028cdba5960ecc4560a314e613b93b4585b62826f2d9a url docs/CONSTITUTION.md
   ok: Constitution.textHash == keccak256(docs/CONSTITUTION.md exact bytes)
   ok: Constitution has no state-changing function (immutable, no amendment path)
   ok: TemplateFactory is bound to this Safe, settlement and Baal
   ok: factory template 0 -> Payment deployer 0x67473870D7e5A645a81dDCf94BF6ee3A3fd6368A
   ok: Payment deployer is bound to the same Safe and settlement
   ok: factory template 1 -> Strategy deployer 0x7a184eCFe4396f73A4e760E95D053F707FD74F05
   ok: Strategy deployer is bound to the same Safe and settlement
   ok: factory template 2 -> Project deployer 0x9B7aA523Dee7F2Cf59fed1CdA737f61C5Bb82B4b
   ok: Project deployer is bound to the same Safe and settlement
   ok: factory template 3 -> Config deployer 0x197d04d36237BaDDfBDE6F944B0C8d9b69F6a545
   ok: Config deployer is bound to the same Safe and settlement
   ok: ZeroOneIntentAccount.factory is this TemplateFactory (op 0 deploys and submits through it)

== step 1: seed: fund actors with USDC-mock
   tx fund A with 10000 USDC: 0x28d85f9230407c47bc407a78e9df8068db1d040a32d67680accd9f8ba661fe72 (block 22, gas 51250)
   tx fund B with 10000 USDC: 0x8f9b0cd8870dc4e0e7851d5f4d964728d66b056c250981dd6e3c13d7ea526c24 (block 23, gas 51250)
   tx fund C with 10000 USDC: 0x2283ff124b1d6ca9919f26f6d74ff5686e9c760590df8e5e8dc4091d135a9e0c (block 24, gas 51250)
   tx fund D with 10000 USDC: 0x118c96bbb5eddaadbedd6f01bbe5653c0fabee0abda2f7fb89b4afc1416b9b11 (block 25, gas 51250)
   tx fund O with 10000 USDC: 0x72df070e5a113db218f6ad6400c984a757c8ce4c5aadb0d32a428025cac2ecc8 (block 26, gas 51250)
   tx fund W with 10000 USDC: 0x221f2c164920cac362c6d580d99f250480e532773e7b8f1cdd1c7bb9774771e5 (block 27, gas 51250)

== step 2: seed: genesis deposit 50 USDC by the founder -> 50e18 shares = 100% of supply
   tx F approve deposit shaman: 0x65576df1dc6365553a4031c11c124a6b2d70ecdbd38cd5fa7e38a1d9c627d51d (block 28, gas 45901)
   tx F deposit 50 USDC -> 50 shares (quoted 50): 0x3d1c25c0a8d667412f7d8cc6ec075fba4fc34abccb6f1c36f21827613e3b4832 (block 29, gas 259012)
   ok: genesis: 50 USDC (50e6) -> exactly 50e18 shares (1 USDC -> 1e18 shares while the treasury is empty)
   ok: the founder holds 100% of supply after genesis; nothing else was minted

== step 3: seed: A, B, C deposit 1000 USDC each at NAV (1 USDC per share)
   tx A approve deposit shaman: 0xed51e4e8da0822f2dd81dc72d2b45b36b05eba2dd1e9f67a74324eb6e5b37dc8 (block 30, gas 45889)
   tx A deposit 1000 USDC -> 1000 shares (quoted 1000): 0xc670284f621cd9b361bc354b99d7f72e1206b9cc054593f6ecdf010713ad5ff5 (block 31, gas 224890)
   tx B approve deposit shaman: 0xd08cea79a437f5bd0e349baec21a7c7afa3ce78900800033a8d33633404f3c6e (block 32, gas 45889)
   tx B deposit 1000 USDC -> 1000 shares (quoted 1000): 0xf9b8a6bc008bbd767a7319a19d58eb1806dfa44ef5f31606479bbda85fba0ebd (block 33, gas 224890)
   tx C approve deposit shaman: 0x802e14412b15a56cd219aa1a25235acf3f474b2f60701c2088345b93210dbec8 (block 34, gas 45889)
   tx C deposit 1000 USDC -> 1000 shares (quoted 1000): 0x34d9ac509f92cc31629fb9b1cf5cf1949a9eab5492f8485669dd8f14be5d345e (block 35, gas 224890)
   [seeded] treasury(Safe) USDC = 3050  totalShares = 3050
   [seeded] F: USDC = 99939950  shares = 50
   [seeded] A: USDC = 9000  shares = 1000
   [seeded] B: USDC = 9000  shares = 1000
   [seeded] C: USDC = 9000  shares = 1000

== step 4: A, B, C vote to pay O the whole Safe (3050 USDC): Safe = 0 with 3050 shares outstanding
   tx A submitProposal #1 "A: pay O everything" (baalGas 80023): 0x8bd52db0b0763f5cd65f4f587160a65901738b139f6686933105d5deeb82d19a (block 36, gas 286671)
   warp +1s (let votingStarts become past) -> block 37 timestamp 1788990036
   proposal #1 state = Voting
   tx A votes YES on #1 -> yes 1000 / no 0: 0x242a877056c39e3f7112f43db908a58cdf7559c4d7ffbafa2fb91c80cbe65b36 (block 38, gas 117190)
   tx B votes YES on #1 -> yes 2000 / no 0: 0x2cdbe181a62a927b006f6f655cb24d01a4d955095efa6aaaff83dd1602c7cde0 (block 39, gas 100090)
   tx C votes YES on #1 -> yes 3000 / no 0: 0x4df8909a5eff0de7500c7d00f5d36d8d9a9525e93bd7cd8ea5619cf660013f7c (block 40, gas 100090)
   warp +43200s (past grace of #1) -> block 41 timestamp 1789033236
   proposal #1 state = Ready
   tx W processProposal #1 -> passed=true actionFailed=false state=Processed: 0x8cd1c421ced66a3050047288923eaf249437ad356150f233726f016e9fb68a18 (block 42, gas 144218)
   ok: Safe is empty
   Safe 0 USDC, supply 3050 shares

== step 5: D deposits 1000 USDC
   tx D approve deposit shaman: 0xb14a3452ced4e7c33a9905792fc092ab16ea242d8c45b2f4abc2f2919aade964 (block 43, gas 45889)
   tx D deposit 1000 USDC -> 1000 shares (quoted 1000): 0x22af80976959a5a0865ff76e3d4afa1a848d3f1eca99dcc47cf113fc9248233b (block 44, gas 241920)
   D got 1000 shares = 24.69% of supply; D's exit value 246.91358 USDC of the 1000 deposited; 753.08642 USDC accrued to the 3050 pre-existing shares
   tx D ragequit 1000 shares -> paid 246.91358 USDC (pro-rata of 1000 at supply 4050): 0x65cdcceaf656d00bf56b5407437b0d11ab04b703d37bb162687b0556f253b64b (block 45, gas 659257)
   D USDC 10000 -> 9246.91358 after deposit + immediate exit: loss 753.08642 USDC (75.30%)
   ok: D recovered less than 25% of its deposit

=== SCENARIO NAV-02 empty-Safe 1:1 rule re-prices existing shares (finding demonstrated): PASS ===

anvil stopped (http://127.0.0.1:11545)
