anvil http://127.0.0.1:11545 chainId 31401
deployed: safe 0x4A843e6581B4d1aE6AACdfBb36351Dd8A91d1f6a baal 0xff1DcDE5A8DAf2dB5Ed3436247e15B016C5f46CE shares 0xA002fdD56D3A61303D844e9FFAD125019898ed4f settlement 0xC3502BE93b6bf6f014627910ed7fb2B93D3Ad96E
          depositShaman 0x07FE99ad2125a82E31e3fA73ddC715c2f76cd63A workManager 0xa59a9F41Ff92488C2A5d1c75A3D6Fbc70C4F74C8 constitution 0x437455FD1f2B4c5976F6cA6e7FeD5E993D1FA428
          templateFactory 0x672eAF175E8244d8C381D2122de008ee15FC86F4 deployers 0x3b81a462F3f2467526c3c7d0543175776ca6a33e 0x26685F017Ae58391C1Fb5257B0a10f941801D718 0xf98c863c673108D0382f1bd5a2Fd113DFA8D6579 0xb633bE5909642CEB56d254b8E36f891FcA1426C5 intentAccount 0x40E6a307653E8f415f024F9A44d01CAcec49A8C1
   F = 0x3B181E2C4edb364CE7c519F6FAF968C64765BBCC  founder (deployer; ordinary member via the 50 USDC genesis deposit)
   A = 0x3A1a4E76f9da78C2E66A8e17945DB65B41d924E9  member agent A
   B = 0xaB57287945e4dfB61181Cf0816e72B8dA288eE2B  member agent B
   C = 0x21a353dBb53ABbee5a651D9d824EF9bcde826b08  member agent C
   D = 0xB418114e550AcA70C0BC1fCa2B90c9Bf026e4f69  depositor D (joins later)
   O = 0x267055A15E855f7e1F8413724551597E1EF71Cb0  operator O (mandate recipient)
   W = 0x99b2248Cc26c6e96C71F8e45f5BDdDe3c9337D4c  worker W (task deliverer)
   shaman 0x07FE99ad2125a82E31e3fA73ddC715c2f76cd63A permission 2 (DepositShaman)
   shaman 0xa59a9F41Ff92488C2A5d1c75A3D6Fbc70C4F74C8 permission 2 (WorkManager)
   ok: every shaman ever set is either revoked (0) or a plain manager (2): no admin, no governor
   ok: the only manager (mint) shamans are DepositShaman and WorkManager
   ok: Baal.avatar is the Safe: the only non-shaman minter is a passed proposal executed by the Safe
   ok: the founder holds no shaman permission
   ok: adminLock is on
   ok: the founder cannot call Baal.mintShares directly (reverted with !baal & !manager)
   constitution textHash 0xebc7c39cf14fdc0ac2c028cdba5960ecc4560a314e613b93b4585b62826f2d9a url docs/CONSTITUTION.md
   ok: Constitution.textHash == keccak256(docs/CONSTITUTION.md exact bytes)
   ok: Constitution has no state-changing function (immutable, no amendment path)
   ok: TemplateFactory is bound to this Safe, settlement and Baal
   ok: factory template 0 -> Payment deployer 0x3b81a462F3f2467526c3c7d0543175776ca6a33e
   ok: Payment deployer is bound to the same Safe and settlement
   ok: factory template 1 -> Strategy deployer 0x26685F017Ae58391C1Fb5257B0a10f941801D718
   ok: Strategy deployer is bound to the same Safe and settlement
   ok: factory template 2 -> Project deployer 0xf98c863c673108D0382f1bd5a2Fd113DFA8D6579
   ok: Project deployer is bound to the same Safe and settlement
   ok: factory template 3 -> Config deployer 0xb633bE5909642CEB56d254b8E36f891FcA1426C5
   ok: Config deployer is bound to the same Safe and settlement
   ok: ZeroOneIntentAccount.factory is this TemplateFactory (op 0 deploys and submits through it)

== step 1: seed: fund actors with USDC-mock
   tx fund A with 10000 USDC: 0x1ce4bf6a4486c6cb0722ff99c8712553041779bf52e3c5b66eac050cd3b9a0d8 (block 22, gas 51250)
   tx fund B with 10000 USDC: 0x5e5545edfcc0e07d7c94af47592378eeee3dbb85da578e24d684f7d01b956d70 (block 23, gas 51250)
   tx fund C with 10000 USDC: 0x8a8bb37a2a2e782c59c5913ec6ceed572be6bf2a3d5d7cd04552587f29c38323 (block 24, gas 51250)
   tx fund D with 10000 USDC: 0xf34bfde96f94134f15a85db502150634f970e42740fa7de88d3813eac2f43a07 (block 25, gas 51250)
   tx fund O with 10000 USDC: 0x871dbcd97ee7f78013ed410bdee1df508e8b40548bb0cee74d98236bfb788a11 (block 26, gas 51250)
   tx fund W with 10000 USDC: 0x71d310aaa2d972b81d938f841f87d7ab0333328bad5186da3e6898e879d5e663 (block 27, gas 51250)

== step 2: seed: genesis deposit 50 USDC by the founder -> 50e18 shares = 100% of supply
   tx F approve deposit shaman: 0x2f20f7d29617b9a985c8a42133b3471a28e5a243b618d84b9b3db87124511523 (block 28, gas 45901)
   tx F deposit 50 USDC -> 50 shares (quoted 50): 0x0b717ce104e942ac2f977bd692c2f9f1887a554c57375e8898c5dd0d8fcb1b52 (block 29, gas 259012)
   ok: genesis: 50 USDC (50e6) -> exactly 50e18 shares (1 USDC -> 1e18 shares while the treasury is empty)
   ok: the founder holds 100% of supply after genesis; nothing else was minted

== step 3: seed: A, B, C deposit 1000 USDC each at NAV (1 USDC per share)
   tx A approve deposit shaman: 0x6df37f513b2795eaf20488c22fd8816924993b2a79ee7b0969e1ab92f06ee46b (block 30, gas 45889)
   tx A deposit 1000 USDC -> 1000 shares (quoted 1000): 0x426a50755c3e29450e9136395222a613d31a72375f52350ba2f956c97a887ba8 (block 31, gas 224890)
   tx B approve deposit shaman: 0x724884b73a74eabc07ebc83d12c920d3020c6c0672b07d70d51bdb5757ddb98a (block 32, gas 45889)
   tx B deposit 1000 USDC -> 1000 shares (quoted 1000): 0xe670df866775d8ed21572b3ed926b98fe415f31b2c04ee6ef45ebc75a4d2f08b (block 33, gas 224890)
   tx C approve deposit shaman: 0x7bb6daca49c1ddaf317e1da8bfd0036a55cced72ef40fe5da7bdb6c396cb154b (block 34, gas 45889)
   tx C deposit 1000 USDC -> 1000 shares (quoted 1000): 0x150da36371c50929320b606f238be4fa46dd80dda98669559f3de5fd6d83d356 (block 35, gas 224890)
   [seeded] treasury(Safe) USDC = 3050  totalShares = 3050
   [seeded] F: USDC = 99939950  shares = 50
   [seeded] A: USDC = 9000  shares = 1000
   [seeded] B: USDC = 9000  shares = 1000
   [seeded] C: USDC = 9000  shares = 1000

== step 4: A proposes 'pay A 2000 USDC', votes YES; grace passes; the proposal is left Ready (expiration 0)
   tx A submitProposal #1 "A: pay A 2000 USDC" (baalGas 80023): 0xe088741ff6870135c3239c641638198cb33b81e9a9ca93bea6cbc329c678cbd1 (block 36, gas 286647)
   warp +1s (let votingStarts become past) -> block 37 timestamp 1788990078
   proposal #1 state = Voting
   tx A votes YES on #1 -> yes 1000 / no 0: 0x11eae3a24b033658c98dec4c6604c24d62d154706a6bf01a3e23cf18d2b910f5 (block 38, gas 117190)
   warp +43200s (past grace of #1) -> block 39 timestamp 1789033278
   proposal #1 state = Ready
   ok: Ready, unprocessed

== step 5: D deposits 5000 USDC at the current NAV (1 USDC/share)
   tx D approve deposit shaman: 0x18ac90ecc9e1747a594ed5d6e53df0824a755590f8ba8f37c717e8a8655bb953 (block 40, gas 45901)
   tx D deposit 5000 USDC -> 5000 shares (quoted 5000): 0x4946463cc8de231af050a28bb7eec06967ed29bd433922aed6441258292806a8 (block 41, gas 224902)
   D holds 5000 shares = 62.11%; Safe 8050 USDC; D could not vote on #1 (votingStarts before D's checkpoint)

== step 6: A processes the old proposal
   tx A processProposal #1 -> passed=true actionFailed=false state=Processed: 0xf9849e7a8482e58a755af8426925232f1c1f57a563aadf5daf94b0d4de90a87c (block 42, gas 149006)
   ok: paid
   Safe 6050 USDC; D's 5000 shares now worth 3757.763975 USDC: D lost 1242.236025 USDC (24.84%) of the 2000 paid to A; A's own 1000 shares bore 248.447204 USDC
   tx D ragequit 5000 shares -> paid 3757.763975 USDC (pro-rata of 6050 at supply 8050): 0x7cd9547859956489863fca7c7613d4e1c09d3fb9e7385b2bff6c9089453c0e5c (block 43, gas 659269)
   D USDC 10000 -> 8757.763975 after exit (paid 3757.763975)
   ok: D recovered less than 76% of its deposit

=== SCENARIO NAV-06 Ready proposal executes against a later depositor (finding demonstrated; mitigation informational only): PASS ===

anvil stopped (http://127.0.0.1:11545)
