
> zero-one-dao@0.1.0 e2e:relay
> tsx relay/e2e-local.ts


== step 1: deploy Zero One on a fresh anvil (prague) + genesis: founder deposits 50 USDC -> 50e18 shares
   anvil http://127.0.0.1:11545 chainId 31401; safe 0xCA01dD53103089862f58Bbd964FEc67054855b98 baal 0x7Bb854e9c4fc2C053d619F9ec0F6d1fd8067f5d1 adapter 0xbE2A7a1e3cbE2b072F62e4251263002Bf83EBE0B; genesis 0xf95a4903c28f30198fff1e93f2b3315268c32784a8ce899193f691ee5f547b65
   ok: founder holds 50e18 shares = 100%

== step 2: sponsor float: 10,000 test USDC to the relay sponsor (faucet for test chains); write the deployment record
   deployment record /Users/michaelmacmini/srv/zero-one-dao/state/e2e-relay-1788868040893/deployment.json

== step 3: start the relay against the mirror (sponsor = anvil account 15)
{
  "listening": "127.0.0.1:18752",
  "startedAt": "2026-09-08T11:47:21.755Z",
  "chainId": 31401,
  "adapter": "0xbE2A7a1e3cbE2b072F62e4251263002Bf83EBE0B",
  "sponsor": "0x0Dc7365c038aEE217F39aeD5cEe49C456b536a6B",
  "deployment": "/Users/michaelmacmini/srv/zero-one-dao/state/e2e-relay-1788868040893/deployment.json",
  "stateDir": "/Users/michaelmacmini/srv/zero-one-dao/state/e2e-relay-1788868040893/relay"
}

   health: {"service":"zero-one-relay","dao":"Zero One","chainId":31401,"chain":"local mirror","adapter":"0xbE2A7a1e3cbE2b072F62e4251263002Bf83EBE0B","baal":"0x7Bb854e9c4fc2C053d619F9ec0F6d1fd8067f5d1","safe":"0xCA01dD53103089862f58Bbd964FEc67054855b98","settlement":"0xb04172f0d830bDD9E19FE4e12e934F46dDc07a11","constitution":{"address":"0x8Fa29F75388076494F44c5b5bC38fAAAEBb77E00","textHash":"0xebc7c39cf14fdc0ac2c028cdba5960ecc4560a314e613b93b4585b62826f2d9a","textUrl":"docs/CONSTITUTION.md","text":"docs/CONSTITUTION.md"},"sponsor":"0x0Dc7365c038aEE217F39aeD5cEe49C456b536a6B","sponsorBalanceWei":"10000000
   ok: relay is alive on the mirror with the deployed adapter

== step 4: build and validate the beacon (README <= 44 lines, every address has code)
[index] scan 0..24 rows=1
   validate: {"result":"PASS","readmeLines":43,"addressesWithCode":10,"proposals":0,"tasks":0,"members":1,"block":"24"}

----- README.txt (43 lines) -----
Zero One | Any member can propose anything; only the other members' votes or exits can stop it.
Chain local mirror (31401). Relay http://127.0.0.1:18752. Settlement USDC (6 dec). Shares: 18 dec, non-transferable, weight and exit.
Constitution http://127.0.0.1:18752/CONSTITUTION.md keccak256 0xebc7c39cf14fdc0ac2c028cdba5960ecc4560a314e613b93b4585b62826f2d9a (immutable, on-chain at 0x8Fa29F75388076494F44c5b5bC38fAAAEBb77E00).
In: USDC at NAV (1 share per USDC while empty). Out: ragequit any time, pro-rata, same block. Work: shares voted per task.

Eight verbs. One signed intent each, sent as GET http://127.0.0.1:18752/relay?intent=<base64url JSON {message,signature[,authorization]}>.
message = {member, op, proposalId, amount, evidenceHash, data, details, nonce, deadline}; unused fields are 0 / "0x" / "".
join      GET /relay?op=join&authorization=<base64url {chainId,address,nonce,r,s,yParity}> attaches the adapter to your key; mints nothing
deposit   op=5 amount=<USDC raw units>                    pulls USDC from your address into the Safe, mints shares at NAV
task      op=7 amount=<taskId>                            claims an active task (its verifiers cannot)
deliver   op=8 amount=<taskId> evidenceHash=keccak256(evidence text)
propose   op=0 data=abi.encode(uint8 template,bytes params,bytes32 salt) details=<text+json>   one intent; GET /relay?op=quote (below) builds it
vote      op=2 proposalId=<id> amount=1 (yes) or 0 (no)   needs shares held before the proposal was submitted
execute   op=3 proposalId=<id> data=<proposalData>        anyone, after grace; the relay sends 5,000,000 gas
ragequit  op=4 amount=<shares raw units> data=abi.encode(address[] [USDC])   burns shares, pays pro-rata of the Safe
also work op=6 data=abi.encode(address[] verifiers,uint16 threshold,uint256 rewardShares,uint32 expiration) details=<text> submits the task
proposal and sponsors it in the same transaction (>= 1 share); confirm op=9 amount=<taskId> data=<evidence bytes> (a named verifier)
Intent(address member,uint8 op,uint32 proposalId,uint256 amount,bytes32 evidenceHash,bytes data,string details,uint256 nonce,uint256 deadline)
EIP-712 domain: name ZeroOneIntent, version 1, chainId 31401, verifyingContract 0xbE2A7a1e3cbE2b072F62e4251263002Bf83EBE0B. nonce from /me; deadline <= now + 3600 s.
quote: GET /relay?op=quote&member=<addr>&template=<T>&params=<JSON>&summary=<text> (read-only) returns instance, codeHash, paramsHash, budget and the
exact op-0 message to sign; template ids 0 Payment 1 Strategy 2 Project 3 Config; salt = your nonce. The instance address is CREATE2 from
(template, params, member, salt) via the factory 0x30570F9341D782dCBfC4119c1a03e23D9efD737c: your account recomputes it and the fund+start multicall on-chain, so nobody can
swap the code. The relay deploys the instance if empty when your signed intent arrives (members with >= 1 share).
Templates: Payment {recipients[],amounts[]} | Strategy {venue,asset,budget,rule{maxPerRun,minInterval,deadline,takeProfitBps,stopLossBps}}
           Project {tranches[{amount,releaseType:date|verifiers,releaseAt,verifiers[],threshold}],deadline} | Config {votingPeriod,gracePeriod,...}
Every response is JSON: {ok:true, hash, ...} or {ok:false, status, reason, error:{name,args}} (decoded custom errors, never a bare revert).

T1 (your own key; Node 18+ or Python 3, no packages): GET http://127.0.0.1:18752/snippet.js or /snippet.py and run
  node snippet.js join --key agent.key        python3 snippet.py join --key agent.key
  ... deposit --usdc 100 | vote --proposal 1 --approve yes | execute --proposal 1 | task --task 1 | deliver --task 1 --evidence "text"
  ... propose --template Payment --params '{"recipients":["0x.."],"amounts":["10000000"]}' | ragequit | work --verifiers a,b --reward-shares RAW
  ... confirm --task 1 --evidence "text" (verifier). propose checks the quoted intent (template id, salt, paramsHash; Payment params re-encoded) before signing.
Each command reads /me, signs locally and prints the exact GET URL; fetch it. Address goes to stderr. Keep the key file 0600.
T0 (fetch only; custodial-lite: the relay derives and holds your key from your secret): GET http://127.0.0.1:18752/relay?op=join&pass=<32..256 random chars>
  same pass with op=deposit&amount= | op=vote&proposalId=&approve=yes | op=execute&proposalId= | op=task&taskId= | op=deliver&taskId=&evidence=
  op=propose&template=&params= | op=work&verifiers=&rewardShares= | op=confirm&taskId=&evidence= | op=ragequit ; op=identity&pass= gives your address
Read: /me/<address>.json (shares, NAV, exit value, open proposals with deadlines and treasury effect, my votes, my tasks, nonce, ragequit data)
      /proposals.json (every proposal, state, deadlines, votes, decoded calls, proposalData) | /state.json (treasury, members, tasks, governance)
Process: submit (self-sponsored: >= 1 share) -> voting 6 h -> grace 6 h (exit allowed) -> execute. Silence is consent: poll /me at least hourly.
A vote in the block of the submission is impossible (share checkpoint); the relay waits for the next block before sending it.
Addresses: Safe 0xCA01dD53103089862f58Bbd964FEc67054855b98 | Baal 0x7Bb854e9c4fc2C053d619F9ec0F6d1fd8067f5d1 | Shares 0xb71aD554Fa9c8B2B62B8d42eB0F7cD985D632f6b | USDC 0xb04172f0d830bDD9E19FE4e12e934F46dDc07a11
           DepositShaman 0x48CF3B5A31B9eddB90186D38bC8A5AeE201eb970 | WorkManager 0x46c331a4597dE1D01976286B8427F5a615935cbC | Adapter 0xbE2A7a1e3cbE2b072F62e4251263002Bf83EBE0B | TemplateFactory 0x30570F9341D782dCBfC4119c1a03e23D9efD737c
Relay down or budget exhausted? The contracts work without it: call Baal / DepositShaman / WorkManager from any wallet with the same arguments.
----- end README.txt -----
   ok: README.txt is at most 44 lines
   ok: node snippet selftest: JavaScript keccak and curve vectors PASS
   ok: python snippet selftest: Python keccak and curve vectors PASS

== step 5: keys: a fresh T1 agent key (never funded with ETH) plus founder and verifier keys as 0600 files
   agent 0x798fbF5912716406910B487E919c05c06Ea84d08 (ETH balance 0) founder 0xAB075F9bc424Dcf9F701DBfa91A1303743Ca01A3 verifiers 0xE2fd705ae52764c50aa3cD4B783291e78bacBf0A 0xE54d2241A5A1dB98b629D45cAc3a94fec8BBA489

== step 6: T1 agent: join (node snippet.js join) -> delegation attached, nothing minted
   $ node snippet.js join --key /Users/michaelmacmini/srv/zero-one-dao/state/e2e-relay-1788868040893/keys/agent.key
[index] scan 0..24 rows=1
   stderr: 0x798fbf5912716406910b487e919c05c06ea84d08
   GET http://127.0.0.1:18752/relay?op=join&authorization=eyJjaGFpbklkIjozMTQwMSwi...
   -> 200 {"ok":true,"verb":"join","address":"0x798fbF5912716406910B487E919c05c06Ea84d08","delegated":true,"hash":"0x35d28dfed1e143aadf535445d9975af52cbd28f8195148cd63962ecfbd6461e5","blockNumber":"25","nonce":"0","shares":"0","note":"mints nothing; deposit at NAV or earn shares by verified work"}
   ok: relay answered ok ()
   ok: agent is delegated and holds 0 shares
[index] scan 25..25 rows=1
   /me: {"address":"0x798fbF5912716406910B487E919c05c06Ea84d08","chainId":31401,"adapter":"0xbE2A7a1e3cbE2b072F62e4251263002Bf83EBE0B","delegated":true,"nonce":"0","authorizationNonce":1,"chainTime":1788868042,"domain":{"name":"ZeroOneIntent","version":"1","chainId":31401,"verifyingContract":"0xbE2A7a1e3cbE2b072F62e4251263002Bf83EBE0B"},"dao":{"name":"Zero One","principle":"Any member can propose anything; only the other members' votes or exits can stop it."},"custody":"self-custody","shares":"0","sharesFormatted":"0","percent":"0.0000","navUsdcPerShare":"1","exitValueUsdc":"0","usdc":"0","usdcFormatted":"0","spendable":"0","openProposals":[],"myProposals":[],"myTasks":[],"openTasks":[],"ragequit":{
   ok: /me shows delegated, nonce 0, 0 shares

== step 7: T1 agent: deposit 100 USDC (deposit --usdc 100); the mirror faucet tops the agent up first
   $ node snippet.js deposit --key /Users/michaelmacmini/srv/zero-one-dao/state/e2e-relay-1788868040893/keys/agent.key --usdc 100
   stderr: 0x798fbf5912716406910b487e919c05c06ea84d08
   GET http://127.0.0.1:18752/relay?intent=eyJtZXNzYWdlIjp7Im1lbWJl...
   -> 200 {"ok":true,"verb":"deposit","op":5,"member":"0x798fbF5912716406910B487E919c05c06Ea84d08","hash":"0x90a19ec83a4f4cb0a7a4fa3bd4fb6882578e065ef2f7ed6e91215f883211fd4c","blockNumber":"27","gasUsed":"209529","nonceUsed":"0","nextNonce":"1","deposit":{"usdc":"100","sharesMinted":"100"},"faucet":{"toppedUpUsdc":"100","hash":"0x1c85a8daafa5872abc36427242e2a23e0750a00cf922ba22a87a93e9a132f4d8"}}
   ok: relay answered ok ()
   ok: 100 USDC at NAV 1 -> 100 shares
[index] scan 26..27 rows=2
   /me: shares 100 (66.6666%) nav 1 exitValue 100 usdc 0 nonce 1
   ok: /me: 100 shares, NAV 1 USDC/share, exit value 100 USDC, nonce 1

== step 8: founder: join via the relay (python3 snippet.py) before any proposal exists
   $ python3 snippet.py join --key /Users/michaelmacmini/srv/zero-one-dao/state/e2e-relay-1788868040893/keys/founder.key
   stderr: 0xab075f9bc424dcf9f701dbfa91a1303743ca01a3
   GET http://127.0.0.1:18752/relay?op=join&authorization=eyJjaGFpbklkIjozMTQwMSwi...
   -> 200 {"ok":true,"verb":"join","address":"0xAB075F9bc424Dcf9F701DBfa91A1303743Ca01A3","delegated":true,"hash":"0x3b0337484b3f47d113a9e07395cadef55a5a875424ac015ccf22a5d9e162786c","blockNumber":"28","nonce":"0","shares":"0","note":"mints nothing; deposit at NAV or earn shares by verified work"}
   ok: relay answered ok ()

== step 9: T1 agent: propose a Payment of 10 USDC to itself with ONE signed intent (propose --template Payment): op=quote (read-only) -> sign -> the relay deploys the CREATE2 instance -> the account submits fund+start of exactly that address
   GET http://127.0.0.1:18752/relay?op=quote&member=0x798fbF5912716406910B487E919c05c06Ea84d08&template=Payment&params=%7B%22recipients%22%3A%5B%220x798fbF5912716406910B487E919c05c06Ea84d08%22%5D%2C%22amounts%22%3A%5B%2210000000%22%5D%7D&summary=agent%3A%20pay%20me%2010%20USDC
   -> 200 {"ok":true,"verb":"quote","instance":"0xbdC15ED79C6D7902e1dD4a85c13C806833E7BA81","exists":false,"template":"Payment","templateId":0,"contract":"PaymentProposal","codeHash":"0xcca67e15a389e6989df070152f776c0ee3f43316f18eba40c23a9927ff7cb237","paramsHash":"0x22a6ffff3a0ab031b51bff05b7d4c72c0e672c61fe2a530542e53ef4afdb5dce","paramsBytes":"0x000000000000000000000000000000000000000000000000000000000000004000000000000000000000000000000000000000000000000000000000000000800000000000000000000000000000000000000000000000000000000000000001000000000000000000000000798fbf5912716406910b487e919c05c06ea84d0800000000000000000000000000000000000000000000000000000000000000010000000000000000000000000000000000000000000000000000000000989680","salt":"0x0000000000000000000000000000000000000000000000000000000000000001","operator":"0x798fbF5912716406910B487E919c05c06Ea84d08","budget":"10000000","budgetUsdc":"10","deadline":"0","calls":[{"to":"0xb04172f0d830bDD9E19FE4e12e934F46dDc07a11","data":"0xa9059cbb000000000000000000000000bdc15ed79c6d7902e1dd4a85c13c806833e7ba810000000000000000000000000000000000000000000000000000000000989680"},{"to":"0xbdC15ED79C6D7902e1dD4a85c13C806833E7BA81","data":"0xbe9a6555"}],"propo
   ok: relay answered ok ()
   ok: quote: the instance address is known before deployment (exists: false), with its code hash
   $ node snippet.js propose --key /Users/michaelmacmini/srv/zero-one-dao/state/e2e-relay-1788868040893/keys/agent.key --template Payment --params "{\"recipients\":[\"0x798fbF5912716406910B487E919c05c06Ea84d08\"],\"amounts\":[\"10000000\"]}" --summary "agent: pay me 10 USDC"
[index] scan 28..28 rows=2
   stderr: 0x798fbf5912716406910b487e919c05c06ea84d08 | {"instance":"0xbdC15ED79C6D7902e1dD4a85c13C806833E7BA81","exists":false,"codeHash":"0xcca67e15a389e6989df070152f776c0ee3f43316f18eba40c23a9927ff7cb237","paramsHash":"0x22a6ffff3a0ab031b51bff05b7d4c72c0e672c61fe2a530542e53ef4afdb5dce","operator":"0x798fbF5912716406910B487E919c05c06Ea84d08","budgetUsdc":"10","canPropose":true}
   GET http://127.0.0.1:18752/relay?intent=eyJtZXNzYWdlIjp7Im1lbWJl...
   -> 200 {"ok":true,"verb":"propose","op":0,"member":"0x798fbF5912716406910B487E919c05c06Ea84d08","hash":"0xd520312ed55a781c41ce425e5648539c13ca4087ed6b13e7ec096aedca7c33b8","blockNumber":"30","gasUsed":"272978","nonceUsed":"1","nextNonce":"2","proposalId":1,"sponsored":true,"instance":"0xbdC15ED79C6D7902e1dD4a85c13C806833E7BA81","template":"Payment","codeHash":"0xcca67e15a389e6989df070152f776c0ee3f43316f18eba40c23a9927ff7cb237","deployHash":"0xc8683684eec1b770665064df2921c38bfaa30c62a079ceae7464bb21fec55397","deployedBy":"relay sponsor"}
   ok: relay answered ok ()
   ok: proposal #1 submitted and self-sponsored (agent holds >= 1 share) in one intent
   ok: the relay deployed the instance at the quoted CREATE2 address before the intent (sponsored, member >= 1 share)
   ok: the code hash quoted before deployment equals keccak256 of the code now at the address
[index] scan 29..30 rows=3
   /proposals.json #1: state Voting effect "10 USDC leaves the Safe; Payment contract 0xbdC15ED79C6D7902e1dD4a85c13C806833E7BA81 (budget 10 USDC, operator 0x798fbF5912716406910B487E919c05c06Ea84d08)" instance {"address":"0xbdC15ED79C6D7902e1dD4a85c13C806833E7BA81","template":"Payment","paramsHash":"0x22a6ffff3a0ab031b51bff05b7d4c72c0e672c61fe2a530542e53ef4afdb5dce","operator":"0x798fbF5912716406910B487E919c05c06Ea84d08","budget":"10000000","budgetUsdc":"10","deadline":0,"status":"Pending","codeHash":"0xc
   ok: proposal #1 is Voting with treasury effect 10 USDC out
   ok: instance is a Pending Payment whose operator is the agent
   ok: the proposalData the account built on-chain equals the quoted (off-chain) multicall; details carry codeHash and paramsHash
   GET http://127.0.0.1:18752/relay?op=quote&member=0x798fbF5912716406910B487E919c05c06Ea84d08&template=Payment&params=%7B%22recipients%22%3A%5B%220x798fbF5912716406910B487E919c05c06Ea84d08%22%5D%2C%22amounts%22%3A%5B%2210000000%22%5D%7D&summary=x&salt=0x0000000000000000000000000000000000000000000000000000000000000001
   -> 200 {"ok":true,"verb":"quote","instance":"0xbdC15ED79C6D7902e1dD4a85c13C806833E7BA81","exists":true,"template":"Payment","templateId":0,"contract":"PaymentProposal","codeHash":"0xcca67e15a389e6989df070152f776c0ee3f43316f18eba40c23a9927ff7cb237","paramsHash":"0x22a6ffff3a0ab031b51bff05b7d4c72c0e672c61fe2a530542e53ef4afdb5dce","paramsBytes":"0x000000000000000000000000000000000000000000000000000000000000004000000000000000000000000000000000000000000000000000000000000000800000000000000000000000000000000000000000000000000000000000000001000000000000000000000000798fbf5912716406910b487e919c05c06ea84d0800000000000000000000000000000000000000000000000000000000000000010000000000000000000000000000000000000000000000000000000000989680","salt":"0x0000000000000000000000000000000000000000000000000000000000000001","operator":"0x798fbF5912716406910B487E919c05c06Ea84d08","budget":"10000000","budgetUsdc":"10","deadline":"0","calls":[{"to":"0xb04172f0d830bDD9E19FE4e12e934F46dDc07a11","data":"0xa9059cbb000000000000000000000000bdc15ed79c6d7902e1dd4a85c13c806833e7ba810000000000000000000000000000000000000000000000000000000000989680"},{"to":"0xbdC15ED79C6D7902e1dD4a85c13C806833E7BA81","data":"0xbe9a6555"}],"propos
   ok: relay answered ok ()
   ok: quoting the same (template, params, member, salt) again finds the deployed instance (deterministic address)
   $ node snippet.js propose --key /Users/michaelmacmini/srv/zero-one-dao/state/e2e-relay-1788868040893/keys/agent.key --template Payment --params "{\"recipients\":[\"0x798fbF5912716406910B487E919c05c06Ea84d08\"],\"amounts\":[\"10000000\"]}" --summary x
   stderr: 0x798fbf5912716406910b487e919c05c06ea84d08 | {"instance":"0xD0eC77012b20dc3fB9c0E57953002bD2b2F0Ec45","exists":false,"codeHash":"0xcca67e15a389e6989df070152f776c0ee3f43316f18eba40c23a9927ff7cb237","paramsHash":"0x22a6ffff3a0ab031b51bff05b7d4c72c0e672c61fe2a530542e53ef4afdb5dce","operator":"0x798fbF5912716406910B487E919c05c06Ea84d08","budgetUsdc":"10","canPropose":true}
   ok: the signed intent carries only the template id, the exact abi.encode(params) and a salt (nothing the relay chose)

== step 10: founder votes YES on #1 right after the submission (python3 snippet.py): the relay waits one block (ruling 7)
   $ python3 snippet.py vote --key /Users/michaelmacmini/srv/zero-one-dao/state/e2e-relay-1788868040893/keys/founder.key --proposal 1 --approve yes
   stderr: 0xab075f9bc424dcf9f701dbfa91a1303743ca01a3
   GET http://127.0.0.1:18752/relay?intent=eyJtZXNzYWdlIjp7Im1lbWJl...
   -> 200 {"ok":true,"verb":"vote","op":2,"member":"0xAB075F9bc424Dcf9F701DBfa91A1303743Ca01A3","hash":"0xb6b040184d299ce1e91943a01ad234dcb26dbeb17a2c01d719a64e3fbe9314e8","blockNumber":"32","gasUsed":"157945","nonceUsed":"0","nextNonce":"1","waitedBlocks":1,"vote":{"proposalId":1,"approved":true,"shares":"50"}}
   ok: relay answered ok ()
   ok: the relay waited exactly one block before sending a vote that followed a fresh submission (ruling 7)
   ok: founder voted YES with 50 shares

== step 11: warp past voting + grace (12 h); T1 agent executes #1 via the relay (explicit 5,000,000 gas)
   $ node snippet.js execute --key /Users/michaelmacmini/srv/zero-one-dao/state/e2e-relay-1788868040893/keys/agent.key --proposal 1
[index] scan 31..33 rows=4
   stderr: 0x798fbf5912716406910b487e919c05c06ea84d08
   GET http://127.0.0.1:18752/relay?intent=eyJtZXNzYWdlIjp7Im1lbWJl...
   -> 200 {"ok":true,"verb":"execute","op":3,"member":"0x798fbF5912716406910B487E919c05c06Ea84d08","hash":"0x414fbdde9c9f1646441f5a3f767108bda22504b48944e061e20c0810bfb26b5e","blockNumber":"34","gasUsed":"246979","nonceUsed":"2","nextNonce":"3","processed":{"proposalId":1,"passed":true,"actionFailed":false}}
   ok: relay answered ok ()
   ok: proposal #1 passed and its action executed (fund + start)
[index] scan 34..34 rows=5
   /me: usdc 10 shares 100 nav 0.933333 exitValue 93.333333
   ok: the agent sees the 10 USDC payment
   ok: the Safe holds 140 USDC (50 + 100 - 10)

== step 12: founder proposes a task via the relay (work: verifiers V1,V2 threshold 2, reward 5 shares): submitTask + sponsorProposal in ONE transaction (ruling 4); founder votes right after (relay waits one block); agent votes; warp; agent executes
   $ python3 snippet.py work --key /Users/michaelmacmini/srv/zero-one-dao/state/e2e-relay-1788868040893/keys/founder.key --verifiers 0xE2fd705ae52764c50aa3cD4B783291e78bacBf0A,0xE54d2241A5A1dB98b629D45cAc3a94fec8BBA489 --threshold 2 --reward-shares 5000000000000000000 --details "ops: run the relay e2e"
   stderr: 0xab075f9bc424dcf9f701dbfa91a1303743ca01a3
   GET http://127.0.0.1:18752/relay?intent=eyJtZXNzYWdlIjp7Im1lbWJl...
   -> 200 {"ok":true,"verb":"work","op":6,"member":"0xAB075F9bc424Dcf9F701DBfa91A1303743Ca01A3","hash":"0x452b9225f01e5ac964d9de50d118bf9fec28d2ea683ea4add80134e367c1fdd7","blockNumber":"35","gasUsed":"474951","nonceUsed":"1","nextNonce":"2","proposalId":2,"task":{"taskId":1,"proposalId":2},"sponsored":true}
   ok: relay answered ok ()
   ok: task #1 recorded, proposal #2 submitted
   ok: the same transaction sponsored #2 (SponsorProposal event): no ninth verb
[index] scan 35..35 rows=8
   ok: proposal #2 is Voting, sponsored by the founder's own account
   $ python3 snippet.py vote --key /Users/michaelmacmini/srv/zero-one-dao/state/e2e-relay-1788868040893/keys/founder.key --proposal 2 --approve yes
   stderr: 0xab075f9bc424dcf9f701dbfa91a1303743ca01a3
   GET http://127.0.0.1:18752/relay?intent=eyJtZXNzYWdlIjp7Im1lbWJl...
   -> 200 {"ok":true,"verb":"vote","op":2,"member":"0xAB075F9bc424Dcf9F701DBfa91A1303743Ca01A3","hash":"0x3fb55afc43c1977006bda72896ab25c57415f3f2194ece84f21fb13ac518bd9c","blockNumber":"37","gasUsed":"140869","nonceUsed":"2","nextNonce":"3","waitedBlocks":1,"vote":{"proposalId":2,"approved":true,"shares":"50"}}
   ok: relay answered ok ()
   ok: the relay waited exactly one block before sending a vote that followed a fresh submission (ruling 7)
   $ node snippet.js vote --key /Users/michaelmacmini/srv/zero-one-dao/state/e2e-relay-1788868040893/keys/agent.key --proposal 2 --approve yes
[index] scan 36..37 rows=9
   stderr: 0x798fbf5912716406910b487e919c05c06ea84d08
   GET http://127.0.0.1:18752/relay?intent=eyJtZXNzYWdlIjp7Im1lbWJl...
   -> 200 {"ok":true,"verb":"vote","op":2,"member":"0x798fbF5912716406910B487E919c05c06Ea84d08","hash":"0xe1b6c7ce699c051791eb155de4b3633bb5eec532cf088ed9ea19cc3dde1d0c95","blockNumber":"38","gasUsed":"123757","nonceUsed":"3","nextNonce":"4","waitedBlocks":0,"vote":{"proposalId":2,"approved":true,"shares":"100"}}
   ok: relay answered ok ()
   ok: a vote after a later block exists is sent at once (waitedBlocks 0)
   $ node snippet.js execute --key /Users/michaelmacmini/srv/zero-one-dao/state/e2e-relay-1788868040893/keys/agent.key --proposal 2
[index] scan 38..39 rows=10
   stderr: 0x798fbf5912716406910b487e919c05c06ea84d08
   GET http://127.0.0.1:18752/relay?intent=eyJtZXNzYWdlIjp7Im1lbWJl...
   -> 200 {"ok":true,"verb":"execute","op":3,"member":"0x798fbF5912716406910B487E919c05c06Ea84d08","hash":"0xb68b396c84302783fbd34ebe4759168a195e42bfdc048ec3b536b5c7e7b572e6","blockNumber":"40","gasUsed":"171541","nonceUsed":"4","nextNonce":"5","processed":{"proposalId":2,"passed":true,"actionFailed":false}}
   ok: relay answered ok ()
   ok: task proposal executed: task #1 active

== step 13: T1 agent: claim task #1 (task --task 1) and deliver evidence; verifiers confirm via the relay (python); reward mints at the threshold
   $ node snippet.js task --key /Users/michaelmacmini/srv/zero-one-dao/state/e2e-relay-1788868040893/keys/agent.key --task 1
[index] scan 40..40 rows=12
   stderr: 0x798fbf5912716406910b487e919c05c06ea84d08
   GET http://127.0.0.1:18752/relay?intent=eyJtZXNzYWdlIjp7Im1lbWJl...
   -> 200 {"ok":true,"verb":"task","op":7,"member":"0x798fbF5912716406910B487E919c05c06Ea84d08","hash":"0xda71cf2293bc02542f446e8cd35ec288fc75238634bd8e829cff64fc3f2f1732","blockNumber":"41","gasUsed":"78830","nonceUsed":"5","nextNonce":"6","claimed":{"taskId":1}}
   ok: relay answered ok ()
   ok: agent claimed task #1
   $ node snippet.js deliver --key /Users/michaelmacmini/srv/zero-one-dao/state/e2e-relay-1788868040893/keys/agent.key --task 1 --evidence "done: relay e2e delivered"
[index] scan 41..41 rows=13
   stderr: 0x798fbf5912716406910b487e919c05c06ea84d08
   GET http://127.0.0.1:18752/relay?intent=eyJtZXNzYWdlIjp7Im1lbWJl...
   -> 200 {"ok":true,"verb":"deliver","op":8,"member":"0x798fbF5912716406910B487E919c05c06Ea84d08","hash":"0xd9c1640cd3ab2e6470c23961324a01c3010994f93ced6fa5c775f5058607d7ef","blockNumber":"42","gasUsed":"82297","nonceUsed":"6","nextNonce":"7","delivered":{"taskId":1,"round":1}}
   ok: relay answered ok ()
   ok: delivery round 1 committed
[index] scan 42..42 rows=14
   /me myTasks: [{"taskId":1,"proposalId":2,"proposer":"0xAB075F9bc424Dcf9F701DBfa91A1303743Ca01A3","worker":"0x798fbF5912716406910B487E919c05c06Ea84d08","verifiers":["0xE2fd705ae52764c50aa3cD4B783291e78bacBf0A","0xE54d2241A5A1dB98b629D45cAc3a94fec8BBA489"],"threshold":2,"confirmations":0,"round":1,"rewardShares":"5000000000000000000","rewardSharesFormatted":"5","status":"Active","evidenceHash":"0x2ddb3e2784a74da
   ok: /me shows the delivery awaiting verification
   $ python3 snippet.py join --key /Users/michaelmacmini/srv/zero-one-dao/state/e2e-relay-1788868040893/keys/v1.key
   stderr: 0xe2fd705ae52764c50aa3cd4b783291e78bacbf0a
   GET http://127.0.0.1:18752/relay?op=join&authorization=eyJjaGFpbklkIjozMTQwMSwi...
   -> 200 {"ok":true,"verb":"join","address":"0xE2fd705ae52764c50aa3cD4B783291e78bacBf0A","delegated":true,"hash":"0x2d38bc6be9128b0936e8851e9d532858649e1188a60a1a610d1d0985335994f9","blockNumber":"43","nonce":"0","shares":"0","note":"mints nothing; deposit at NAV or earn shares by verified work"}
   ok: relay answered ok ()
   $ python3 snippet.py confirm --key /Users/michaelmacmini/srv/zero-one-dao/state/e2e-relay-1788868040893/keys/v1.key --task 1 --evidence "done: relay e2e delivered"
[index] scan 43..43 rows=14
   stderr: 0xe2fd705ae52764c50aa3cd4b783291e78bacbf0a
   GET http://127.0.0.1:18752/relay?intent=eyJtZXNzYWdlIjp7Im1lbWJl...
   -> 200 {"ok":true,"verb":"confirm","op":9,"member":"0xE2fd705ae52764c50aa3cD4B783291e78bacBf0A","hash":"0x94729690711c63f90152e68922394eceade8d3248f44ce99770cd05286293f5b","blockNumber":"44","gasUsed":"101080","nonceUsed":"0","nextNonce":"1","confirmed":{"taskId":1,"confirmations":1}}
   ok: relay answered ok ()
   ok: first confirmation: nothing minted yet
   $ python3 snippet.py join --key /Users/michaelmacmini/srv/zero-one-dao/state/e2e-relay-1788868040893/keys/v2.key
[index] scan 44..44 rows=15
   stderr: 0xe54d2241a5a1db98b629d45cac3a94fec8bba489
   GET http://127.0.0.1:18752/relay?op=join&authorization=eyJjaGFpbklkIjozMTQwMSwi...
   -> 200 {"ok":true,"verb":"join","address":"0xE54d2241A5A1dB98b629D45cAc3a94fec8BBA489","delegated":true,"hash":"0xa47cdee79f14329428b424775cceb9fbc56247d545d1c218759bcd65cdd1d0a1","blockNumber":"45","nonce":"0","shares":"0","note":"mints nothing; deposit at NAV or earn shares by verified work"}
   ok: relay answered ok ()
   $ python3 snippet.py confirm --key /Users/michaelmacmini/srv/zero-one-dao/state/e2e-relay-1788868040893/keys/v2.key --task 1 --evidence "done: relay e2e delivered"
[index] scan 45..45 rows=15
   stderr: 0xe54d2241a5a1db98b629d45cac3a94fec8bba489
   GET http://127.0.0.1:18752/relay?intent=eyJtZXNzYWdlIjp7Im1lbWJl...
   -> 200 {"ok":true,"verb":"confirm","op":9,"member":"0xE54d2241A5A1dB98b629D45cAc3a94fec8BBA489","hash":"0xd80d9589eda17a43046f147ed82bc5429a421f0b0dda179559456b8e2a3354d6","blockNumber":"46","gasUsed":"193842","nonceUsed":"0","nextNonce":"1","confirmed":{"taskId":1,"confirmations":2},"verified":{"taskId":1,"worker":"0x798fbF5912716406910B487E919c05c06Ea84d08","rewardShares":"5"}}
   ok: relay answered ok ()
   ok: second confirmation mints exactly 5 shares to the worker
[index] scan 46..46 rows=18
   /me: shares 105 (67.7419%) exitValue 94.838709
   ok: the agent sees 105 shares

== step 14: T0 agent (passphrase, fetch only): identity, join, deposit 20 USDC
   GET http://127.0.0.1:18752/relay?op=identity&pass=<redacted>
   -> 200 {"ok":true,"address":"0xb4349027Ec91d4fC809D8F32A2548403F74206A1","chainId":31401,"adapter":"0xbE2A7a1e3cbE2b072F62e4251263002Bf83EBE0B","delegated":false,"nonce":"0","authorizationNonce":0,"chainTime":1788954464,"domain":{"name":"ZeroOneIntent","version":"1","chainId":31401,"verifyingContract":"0xbE2A7a1e3cbE2b072F62e4251263002Bf83EBE0B"},"custody":"custodial-lite","me":"/me/pass/fa246026020af78084355713c430af6e206044ccc5a8c69582ab48a72f30a640.json"}
   ok: relay answered ok ()
   GET http://127.0.0.1:18752/relay?op=join&pass=<redacted>
   -> 200 {"ok":true,"verb":"join","address":"0xb4349027Ec91d4fC809D8F32A2548403F74206A1","delegated":true,"hash":"0xdad4924520ffbb1916d5e8cd293ce21def7eca482a560e88f58c116e26bfd09b","blockNumber":"47","nonce":"0","shares":"0","note":"mints nothing; deposit at NAV or earn shares by verified work"}
   ok: relay answered ok ()
   ok: T0 account delegated
   GET http://127.0.0.1:18752/relay?op=deposit&amount=20000000&pass=<redacted>
[index] scan 47..47 rows=18
   -> 200 {"ok":true,"verb":"deposit","op":5,"member":"0xb4349027Ec91d4fC809D8F32A2548403F74206A1","hash":"0xe95b0c63b3941054b607e540c6b259652727bbfb047db26e9919e10e6486d717","blockNumber":"49","gasUsed":"209541","nonceUsed":"0","nextNonce":"1","deposit":{"usdc":"20","sharesMinted":"22.142857142857142857"},"faucet":{"toppedUpUsdc":"20","hash":"0x3a3d56e27c5e432d6ba7331ea661953b1798788f8431e356744c70ab98d5c02e"},"custody":"custodial-lite","me":"/me/pass/fa246026020af78084355713c430af6e206044ccc5a8c69582ab48a72f30a640.json"}
   ok: relay answered ok ()
   T0 deposit -> 22.142857142857142857 shares (raw 22142857142857142857)
   ok: T0 received 20 x 155 / 140 shares at NAV
[index] scan 48..49 rows=19
   /me/pass: custody custodial-lite shares 22.142857142857142857 nonce 1
   ok: /me/pass/<sha256> reports the T0 shares

== step 15: T1 agent proposes Payment #2 (1 USDC to the T0 address); T0 votes YES then ragequits during voting (allowed); T0 sees 0 shares
   $ node snippet.js propose --key /Users/michaelmacmini/srv/zero-one-dao/state/e2e-relay-1788868040893/keys/agent.key --template Payment --params "{\"recipients\":[\"0xb4349027Ec91d4fC809D8F32A2548403F74206A1\"],\"amounts\":[\"1000000\"]}" --summary "agent: 1 USDC to the T0 agent"
   stderr: 0x798fbf5912716406910b487e919c05c06ea84d08 | {"instance":"0xA9789Da2d0E0cE971768AFebDc6aBd34B3A7603f","exists":false,"codeHash":"0xcca67e15a389e6989df070152f776c0ee3f43316f18eba40c23a9927ff7cb237","paramsHash":"0xbe01d7db5c6536f25ccb0f956759f5ef6f95a8677a2930dba1e8b9a7ce7fe381","operator":"0x798fbF5912716406910B487E919c05c06Ea84d08","budgetUsdc":"1","canPropose":true}
   GET http://127.0.0.1:18752/relay?intent=eyJtZXNzYWdlIjp7Im1lbWJl...
   -> 200 {"ok":true,"verb":"propose","op":0,"member":"0x798fbF5912716406910B487E919c05c06Ea84d08","hash":"0x8ed9b0d8a002d8036c8648fdbb0d1ca5f52ddee18f9307b94b35777cd77f40b0","blockNumber":"51","gasUsed":"273473","nonceUsed":"7","nextNonce":"8","proposalId":3,"sponsored":true,"instance":"0xA9789Da2d0E0cE971768AFebDc6aBd34B3A7603f","template":"Payment","codeHash":"0xcca67e15a389e6989df070152f776c0ee3f43316f18eba40c23a9927ff7cb237","deployHash":"0xe065ca88396fe6894f7a7318c2a18c2e995eac08e8fd7b8946c1901f1cfb528d","deployedBy":"relay sponsor"}
   ok: relay answered ok ()
   ok: proposal #3 submitted; its instance deployed by the sponsor at the CREATE2 address
   GET http://127.0.0.1:18752/relay?op=vote&proposalId=3&approve=yes&pass=<redacted>
[index] scan 50..51 rows=20
   -> 200 {"ok":true,"verb":"vote","op":2,"member":"0xb4349027Ec91d4fC809D8F32A2548403F74206A1","hash":"0x80998a3ddf2c3ecb6b77754300764b50a7461e414e67112b9d616e9d3d0412b5","blockNumber":"53","gasUsed":"140869","nonceUsed":"1","nextNonce":"2","waitedBlocks":1,"vote":{"proposalId":3,"approved":true,"shares":"22.142857142857142857"},"custody":"custodial-lite","me":"/me/pass/fa246026020af78084355713c430af6e206044ccc5a8c69582ab48a72f30a640.json"}
   ok: relay answered ok ()
   ok: the relay waited exactly one block before sending a vote that followed a fresh submission (ruling 7)
   ok: T0 voted YES on #3
   GET http://127.0.0.1:18752/relay?op=ragequit&pass=<redacted>
[index] scan 52..53 rows=21
   -> 200 {"ok":true,"verb":"ragequit","op":4,"member":"0xb4349027Ec91d4fC809D8F32A2548403F74206A1","hash":"0xdbe6f6270601eae26c36fb81b109add5fd328482240cd35aef9969239fe1d486","blockNumber":"54","gasUsed":"190509","nonceUsed":"2","nextNonce":"3","ragequit":{"sharesBurned":"22.142857142857142857"},"custody":"custodial-lite","me":"/me/pass/fa246026020af78084355713c430af6e206044ccc5a8c69582ab48a72f30a640.json"}
   ok: relay answered ok ()
   ok: T0 ragequit all shares
   T0 usdc 0 -> 19999999
   ok: T0 received its pro-rata USDC
[index] scan 54..54 rows=22
   ok: /me/pass shows 0 shares after ragequit

== step 16: T1 agent ragequits all shares; sees 0 shares and its pro-rata USDC
   $ node snippet.js ragequit --key /Users/michaelmacmini/srv/zero-one-dao/state/e2e-relay-1788868040893/keys/agent.key
   stderr: 0x798fbf5912716406910b487e919c05c06ea84d08
   GET http://127.0.0.1:18752/relay?intent=eyJtZXNzYWdlIjp7Im1lbWJl...
   -> 200 {"ok":true,"verb":"ragequit","op":4,"member":"0x798fbF5912716406910B487E919c05c06Ea84d08","hash":"0x0f69d369972df5b3be43279b9e1fd6cf410e6b71879677b49e3bcf1f13baa4b4","blockNumber":"55","gasUsed":"156273","nonceUsed":"8","nextNonce":"9","ragequit":{"sharesBurned":"105"}}
   ok: relay answered ok ()
   ok: 105 shares burned
   paid 94838710 (expected 94838710) from treasury 140000001 at supply 155000000000000000000
   ok: the agent received exactly its pro-rata of the Safe
[index] scan 55..55 rows=23
   /me: shares 0 usdc 104.83871 nonce 9
   ok: /me shows 0 shares

== step 17: readable failures: every rejected request carries a JSON reason (decoded custom error / Baal string), never a bare revert
   $ node snippet.js execute --key /Users/michaelmacmini/srv/zero-one-dao/state/e2e-relay-1788868040893/keys/agent.key --proposal 3
   stderr: 0x798fbf5912716406910b487e919c05c06ea84d08
   GET http://127.0.0.1:18752/relay?intent=eyJtZXNzYWdlIjp7Im1lbWJl...
[relay] /relay?intent=eyJtZXNzYWdlIjp7Im1lbWJlciI6IjB4Nzk4ZmJmNTkxMjcxNjQwNjkxMGI0ODdlOTE5YzA1YzA2ZWE4NGQwOCIsIm9wIjozLCJwcm9wb3NhbElkIjozLCJhbW91bnQiOiIwIiwiZXZpZGVuY2VIYXNoIjoiMHgwMDAwMDAwMDAwMDAwMDAwMDAwMD -> 422 reverted: the proposal is not ready to execute: wait for grace to end, or it was defeated / cancelled / already processed
   -> 422 {"ok":false,"status":422,"reason":"reverted: the proposal is not ready to execute: wait for grace to end, or it was defeated / cancelled / already processed","error":{"name":"Error","args":{"message":"!ready"}}}
   ok: relay answered with a JSON reason: reverted: the proposal is not ready to execute: wait for grace to end, or it was defeated / cancelled / already processed
   ok: execute before grace -> 422 with Baal '!ready' decoded
   GET http://127.0.0.1:18752/relay?op=vote&proposalId=3&approve=no&pass=<redacted>
[index] resume 55 scanned=0
[relay] /relay?op=vote&proposalId=3&approve=no&pass=<redacted> -> 422 reverted: this address already voted on the proposal
   -> 422 {"ok":false,"status":422,"reason":"reverted: this address already voted on the proposal","error":{"name":"Error","args":{"message":"voted"}}}
   ok: relay answered with a JSON reason: reverted: this address already voted on the proposal
   ok: T0 voting twice -> 'voted' decoded
   $ node snippet.js task --key /Users/michaelmacmini/srv/zero-one-dao/state/e2e-relay-1788868040893/keys/agent.key --task 1
[index] resume 55 scanned=0
   stderr: 0x798fbf5912716406910b487e919c05c06ea84d08
   GET http://127.0.0.1:18752/relay?intent=eyJtZXNzYWdlIjp7Im1lbWJl...
[relay] /relay?intent=eyJtZXNzYWdlIjp7Im1lbWJlciI6IjB4Nzk4ZmJmNTkxMjcxNjQwNjkxMGI0ODdlOTE5YzA1YzA2ZWE4NGQwOCIsIm9wIjo3LCJwcm9wb3NhbElkIjowLCJhbW91bnQiOiIxIiwiZXZpZGVuY2VIYXNoIjoiMHgwMDAwMDAwMDAwMDAwMDAwMDAwMD -> 422 reverted: WrongStatus(taskId=1, expected=2, observed=3)
   -> 422 {"ok":false,"status":422,"reason":"reverted: WrongStatus(taskId=1, expected=2, observed=3)","error":{"name":"WrongStatus","args":{"taskId":"1","expected":"2","observed":"3"}}}
   ok: relay answered with a JSON reason: reverted: WrongStatus(taskId=1, expected=2, observed=3)
   ok: claiming a completed task -> custom error WrongStatus decoded with its arguments
   $ python3 snippet.py deposit --key /Users/michaelmacmini/srv/zero-one-dao/state/e2e-relay-1788868040893/keys/v1.key --amount 0
[index] resume 55 scanned=0
   stderr: 0xe2fd705ae52764c50aa3cd4b783291e78bacbf0a
   GET http://127.0.0.1:18752/relay?intent=eyJtZXNzYWdlIjp7Im1lbWJl...
[relay] /relay?intent=eyJtZXNzYWdlIjp7Im1lbWJlciI6IjB4ZTJmZDcwNWFlNTI3NjRjNTBhYTNjZDRiNzgzMjkxZTc4YmFjYmYwYSIsIm9wIjo1LCJwcm9wb3NhbElkIjowLCJhbW91bnQiOiIwIiwiZXZpZGVuY2VIYXNoIjoiMHgwMDAwMDAwMDAwMDAwMDAwMDAwMD -> 422 reverted: ZeroAmount()
   -> 422 {"ok":false,"status":422,"reason":"reverted: ZeroAmount()","error":{"name":"ZeroAmount","args":{}}}
   ok: relay answered with a JSON reason: reverted: ZeroAmount()
   ok: deposit 0 -> DepositShaman.ZeroAmount decoded
   GET http://127.0.0.1:18752/relay?op=propose&template=Bogus&params=%7B%7D&pass=<redacted>
[relay] /relay?op=propose&template=Bogus&params=%7B%7D&pass=<redacted> -> 400 unknown template Bogus; use one of Payment, Strategy, Project, Config
   -> 400 {"ok":false,"status":400,"reason":"unknown template Bogus; use one of Payment, Strategy, Project, Config"}
   ok: relay answered with a JSON reason: unknown template Bogus; use one of Payment, Strategy, Project, Config
   ok: unknown template -> 400 with a reason
   $ python3 snippet.py propose --key /Users/michaelmacmini/srv/zero-one-dao/state/e2e-relay-1788868040893/keys/v1.key --template Payment --params "{\"recipients\":[\"0x798fbF5912716406910B487E919c05c06Ea84d08\"],\"amounts\":[\"10000000\"]}" --summary "v1: no shares"
   stderr: 0xe2fd705ae52764c50aa3cd4b783291e78bacbf0a | {"instance": "0xc89A73f1b4DCd898efa2e31827BaaAbe95FC38A2", "exists": false, "codeHash": "0x2e4d1d7fec8f9f13bf8782f243726affa10aaf7ae65dee97f09f455392decdee", "paramsHash": "0x22a6ffff3a0ab031b51bff05b7d4c72c0e672c61fe2a530542e53ef4afdb5dce", "operator": "0xE2fd705ae52764c50aa3cD4B783291e78bacBf0A", "budgetUsdc": "10", "canPropose": false}
   GET http://127.0.0.1:18752/relay?intent=eyJtZXNzYWdlIjp7Im1lbWJl...
[relay] /relay?intent=eyJtZXNzYWdlIjp7Im1lbWJlciI6IjB4ZTJmZDcwNWFlNTI3NjRjNTBhYTNjZDRiNzgzMjkxZTc4YmFjYmYwYSIsIm9wIjowLCJwcm9wb3NhbElkIjowLCJhbW91bnQiOiIwIiwiZXZpZGVuY2VIYXNoIjoiMHgwMDAwMDAwMDAwMDAwMDAwMDAwMD -> 409 propose needs at least 1 shares so the proposal is self-sponsored (you hold 0); deposit first
   -> 409 {"ok":false,"status":409,"reason":"propose needs at least 1 shares so the proposal is self-sponsored (you hold 0); deposit first"}
   ok: relay answered with a JSON reason: propose needs at least 1 shares so the proposal is self-sponsored (you hold 0); deposit first
   ok: propose by a member below sponsorThreshold -> 409 (no sponsored deployment, no unsponsorable proposal)
   GET http://127.0.0.1:18752/relay?op=sponsor&proposalId=3&pass=<redacted>
[relay] /relay?op=sponsor&proposalId=3&pass=<redacted> -> 400 unknown op sponsor; T0 verbs: join, deposit, task, deliver, propose, vote, execute, ragequit, work, confirm (sponsor no longer exists: work self-sponsors)
   -> 400 {"ok":false,"status":400,"reason":"unknown op sponsor; T0 verbs: join, deposit, task, deliver, propose, vote, execute, ragequit, work, confirm (sponsor no longer exists: work self-sponsors)"}
   ok: relay answered with a JSON reason: unknown op sponsor; T0 verbs: join, deposit, task, deliver, propose, vote, execute, ragequit, work, confirm (sponsor no longer exists: work self-sponsors)
   ok: op=sponsor no longer exists -> 400
   GET http://127.0.0.1:18752/relay?op=prepare&member=0xAB075F9bc424Dcf9F701DBfa91A1303743Ca01A3&template=Payment&params=%7B%22recipients%22%3A%5B%220x798fbF5912716406910B487E919c05c06Ea84d08%22%5D%2C%22amounts%22%3A%5B%2210000000%22%5D%7D
[relay] /relay?op=prepare&member=0xAB075F9bc424Dcf9F701DBfa91A1303743Ca01A3&template=Payment&params=%7B%22recipients%22%3A%5B%220x798fbF5912716406910B487E919c05c06Ea84d08%22%5D%2C%22amounts%22%3A%5B%221000000 -> 400 expected intent=<base64url envelope>, op=join&authorization=<base64url>, op=quote&member=..&template=..&params=..[&summary=&salt=], or op=<verb>&pass=<secret>
   -> 400 {"ok":false,"status":400,"reason":"expected intent=<base64url envelope>, op=join&authorization=<base64url>, op=quote&member=..&template=..&params=..[&summary=&salt=], or op=<verb>&pass=<secret>"}
   ok: relay answered with a JSON reason: expected intent=<base64url envelope>, op=join&authorization=<base64url>, op=quote&member=..&template=..&params=..[&summary=&salt=], or op=<verb>&pass=<secret>
   ok: op=prepare is retired -> 400
   GET http://127.0.0.1:18752/relay?op=quote&member=0xAB075F9bc424Dcf9F701DBfa91A1303743Ca01A3&template=Payment&params=%7B%22recipients%22%3A%5B%220xAB075F9bc424Dcf9F701DBfa91A1303743Ca01A3%22%5D%2C%22amounts%22%3A%5B%220%22%5D%7D
[relay] /relay?op=quote&member=0xAB075F9bc424Dcf9F701DBfa91A1303743Ca01A3&template=Payment&params=%7B%22recipients%22%3A%5B%220xAB075F9bc424Dcf9F701DBfa91A1303743Ca01A3%22%5D%2C%22amounts%22%3A%5B%220%22%5D%7 -> 422 reverted: ZeroAmount(index=0)
   -> 422 {"ok":false,"status":422,"reason":"reverted: ZeroAmount(index=0)","error":{"name":"ZeroAmount","args":{"index":"0"}}}
   ok: relay answered with a JSON reason: reverted: ZeroAmount(index=0)
   ok: quote with a zero payment -> the template constructor's ZeroAmount decoded from the factory dry run

== step 18: cross-check: node, python and viem produce byte-identical signatures for the same intent (deterministic RFC 6979)
   $ node snippet.js vote --key /Users/michaelmacmini/srv/zero-one-dao/state/e2e-relay-1788868040893/keys/founder.key --proposal 3 --approve no --deadline 1788955067
   stderr: 0xab075f9bc424dcf9f701dbfa91a1303743ca01a3
   $ python3 snippet.py vote --key /Users/michaelmacmini/srv/zero-one-dao/state/e2e-relay-1788868040893/keys/founder.key --proposal 3 --approve no --deadline 1788955067
   stderr: 0xab075f9bc424dcf9f701dbfa91a1303743ca01a3
   ok: node and python snippets sign identically
   ok: viem's EIP-712 signature equals the snippets' (same digest, same key)

== step 19: phase 3 two-process concurrency, duplicate intents, restart cursor and killed broadcaster recovery
ASSERT Base policy no faucet; daily=2000000000000000 floor=3000000000000000 maxFee=100000000 priority=1000000
ASSERT sponsored hash=0x11b98656b057b0f75ea8aa4ecf09fffb695d6a3daff9bb51178dde6455ad9eac replayed=false
ASSERT sponsored hash=0x67bf3a63214cdb5ae85c732309067778904dbe235d8aa5490a1c0945a89a2f2a replayed=false
[index] scan 56..57 rows=23
ASSERT sponsored hash=0x0c524a86d558a60d37a6d091bb81bf45c07ec8d589687f825d3dda30923248d6 replayed=false
ASSERT sponsored hash=0x6060283df574b41ce73c7fde0cc885a4bf9fd3f9468b2436b0b136d49fa0108b replayed=false

=== RELAY E2E: FAIL ===

AssertionError [ERR_ASSERTION]: Expected values to be strictly equal:
+ actual - expected

+ 45161293n
- 47161291n

    at hardening (/Users/michaelmacmini/srv/zero-one-dao/relay/e2e-hardening.ts:56:12)
    at process.processTicksAndRejections (node:internal/process/task_queues:104:5)
    at async main (/Users/michaelmacmini/srv/zero-one-dao/relay/e2e-local.ts:366:5) {
  generatedMessage: true,
  code: 'ERR_ASSERTION',
  actual: 45161293n,
  expected: 47161291n,
  operator: 'strictEqual',
  diff: 'simple'
}

> zero-one-dao@0.1.0 e2e:relay
> tsx relay/e2e-local.ts


== step 1: deploy Zero One on a fresh anvil (prague) + genesis: founder deposits 50 USDC -> 50e18 shares
   anvil http://127.0.0.1:11545 chainId 31401; safe 0x86F3593aEA5e4d9C6FdFc879700877aCbA156126 baal 0xbBdA2D45ce6e3DB58ffE51bFA9B7d24F47117D4F adapter 0xcCbEa0730D9CF62c8F66e93aCd78bFa1E272Edc6; genesis 0x92a0f772d725ec2c15fc025706f3c64c5c20a8adaece28f95044df7b692daf38
   ok: founder holds 50e18 shares = 100%

== step 2: sponsor float: 10,000 test USDC to the relay sponsor (faucet for test chains); write the deployment record
   deployment record /Users/michaelmacmini/srv/zero-one-dao/state/e2e-relay-1788868138641/deployment.json

== step 3: start the relay against the mirror (sponsor = anvil account 15)
{
  "listening": "127.0.0.1:18752",
  "startedAt": "2026-09-08T11:48:59.526Z",
  "chainId": 31401,
  "adapter": "0xcCbEa0730D9CF62c8F66e93aCd78bFa1E272Edc6",
  "sponsor": "0xd847D8F79C9b1513cB38700AA1AD753A4b683589",
  "deployment": "/Users/michaelmacmini/srv/zero-one-dao/state/e2e-relay-1788868138641/deployment.json",
  "stateDir": "/Users/michaelmacmini/srv/zero-one-dao/state/e2e-relay-1788868138641/relay"
}

   health: {"service":"zero-one-relay","dao":"Zero One","chainId":31401,"chain":"local mirror","adapter":"0xcCbEa0730D9CF62c8F66e93aCd78bFa1E272Edc6","baal":"0xbBdA2D45ce6e3DB58ffE51bFA9B7d24F47117D4F","safe":"0x86F3593aEA5e4d9C6FdFc879700877aCbA156126","settlement":"0x6638B58dD4f9b5492c298Fa2A0C841DA9B5820A9","constitution":{"address":"0x8E2DE8a98A147730cE272E2D9169aF3461Ead2e7","textHash":"0xebc7c39cf14fdc0ac2c028cdba5960ecc4560a314e613b93b4585b62826f2d9a","textUrl":"docs/CONSTITUTION.md","text":"docs/CONSTITUTION.md"},"sponsor":"0xd847D8F79C9b1513cB38700AA1AD753A4b683589","sponsorBalanceWei":"10000000
   ok: relay is alive on the mirror with the deployed adapter

== step 4: build and validate the beacon (README <= 44 lines, every address has code)
[index] scan 0..24 rows=1
   validate: {"result":"PASS","readmeLines":43,"addressesWithCode":10,"proposals":0,"tasks":0,"members":1,"block":"24"}

----- README.txt (43 lines) -----
Zero One | Any member can propose anything; only the other members' votes or exits can stop it.
Chain local mirror (31401). Relay http://127.0.0.1:18752. Settlement USDC (6 dec). Shares: 18 dec, non-transferable, weight and exit.
Constitution http://127.0.0.1:18752/CONSTITUTION.md keccak256 0xebc7c39cf14fdc0ac2c028cdba5960ecc4560a314e613b93b4585b62826f2d9a (immutable, on-chain at 0x8E2DE8a98A147730cE272E2D9169aF3461Ead2e7).
In: USDC at NAV (1 share per USDC while empty). Out: ragequit any time, pro-rata, same block. Work: shares voted per task.

Eight verbs. One signed intent each, sent as GET http://127.0.0.1:18752/relay?intent=<base64url JSON {message,signature[,authorization]}>.
message = {member, op, proposalId, amount, evidenceHash, data, details, nonce, deadline}; unused fields are 0 / "0x" / "".
join      GET /relay?op=join&authorization=<base64url {chainId,address,nonce,r,s,yParity}> attaches the adapter to your key; mints nothing
deposit   op=5 amount=<USDC raw units>                    pulls USDC from your address into the Safe, mints shares at NAV
task      op=7 amount=<taskId>                            claims an active task (its verifiers cannot)
deliver   op=8 amount=<taskId> evidenceHash=keccak256(evidence text)
propose   op=0 data=abi.encode(uint8 template,bytes params,bytes32 salt) details=<text+json>   one intent; GET /relay?op=quote (below) builds it
vote      op=2 proposalId=<id> amount=1 (yes) or 0 (no)   needs shares held before the proposal was submitted
execute   op=3 proposalId=<id> data=<proposalData>        anyone, after grace; the relay sends 5,000,000 gas
ragequit  op=4 amount=<shares raw units> data=abi.encode(address[] [USDC])   burns shares, pays pro-rata of the Safe
also work op=6 data=abi.encode(address[] verifiers,uint16 threshold,uint256 rewardShares,uint32 expiration) details=<text> submits the task
proposal and sponsors it in the same transaction (>= 1 share); confirm op=9 amount=<taskId> data=<evidence bytes> (a named verifier)
Intent(address member,uint8 op,uint32 proposalId,uint256 amount,bytes32 evidenceHash,bytes data,string details,uint256 nonce,uint256 deadline)
EIP-712 domain: name ZeroOneIntent, version 1, chainId 31401, verifyingContract 0xcCbEa0730D9CF62c8F66e93aCd78bFa1E272Edc6. nonce from /me; deadline <= now + 3600 s.
quote: GET /relay?op=quote&member=<addr>&template=<T>&params=<JSON>&summary=<text> (read-only) returns instance, codeHash, paramsHash, budget and the
exact op-0 message to sign; template ids 0 Payment 1 Strategy 2 Project 3 Config; salt = your nonce. The instance address is CREATE2 from
(template, params, member, salt) via the factory 0x65a0bd080b90D4530d250Dd873b9DBC34Bc346EE: your account recomputes it and the fund+start multicall on-chain, so nobody can
swap the code. The relay deploys the instance if empty when your signed intent arrives (members with >= 1 share).
Templates: Payment {recipients[],amounts[]} | Strategy {venue,asset,budget,rule{maxPerRun,minInterval,deadline,takeProfitBps,stopLossBps}}
           Project {tranches[{amount,releaseType:date|verifiers,releaseAt,verifiers[],threshold}],deadline} | Config {votingPeriod,gracePeriod,...}
Every response is JSON: {ok:true, hash, ...} or {ok:false, status, reason, error:{name,args}} (decoded custom errors, never a bare revert).

T1 (your own key; Node 18+ or Python 3, no packages): GET http://127.0.0.1:18752/snippet.js or /snippet.py and run
  node snippet.js join --key agent.key        python3 snippet.py join --key agent.key
  ... deposit --usdc 100 | vote --proposal 1 --approve yes | execute --proposal 1 | task --task 1 | deliver --task 1 --evidence "text"
  ... propose --template Payment --params '{"recipients":["0x.."],"amounts":["10000000"]}' | ragequit | work --verifiers a,b --reward-shares RAW
  ... confirm --task 1 --evidence "text" (verifier). propose checks the quoted intent (template id, salt, paramsHash; Payment params re-encoded) before signing.
Each command reads /me, signs locally and prints the exact GET URL; fetch it. Address goes to stderr. Keep the key file 0600.
T0 (fetch only; custodial-lite: the relay derives and holds your key from your secret): GET http://127.0.0.1:18752/relay?op=join&pass=<32..256 random chars>
  same pass with op=deposit&amount= | op=vote&proposalId=&approve=yes | op=execute&proposalId= | op=task&taskId= | op=deliver&taskId=&evidence=
  op=propose&template=&params= | op=work&verifiers=&rewardShares= | op=confirm&taskId=&evidence= | op=ragequit ; op=identity&pass= gives your address
Read: /me/<address>.json (shares, NAV, exit value, open proposals with deadlines and treasury effect, my votes, my tasks, nonce, ragequit data)
      /proposals.json (every proposal, state, deadlines, votes, decoded calls, proposalData) | /state.json (treasury, members, tasks, governance)
Process: submit (self-sponsored: >= 1 share) -> voting 6 h -> grace 6 h (exit allowed) -> execute. Silence is consent: poll /me at least hourly.
A vote in the block of the submission is impossible (share checkpoint); the relay waits for the next block before sending it.
Addresses: Safe 0x86F3593aEA5e4d9C6FdFc879700877aCbA156126 | Baal 0xbBdA2D45ce6e3DB58ffE51bFA9B7d24F47117D4F | Shares 0xC57bF3CC3B8dbB50638714CBf03475Dc20D5649d | USDC 0x6638B58dD4f9b5492c298Fa2A0C841DA9B5820A9
           DepositShaman 0x29F78F30147B25CbB49e0C0256fFFf6159918761 | WorkManager 0x91d9E0B996fAE9109bc092C7d310E3CEfa711339 | Adapter 0xcCbEa0730D9CF62c8F66e93aCd78bFa1E272Edc6 | TemplateFactory 0x65a0bd080b90D4530d250Dd873b9DBC34Bc346EE
Relay down or budget exhausted? The contracts work without it: call Baal / DepositShaman / WorkManager from any wallet with the same arguments.
----- end README.txt -----
   ok: README.txt is at most 44 lines
   ok: node snippet selftest: JavaScript keccak and curve vectors PASS
   ok: python snippet selftest: Python keccak and curve vectors PASS

== step 5: keys: a fresh T1 agent key (never funded with ETH) plus founder and verifier keys as 0600 files
   agent 0xD250dCF7e0ff0bd409F48924eA292c0f2d27d45C (ETH balance 0) founder 0xA6A00F518F85e975612D61675E1824148E7119F7 verifiers 0xEc24F61d7F782ab7340596C45522DEB6971F683e 0xBD6AAB2A2A44609b2ad856550bD54A8C56adD410

== step 6: T1 agent: join (node snippet.js join) -> delegation attached, nothing minted
   $ node snippet.js join --key /Users/michaelmacmini/srv/zero-one-dao/state/e2e-relay-1788868138641/keys/agent.key
[index] scan 0..24 rows=1
   stderr: 0xd250dcf7e0ff0bd409f48924ea292c0f2d27d45c
   GET http://127.0.0.1:18752/relay?op=join&authorization=eyJjaGFpbklkIjozMTQwMSwi...
   -> 200 {"ok":true,"verb":"join","address":"0xD250dCF7e0ff0bd409F48924eA292c0f2d27d45C","delegated":true,"hash":"0xc7e8b8ad94e905df52330c02b3a171b3477aafe589cd06392fe0b0c9c5b5eddd","blockNumber":"25","nonce":"0","shares":"0","note":"mints nothing; deposit at NAV or earn shares by verified work"}
   ok: relay answered ok ()
   ok: agent is delegated and holds 0 shares
[index] scan 25..25 rows=1
   /me: {"address":"0xD250dCF7e0ff0bd409F48924eA292c0f2d27d45C","chainId":31401,"adapter":"0xcCbEa0730D9CF62c8F66e93aCd78bFa1E272Edc6","delegated":true,"nonce":"0","authorizationNonce":1,"chainTime":1788868139,"domain":{"name":"ZeroOneIntent","version":"1","chainId":31401,"verifyingContract":"0xcCbEa0730D9CF62c8F66e93aCd78bFa1E272Edc6"},"dao":{"name":"Zero One","principle":"Any member can propose anything; only the other members' votes or exits can stop it."},"custody":"self-custody","shares":"0","sharesFormatted":"0","percent":"0.0000","navUsdcPerShare":"1","exitValueUsdc":"0","usdc":"0","usdcFormatted":"0","spendable":"0","openProposals":[],"myProposals":[],"myTasks":[],"openTasks":[],"ragequit":{
   ok: /me shows delegated, nonce 0, 0 shares

== step 7: T1 agent: deposit 100 USDC (deposit --usdc 100); the mirror faucet tops the agent up first
   $ node snippet.js deposit --key /Users/michaelmacmini/srv/zero-one-dao/state/e2e-relay-1788868138641/keys/agent.key --usdc 100
   stderr: 0xd250dcf7e0ff0bd409f48924ea292c0f2d27d45c
   GET http://127.0.0.1:18752/relay?intent=eyJtZXNzYWdlIjp7Im1lbWJl...
   -> 200 {"ok":true,"verb":"deposit","op":5,"member":"0xD250dCF7e0ff0bd409F48924eA292c0f2d27d45C","hash":"0xbdee2e0139d0dff62eead392644f9af7682de9976bd94d04cdb06605d05b52ec","blockNumber":"27","gasUsed":"209541","nonceUsed":"0","nextNonce":"1","deposit":{"usdc":"100","sharesMinted":"100"},"faucet":{"toppedUpUsdc":"100","hash":"0x19d4488ca8f7f3fcde3851714f490add79f3584dd70b663fb7604e788d0f1894"}}
   ok: relay answered ok ()
   ok: 100 USDC at NAV 1 -> 100 shares
[index] scan 26..27 rows=2
   /me: shares 100 (66.6666%) nav 1 exitValue 100 usdc 0 nonce 1
   ok: /me: 100 shares, NAV 1 USDC/share, exit value 100 USDC, nonce 1

== step 8: founder: join via the relay (python3 snippet.py) before any proposal exists
   $ python3 snippet.py join --key /Users/michaelmacmini/srv/zero-one-dao/state/e2e-relay-1788868138641/keys/founder.key
   stderr: 0xa6a00f518f85e975612d61675e1824148e7119f7
   GET http://127.0.0.1:18752/relay?op=join&authorization=eyJjaGFpbklkIjozMTQwMSwi...
   -> 200 {"ok":true,"verb":"join","address":"0xA6A00F518F85e975612D61675E1824148E7119F7","delegated":true,"hash":"0x4c95d067703d82f71af64471c49071f40e10e7c61624b3bb0f0c8449ce10d287","blockNumber":"28","nonce":"0","shares":"0","note":"mints nothing; deposit at NAV or earn shares by verified work"}
   ok: relay answered ok ()

== step 9: T1 agent: propose a Payment of 10 USDC to itself with ONE signed intent (propose --template Payment): op=quote (read-only) -> sign -> the relay deploys the CREATE2 instance -> the account submits fund+start of exactly that address
   GET http://127.0.0.1:18752/relay?op=quote&member=0xD250dCF7e0ff0bd409F48924eA292c0f2d27d45C&template=Payment&params=%7B%22recipients%22%3A%5B%220xD250dCF7e0ff0bd409F48924eA292c0f2d27d45C%22%5D%2C%22amounts%22%3A%5B%2210000000%22%5D%7D&summary=agent%3A%20pay%20me%2010%20USDC
   -> 200 {"ok":true,"verb":"quote","instance":"0xfb133B3043e917B2B89Fe76EE27E63F1CA6EfD6c","exists":false,"template":"Payment","templateId":0,"contract":"PaymentProposal","codeHash":"0xae77a7d4fb0fdfbd9b72b56015aaf67f30772197c687ac2e60531d5ed8b04e38","paramsHash":"0x962d009bc857914e83a6502e6c56004f98261e8f0f2a849e36b2ad10616611da","paramsBytes":"0x000000000000000000000000000000000000000000000000000000000000004000000000000000000000000000000000000000000000000000000000000000800000000000000000000000000000000000000000000000000000000000000001000000000000000000000000d250dcf7e0ff0bd409f48924ea292c0f2d27d45c00000000000000000000000000000000000000000000000000000000000000010000000000000000000000000000000000000000000000000000000000989680","salt":"0x0000000000000000000000000000000000000000000000000000000000000001","operator":"0xD250dCF7e0ff0bd409F48924eA292c0f2d27d45C","budget":"10000000","budgetUsdc":"10","deadline":"0","calls":[{"to":"0x6638B58dD4f9b5492c298Fa2A0C841DA9B5820A9","data":"0xa9059cbb000000000000000000000000fb133b3043e917b2b89fe76ee27e63f1ca6efd6c0000000000000000000000000000000000000000000000000000000000989680"},{"to":"0xfb133B3043e917B2B89Fe76EE27E63F1CA6EfD6c","data":"0xbe9a6555"}],"propo
   ok: relay answered ok ()
   ok: quote: the instance address is known before deployment (exists: false), with its code hash
   $ node snippet.js propose --key /Users/michaelmacmini/srv/zero-one-dao/state/e2e-relay-1788868138641/keys/agent.key --template Payment --params "{\"recipients\":[\"0xD250dCF7e0ff0bd409F48924eA292c0f2d27d45C\"],\"amounts\":[\"10000000\"]}" --summary "agent: pay me 10 USDC"
[index] scan 28..28 rows=2
   stderr: 0xd250dcf7e0ff0bd409f48924ea292c0f2d27d45c | {"instance":"0xfb133B3043e917B2B89Fe76EE27E63F1CA6EfD6c","exists":false,"codeHash":"0xae77a7d4fb0fdfbd9b72b56015aaf67f30772197c687ac2e60531d5ed8b04e38","paramsHash":"0x962d009bc857914e83a6502e6c56004f98261e8f0f2a849e36b2ad10616611da","operator":"0xD250dCF7e0ff0bd409F48924eA292c0f2d27d45C","budgetUsdc":"10","canPropose":true}
   GET http://127.0.0.1:18752/relay?intent=eyJtZXNzYWdlIjp7Im1lbWJl...
   -> 200 {"ok":true,"verb":"propose","op":0,"member":"0xD250dCF7e0ff0bd409F48924eA292c0f2d27d45C","hash":"0xc2143f40c784dc7ba4ef57ddc36c9e69c3de56ef8d25dbe000a4de1e7ae55983","blockNumber":"30","gasUsed":"272990","nonceUsed":"1","nextNonce":"2","proposalId":1,"sponsored":true,"instance":"0xfb133B3043e917B2B89Fe76EE27E63F1CA6EfD6c","template":"Payment","codeHash":"0xae77a7d4fb0fdfbd9b72b56015aaf67f30772197c687ac2e60531d5ed8b04e38","deployHash":"0xa27ba085b3489d93f573a6689ae5cf2c50f773a1d4ff85ed95137af40b32159b","deployedBy":"relay sponsor"}
   ok: relay answered ok ()
   ok: proposal #1 submitted and self-sponsored (agent holds >= 1 share) in one intent
   ok: the relay deployed the instance at the quoted CREATE2 address before the intent (sponsored, member >= 1 share)
   ok: the code hash quoted before deployment equals keccak256 of the code now at the address
[index] scan 29..30 rows=3
   /proposals.json #1: state Voting effect "10 USDC leaves the Safe; Payment contract 0xfb133B3043e917B2B89Fe76EE27E63F1CA6EfD6c (budget 10 USDC, operator 0xD250dCF7e0ff0bd409F48924eA292c0f2d27d45C)" instance {"address":"0xfb133B3043e917B2B89Fe76EE27E63F1CA6EfD6c","template":"Payment","paramsHash":"0x962d009bc857914e83a6502e6c56004f98261e8f0f2a849e36b2ad10616611da","operator":"0xD250dCF7e0ff0bd409F48924eA292c0f2d27d45C","budget":"10000000","budgetUsdc":"10","deadline":0,"status":"Pending","codeHash":"0xa
   ok: proposal #1 is Voting with treasury effect 10 USDC out
   ok: instance is a Pending Payment whose operator is the agent
   ok: the proposalData the account built on-chain equals the quoted (off-chain) multicall; details carry codeHash and paramsHash
   GET http://127.0.0.1:18752/relay?op=quote&member=0xD250dCF7e0ff0bd409F48924eA292c0f2d27d45C&template=Payment&params=%7B%22recipients%22%3A%5B%220xD250dCF7e0ff0bd409F48924eA292c0f2d27d45C%22%5D%2C%22amounts%22%3A%5B%2210000000%22%5D%7D&summary=x&salt=0x0000000000000000000000000000000000000000000000000000000000000001
   -> 200 {"ok":true,"verb":"quote","instance":"0xfb133B3043e917B2B89Fe76EE27E63F1CA6EfD6c","exists":true,"template":"Payment","templateId":0,"contract":"PaymentProposal","codeHash":"0xae77a7d4fb0fdfbd9b72b56015aaf67f30772197c687ac2e60531d5ed8b04e38","paramsHash":"0x962d009bc857914e83a6502e6c56004f98261e8f0f2a849e36b2ad10616611da","paramsBytes":"0x000000000000000000000000000000000000000000000000000000000000004000000000000000000000000000000000000000000000000000000000000000800000000000000000000000000000000000000000000000000000000000000001000000000000000000000000d250dcf7e0ff0bd409f48924ea292c0f2d27d45c00000000000000000000000000000000000000000000000000000000000000010000000000000000000000000000000000000000000000000000000000989680","salt":"0x0000000000000000000000000000000000000000000000000000000000000001","operator":"0xD250dCF7e0ff0bd409F48924eA292c0f2d27d45C","budget":"10000000","budgetUsdc":"10","deadline":"0","calls":[{"to":"0x6638B58dD4f9b5492c298Fa2A0C841DA9B5820A9","data":"0xa9059cbb000000000000000000000000fb133b3043e917b2b89fe76ee27e63f1ca6efd6c0000000000000000000000000000000000000000000000000000000000989680"},{"to":"0xfb133B3043e917B2B89Fe76EE27E63F1CA6EfD6c","data":"0xbe9a6555"}],"propos
   ok: relay answered ok ()
   ok: quoting the same (template, params, member, salt) again finds the deployed instance (deterministic address)
   $ node snippet.js propose --key /Users/michaelmacmini/srv/zero-one-dao/state/e2e-relay-1788868138641/keys/agent.key --template Payment --params "{\"recipients\":[\"0xD250dCF7e0ff0bd409F48924eA292c0f2d27d45C\"],\"amounts\":[\"10000000\"]}" --summary x
   stderr: 0xd250dcf7e0ff0bd409f48924ea292c0f2d27d45c | {"instance":"0xCe64bb905cE24eC966B0a23483B65FA2DAf1f9F9","exists":false,"codeHash":"0xae77a7d4fb0fdfbd9b72b56015aaf67f30772197c687ac2e60531d5ed8b04e38","paramsHash":"0x962d009bc857914e83a6502e6c56004f98261e8f0f2a849e36b2ad10616611da","operator":"0xD250dCF7e0ff0bd409F48924eA292c0f2d27d45C","budgetUsdc":"10","canPropose":true}
   ok: the signed intent carries only the template id, the exact abi.encode(params) and a salt (nothing the relay chose)

== step 10: founder votes YES on #1 right after the submission (python3 snippet.py): the relay waits one block (ruling 7)
   $ python3 snippet.py vote --key /Users/michaelmacmini/srv/zero-one-dao/state/e2e-relay-1788868138641/keys/founder.key --proposal 1 --approve yes
   stderr: 0xa6a00f518f85e975612d61675e1824148e7119f7
   GET http://127.0.0.1:18752/relay?intent=eyJtZXNzYWdlIjp7Im1lbWJl...
   -> 200 {"ok":true,"verb":"vote","op":2,"member":"0xA6A00F518F85e975612D61675E1824148E7119F7","hash":"0x4bda52af14589a24b66b2e0d0ea195980cef1c1ab747bac4573145c1f1561c67","blockNumber":"32","gasUsed":"157957","nonceUsed":"0","nextNonce":"1","waitedBlocks":1,"vote":{"proposalId":1,"approved":true,"shares":"50"}}
   ok: relay answered ok ()
   ok: the relay waited exactly one block before sending a vote that followed a fresh submission (ruling 7)
   ok: founder voted YES with 50 shares

== step 11: warp past voting + grace (12 h); T1 agent executes #1 via the relay (explicit 5,000,000 gas)
   $ node snippet.js execute --key /Users/michaelmacmini/srv/zero-one-dao/state/e2e-relay-1788868138641/keys/agent.key --proposal 1
[index] scan 31..33 rows=4
   stderr: 0xd250dcf7e0ff0bd409f48924ea292c0f2d27d45c
   GET http://127.0.0.1:18752/relay?intent=eyJtZXNzYWdlIjp7Im1lbWJl...
   -> 200 {"ok":true,"verb":"execute","op":3,"member":"0xD250dCF7e0ff0bd409F48924eA292c0f2d27d45C","hash":"0xc3fb5baa759ecb84cc1d867695c62d1ba84c34c5a7aadb7139ccbfb82f7edcdd","blockNumber":"34","gasUsed":"246979","nonceUsed":"2","nextNonce":"3","processed":{"proposalId":1,"passed":true,"actionFailed":false}}
   ok: relay answered ok ()
   ok: proposal #1 passed and its action executed (fund + start)
[index] scan 34..34 rows=5
   /me: usdc 10 shares 100 nav 0.933333 exitValue 93.333333
   ok: the agent sees the 10 USDC payment
   ok: the Safe holds 140 USDC (50 + 100 - 10)

== step 12: founder proposes a task via the relay (work: verifiers V1,V2 threshold 2, reward 5 shares): submitTask + sponsorProposal in ONE transaction (ruling 4); founder votes right after (relay waits one block); agent votes; warp; agent executes
   $ python3 snippet.py work --key /Users/michaelmacmini/srv/zero-one-dao/state/e2e-relay-1788868138641/keys/founder.key --verifiers 0xEc24F61d7F782ab7340596C45522DEB6971F683e,0xBD6AAB2A2A44609b2ad856550bD54A8C56adD410 --threshold 2 --reward-shares 5000000000000000000 --details "ops: run the relay e2e"
   stderr: 0xa6a00f518f85e975612d61675e1824148e7119f7
   GET http://127.0.0.1:18752/relay?intent=eyJtZXNzYWdlIjp7Im1lbWJl...
   -> 200 {"ok":true,"verb":"work","op":6,"member":"0xA6A00F518F85e975612D61675E1824148E7119F7","hash":"0x71b9ec2552a7b361c7d0731053c086cc2f0fd738ee6cbb39921362c3607841e6","blockNumber":"35","gasUsed":"474927","nonceUsed":"1","nextNonce":"2","proposalId":2,"task":{"taskId":1,"proposalId":2},"sponsored":true}
   ok: relay answered ok ()
   ok: task #1 recorded, proposal #2 submitted
   ok: the same transaction sponsored #2 (SponsorProposal event): no ninth verb
[index] scan 35..35 rows=8
   ok: proposal #2 is Voting, sponsored by the founder's own account
   $ python3 snippet.py vote --key /Users/michaelmacmini/srv/zero-one-dao/state/e2e-relay-1788868138641/keys/founder.key --proposal 2 --approve yes
   stderr: 0xa6a00f518f85e975612d61675e1824148e7119f7
   GET http://127.0.0.1:18752/relay?intent=eyJtZXNzYWdlIjp7Im1lbWJl...
   -> 200 {"ok":true,"verb":"vote","op":2,"member":"0xA6A00F518F85e975612D61675E1824148E7119F7","hash":"0x5acab8825833c4e8b585ac5522e0ebbcfddbb2d9a3396523fc56ccba8b2c0ea8","blockNumber":"37","gasUsed":"140869","nonceUsed":"2","nextNonce":"3","waitedBlocks":1,"vote":{"proposalId":2,"approved":true,"shares":"50"}}
   ok: relay answered ok ()
   ok: the relay waited exactly one block before sending a vote that followed a fresh submission (ruling 7)
   $ node snippet.js vote --key /Users/michaelmacmini/srv/zero-one-dao/state/e2e-relay-1788868138641/keys/agent.key --proposal 2 --approve yes
[index] scan 36..37 rows=9
   stderr: 0xd250dcf7e0ff0bd409f48924ea292c0f2d27d45c
   GET http://127.0.0.1:18752/relay?intent=eyJtZXNzYWdlIjp7Im1lbWJl...
   -> 200 {"ok":true,"verb":"vote","op":2,"member":"0xD250dCF7e0ff0bd409F48924eA292c0f2d27d45C","hash":"0x94dc9eeb49e914e4cc7b7935ae0a6b6a89ef11c770de5ee723a723a0d5985a78","blockNumber":"38","gasUsed":"123769","nonceUsed":"3","nextNonce":"4","waitedBlocks":0,"vote":{"proposalId":2,"approved":true,"shares":"100"}}
   ok: relay answered ok ()
   ok: a vote after a later block exists is sent at once (waitedBlocks 0)
   $ node snippet.js execute --key /Users/michaelmacmini/srv/zero-one-dao/state/e2e-relay-1788868138641/keys/agent.key --proposal 2
[index] scan 38..39 rows=10
   stderr: 0xd250dcf7e0ff0bd409f48924ea292c0f2d27d45c
   GET http://127.0.0.1:18752/relay?intent=eyJtZXNzYWdlIjp7Im1lbWJl...
   -> 200 {"ok":true,"verb":"execute","op":3,"member":"0xD250dCF7e0ff0bd409F48924eA292c0f2d27d45C","hash":"0x2896b86157e6068729ba5e2305a9ea2c28dc08fd24ed8145829d6e9cadef96ae","blockNumber":"40","gasUsed":"171541","nonceUsed":"4","nextNonce":"5","processed":{"proposalId":2,"passed":true,"actionFailed":false}}
   ok: relay answered ok ()
   ok: task proposal executed: task #1 active

== step 13: T1 agent: claim task #1 (task --task 1) and deliver evidence; verifiers confirm via the relay (python); reward mints at the threshold
   $ node snippet.js task --key /Users/michaelmacmini/srv/zero-one-dao/state/e2e-relay-1788868138641/keys/agent.key --task 1
[index] scan 40..40 rows=12
   stderr: 0xd250dcf7e0ff0bd409f48924ea292c0f2d27d45c
   GET http://127.0.0.1:18752/relay?intent=eyJtZXNzYWdlIjp7Im1lbWJl...
   -> 200 {"ok":true,"verb":"task","op":7,"member":"0xD250dCF7e0ff0bd409F48924eA292c0f2d27d45C","hash":"0xb3ed9667f4110fed7fadefe01eff35f754eb2d7a8e262066bc3a9d6b2d1febdc","blockNumber":"41","gasUsed":"78830","nonceUsed":"5","nextNonce":"6","claimed":{"taskId":1}}
   ok: relay answered ok ()
   ok: agent claimed task #1
   $ node snippet.js deliver --key /Users/michaelmacmini/srv/zero-one-dao/state/e2e-relay-1788868138641/keys/agent.key --task 1 --evidence "done: relay e2e delivered"
[index] scan 41..41 rows=13
   stderr: 0xd250dcf7e0ff0bd409f48924ea292c0f2d27d45c
   GET http://127.0.0.1:18752/relay?intent=eyJtZXNzYWdlIjp7Im1lbWJl...
   -> 200 {"ok":true,"verb":"deliver","op":8,"member":"0xD250dCF7e0ff0bd409F48924eA292c0f2d27d45C","hash":"0x60780dcaef75e94218ad267257ef517b60612269fbf9cf474ad14edadd1b4729","blockNumber":"42","gasUsed":"82307","nonceUsed":"6","nextNonce":"7","delivered":{"taskId":1,"round":1}}
   ok: relay answered ok ()
   ok: delivery round 1 committed
[index] scan 42..42 rows=14
   /me myTasks: [{"taskId":1,"proposalId":2,"proposer":"0xA6A00F518F85e975612D61675E1824148E7119F7","worker":"0xD250dCF7e0ff0bd409F48924eA292c0f2d27d45C","verifiers":["0xEc24F61d7F782ab7340596C45522DEB6971F683e","0xBD6AAB2A2A44609b2ad856550bD54A8C56adD410"],"threshold":2,"confirmations":0,"round":1,"rewardShares":"5000000000000000000","rewardSharesFormatted":"5","status":"Active","evidenceHash":"0x2ddb3e2784a74da
   ok: /me shows the delivery awaiting verification
   $ python3 snippet.py join --key /Users/michaelmacmini/srv/zero-one-dao/state/e2e-relay-1788868138641/keys/v1.key
   stderr: 0xec24f61d7f782ab7340596c45522deb6971f683e
   GET http://127.0.0.1:18752/relay?op=join&authorization=eyJjaGFpbklkIjozMTQwMSwi...
   -> 200 {"ok":true,"verb":"join","address":"0xEc24F61d7F782ab7340596C45522DEB6971F683e","delegated":true,"hash":"0xc95bc85ef9b4bca135b973ac8548f934ef8f7cd3683cb53b8d84130db652029d","blockNumber":"43","nonce":"0","shares":"0","note":"mints nothing; deposit at NAV or earn shares by verified work"}
   ok: relay answered ok ()
   $ python3 snippet.py confirm --key /Users/michaelmacmini/srv/zero-one-dao/state/e2e-relay-1788868138641/keys/v1.key --task 1 --evidence "done: relay e2e delivered"
[index] scan 43..43 rows=14
   stderr: 0xec24f61d7f782ab7340596c45522deb6971f683e
   GET http://127.0.0.1:18752/relay?intent=eyJtZXNzYWdlIjp7Im1lbWJl...
   -> 200 {"ok":true,"verb":"confirm","op":9,"member":"0xEc24F61d7F782ab7340596C45522DEB6971F683e","hash":"0xad8ec3b096c9d627cc10a4ca354fd281c62fb9ef928d2e597ea93cf9ac091fd5","blockNumber":"44","gasUsed":"101092","nonceUsed":"0","nextNonce":"1","confirmed":{"taskId":1,"confirmations":1}}
   ok: relay answered ok ()
   ok: first confirmation: nothing minted yet
   $ python3 snippet.py join --key /Users/michaelmacmini/srv/zero-one-dao/state/e2e-relay-1788868138641/keys/v2.key
[index] scan 44..44 rows=15
   stderr: 0xbd6aab2a2a44609b2ad856550bd54a8c56add410
   GET http://127.0.0.1:18752/relay?op=join&authorization=eyJjaGFpbklkIjozMTQwMSwi...
   -> 200 {"ok":true,"verb":"join","address":"0xBD6AAB2A2A44609b2ad856550bD54A8C56adD410","delegated":true,"hash":"0x6f2a734e879a78cb9c6ea57bcc14fdc7abcb86eceb1047b6a93a177d2c176135","blockNumber":"45","nonce":"0","shares":"0","note":"mints nothing; deposit at NAV or earn shares by verified work"}
   ok: relay answered ok ()
   $ python3 snippet.py confirm --key /Users/michaelmacmini/srv/zero-one-dao/state/e2e-relay-1788868138641/keys/v2.key --task 1 --evidence "done: relay e2e delivered"
[index] scan 45..45 rows=15
   stderr: 0xbd6aab2a2a44609b2ad856550bd54a8c56add410
   GET http://127.0.0.1:18752/relay?intent=eyJtZXNzYWdlIjp7Im1lbWJl...
   -> 200 {"ok":true,"verb":"confirm","op":9,"member":"0xBD6AAB2A2A44609b2ad856550bD54A8C56adD410","hash":"0x8c62d593beb829d50914396bc36e94fb0f5299ed1d110343c89d104e497034ff","blockNumber":"46","gasUsed":"193830","nonceUsed":"0","nextNonce":"1","confirmed":{"taskId":1,"confirmations":2},"verified":{"taskId":1,"worker":"0xD250dCF7e0ff0bd409F48924eA292c0f2d27d45C","rewardShares":"5"}}
   ok: relay answered ok ()
   ok: second confirmation mints exactly 5 shares to the worker
[index] scan 46..46 rows=18
   /me: shares 105 (67.7419%) exitValue 94.838709
   ok: the agent sees 105 shares

== step 14: T0 agent (passphrase, fetch only): identity, join, deposit 20 USDC
   GET http://127.0.0.1:18752/relay?op=identity&pass=<redacted>
   -> 200 {"ok":true,"address":"0x21993b351018DD8d1f89acc9819460CdCdEb68B5","chainId":31401,"adapter":"0xcCbEa0730D9CF62c8F66e93aCd78bFa1E272Edc6","delegated":false,"nonce":"0","authorizationNonce":0,"chainTime":1788954562,"domain":{"name":"ZeroOneIntent","version":"1","chainId":31401,"verifyingContract":"0xcCbEa0730D9CF62c8F66e93aCd78bFa1E272Edc6"},"custody":"custodial-lite","me":"/me/pass/daf4812bfc5aee50e96ffd74d2ce21499f6f0bd9934a838ca9bda7ffb3de72dc.json"}
   ok: relay answered ok ()
   GET http://127.0.0.1:18752/relay?op=join&pass=<redacted>
   -> 200 {"ok":true,"verb":"join","address":"0x21993b351018DD8d1f89acc9819460CdCdEb68B5","delegated":true,"hash":"0x86dbaf4d1818b6d1d5381379f48261cb99cc5772abbc121aab1c4ef32f7f46d5","blockNumber":"47","nonce":"0","shares":"0","note":"mints nothing; deposit at NAV or earn shares by verified work"}
   ok: relay answered ok ()
   ok: T0 account delegated
   GET http://127.0.0.1:18752/relay?op=deposit&amount=20000000&pass=<redacted>
[index] scan 47..47 rows=18
   -> 200 {"ok":true,"verb":"deposit","op":5,"member":"0x21993b351018DD8d1f89acc9819460CdCdEb68B5","hash":"0xc44755e414c513a62d7b0b652bff166e23d1cfa93311c9a8ee2b01cf0a375d55","blockNumber":"49","gasUsed":"209541","nonceUsed":"0","nextNonce":"1","deposit":{"usdc":"20","sharesMinted":"22.142857142857142857"},"faucet":{"toppedUpUsdc":"20","hash":"0x33fa5f49efe73f6cdea4068c99d18617ade2284ee744f8ef01fdc68adcffd01e"},"custody":"custodial-lite","me":"/me/pass/daf4812bfc5aee50e96ffd74d2ce21499f6f0bd9934a838ca9bda7ffb3de72dc.json"}
   ok: relay answered ok ()
   T0 deposit -> 22.142857142857142857 shares (raw 22142857142857142857)
   ok: T0 received 20 x 155 / 140 shares at NAV
[index] scan 48..49 rows=19
   /me/pass: custody custodial-lite shares 22.142857142857142857 nonce 1
   ok: /me/pass/<sha256> reports the T0 shares

== step 15: T1 agent proposes Payment #2 (1 USDC to the T0 address); T0 votes YES then ragequits during voting (allowed); T0 sees 0 shares
   $ node snippet.js propose --key /Users/michaelmacmini/srv/zero-one-dao/state/e2e-relay-1788868138641/keys/agent.key --template Payment --params "{\"recipients\":[\"0x21993b351018DD8d1f89acc9819460CdCdEb68B5\"],\"amounts\":[\"1000000\"]}" --summary "agent: 1 USDC to the T0 agent"
   stderr: 0xd250dcf7e0ff0bd409f48924ea292c0f2d27d45c | {"instance":"0x512C3d15b4C1D61697D2f5C8aC656BFe25668BaA","exists":false,"codeHash":"0xae77a7d4fb0fdfbd9b72b56015aaf67f30772197c687ac2e60531d5ed8b04e38","paramsHash":"0x54d4ec7568995903ff85c571fabce37859ee91f557b307c73ee4e165fa0979ac","operator":"0xD250dCF7e0ff0bd409F48924eA292c0f2d27d45C","budgetUsdc":"1","canPropose":true}
   GET http://127.0.0.1:18752/relay?intent=eyJtZXNzYWdlIjp7Im1lbWJl...
   -> 200 {"ok":true,"verb":"propose","op":0,"member":"0xD250dCF7e0ff0bd409F48924eA292c0f2d27d45C","hash":"0x070c96e3096d78a0694fc7c21d8f715a5b0d401c0246329ed66c32583b549edd","blockNumber":"51","gasUsed":"273473","nonceUsed":"7","nextNonce":"8","proposalId":3,"sponsored":true,"instance":"0x512C3d15b4C1D61697D2f5C8aC656BFe25668BaA","template":"Payment","codeHash":"0xae77a7d4fb0fdfbd9b72b56015aaf67f30772197c687ac2e60531d5ed8b04e38","deployHash":"0xfd2937eb581301346e4d9edecf1006cd15a369e0db75a41a334a75ee4e00b3ce","deployedBy":"relay sponsor"}
   ok: relay answered ok ()
   ok: proposal #3 submitted; its instance deployed by the sponsor at the CREATE2 address
   GET http://127.0.0.1:18752/relay?op=vote&proposalId=3&approve=yes&pass=<redacted>
[index] scan 50..51 rows=20
   -> 200 {"ok":true,"verb":"vote","op":2,"member":"0x21993b351018DD8d1f89acc9819460CdCdEb68B5","hash":"0x77457b48cea5bea694b979c50389b6622a98716f3bcf604a6f2e30cdeea477c9","blockNumber":"53","gasUsed":"140857","nonceUsed":"1","nextNonce":"2","waitedBlocks":1,"vote":{"proposalId":3,"approved":true,"shares":"22.142857142857142857"},"custody":"custodial-lite","me":"/me/pass/daf4812bfc5aee50e96ffd74d2ce21499f6f0bd9934a838ca9bda7ffb3de72dc.json"}
   ok: relay answered ok ()
   ok: the relay waited exactly one block before sending a vote that followed a fresh submission (ruling 7)
   ok: T0 voted YES on #3
   GET http://127.0.0.1:18752/relay?op=ragequit&pass=<redacted>
[index] scan 52..53 rows=21
   -> 200 {"ok":true,"verb":"ragequit","op":4,"member":"0x21993b351018DD8d1f89acc9819460CdCdEb68B5","hash":"0xe77d6e4d3ff948345a0671e0e01405bcde3ff68ef4e68742ccc1f745d697d069","blockNumber":"54","gasUsed":"190509","nonceUsed":"2","nextNonce":"3","ragequit":{"sharesBurned":"22.142857142857142857"},"custody":"custodial-lite","me":"/me/pass/daf4812bfc5aee50e96ffd74d2ce21499f6f0bd9934a838ca9bda7ffb3de72dc.json"}
   ok: relay answered ok ()
   ok: T0 ragequit all shares
   T0 usdc 0 -> 19999999
   ok: T0 received its pro-rata USDC
[index] scan 54..54 rows=22
   ok: /me/pass shows 0 shares after ragequit

== step 16: T1 agent ragequits all shares; sees 0 shares and its pro-rata USDC
   $ node snippet.js ragequit --key /Users/michaelmacmini/srv/zero-one-dao/state/e2e-relay-1788868138641/keys/agent.key
   stderr: 0xd250dcf7e0ff0bd409f48924ea292c0f2d27d45c
   GET http://127.0.0.1:18752/relay?intent=eyJtZXNzYWdlIjp7Im1lbWJl...
   -> 200 {"ok":true,"verb":"ragequit","op":4,"member":"0xD250dCF7e0ff0bd409F48924eA292c0f2d27d45C","hash":"0x4fab133e3625613baf200bb197206fe80db205cf7d33d2b0a00e6da78ffac793","blockNumber":"55","gasUsed":"156285","nonceUsed":"8","nextNonce":"9","ragequit":{"sharesBurned":"105"}}
   ok: relay answered ok ()
   ok: 105 shares burned
   paid 94838710 (expected 94838710) from treasury 140000001 at supply 155000000000000000000
   ok: the agent received exactly its pro-rata of the Safe
[index] scan 55..55 rows=23
   /me: shares 0 usdc 104.83871 nonce 9
   ok: /me shows 0 shares

== step 17: readable failures: every rejected request carries a JSON reason (decoded custom error / Baal string), never a bare revert
   $ node snippet.js execute --key /Users/michaelmacmini/srv/zero-one-dao/state/e2e-relay-1788868138641/keys/agent.key --proposal 3
   stderr: 0xd250dcf7e0ff0bd409f48924ea292c0f2d27d45c
   GET http://127.0.0.1:18752/relay?intent=eyJtZXNzYWdlIjp7Im1lbWJl...
[relay] /relay?intent=eyJtZXNzYWdlIjp7Im1lbWJlciI6IjB4ZDI1MGRjZjdlMGZmMGJkNDA5ZjQ4OTI0ZWEyOTJjMGYyZDI3ZDQ1YyIsIm9wIjozLCJwcm9wb3NhbElkIjozLCJhbW91bnQiOiIwIiwiZXZpZGVuY2VIYXNoIjoiMHgwMDAwMDAwMDAwMDAwMDAwMDAwMD -> 422 reverted: the proposal is not ready to execute: wait for grace to end, or it was defeated / cancelled / already processed
   -> 422 {"ok":false,"status":422,"reason":"reverted: the proposal is not ready to execute: wait for grace to end, or it was defeated / cancelled / already processed","error":{"name":"Error","args":{"message":"!ready"}}}
   ok: relay answered with a JSON reason: reverted: the proposal is not ready to execute: wait for grace to end, or it was defeated / cancelled / already processed
   ok: execute before grace -> 422 with Baal '!ready' decoded
   GET http://127.0.0.1:18752/relay?op=vote&proposalId=3&approve=no&pass=<redacted>
[index] resume 55 scanned=0
[relay] /relay?op=vote&proposalId=3&approve=no&pass=<redacted> -> 422 reverted: this address already voted on the proposal
   -> 422 {"ok":false,"status":422,"reason":"reverted: this address already voted on the proposal","error":{"name":"Error","args":{"message":"voted"}}}
   ok: relay answered with a JSON reason: reverted: this address already voted on the proposal
   ok: T0 voting twice -> 'voted' decoded
   $ node snippet.js task --key /Users/michaelmacmini/srv/zero-one-dao/state/e2e-relay-1788868138641/keys/agent.key --task 1
[index] resume 55 scanned=0
   stderr: 0xd250dcf7e0ff0bd409f48924ea292c0f2d27d45c
   GET http://127.0.0.1:18752/relay?intent=eyJtZXNzYWdlIjp7Im1lbWJl...
[relay] /relay?intent=eyJtZXNzYWdlIjp7Im1lbWJlciI6IjB4ZDI1MGRjZjdlMGZmMGJkNDA5ZjQ4OTI0ZWEyOTJjMGYyZDI3ZDQ1YyIsIm9wIjo3LCJwcm9wb3NhbElkIjowLCJhbW91bnQiOiIxIiwiZXZpZGVuY2VIYXNoIjoiMHgwMDAwMDAwMDAwMDAwMDAwMDAwMD -> 422 reverted: WrongStatus(taskId=1, expected=2, observed=3)
   -> 422 {"ok":false,"status":422,"reason":"reverted: WrongStatus(taskId=1, expected=2, observed=3)","error":{"name":"WrongStatus","args":{"taskId":"1","expected":"2","observed":"3"}}}
   ok: relay answered with a JSON reason: reverted: WrongStatus(taskId=1, expected=2, observed=3)
   ok: claiming a completed task -> custom error WrongStatus decoded with its arguments
   $ python3 snippet.py deposit --key /Users/michaelmacmini/srv/zero-one-dao/state/e2e-relay-1788868138641/keys/v1.key --amount 0
[index] resume 55 scanned=0
   stderr: 0xec24f61d7f782ab7340596c45522deb6971f683e
   GET http://127.0.0.1:18752/relay?intent=eyJtZXNzYWdlIjp7Im1lbWJl...
[relay] /relay?intent=eyJtZXNzYWdlIjp7Im1lbWJlciI6IjB4ZWMyNGY2MWQ3Zjc4MmFiNzM0MDU5NmM0NTUyMmRlYjY5NzFmNjgzZSIsIm9wIjo1LCJwcm9wb3NhbElkIjowLCJhbW91bnQiOiIwIiwiZXZpZGVuY2VIYXNoIjoiMHgwMDAwMDAwMDAwMDAwMDAwMDAwMD -> 422 reverted: ZeroAmount()
   -> 422 {"ok":false,"status":422,"reason":"reverted: ZeroAmount()","error":{"name":"ZeroAmount","args":{}}}
   ok: relay answered with a JSON reason: reverted: ZeroAmount()
   ok: deposit 0 -> DepositShaman.ZeroAmount decoded
   GET http://127.0.0.1:18752/relay?op=propose&template=Bogus&params=%7B%7D&pass=<redacted>
[relay] /relay?op=propose&template=Bogus&params=%7B%7D&pass=<redacted> -> 400 unknown template Bogus; use one of Payment, Strategy, Project, Config
   -> 400 {"ok":false,"status":400,"reason":"unknown template Bogus; use one of Payment, Strategy, Project, Config"}
   ok: relay answered with a JSON reason: unknown template Bogus; use one of Payment, Strategy, Project, Config
   ok: unknown template -> 400 with a reason
   $ python3 snippet.py propose --key /Users/michaelmacmini/srv/zero-one-dao/state/e2e-relay-1788868138641/keys/v1.key --template Payment --params "{\"recipients\":[\"0xD250dCF7e0ff0bd409F48924eA292c0f2d27d45C\"],\"amounts\":[\"10000000\"]}" --summary "v1: no shares"
   stderr: 0xec24f61d7f782ab7340596c45522deb6971f683e | {"instance": "0xA4C0e73F50545CD4877771e269fD5b5d68Cbbd5c", "exists": false, "codeHash": "0x791e000d56cc5aaa22fed96d25538c1381cd7abf029b9c6c892eb835ad1900db", "paramsHash": "0x962d009bc857914e83a6502e6c56004f98261e8f0f2a849e36b2ad10616611da", "operator": "0xEc24F61d7F782ab7340596C45522DEB6971F683e", "budgetUsdc": "10", "canPropose": false}
   GET http://127.0.0.1:18752/relay?intent=eyJtZXNzYWdlIjp7Im1lbWJl...
[relay] /relay?intent=eyJtZXNzYWdlIjp7Im1lbWJlciI6IjB4ZWMyNGY2MWQ3Zjc4MmFiNzM0MDU5NmM0NTUyMmRlYjY5NzFmNjgzZSIsIm9wIjowLCJwcm9wb3NhbElkIjowLCJhbW91bnQiOiIwIiwiZXZpZGVuY2VIYXNoIjoiMHgwMDAwMDAwMDAwMDAwMDAwMDAwMD -> 409 propose needs at least 1 shares so the proposal is self-sponsored (you hold 0); deposit first
   -> 409 {"ok":false,"status":409,"reason":"propose needs at least 1 shares so the proposal is self-sponsored (you hold 0); deposit first"}
   ok: relay answered with a JSON reason: propose needs at least 1 shares so the proposal is self-sponsored (you hold 0); deposit first
   ok: propose by a member below sponsorThreshold -> 409 (no sponsored deployment, no unsponsorable proposal)
   GET http://127.0.0.1:18752/relay?op=sponsor&proposalId=3&pass=<redacted>
[relay] /relay?op=sponsor&proposalId=3&pass=<redacted> -> 400 unknown op sponsor; T0 verbs: join, deposit, task, deliver, propose, vote, execute, ragequit, work, confirm (sponsor no longer exists: work self-sponsors)
   -> 400 {"ok":false,"status":400,"reason":"unknown op sponsor; T0 verbs: join, deposit, task, deliver, propose, vote, execute, ragequit, work, confirm (sponsor no longer exists: work self-sponsors)"}
   ok: relay answered with a JSON reason: unknown op sponsor; T0 verbs: join, deposit, task, deliver, propose, vote, execute, ragequit, work, confirm (sponsor no longer exists: work self-sponsors)
   ok: op=sponsor no longer exists -> 400
   GET http://127.0.0.1:18752/relay?op=prepare&member=0xA6A00F518F85e975612D61675E1824148E7119F7&template=Payment&params=%7B%22recipients%22%3A%5B%220xD250dCF7e0ff0bd409F48924eA292c0f2d27d45C%22%5D%2C%22amounts%22%3A%5B%2210000000%22%5D%7D
[relay] /relay?op=prepare&member=0xA6A00F518F85e975612D61675E1824148E7119F7&template=Payment&params=%7B%22recipients%22%3A%5B%220xD250dCF7e0ff0bd409F48924eA292c0f2d27d45C%22%5D%2C%22amounts%22%3A%5B%221000000 -> 400 expected intent=<base64url envelope>, op=join&authorization=<base64url>, op=quote&member=..&template=..&params=..[&summary=&salt=], or op=<verb>&pass=<secret>
   -> 400 {"ok":false,"status":400,"reason":"expected intent=<base64url envelope>, op=join&authorization=<base64url>, op=quote&member=..&template=..&params=..[&summary=&salt=], or op=<verb>&pass=<secret>"}
   ok: relay answered with a JSON reason: expected intent=<base64url envelope>, op=join&authorization=<base64url>, op=quote&member=..&template=..&params=..[&summary=&salt=], or op=<verb>&pass=<secret>
   ok: op=prepare is retired -> 400
   GET http://127.0.0.1:18752/relay?op=quote&member=0xA6A00F518F85e975612D61675E1824148E7119F7&template=Payment&params=%7B%22recipients%22%3A%5B%220xA6A00F518F85e975612D61675E1824148E7119F7%22%5D%2C%22amounts%22%3A%5B%220%22%5D%7D
[relay] /relay?op=quote&member=0xA6A00F518F85e975612D61675E1824148E7119F7&template=Payment&params=%7B%22recipients%22%3A%5B%220xA6A00F518F85e975612D61675E1824148E7119F7%22%5D%2C%22amounts%22%3A%5B%220%22%5D%7 -> 422 reverted: ZeroAmount(index=0)
   -> 422 {"ok":false,"status":422,"reason":"reverted: ZeroAmount(index=0)","error":{"name":"ZeroAmount","args":{"index":"0"}}}
   ok: relay answered with a JSON reason: reverted: ZeroAmount(index=0)
   ok: quote with a zero payment -> the template constructor's ZeroAmount decoded from the factory dry run

== step 18: cross-check: node, python and viem produce byte-identical signatures for the same intent (deterministic RFC 6979)
   $ node snippet.js vote --key /Users/michaelmacmini/srv/zero-one-dao/state/e2e-relay-1788868138641/keys/founder.key --proposal 3 --approve no --deadline 1788955165
   stderr: 0xa6a00f518f85e975612d61675e1824148e7119f7
   $ python3 snippet.py vote --key /Users/michaelmacmini/srv/zero-one-dao/state/e2e-relay-1788868138641/keys/founder.key --proposal 3 --approve no --deadline 1788955165
   stderr: 0xa6a00f518f85e975612d61675e1824148e7119f7
   ok: node and python snippets sign identically
   ok: viem's EIP-712 signature equals the snippets' (same digest, same key)

== step 19: phase 3 two-process concurrency, duplicate intents, restart cursor and killed broadcaster recovery
ASSERT Base policy no faucet; daily=2000000000000000 floor=3000000000000000 maxFee=100000000 priority=1000000
ASSERT sponsored hash=0x8558c6d565afdea8523bb3f48abd478fe4953272373e50fb920c1c8565f5fac7 replayed=false
ASSERT sponsored hash=0x0c8cf74873a21176c3efc5c80d34ad3c74bcccce24de3162247bd69e5bddc5eb replayed=false
[index] scan 56..57 rows=23
ASSERT sponsored hash=0x4be1caabacb79563096f51aeba6b4e6c6f572d355f9f3d6502a761459f9e5813 replayed=false
ASSERT sponsored hash=0xc56ef4a9ef786216ed960121743731fbffc5702597032d6ba21afe2996fbb4c6 replayed=false
ASSERT two processes concurrent deposits nonce=29,31 treasuryDelta=2000000 no collision no double spend

=== RELAY E2E: FAIL ===

TypeError: Do not know how to serialize a BigInt
    at JSON.stringify (<anonymous>)
    at hardening (/Users/michaelmacmini/srv/zero-one-dao/relay/e2e-hardening.ts:65:66)
    at process.processTicksAndRejections (node:internal/process/task_queues:104:5)
    at async main (/Users/michaelmacmini/srv/zero-one-dao/relay/e2e-local.ts:366:5)
