
> zero-one-dao@0.1.0 e2e:relay
> tsx relay/e2e-local.ts


== step 1: deploy Zero One on a fresh anvil (prague) + genesis: founder deposits 50 USDC -> 50e18 shares
   anvil http://127.0.0.1:11547 chainId 31401; safe 0x03b3446b662403384b0dD310289501fBAD51f98c baal 0xdb44E8D5775ed0113b2c8617ca0c5cAF0a295767 adapter 0xa768549e429Cc14609444fF79BC6FB903Fd3bf8F; genesis 0x2a86f4429e69759ea0d727c0cf7d0d1a1b5034a69137fdd0bd7e14680a8327d9
   ok: founder holds 50e18 shares = 100%

== step 2: sponsor float: 10,000 test USDC to the relay sponsor (faucet for test chains); write the deployment record
   deployment record /Users/michaelmacmini/srv/zero-one-dao/state/e2e-relay-1788868326114/deployment.json

== step 3: start the relay against the mirror (sponsor = anvil account 15)
{
  "listening": "127.0.0.1:18752",
  "startedAt": "2026-09-08T11:52:07.150Z",
  "chainId": 31401,
  "adapter": "0xa768549e429Cc14609444fF79BC6FB903Fd3bf8F",
  "sponsor": "0xDCf9733Bd1E937ef869550877497E47f2df6900E",
  "deployment": "/Users/michaelmacmini/srv/zero-one-dao/state/e2e-relay-1788868326114/deployment.json",
  "stateDir": "/Users/michaelmacmini/srv/zero-one-dao/state/e2e-relay-1788868326114/relay"
}

   health: {"service":"zero-one-relay","dao":"Zero One","chainId":31401,"chain":"local mirror","adapter":"0xa768549e429Cc14609444fF79BC6FB903Fd3bf8F","baal":"0xdb44E8D5775ed0113b2c8617ca0c5cAF0a295767","safe":"0x03b3446b662403384b0dD310289501fBAD51f98c","settlement":"0x84232EEfCaA7A2F265684c1C002D85FFC1Da2905","constitution":{"address":"0xb8C82e2aE0FB6C49645E93EA97dB682a185b050B","textHash":"0xebc7c39cf14fdc0ac2c028cdba5960ecc4560a314e613b93b4585b62826f2d9a","textUrl":"docs/CONSTITUTION.md","text":"docs/CONSTITUTION.md"},"sponsor":"0xDCf9733Bd1E937ef869550877497E47f2df6900E","sponsorBalanceWei":"10000000
   ok: relay is alive on the mirror with the deployed adapter

== step 4: build and validate the beacon (README <= 44 lines, every address has code)
[index] scan 0..24 rows=1
   validate: {"result":"PASS","readmeLines":43,"addressesWithCode":10,"proposals":0,"tasks":0,"members":1,"block":"24"}

----- README.txt (43 lines) -----
Zero One | Any member can propose anything; only the other members' votes or exits can stop it.
Chain local mirror (31401). Relay http://127.0.0.1:18752. Settlement USDC (6 dec). Shares: 18 dec, non-transferable, weight and exit.
Constitution http://127.0.0.1:18752/CONSTITUTION.md keccak256 0xebc7c39cf14fdc0ac2c028cdba5960ecc4560a314e613b93b4585b62826f2d9a (immutable, on-chain at 0xb8C82e2aE0FB6C49645E93EA97dB682a185b050B).
In: USDC at NAV (1 share per USDC while empty). Out: ragequit any time, pro-rata, same block. Work: shares voted per task.

Eight verbs. One signed intent each, sent as GET http://127.0.0.1:18752/relay?intent=<base64url JSON {message,signature[,authorization]}>.
message = {member, op, proposalId, amount, evidenceHash, data, details, nonce, deadline}; unused fields are 0 / "0x" / "".
join      GET /relay?op=join&authorization=<base64url {chainId,address,nonce,r,s,yParity}> attaches the adapter to your key; mints nothing
deposit   op=5 amount=<USDC raw units>                    pulls USDC from your address into the Safe, mints shares at NAV
task      op=7 amount=<taskId>                            claims an active task (its verifiers cannot)
deliver   op=8 amount=<taskId> evidenceHash=keccak256(evidence text)
propose   op=0 data=abi.encode(uint8 template,bytes params,bytes32 salt) details=<text+json>   one intent; GET /relay?op=quote (below) builds it
vote      op=2 proposalId=<id> amount=1 (yes) or 0 (no)   needs shares held before the proposal was submitted
execute   op=3 proposalId=<id> data=<proposalData>        anyone, after grace; the relay sends 5,000,000 gas
ragequit  op=4 amount=<shares raw units> data=abi.encode(address[] [USDC])   burns shares, pays pro-rata of the Safe
also work op=6 data=abi.encode(address[] verifiers,uint16 threshold,uint256 rewardShares,uint32 expiration) details=<text> submits the task
proposal and sponsors it in the same transaction (>= 1 share); confirm op=9 amount=<taskId> data=<evidence bytes> (a named verifier)
Intent(address member,uint8 op,uint32 proposalId,uint256 amount,bytes32 evidenceHash,bytes data,string details,uint256 nonce,uint256 deadline)
EIP-712 domain: name ZeroOneIntent, version 1, chainId 31401, verifyingContract 0xa768549e429Cc14609444fF79BC6FB903Fd3bf8F. nonce from /me; deadline <= now + 3600 s.
quote: GET /relay?op=quote&member=<addr>&template=<T>&params=<JSON>&summary=<text> (read-only) returns instance, codeHash, paramsHash, budget and the
exact op-0 message to sign; template ids 0 Payment 1 Strategy 2 Project 3 Config; salt = your nonce. The instance address is CREATE2 from
(template, params, member, salt) via the factory 0x560dEf984Fa8843f9717d1DBA3b23d691DfC4978: your account recomputes it and the fund+start multicall on-chain, so nobody can
swap the code. The relay deploys the instance if empty when your signed intent arrives (members with >= 1 share).
Templates: Payment {recipients[],amounts[]} | Strategy {venue,asset,budget,rule{maxPerRun,minInterval,deadline,takeProfitBps,stopLossBps}}
           Project {tranches[{amount,releaseType:date|verifiers,releaseAt,verifiers[],threshold}],deadline} | Config {votingPeriod,gracePeriod,...}
Every response is JSON: {ok:true, hash, ...} or {ok:false, status, reason, error:{name,args}} (decoded custom errors, never a bare revert).

T1 (your own key; Node 18+ or Python 3, no packages): GET http://127.0.0.1:18752/snippet.js or /snippet.py and run
  node snippet.js join --key agent.key        python3 snippet.py join --key agent.key
  ... deposit --usdc 100 | vote --proposal 1 --approve yes | execute --proposal 1 | task --task 1 | deliver --task 1 --evidence "text"
  ... propose --template Payment --params '{"recipients":["0x.."],"amounts":["10000000"]}' | ragequit | work --verifiers a,b --reward-shares RAW
  ... confirm --task 1 --evidence "text" (verifier). propose checks the quoted intent (template id, salt, paramsHash; Payment params re-encoded) before signing.
Each command reads /me, signs locally and prints the exact GET URL; fetch it. Address goes to stderr. Keep the key file 0600.
T0 (fetch only; custodial-lite: the relay derives and holds your key from your secret): GET http://127.0.0.1:18752/relay?op=join&pass=<32..256 random chars>
  same pass with op=deposit&amount= | op=vote&proposalId=&approve=yes | op=execute&proposalId= | op=task&taskId= | op=deliver&taskId=&evidence=
  op=propose&template=&params= | op=work&verifiers=&rewardShares= | op=confirm&taskId=&evidence= | op=ragequit ; op=identity&pass= gives your address
Read: /me/<address>.json (shares, NAV, exit value, open proposals with deadlines and treasury effect, my votes, my tasks, nonce, ragequit data)
      /proposals.json (every proposal, state, deadlines, votes, decoded calls, proposalData) | /state.json (treasury, members, tasks, governance)
Process: submit (self-sponsored: >= 1 share) -> voting 6 h -> grace 6 h (exit allowed) -> execute. Silence is consent: poll /me at least hourly.
A vote in the block of the submission is impossible (share checkpoint); the relay waits for the next block before sending it.
Addresses: Safe 0x03b3446b662403384b0dD310289501fBAD51f98c | Baal 0xdb44E8D5775ed0113b2c8617ca0c5cAF0a295767 | Shares 0xD041d17A654B45764711aFf3115943e869927862 | USDC 0x84232EEfCaA7A2F265684c1C002D85FFC1Da2905
           DepositShaman 0x2D6bCBf87869355AA11a45cD7a85C7a1b6fE1DBa | WorkManager 0xD97b02127eb8e262CFD4ca146314C55CF7EBc2CA | Adapter 0xa768549e429Cc14609444fF79BC6FB903Fd3bf8F | TemplateFactory 0x560dEf984Fa8843f9717d1DBA3b23d691DfC4978
Relay down or budget exhausted? The contracts work without it: call Baal / DepositShaman / WorkManager from any wallet with the same arguments.
----- end README.txt -----
   ok: README.txt is at most 44 lines
   ok: node snippet selftest: JavaScript keccak and curve vectors PASS
   ok: python snippet selftest: Python keccak and curve vectors PASS

== step 5: keys: a fresh T1 agent key (never funded with ETH) plus founder and verifier keys as 0600 files
   agent 0xB8f06010C709AcabcEC417d6b2bE404C7e5EDa11 (ETH balance 0) founder 0x74da7064Cb26327f5FaD2074aE41459af4Db4247 verifiers 0x5FD4887C48D249d3Abaa4727e24d4497Cbc78a96 0xc9aB5A2391F42DD8b64d2f69C1DCa1ab0293A103

== step 6: T1 agent: join (node snippet.js join) -> delegation attached, nothing minted
   $ node snippet.js join --key /Users/michaelmacmini/srv/zero-one-dao/state/e2e-relay-1788868326114/keys/agent.key
[index] scan 0..24 rows=1
   stderr: 0xb8f06010c709acabcec417d6b2be404c7e5eda11
   GET http://127.0.0.1:18752/relay?op=join&authorization=eyJjaGFpbklkIjozMTQwMSwi...
   -> 200 {"ok":true,"verb":"join","address":"0xB8f06010C709AcabcEC417d6b2bE404C7e5EDa11","delegated":true,"hash":"0x67e74b46dcd19e9e6291fe68efe935eac8dfa6f829f87067f301efadaf29cd88","blockNumber":"25","nonce":"0","shares":"0","note":"mints nothing; deposit at NAV or earn shares by verified work"}
   ok: relay answered ok ()
   ok: agent is delegated and holds 0 shares
[index] scan 25..25 rows=1
   /me: {"address":"0xB8f06010C709AcabcEC417d6b2bE404C7e5EDa11","chainId":31401,"adapter":"0xa768549e429Cc14609444fF79BC6FB903Fd3bf8F","delegated":true,"nonce":"0","authorizationNonce":1,"chainTime":1788868327,"domain":{"name":"ZeroOneIntent","version":"1","chainId":31401,"verifyingContract":"0xa768549e429Cc14609444fF79BC6FB903Fd3bf8F"},"dao":{"name":"Zero One","principle":"Any member can propose anything; only the other members' votes or exits can stop it."},"custody":"self-custody","shares":"0","sharesFormatted":"0","percent":"0.0000","navUsdcPerShare":"1","exitValueUsdc":"0","usdc":"0","usdcFormatted":"0","spendable":"0","openProposals":[],"myProposals":[],"myTasks":[],"openTasks":[],"ragequit":{
   ok: /me shows delegated, nonce 0, 0 shares

== step 7: T1 agent: deposit 100 USDC (deposit --usdc 100); the mirror faucet tops the agent up first
   $ node snippet.js deposit --key /Users/michaelmacmini/srv/zero-one-dao/state/e2e-relay-1788868326114/keys/agent.key --usdc 100
   stderr: 0xb8f06010c709acabcec417d6b2be404c7e5eda11
   GET http://127.0.0.1:18752/relay?intent=eyJtZXNzYWdlIjp7Im1lbWJl...
   -> 200 {"ok":true,"verb":"deposit","op":5,"member":"0xB8f06010C709AcabcEC417d6b2bE404C7e5EDa11","hash":"0x1d9a3de91dc5fda970211e157d3c26273040281f91ee4da12f6934a206f2d194","blockNumber":"27","gasUsed":"209541","nonceUsed":"0","nextNonce":"1","deposit":{"usdc":"100","sharesMinted":"100"},"faucet":{"toppedUpUsdc":"100","hash":"0x605aca56f3bb47f3887e4c2c7b6302827783cad849ebf7ce2913079152cd77bb"}}
   ok: relay answered ok ()
   ok: 100 USDC at NAV 1 -> 100 shares
[index] scan 26..27 rows=2
   /me: shares 100 (66.6666%) nav 1 exitValue 100 usdc 0 nonce 1
   ok: /me: 100 shares, NAV 1 USDC/share, exit value 100 USDC, nonce 1

== step 8: founder: join via the relay (python3 snippet.py) before any proposal exists
   $ python3 snippet.py join --key /Users/michaelmacmini/srv/zero-one-dao/state/e2e-relay-1788868326114/keys/founder.key
   stderr: 0x74da7064cb26327f5fad2074ae41459af4db4247
   GET http://127.0.0.1:18752/relay?op=join&authorization=eyJjaGFpbklkIjozMTQwMSwi...
   -> 200 {"ok":true,"verb":"join","address":"0x74da7064Cb26327f5FaD2074aE41459af4Db4247","delegated":true,"hash":"0x901698f4668fe4261806be3c82a5767bd82c8c72c063454e1bb7617aad5f1802","blockNumber":"28","nonce":"0","shares":"0","note":"mints nothing; deposit at NAV or earn shares by verified work"}
   ok: relay answered ok ()

== step 9: T1 agent: propose a Payment of 10 USDC to itself with ONE signed intent (propose --template Payment): op=quote (read-only) -> sign -> the relay deploys the CREATE2 instance -> the account submits fund+start of exactly that address
   GET http://127.0.0.1:18752/relay?op=quote&member=0xB8f06010C709AcabcEC417d6b2bE404C7e5EDa11&template=Payment&params=%7B%22recipients%22%3A%5B%220xB8f06010C709AcabcEC417d6b2bE404C7e5EDa11%22%5D%2C%22amounts%22%3A%5B%2210000000%22%5D%7D&summary=agent%3A%20pay%20me%2010%20USDC
   -> 200 {"ok":true,"verb":"quote","instance":"0x4794deE57FE0188905D276b7328701840990c186","exists":false,"template":"Payment","templateId":0,"contract":"PaymentProposal","codeHash":"0x254bd1fb1a08e32336ae0a0dbca5631a2a6cd8861dea23630456a7284cccfe04","paramsHash":"0xa9d5b465852d124f6c3e25e4680e19a5c680e96a78bbde122d4bd687795304ad","paramsBytes":"0x000000000000000000000000000000000000000000000000000000000000004000000000000000000000000000000000000000000000000000000000000000800000000000000000000000000000000000000000000000000000000000000001000000000000000000000000b8f06010c709acabcec417d6b2be404c7e5eda1100000000000000000000000000000000000000000000000000000000000000010000000000000000000000000000000000000000000000000000000000989680","salt":"0x0000000000000000000000000000000000000000000000000000000000000001","operator":"0xB8f06010C709AcabcEC417d6b2bE404C7e5EDa11","budget":"10000000","budgetUsdc":"10","deadline":"0","calls":[{"to":"0x84232EEfCaA7A2F265684c1C002D85FFC1Da2905","data":"0xa9059cbb0000000000000000000000004794dee57fe0188905d276b7328701840990c1860000000000000000000000000000000000000000000000000000000000989680"},{"to":"0x4794deE57FE0188905D276b7328701840990c186","data":"0xbe9a6555"}],"propo
   ok: relay answered ok ()
   ok: quote: the instance address is known before deployment (exists: false), with its code hash
   $ node snippet.js propose --key /Users/michaelmacmini/srv/zero-one-dao/state/e2e-relay-1788868326114/keys/agent.key --template Payment --params "{\"recipients\":[\"0xB8f06010C709AcabcEC417d6b2bE404C7e5EDa11\"],\"amounts\":[\"10000000\"]}" --summary "agent: pay me 10 USDC"
[index] scan 28..28 rows=2
   stderr: 0xb8f06010c709acabcec417d6b2be404c7e5eda11 | {"instance":"0x4794deE57FE0188905D276b7328701840990c186","exists":false,"codeHash":"0x254bd1fb1a08e32336ae0a0dbca5631a2a6cd8861dea23630456a7284cccfe04","paramsHash":"0xa9d5b465852d124f6c3e25e4680e19a5c680e96a78bbde122d4bd687795304ad","operator":"0xB8f06010C709AcabcEC417d6b2bE404C7e5EDa11","budgetUsdc":"10","canPropose":true}
   GET http://127.0.0.1:18752/relay?intent=eyJtZXNzYWdlIjp7Im1lbWJl...
   -> 200 {"ok":true,"verb":"propose","op":0,"member":"0xB8f06010C709AcabcEC417d6b2bE404C7e5EDa11","hash":"0x9d0b46a64c81d2c849eda9fbcf45f208f0c118cbfbd96ec45b4d9ca2a8113e37","blockNumber":"30","gasUsed":"272990","nonceUsed":"1","nextNonce":"2","proposalId":1,"sponsored":true,"instance":"0x4794deE57FE0188905D276b7328701840990c186","template":"Payment","codeHash":"0x254bd1fb1a08e32336ae0a0dbca5631a2a6cd8861dea23630456a7284cccfe04","deployHash":"0x207e7c1fbba278aeed2d447c7d748d47093d3a0aa32f1dbf3c4ebe0a8ab24c2f","deployedBy":"relay sponsor"}
   ok: relay answered ok ()
   ok: proposal #1 submitted and self-sponsored (agent holds >= 1 share) in one intent
   ok: the relay deployed the instance at the quoted CREATE2 address before the intent (sponsored, member >= 1 share)
   ok: the code hash quoted before deployment equals keccak256 of the code now at the address
[index] scan 29..30 rows=3
   /proposals.json #1: state Voting effect "10 USDC leaves the Safe; Payment contract 0x4794deE57FE0188905D276b7328701840990c186 (budget 10 USDC, operator 0xB8f06010C709AcabcEC417d6b2bE404C7e5EDa11)" instance {"address":"0x4794deE57FE0188905D276b7328701840990c186","template":"Payment","paramsHash":"0xa9d5b465852d124f6c3e25e4680e19a5c680e96a78bbde122d4bd687795304ad","operator":"0xB8f06010C709AcabcEC417d6b2bE404C7e5EDa11","budget":"10000000","budgetUsdc":"10","deadline":0,"status":"Pending","codeHash":"0x2
   ok: proposal #1 is Voting with treasury effect 10 USDC out
   ok: instance is a Pending Payment whose operator is the agent
   ok: the proposalData the account built on-chain equals the quoted (off-chain) multicall; details carry codeHash and paramsHash
   GET http://127.0.0.1:18752/relay?op=quote&member=0xB8f06010C709AcabcEC417d6b2bE404C7e5EDa11&template=Payment&params=%7B%22recipients%22%3A%5B%220xB8f06010C709AcabcEC417d6b2bE404C7e5EDa11%22%5D%2C%22amounts%22%3A%5B%2210000000%22%5D%7D&summary=x&salt=0x0000000000000000000000000000000000000000000000000000000000000001
   -> 200 {"ok":true,"verb":"quote","instance":"0x4794deE57FE0188905D276b7328701840990c186","exists":true,"template":"Payment","templateId":0,"contract":"PaymentProposal","codeHash":"0x254bd1fb1a08e32336ae0a0dbca5631a2a6cd8861dea23630456a7284cccfe04","paramsHash":"0xa9d5b465852d124f6c3e25e4680e19a5c680e96a78bbde122d4bd687795304ad","paramsBytes":"0x000000000000000000000000000000000000000000000000000000000000004000000000000000000000000000000000000000000000000000000000000000800000000000000000000000000000000000000000000000000000000000000001000000000000000000000000b8f06010c709acabcec417d6b2be404c7e5eda1100000000000000000000000000000000000000000000000000000000000000010000000000000000000000000000000000000000000000000000000000989680","salt":"0x0000000000000000000000000000000000000000000000000000000000000001","operator":"0xB8f06010C709AcabcEC417d6b2bE404C7e5EDa11","budget":"10000000","budgetUsdc":"10","deadline":"0","calls":[{"to":"0x84232EEfCaA7A2F265684c1C002D85FFC1Da2905","data":"0xa9059cbb0000000000000000000000004794dee57fe0188905d276b7328701840990c1860000000000000000000000000000000000000000000000000000000000989680"},{"to":"0x4794deE57FE0188905D276b7328701840990c186","data":"0xbe9a6555"}],"propos
   ok: relay answered ok ()
   ok: quoting the same (template, params, member, salt) again finds the deployed instance (deterministic address)
   $ node snippet.js propose --key /Users/michaelmacmini/srv/zero-one-dao/state/e2e-relay-1788868326114/keys/agent.key --template Payment --params "{\"recipients\":[\"0xB8f06010C709AcabcEC417d6b2bE404C7e5EDa11\"],\"amounts\":[\"10000000\"]}" --summary x
   stderr: 0xb8f06010c709acabcec417d6b2be404c7e5eda11 | {"instance":"0x8c5fb93E04a5B5db8eE916dcA3A004eE037dab0F","exists":false,"codeHash":"0x254bd1fb1a08e32336ae0a0dbca5631a2a6cd8861dea23630456a7284cccfe04","paramsHash":"0xa9d5b465852d124f6c3e25e4680e19a5c680e96a78bbde122d4bd687795304ad","operator":"0xB8f06010C709AcabcEC417d6b2bE404C7e5EDa11","budgetUsdc":"10","canPropose":true}
   ok: the signed intent carries only the template id, the exact abi.encode(params) and a salt (nothing the relay chose)

== step 10: founder votes YES on #1 right after the submission (python3 snippet.py): the relay waits one block (ruling 7)
   $ python3 snippet.py vote --key /Users/michaelmacmini/srv/zero-one-dao/state/e2e-relay-1788868326114/keys/founder.key --proposal 1 --approve yes
   stderr: 0x74da7064cb26327f5fad2074ae41459af4db4247
   GET http://127.0.0.1:18752/relay?intent=eyJtZXNzYWdlIjp7Im1lbWJl...
   -> 200 {"ok":true,"verb":"vote","op":2,"member":"0x74da7064Cb26327f5FaD2074aE41459af4Db4247","hash":"0xaad8ccb9c1233951aa71b954e16ca78d2dff5e43a4bacb8066a1bd5afcd1542c","blockNumber":"32","gasUsed":"157957","nonceUsed":"0","nextNonce":"1","waitedBlocks":1,"vote":{"proposalId":1,"approved":true,"shares":"50"}}
   ok: relay answered ok ()
   ok: the relay waited exactly one block before sending a vote that followed a fresh submission (ruling 7)
   ok: founder voted YES with 50 shares

== step 11: warp past voting + grace (12 h); T1 agent executes #1 via the relay (explicit 5,000,000 gas)
   $ node snippet.js execute --key /Users/michaelmacmini/srv/zero-one-dao/state/e2e-relay-1788868326114/keys/agent.key --proposal 1
[index] scan 31..33 rows=4
   stderr: 0xb8f06010c709acabcec417d6b2be404c7e5eda11
   GET http://127.0.0.1:18752/relay?intent=eyJtZXNzYWdlIjp7Im1lbWJl...
   -> 200 {"ok":true,"verb":"execute","op":3,"member":"0xB8f06010C709AcabcEC417d6b2bE404C7e5EDa11","hash":"0x9edbf7ecbfe057aa8fcbb8ac4240a0e49b3f49c3d68ae2ea6614cb6f3dee6859","blockNumber":"34","gasUsed":"246955","nonceUsed":"2","nextNonce":"3","processed":{"proposalId":1,"passed":true,"actionFailed":false}}
   ok: relay answered ok ()
   ok: proposal #1 passed and its action executed (fund + start)
[index] scan 34..34 rows=5
   /me: usdc 10 shares 100 nav 0.933333 exitValue 93.333333
   ok: the agent sees the 10 USDC payment
   ok: the Safe holds 140 USDC (50 + 100 - 10)

== step 12: founder proposes a task via the relay (work: verifiers V1,V2 threshold 2, reward 5 shares): submitTask + sponsorProposal in ONE transaction (ruling 4); founder votes right after (relay waits one block); agent votes; warp; agent executes
   $ python3 snippet.py work --key /Users/michaelmacmini/srv/zero-one-dao/state/e2e-relay-1788868326114/keys/founder.key --verifiers 0x5FD4887C48D249d3Abaa4727e24d4497Cbc78a96,0xc9aB5A2391F42DD8b64d2f69C1DCa1ab0293A103 --threshold 2 --reward-shares 5000000000000000000 --details "ops: run the relay e2e"
   stderr: 0x74da7064cb26327f5fad2074ae41459af4db4247
   GET http://127.0.0.1:18752/relay?intent=eyJtZXNzYWdlIjp7Im1lbWJl...
   -> 200 {"ok":true,"verb":"work","op":6,"member":"0x74da7064Cb26327f5FaD2074aE41459af4Db4247","hash":"0x679d7d98aad9634ad3ff75c2579a9e89da36edc4a4d8c1ff52d04e522beed3a7","blockNumber":"35","gasUsed":"474951","nonceUsed":"1","nextNonce":"2","proposalId":2,"task":{"taskId":1,"proposalId":2},"sponsored":true}
   ok: relay answered ok ()
   ok: task #1 recorded, proposal #2 submitted
   ok: the same transaction sponsored #2 (SponsorProposal event): no ninth verb
[index] scan 35..35 rows=8
   ok: proposal #2 is Voting, sponsored by the founder's own account
   $ python3 snippet.py vote --key /Users/michaelmacmini/srv/zero-one-dao/state/e2e-relay-1788868326114/keys/founder.key --proposal 2 --approve yes
   stderr: 0x74da7064cb26327f5fad2074ae41459af4db4247
   GET http://127.0.0.1:18752/relay?intent=eyJtZXNzYWdlIjp7Im1lbWJl...
   -> 200 {"ok":true,"verb":"vote","op":2,"member":"0x74da7064Cb26327f5FaD2074aE41459af4Db4247","hash":"0xfd112b8aa88eafcadded3280b11badd0db88e64837954c1dee9015749fb79de7","blockNumber":"37","gasUsed":"140869","nonceUsed":"2","nextNonce":"3","waitedBlocks":1,"vote":{"proposalId":2,"approved":true,"shares":"50"}}
   ok: relay answered ok ()
   ok: the relay waited exactly one block before sending a vote that followed a fresh submission (ruling 7)
   $ node snippet.js vote --key /Users/michaelmacmini/srv/zero-one-dao/state/e2e-relay-1788868326114/keys/agent.key --proposal 2 --approve yes
[index] scan 36..37 rows=9
   stderr: 0xb8f06010c709acabcec417d6b2be404c7e5eda11
   GET http://127.0.0.1:18752/relay?intent=eyJtZXNzYWdlIjp7Im1lbWJl...
   -> 200 {"ok":true,"verb":"vote","op":2,"member":"0xB8f06010C709AcabcEC417d6b2bE404C7e5EDa11","hash":"0x536370a66a8d002d9be74864e52ac316be4434b77deb3be0b359dafb7a9c6933","blockNumber":"38","gasUsed":"123769","nonceUsed":"3","nextNonce":"4","waitedBlocks":0,"vote":{"proposalId":2,"approved":true,"shares":"100"}}
   ok: relay answered ok ()
   ok: a vote after a later block exists is sent at once (waitedBlocks 0)
   $ node snippet.js execute --key /Users/michaelmacmini/srv/zero-one-dao/state/e2e-relay-1788868326114/keys/agent.key --proposal 2
[index] scan 38..39 rows=10
   stderr: 0xb8f06010c709acabcec417d6b2be404c7e5eda11
   GET http://127.0.0.1:18752/relay?intent=eyJtZXNzYWdlIjp7Im1lbWJl...
   -> 200 {"ok":true,"verb":"execute","op":3,"member":"0xB8f06010C709AcabcEC417d6b2bE404C7e5EDa11","hash":"0xb08b9749f22801a3ea20187e66dfff25a843fafcfc7ed2537f46a585ef12153f","blockNumber":"40","gasUsed":"171541","nonceUsed":"4","nextNonce":"5","processed":{"proposalId":2,"passed":true,"actionFailed":false}}
   ok: relay answered ok ()
   ok: task proposal executed: task #1 active

== step 13: T1 agent: claim task #1 (task --task 1) and deliver evidence; verifiers confirm via the relay (python); reward mints at the threshold
   $ node snippet.js task --key /Users/michaelmacmini/srv/zero-one-dao/state/e2e-relay-1788868326114/keys/agent.key --task 1
[index] scan 40..40 rows=12
   stderr: 0xb8f06010c709acabcec417d6b2be404c7e5eda11
   GET http://127.0.0.1:18752/relay?intent=eyJtZXNzYWdlIjp7Im1lbWJl...
   -> 200 {"ok":true,"verb":"task","op":7,"member":"0xB8f06010C709AcabcEC417d6b2bE404C7e5EDa11","hash":"0xe392c74ebcde7cd17966d6271c34e8877fdef6c703005e369899820e55453871","blockNumber":"41","gasUsed":"78820","nonceUsed":"5","nextNonce":"6","claimed":{"taskId":1}}
   ok: relay answered ok ()
   ok: agent claimed task #1
   $ node snippet.js deliver --key /Users/michaelmacmini/srv/zero-one-dao/state/e2e-relay-1788868326114/keys/agent.key --task 1 --evidence "done: relay e2e delivered"
[index] scan 41..41 rows=13
   stderr: 0xb8f06010c709acabcec417d6b2be404c7e5eda11
   GET http://127.0.0.1:18752/relay?intent=eyJtZXNzYWdlIjp7Im1lbWJl...
   -> 200 {"ok":true,"verb":"deliver","op":8,"member":"0xB8f06010C709AcabcEC417d6b2bE404C7e5EDa11","hash":"0x3238e2e9b3c1f23251627e1ce705d61ad7b526bbe9ef059ba1428d5225f0d839","blockNumber":"42","gasUsed":"82297","nonceUsed":"6","nextNonce":"7","delivered":{"taskId":1,"round":1}}
   ok: relay answered ok ()
   ok: delivery round 1 committed
[index] scan 42..42 rows=14
   /me myTasks: [{"taskId":1,"proposalId":2,"proposer":"0x74da7064Cb26327f5FaD2074aE41459af4Db4247","worker":"0xB8f06010C709AcabcEC417d6b2bE404C7e5EDa11","verifiers":["0x5FD4887C48D249d3Abaa4727e24d4497Cbc78a96","0xc9aB5A2391F42DD8b64d2f69C1DCa1ab0293A103"],"threshold":2,"confirmations":0,"round":1,"rewardShares":"5000000000000000000","rewardSharesFormatted":"5","status":"Active","evidenceHash":"0x2ddb3e2784a74da
   ok: /me shows the delivery awaiting verification
   $ python3 snippet.py join --key /Users/michaelmacmini/srv/zero-one-dao/state/e2e-relay-1788868326114/keys/v1.key
   stderr: 0x5fd4887c48d249d3abaa4727e24d4497cbc78a96
   GET http://127.0.0.1:18752/relay?op=join&authorization=eyJjaGFpbklkIjozMTQwMSwi...
   -> 200 {"ok":true,"verb":"join","address":"0x5FD4887C48D249d3Abaa4727e24d4497Cbc78a96","delegated":true,"hash":"0x8a19db6573e8279524b897d76eb791a528b089ab42753dfc246b0f6ebf407a1d","blockNumber":"43","nonce":"0","shares":"0","note":"mints nothing; deposit at NAV or earn shares by verified work"}
   ok: relay answered ok ()
   $ python3 snippet.py confirm --key /Users/michaelmacmini/srv/zero-one-dao/state/e2e-relay-1788868326114/keys/v1.key --task 1 --evidence "done: relay e2e delivered"
[index] scan 43..43 rows=14
   stderr: 0x5fd4887c48d249d3abaa4727e24d4497cbc78a96
   GET http://127.0.0.1:18752/relay?intent=eyJtZXNzYWdlIjp7Im1lbWJl...
   -> 200 {"ok":true,"verb":"confirm","op":9,"member":"0x5FD4887C48D249d3Abaa4727e24d4497Cbc78a96","hash":"0xa9d9464f3121c0ba8e09c45b5218d4e4109b2a94f699955decf53db39e0b30f7","blockNumber":"44","gasUsed":"101092","nonceUsed":"0","nextNonce":"1","confirmed":{"taskId":1,"confirmations":1}}
   ok: relay answered ok ()
   ok: first confirmation: nothing minted yet
   $ python3 snippet.py join --key /Users/michaelmacmini/srv/zero-one-dao/state/e2e-relay-1788868326114/keys/v2.key
[index] scan 44..44 rows=15
   stderr: 0xc9ab5a2391f42dd8b64d2f69c1dca1ab0293a103
   GET http://127.0.0.1:18752/relay?op=join&authorization=eyJjaGFpbklkIjozMTQwMSwi...
   -> 200 {"ok":true,"verb":"join","address":"0xc9aB5A2391F42DD8b64d2f69C1DCa1ab0293A103","delegated":true,"hash":"0x8c60231722a9a488cb9f38237ffeb6c0c49ad0db8212a83ae9c8430ed768ed83","blockNumber":"45","nonce":"0","shares":"0","note":"mints nothing; deposit at NAV or earn shares by verified work"}
   ok: relay answered ok ()
   $ python3 snippet.py confirm --key /Users/michaelmacmini/srv/zero-one-dao/state/e2e-relay-1788868326114/keys/v2.key --task 1 --evidence "done: relay e2e delivered"
[index] scan 45..45 rows=15
   stderr: 0xc9ab5a2391f42dd8b64d2f69c1dca1ab0293a103
   GET http://127.0.0.1:18752/relay?intent=eyJtZXNzYWdlIjp7Im1lbWJl...
   -> 200 {"ok":true,"verb":"confirm","op":9,"member":"0xc9aB5A2391F42DD8b64d2f69C1DCa1ab0293A103","hash":"0xe01fc9119d453a534094a7735dbfca22e21dd7e6a1ae838d0e5daa48157589f1","blockNumber":"46","gasUsed":"193842","nonceUsed":"0","nextNonce":"1","confirmed":{"taskId":1,"confirmations":2},"verified":{"taskId":1,"worker":"0xB8f06010C709AcabcEC417d6b2bE404C7e5EDa11","rewardShares":"5"}}
   ok: relay answered ok ()
   ok: second confirmation mints exactly 5 shares to the worker
[index] scan 46..46 rows=18
   /me: shares 105 (67.7419%) exitValue 94.838709
   ok: the agent sees 105 shares

== step 14: T0 agent (passphrase, fetch only): identity, join, deposit 20 USDC
   GET http://127.0.0.1:18752/relay?op=identity&pass=<redacted>
   -> 200 {"ok":true,"address":"0xfEe6f9b497B94D2dB17628a29C6f143f88f2233A","chainId":31401,"adapter":"0xa768549e429Cc14609444fF79BC6FB903Fd3bf8F","delegated":false,"nonce":"0","authorizationNonce":0,"chainTime":1788954750,"domain":{"name":"ZeroOneIntent","version":"1","chainId":31401,"verifyingContract":"0xa768549e429Cc14609444fF79BC6FB903Fd3bf8F"},"custody":"custodial-lite","me":"/me/pass/8406e07d0c4108710034bddf8dfbb690103f6a7b4cf11d39e4a9f7247394719c.json"}
   ok: relay answered ok ()
   GET http://127.0.0.1:18752/relay?op=join&pass=<redacted>
   -> 200 {"ok":true,"verb":"join","address":"0xfEe6f9b497B94D2dB17628a29C6f143f88f2233A","delegated":true,"hash":"0x0fcd976b8af7decd237cbadeefac7b57aa0f0237ff0fd5bbd84618397dd940e0","blockNumber":"47","nonce":"0","shares":"0","note":"mints nothing; deposit at NAV or earn shares by verified work"}
   ok: relay answered ok ()
   ok: T0 account delegated
   GET http://127.0.0.1:18752/relay?op=deposit&amount=20000000&pass=<redacted>
[index] scan 47..47 rows=18
   -> 200 {"ok":true,"verb":"deposit","op":5,"member":"0xfEe6f9b497B94D2dB17628a29C6f143f88f2233A","hash":"0x7d0a1825221e08873047ac730c4b8e422ea314cb9fd21710f095f8d54f8c10b5","blockNumber":"49","gasUsed":"209529","nonceUsed":"0","nextNonce":"1","deposit":{"usdc":"20","sharesMinted":"22.142857142857142857"},"faucet":{"toppedUpUsdc":"20","hash":"0xc5ff2db6f665e45c6d90ef1956feeba3da3506706d0f994d28a4fbc0422a6472"},"custody":"custodial-lite","me":"/me/pass/8406e07d0c4108710034bddf8dfbb690103f6a7b4cf11d39e4a9f7247394719c.json"}
   ok: relay answered ok ()
   T0 deposit -> 22.142857142857142857 shares (raw 22142857142857142857)
   ok: T0 received 20 x 155 / 140 shares at NAV
[index] scan 48..49 rows=19
   /me/pass: custody custodial-lite shares 22.142857142857142857 nonce 1
   ok: /me/pass/<sha256> reports the T0 shares

== step 15: T1 agent proposes Payment #2 (1 USDC to the T0 address); T0 votes YES then ragequits during voting (allowed); T0 sees 0 shares
   $ node snippet.js propose --key /Users/michaelmacmini/srv/zero-one-dao/state/e2e-relay-1788868326114/keys/agent.key --template Payment --params "{\"recipients\":[\"0xfEe6f9b497B94D2dB17628a29C6f143f88f2233A\"],\"amounts\":[\"1000000\"]}" --summary "agent: 1 USDC to the T0 agent"
   stderr: 0xb8f06010c709acabcec417d6b2be404c7e5eda11 | {"instance":"0x6Af377011BEF3527F7bd535D102C5cceC5DAEE98","exists":false,"codeHash":"0x254bd1fb1a08e32336ae0a0dbca5631a2a6cd8861dea23630456a7284cccfe04","paramsHash":"0x74a04bc634ea0fd288b53123a6680582583f2e32007a971c3c91ad8b9906673e","operator":"0xB8f06010C709AcabcEC417d6b2bE404C7e5EDa11","budgetUsdc":"1","canPropose":true}
   GET http://127.0.0.1:18752/relay?intent=eyJtZXNzYWdlIjp7Im1lbWJl...
   -> 200 {"ok":true,"verb":"propose","op":0,"member":"0xB8f06010C709AcabcEC417d6b2bE404C7e5EDa11","hash":"0xaa407661f31b7cbbe1a5e12ccf793e7324fe6acc0d7be86c27734510ec65cf35","blockNumber":"51","gasUsed":"273473","nonceUsed":"7","nextNonce":"8","proposalId":3,"sponsored":true,"instance":"0x6Af377011BEF3527F7bd535D102C5cceC5DAEE98","template":"Payment","codeHash":"0x254bd1fb1a08e32336ae0a0dbca5631a2a6cd8861dea23630456a7284cccfe04","deployHash":"0x7539e33268db6477114f2d50abbc36d7c400f73260e850dc3620d4bdec3c4b16","deployedBy":"relay sponsor"}
   ok: relay answered ok ()
   ok: proposal #3 submitted; its instance deployed by the sponsor at the CREATE2 address
   GET http://127.0.0.1:18752/relay?op=vote&proposalId=3&approve=yes&pass=<redacted>
[index] scan 50..51 rows=20
   -> 200 {"ok":true,"verb":"vote","op":2,"member":"0xfEe6f9b497B94D2dB17628a29C6f143f88f2233A","hash":"0x20d8345b809d5d5e8600706ca6c7585985099b9582486234bf612c1d9586dc3b","blockNumber":"53","gasUsed":"140857","nonceUsed":"1","nextNonce":"2","waitedBlocks":1,"vote":{"proposalId":3,"approved":true,"shares":"22.142857142857142857"},"custody":"custodial-lite","me":"/me/pass/8406e07d0c4108710034bddf8dfbb690103f6a7b4cf11d39e4a9f7247394719c.json"}
   ok: relay answered ok ()
   ok: the relay waited exactly one block before sending a vote that followed a fresh submission (ruling 7)
   ok: T0 voted YES on #3
   GET http://127.0.0.1:18752/relay?op=ragequit&pass=<redacted>
[index] scan 52..53 rows=21
   -> 200 {"ok":true,"verb":"ragequit","op":4,"member":"0xfEe6f9b497B94D2dB17628a29C6f143f88f2233A","hash":"0x90fcb5da4267ee0ba8925450f29b134b09221b3e4dbf383d49da0156faff2d38","blockNumber":"54","gasUsed":"190497","nonceUsed":"2","nextNonce":"3","ragequit":{"sharesBurned":"22.142857142857142857"},"custody":"custodial-lite","me":"/me/pass/8406e07d0c4108710034bddf8dfbb690103f6a7b4cf11d39e4a9f7247394719c.json"}
   ok: relay answered ok ()
   ok: T0 ragequit all shares
   T0 usdc 0 -> 19999999
   ok: T0 received its pro-rata USDC
[index] scan 54..54 rows=22
   ok: /me/pass shows 0 shares after ragequit

== step 16: T1 agent ragequits all shares; sees 0 shares and its pro-rata USDC
   $ node snippet.js ragequit --key /Users/michaelmacmini/srv/zero-one-dao/state/e2e-relay-1788868326114/keys/agent.key
   stderr: 0xb8f06010c709acabcec417d6b2be404c7e5eda11
   GET http://127.0.0.1:18752/relay?intent=eyJtZXNzYWdlIjp7Im1lbWJl...
   -> 200 {"ok":true,"verb":"ragequit","op":4,"member":"0xB8f06010C709AcabcEC417d6b2bE404C7e5EDa11","hash":"0x9ded8689308e8169ab7e891bad9f911d70f5f966574fe585e3bf57ee8660a97a","blockNumber":"55","gasUsed":"156273","nonceUsed":"8","nextNonce":"9","ragequit":{"sharesBurned":"105"}}
   ok: relay answered ok ()
   ok: 105 shares burned
   paid 94838710 (expected 94838710) from treasury 140000001 at supply 155000000000000000000
   ok: the agent received exactly its pro-rata of the Safe
[index] scan 55..55 rows=23
   /me: shares 0 usdc 104.83871 nonce 9
   ok: /me shows 0 shares

== step 17: readable failures: every rejected request carries a JSON reason (decoded custom error / Baal string), never a bare revert
   $ node snippet.js execute --key /Users/michaelmacmini/srv/zero-one-dao/state/e2e-relay-1788868326114/keys/agent.key --proposal 3
   stderr: 0xb8f06010c709acabcec417d6b2be404c7e5eda11
   GET http://127.0.0.1:18752/relay?intent=eyJtZXNzYWdlIjp7Im1lbWJl...
[relay] /relay?intent=eyJtZXNzYWdlIjp7Im1lbWJlciI6IjB4YjhmMDYwMTBjNzA5YWNhYmNlYzQxN2Q2YjJiZTQwNGM3ZTVlZGExMSIsIm9wIjozLCJwcm9wb3NhbElkIjozLCJhbW91bnQiOiIwIiwiZXZpZGVuY2VIYXNoIjoiMHgwMDAwMDAwMDAwMDAwMDAwMDAwMD -> 422 reverted: the proposal is not ready to execute: wait for grace to end, or it was defeated / cancelled / already processed
   -> 422 {"ok":false,"status":422,"reason":"reverted: the proposal is not ready to execute: wait for grace to end, or it was defeated / cancelled / already processed","error":{"name":"Error","args":{"message":"!ready"}}}
   ok: relay answered with a JSON reason: reverted: the proposal is not ready to execute: wait for grace to end, or it was defeated / cancelled / already processed
   ok: execute before grace -> 422 with Baal '!ready' decoded
   GET http://127.0.0.1:18752/relay?op=vote&proposalId=3&approve=no&pass=<redacted>
[index] resume 55 scanned=0
[relay] /relay?op=vote&proposalId=3&approve=no&pass=<redacted> -> 422 reverted: this address already voted on the proposal
   -> 422 {"ok":false,"status":422,"reason":"reverted: this address already voted on the proposal","error":{"name":"Error","args":{"message":"voted"}}}
   ok: relay answered with a JSON reason: reverted: this address already voted on the proposal
   ok: T0 voting twice -> 'voted' decoded
   $ node snippet.js task --key /Users/michaelmacmini/srv/zero-one-dao/state/e2e-relay-1788868326114/keys/agent.key --task 1
[index] resume 55 scanned=0
   stderr: 0xb8f06010c709acabcec417d6b2be404c7e5eda11
   GET http://127.0.0.1:18752/relay?intent=eyJtZXNzYWdlIjp7Im1lbWJl...
[relay] /relay?intent=eyJtZXNzYWdlIjp7Im1lbWJlciI6IjB4YjhmMDYwMTBjNzA5YWNhYmNlYzQxN2Q2YjJiZTQwNGM3ZTVlZGExMSIsIm9wIjo3LCJwcm9wb3NhbElkIjowLCJhbW91bnQiOiIxIiwiZXZpZGVuY2VIYXNoIjoiMHgwMDAwMDAwMDAwMDAwMDAwMDAwMD -> 422 reverted: WrongStatus(taskId=1, expected=2, observed=3)
   -> 422 {"ok":false,"status":422,"reason":"reverted: WrongStatus(taskId=1, expected=2, observed=3)","error":{"name":"WrongStatus","args":{"taskId":"1","expected":"2","observed":"3"}}}
   ok: relay answered with a JSON reason: reverted: WrongStatus(taskId=1, expected=2, observed=3)
   ok: claiming a completed task -> custom error WrongStatus decoded with its arguments
   $ python3 snippet.py deposit --key /Users/michaelmacmini/srv/zero-one-dao/state/e2e-relay-1788868326114/keys/v1.key --amount 0
[index] resume 55 scanned=0
   stderr: 0x5fd4887c48d249d3abaa4727e24d4497cbc78a96
   GET http://127.0.0.1:18752/relay?intent=eyJtZXNzYWdlIjp7Im1lbWJl...
[relay] /relay?intent=eyJtZXNzYWdlIjp7Im1lbWJlciI6IjB4NWZkNDg4N2M0OGQyNDlkM2FiYWE0NzI3ZTI0ZDQ0OTdjYmM3OGE5NiIsIm9wIjo1LCJwcm9wb3NhbElkIjowLCJhbW91bnQiOiIwIiwiZXZpZGVuY2VIYXNoIjoiMHgwMDAwMDAwMDAwMDAwMDAwMDAwMD -> 422 reverted: ZeroAmount()
   -> 422 {"ok":false,"status":422,"reason":"reverted: ZeroAmount()","error":{"name":"ZeroAmount","args":{}}}
   ok: relay answered with a JSON reason: reverted: ZeroAmount()
   ok: deposit 0 -> DepositShaman.ZeroAmount decoded
   GET http://127.0.0.1:18752/relay?op=propose&template=Bogus&params=%7B%7D&pass=<redacted>
[relay] /relay?op=propose&template=Bogus&params=%7B%7D&pass=<redacted> -> 400 unknown template Bogus; use one of Payment, Strategy, Project, Config
   -> 400 {"ok":false,"status":400,"reason":"unknown template Bogus; use one of Payment, Strategy, Project, Config"}
   ok: relay answered with a JSON reason: unknown template Bogus; use one of Payment, Strategy, Project, Config
   ok: unknown template -> 400 with a reason
   $ python3 snippet.py propose --key /Users/michaelmacmini/srv/zero-one-dao/state/e2e-relay-1788868326114/keys/v1.key --template Payment --params "{\"recipients\":[\"0xB8f06010C709AcabcEC417d6b2bE404C7e5EDa11\"],\"amounts\":[\"10000000\"]}" --summary "v1: no shares"
   stderr: 0x5fd4887c48d249d3abaa4727e24d4497cbc78a96 | {"instance": "0x6Fdc5E28d09972B0e947e2562b7459D7916E9Df4", "exists": false, "codeHash": "0xf7117feb0a4718ff76cd909a90c48b1e926d2dd393576761f47b6356f84f106e", "paramsHash": "0xa9d5b465852d124f6c3e25e4680e19a5c680e96a78bbde122d4bd687795304ad", "operator": "0x5FD4887C48D249d3Abaa4727e24d4497Cbc78a96", "budgetUsdc": "10", "canPropose": false}
   GET http://127.0.0.1:18752/relay?intent=eyJtZXNzYWdlIjp7Im1lbWJl...
[relay] /relay?intent=eyJtZXNzYWdlIjp7Im1lbWJlciI6IjB4NWZkNDg4N2M0OGQyNDlkM2FiYWE0NzI3ZTI0ZDQ0OTdjYmM3OGE5NiIsIm9wIjowLCJwcm9wb3NhbElkIjowLCJhbW91bnQiOiIwIiwiZXZpZGVuY2VIYXNoIjoiMHgwMDAwMDAwMDAwMDAwMDAwMDAwMD -> 409 propose needs at least 1 shares so the proposal is self-sponsored (you hold 0); deposit first
   -> 409 {"ok":false,"status":409,"reason":"propose needs at least 1 shares so the proposal is self-sponsored (you hold 0); deposit first"}
   ok: relay answered with a JSON reason: propose needs at least 1 shares so the proposal is self-sponsored (you hold 0); deposit first
   ok: propose by a member below sponsorThreshold -> 409 (no sponsored deployment, no unsponsorable proposal)
   GET http://127.0.0.1:18752/relay?op=sponsor&proposalId=3&pass=<redacted>
[relay] /relay?op=sponsor&proposalId=3&pass=<redacted> -> 400 unknown op sponsor; T0 verbs: join, deposit, task, deliver, propose, vote, execute, ragequit, work, confirm (sponsor no longer exists: work self-sponsors)
   -> 400 {"ok":false,"status":400,"reason":"unknown op sponsor; T0 verbs: join, deposit, task, deliver, propose, vote, execute, ragequit, work, confirm (sponsor no longer exists: work self-sponsors)"}
   ok: relay answered with a JSON reason: unknown op sponsor; T0 verbs: join, deposit, task, deliver, propose, vote, execute, ragequit, work, confirm (sponsor no longer exists: work self-sponsors)
   ok: op=sponsor no longer exists -> 400
   GET http://127.0.0.1:18752/relay?op=prepare&member=0x74da7064Cb26327f5FaD2074aE41459af4Db4247&template=Payment&params=%7B%22recipients%22%3A%5B%220xB8f06010C709AcabcEC417d6b2bE404C7e5EDa11%22%5D%2C%22amounts%22%3A%5B%2210000000%22%5D%7D
[relay] /relay?op=prepare&member=0x74da7064Cb26327f5FaD2074aE41459af4Db4247&template=Payment&params=%7B%22recipients%22%3A%5B%220xB8f06010C709AcabcEC417d6b2bE404C7e5EDa11%22%5D%2C%22amounts%22%3A%5B%221000000 -> 400 expected intent=<base64url envelope>, op=join&authorization=<base64url>, op=quote&member=..&template=..&params=..[&summary=&salt=], or op=<verb>&pass=<secret>
   -> 400 {"ok":false,"status":400,"reason":"expected intent=<base64url envelope>, op=join&authorization=<base64url>, op=quote&member=..&template=..&params=..[&summary=&salt=], or op=<verb>&pass=<secret>"}
   ok: relay answered with a JSON reason: expected intent=<base64url envelope>, op=join&authorization=<base64url>, op=quote&member=..&template=..&params=..[&summary=&salt=], or op=<verb>&pass=<secret>
   ok: op=prepare is retired -> 400
   GET http://127.0.0.1:18752/relay?op=quote&member=0x74da7064Cb26327f5FaD2074aE41459af4Db4247&template=Payment&params=%7B%22recipients%22%3A%5B%220x74da7064Cb26327f5FaD2074aE41459af4Db4247%22%5D%2C%22amounts%22%3A%5B%220%22%5D%7D
[relay] /relay?op=quote&member=0x74da7064Cb26327f5FaD2074aE41459af4Db4247&template=Payment&params=%7B%22recipients%22%3A%5B%220x74da7064Cb26327f5FaD2074aE41459af4Db4247%22%5D%2C%22amounts%22%3A%5B%220%22%5D%7 -> 422 reverted: ZeroAmount(index=0)
   -> 422 {"ok":false,"status":422,"reason":"reverted: ZeroAmount(index=0)","error":{"name":"ZeroAmount","args":{"index":"0"}}}
   ok: relay answered with a JSON reason: reverted: ZeroAmount(index=0)
   ok: quote with a zero payment -> the template constructor's ZeroAmount decoded from the factory dry run

== step 18: cross-check: node, python and viem produce byte-identical signatures for the same intent (deterministic RFC 6979)
   $ node snippet.js vote --key /Users/michaelmacmini/srv/zero-one-dao/state/e2e-relay-1788868326114/keys/founder.key --proposal 3 --approve no --deadline 1788955353
   stderr: 0x74da7064cb26327f5fad2074ae41459af4db4247
   $ python3 snippet.py vote --key /Users/michaelmacmini/srv/zero-one-dao/state/e2e-relay-1788868326114/keys/founder.key --proposal 3 --approve no --deadline 1788955353
   stderr: 0x74da7064cb26327f5fad2074ae41459af4db4247
   ok: node and python snippets sign identically
   ok: viem's EIP-712 signature equals the snippets' (same digest, same key)

== step 19: phase 3 two-process concurrency, duplicate intents, restart cursor and killed broadcaster recovery
ASSERT Base policy no faucet; daily=2000000000000000 floor=3000000000000000 maxFee=100000000 priority=1000000
ASSERT cross-chain state directory startup refused before any transaction
ASSERT sponsored hash=0xcbfcf6360c1a067bac587b15c7283470a575abba3cbc83f4abd1f16668b53d95 replayed=false
ASSERT sponsored hash=0x5af774c3381dee0487aee851d5b2fdbf799a4cbb1d0863fbcf9fdef9fcb18dcf replayed=false
[index] scan 56..57 rows=23
ASSERT sponsored hash=0xdd0d3522a339fee01bd429de33601203d1d33ff6836bbbebc5761f25db7b0df3 replayed=false
ASSERT sponsored hash=0x11512fe44c99f387fde797298e3ec27c0099a55db34aaa88d7450b488a920b8b replayed=false
ASSERT two processes concurrent deposits nonce=29,31 treasuryDelta=2000000 no collision no double spend
ASSERT sponsored hash=0x3426aa7c2f69320f3a880fe9cc56e014fe39ca1bbc8d0acc766a95b19509cc8d replayed=false
ASSERT sponsored hash=0x940298130521816c90b83151ea79c137e6d1c75a9537f255b3146608d1955134 replayed=false
ASSERT sponsored hash=0x940298130521816c90b83151ea79c137e6d1c75a9537f255b3146608d1955134 replayed=true
ASSERT duplicate intent single hash=0x940298130521816c90b83151ea79c137e6d1c75a9537f255b3146608d1955134 treasuryDelta=1000000
[index] resume 64 scanned=0
ASSERT restart persisted decoded rows and cursor resumed without historical scan
ASSERT sponsored hash=none replayed=false
ASSERT killed owner recovered pid+age signed hash=0x5652514cca15318d3238a18e6b52d3b1f6a05eb7172b3b67e88f3d8c50ab805a nonce=35 one mined transaction lock released
=== RELAY HARDENING: PASS ===

=== RELAY E2E: PASS ===

