anvil http://127.0.0.1:11546 chainId 31401
deployed: safe 0x8AD230C8ba5cd97EAc24F665367A80755859F21c baal 0x2Ad785484999048c1020a4682EAC2B26BbD4Db7D shares 0x4A746C4c260F83c72AdCd16d83df8bF30eaB3cc6 settlement 0xBc060D449172a831BCee2a06D569E9A4dEfc3409
          depositShaman 0x1c6530e9C810928e50b1a3aCCd01cDE6aD11f10A workManager 0x130b9094849eD4884678447F15f8C913b2C8cD85 constitution 0x25C469bF2f0Cb1bb12F07aD31e8B694C56B44367
          templateFactory 0xeD43fF8790d147231026F1118BB6b4233ED070Da deployers 0x41437CfaFE51b389Eafba21b9A9AcD47a7b3F986 0x322b2f56853976f813b6572BCc0480026E22187E 0x7952b73d3E612A8632645aD7D6454aaE852802E6 0xCac170d51B311ab66254a88B23c20f0d791bC3eC intentAccount 0xB1bc39A62861c3CED02f2c1DCB3C7a548AcD1F26
   F = 0xd8af11c6ef37e90734B7852EACD5eF9034cF4a61  founder (deployer; ordinary member via the 50 USDC genesis deposit)
   A = 0x63f1b680b62d2B6544fAD287e5942b637Dae7624  member agent A
   B = 0xd4f0C5Acf7845EE5464eEBe13b747c084038FC7a  member agent B
   C = 0xCb792af3a2916791Fdd6e938272d113f7612252E  member agent C
   D = 0xB855f357CF763657e2d17Cd15036a6016541288F  depositor D (joins later)
   O = 0x68f0C701796ce8793d8D3c2D05b95010473b44CC  operator O (mandate recipient)
   W = 0x04b1475cBca458B6c094eeEfB6868CCf064Ba0D3  worker W (task deliverer)
   shaman 0x1c6530e9C810928e50b1a3aCCd01cDE6aD11f10A permission 2 (DepositShaman)
   shaman 0x130b9094849eD4884678447F15f8C913b2C8cD85 permission 2 (WorkManager)
   ok: every shaman ever set is either revoked (0) or a plain manager (2): no admin, no governor
   ok: the only manager (mint) shamans are DepositShaman and WorkManager
   ok: Baal.avatar is the Safe: the only non-shaman minter is a passed proposal executed by the Safe
   ok: the founder holds no shaman permission
   ok: adminLock is on
   ok: the founder cannot call Baal.mintShares directly (reverted with !baal & !manager)
   constitution textHash 0xebc7c39cf14fdc0ac2c028cdba5960ecc4560a314e613b93b4585b62826f2d9a url docs/CONSTITUTION.md
   ok: Constitution.textHash == keccak256(docs/CONSTITUTION.md exact bytes)
   ok: Constitution has no state-changing function (immutable, no amendment path)
   ok: TemplateFactory is bound to this Safe, settlement and Baal
   ok: factory template 0 -> Payment deployer 0x41437CfaFE51b389Eafba21b9A9AcD47a7b3F986
   ok: Payment deployer is bound to the same Safe and settlement
   ok: factory template 1 -> Strategy deployer 0x322b2f56853976f813b6572BCc0480026E22187E
   ok: Strategy deployer is bound to the same Safe and settlement
   ok: factory template 2 -> Project deployer 0x7952b73d3E612A8632645aD7D6454aaE852802E6
   ok: Project deployer is bound to the same Safe and settlement
   ok: factory template 3 -> Config deployer 0xCac170d51B311ab66254a88B23c20f0d791bC3eC
   ok: Config deployer is bound to the same Safe and settlement
   ok: ZeroOneIntentAccount.factory is this TemplateFactory (op 0 deploys and submits through it)
FIXTURE legacy: real compiled runtime installed in EMPTY local DAO; receipt=0x5247d2fc2d7a2af7085cd41077008ec061e90f1e3c2e4efb0a7f9d1b36f67b45
   tx fund A with 1000 USDC: 0x64e72eb4145a7d549d371ec5e7107654db695964931c86bb9ecfdaba4356df0c (block 23, gas 51238)
   tx fund B with 1000 USDC: 0xb93b6be2730c784dc1b8919633cf98ff366f182d256956c448a5a93cefdd279e (block 24, gas 51238)
   tx A approve deposit shaman: 0x2c59bdeb3b49a10463fb48511af363a979e7c83ce454f9ec40dc04276819828c (block 25, gas 45889)
   tx A deposit 100 USDC -> 100 shares (quoted 100): 0xe03c6d69d41a6a2b02912bcc026a9b1a05ad2fbebd12a0b73a7532866c0dcde0 (block 26, gas 301397)
   warp +2s -> block 27 timestamp 1789024282
   warp +2s -> block 29 timestamp 1789024284
   tx A approve deposit shaman: 0x55b5e7f369d3682adbdf9acac9d039e7b303ace7804dd14b5eab3d9632bf07dc (block 30, gas 45889)
   tx A deposit 1 USDC -> 1 shares (quoted 1): 0x16e07e0ba379005a2e444913612dad4d40bc560d5b93a4deb9280f0bb08612cc (block 31, gas 201269)
   warp +2s -> block 32 timestamp 1789024286
   warp +2s -> block 34 timestamp 1789024288
   tx A votes YES on #1 -> yes 100 / no 0: 0x38804269662dae2eae7ac1693f5e1d005efd67d24332cfb65c4f18150b42636f (block 35, gas 117205)
   warp +43199s (past grace of #1) -> block 36 timestamp 1789067487
   proposal #1 state = Ready
anvil stopped (http://127.0.0.1:11546)
Error: processProposal: expected reverted, got success
    at check (/Users/michaelmacmini/srv/zero-one-phase4/evidence/audit/governance-nav/t18-incremental-settlement.ts:8:70)
    at send (/Users/michaelmacmini/srv/zero-one-phase4/evidence/audit/governance-nav/t18-incremental-settlement.ts:17:4)
    at process.processTicksAndRejections (node:internal/process/task_queues:104:5)
    at async main (/Users/michaelmacmini/srv/zero-one-phase4/evidence/audit/governance-nav/t18-incremental-settlement.ts:31:3)
