local HEAD 6e2b8c41291fca655f9eb82eb6c4264384536d11 is advertised by origin; newest pushed ancestor 6e2b8c41291fca655f9eb82eb6c4264384536d11

$ deploy-base.ts --help
Usage: tsx scripts/deploy-base.ts --constitution-url <raw GitHub URL> --key-file <file> [--rpc <url>] [--out <file>] --i-confirmed-parameters
Base mainnet refuses unless all five preconditions hold:
1. HEAD is pushed to origin (constitution URL pins that genesis commit).
2. Constitution URL bytes hash to Constitution.textHash.
3. Deployer holds >= 50 USDC and >= the requirement computed from the chain it is about to deploy to:
   measured deployment gas (evidence/phase5/base-fork/measurements.json) x the live base fee x 5, floor 0.02 ETH. Proxy decimals must be 6.
4. CREATE2-predicted Safe holds exactly 0 USDC before deployment.
5. --i-confirmed-parameters is passed (checked before key access or RPC).
A public deployment additionally requires a clean working tree.
Fork rehearsal only: --fork; requires a loopback Anvil fork of Base, no public fallback, record under evidence/.
  --fork-genesis-commit <sha> lets the rehearsal pin the constitution to a pushed ANCESTOR of the local
  HEAD (the fetched bytes must still hash to Constitution.textHash). Refused without --fork; a public
  deployment always pins its own pushed HEAD.
Sepolia accepts --sponsor <address> --sponsor-usdc <units>; Base forbids both.
ASSERT --help still lists all five preconditions

$ deploy-base.ts --rpc http://127.0.0.1:18680 --key-file /does-not-exist/never-read
REFUSED: --i-confirmed-parameters is required before any RPC write
ASSERT missing --i-confirmed-parameters refuses before key access

ASSERT the recording endpoint on 127.0.0.1:18680 saw 0 requests: no RPC call, no write

$ deploy-base.ts --i-confirmed-parameters --out deployments/base-sepolia.json --rpc http://127.0.0.1:18680
REFUSED: /Users/michaelyang/Documents/Workspace/zero-one-dao/deployments/base-sepolia.json exists: a deployment is already recorded (move it aside deliberately to redeploy)
ASSERT an existing deployment record refuses a redeploy

$ deploy-base.ts --i-confirmed-parameters --rpc http://127.0.0.1:18680
REFUSED: production deployment requires a clean working tree at pushed HEAD
ASSERT a dirty working tree refuses a public deployment

FORK attempt https://mainnet.base.org
ASSERT fork upstream=https://mainnet.base.org chainId=8453 block=51000000 loopback=http://127.0.0.1:11545
$ deploy-base.ts --i-confirmed-parameters --fork --rpc https://mainnet.base.org
fork writes require loopback HTTP Anvil
ASSERT fork mode rejects a public RPC before any request

$ deploy-base.ts --i-confirmed-parameters --fork --rpc http://127.0.0.1:11545 --key-file /Users/michaelyang/Documents/Workspace/zero-one-dao/state/phase5-refusals-1789116477198-0/deployer.env --out evidence/phase5/base-fork/refusal-must-not-write-this.json --fork-genesis-commit 0000000000000000000000000000000000000000
REFUSED: --fork-genesis-commit 0000000000000000000000000000000000000000 is not an ancestor of HEAD 6e2b8c41291fca655f9eb82eb6c4264384536d11
ASSERT HEAD is published, so the unpublished-commit gate is shown through --fork-genesis-commit

$ deploy-base.ts --i-confirmed-parameters --fork --rpc http://127.0.0.1:11545 --key-file /Users/michaelyang/Documents/Workspace/zero-one-dao/state/phase5-refusals-1789116477198-0/deployer.env --out evidence/phase5/base-fork/refusal-must-not-write-this.json --fork-genesis-commit 6e2b8c41291fca655f9eb82eb6c4264384536d11 --constitution-url https://raw.githubusercontent.com/mkmkkkkk/zero-one-dao/93f3456c5019fa6e8baaf1bcb94d7554093482d7/docs/CONSTITUTION.md
ASSERT genesis commit 6e2b8c41291fca655f9eb82eb6c4264384536d11 advertised by public origin (local HEAD 6e2b8c41291fca655f9eb82eb6c4264384536d11, fork rehearsal pinned to a pushed ancestor)
REFUSED: constitution URL must pin the pushed genesis SHA
ASSERT a constitution URL pinning another commit (93f3456c5019fa6e8baaf1bcb94d7554093482d7) refuses the deployment

ASSERT USDC proxy decimals=6 impersonated=0xd0b53D9277642d899DF5C87A3966A349A798F224 funded=50000000 recipient=0x3cDEAe9cE8E9f543DBEeCBc3956ee78a47B09f1b tx=0xd46b95a70f26edecc9d2f5f1859f1a4092277fa10a3dd8c1d97e1bafb3841852
ASSERT USDC proxy decimals=6 impersonated=0xd0b53D9277642d899DF5C87A3966A349A798F224 funded=1000000 recipient=0xe1fC10997beEE616D5666BF2D8A08428395AB9aB tx=0xa6e17e01e47a796325449cc3725ce3f5f79c7c70cfe548b7bac12255e6cbcb4d
the predicted Safe 0xe1fC10997beEE616D5666BF2D8A08428395AB9aB was given 1000000 USDC before the run

$ deploy-base.ts --i-confirmed-parameters --fork --rpc http://127.0.0.1:11545 --key-file /Users/michaelyang/Documents/Workspace/zero-one-dao/state/phase5-refusals-1789116477198-0/deployer.env --out evidence/phase5/base-fork/refusal-must-not-write-this.json --fork-genesis-commit 6e2b8c41291fca655f9eb82eb6c4264384536d11
ASSERT genesis commit 6e2b8c41291fca655f9eb82eb6c4264384536d11 advertised by public origin (local HEAD 6e2b8c41291fca655f9eb82eb6c4264384536d11, fork rehearsal pinned to a pushed ancestor)
constitution https://raw.githubusercontent.com/mkmkkkkk/zero-one-dao/6e2b8c41291fca655f9eb82eb6c4264384536d11/docs/CONSTITUTION.md keccak256 0xebc7c39cf14fdc0ac2c028cdba5960ecc4560a314e613b93b4585b62826f2d9a (matches local bytes)
deployer 0x3cDEAe9cE8E9f543DBEeCBc3956ee78a47B09f1b balance 1000 ETH on Base (http://127.0.0.1:11545)
ASSERT deployer 0x3cDEAe9cE8E9f543DBEeCBc3956ee78a47B09f1b holds 1000 ETH, at or above the 0.02 ETH: 24754842 gas (measured over 22 transactions, evidence/phase5/base-fork/measurements.json) x 0.003935754 gwei live base fee (latest block 51000002) x 5 = 0.00048714484210434 ETH, floor 0.02 ETH governs
REFUSED: predicted Safe 0xe1fC10997beEE616D5666BF2D8A08428395AB9aB already holds 1000000 USDC (no longer a trap since phase 5 ruling 8, it would accrue to the genesis shares; pick a fresh salt for a clean address)
ASSERT a predicted Safe holding USDC refuses the deployment (the positive case is the rehearsal's USDC=0 assertion)

$ deploy-base.ts --i-confirmed-parameters --fork --rpc http://127.0.0.1:11545 --key-file /Users/michaelyang/Documents/Workspace/zero-one-dao/state/phase5-refusals-1789116477198-0/deployer.env --out evidence/phase5/base-fork/refusal-must-not-write-this.json --fork-genesis-commit 6e2b8c41291fca655f9eb82eb6c4264384536d11
ASSERT genesis commit 6e2b8c41291fca655f9eb82eb6c4264384536d11 advertised by public origin (local HEAD 6e2b8c41291fca655f9eb82eb6c4264384536d11, fork rehearsal pinned to a pushed ancestor)
constitution https://raw.githubusercontent.com/mkmkkkkk/zero-one-dao/6e2b8c41291fca655f9eb82eb6c4264384536d11/docs/CONSTITUTION.md keccak256 0xebc7c39cf14fdc0ac2c028cdba5960ecc4560a314e613b93b4585b62826f2d9a (matches local bytes)
deployer 0x3cDEAe9cE8E9f543DBEeCBc3956ee78a47B09f1b balance 0.03 ETH on Base (http://127.0.0.1:11545)
ASSERT deployer 0x3cDEAe9cE8E9f543DBEeCBc3956ee78a47B09f1b holds 0.03 ETH, at or above the 0.02 ETH: 24754842 gas (measured over 22 transactions, evidence/phase5/base-fork/measurements.json) x 0.05 gwei live base fee (latest block 51000003) x 5 = 0.0061887105 ETH, floor 0.02 ETH governs
REFUSED: predicted Safe 0xe1fC10997beEE616D5666BF2D8A08428395AB9aB already holds 1000000 USDC (no longer a trap since phase 5 ruling 8, it would accrue to the genesis shares; pick a fresh salt for a clean address)
ASSERT the gate passes a funded deployer at a realistic Base base fee (0.05 gwei; the 0.02 ETH floor governs)
   ASSERT deployer 0x3cDEAe9cE8E9f543DBEeCBc3956ee78a47B09f1b holds 0.03 ETH, at or above the 0.02 ETH: 24754842 gas (measured over 22 transactions, evidence/phase5/base-fork/measurements.json) x 0.05 gwei live base fee (latest block 51000003) x 5 = 0.0061887105 ETH, floor 0.02 ETH governs

$ deploy-base.ts --i-confirmed-parameters --fork --rpc http://127.0.0.1:11545 --key-file /Users/michaelyang/Documents/Workspace/zero-one-dao/state/phase5-refusals-1789116477198-0/deployer.env --out evidence/phase5/base-fork/refusal-must-not-write-this.json --fork-genesis-commit 6e2b8c41291fca655f9eb82eb6c4264384536d11
ASSERT genesis commit 6e2b8c41291fca655f9eb82eb6c4264384536d11 advertised by public origin (local HEAD 6e2b8c41291fca655f9eb82eb6c4264384536d11, fork rehearsal pinned to a pushed ancestor)
constitution https://raw.githubusercontent.com/mkmkkkkk/zero-one-dao/6e2b8c41291fca655f9eb82eb6c4264384536d11/docs/CONSTITUTION.md keccak256 0xebc7c39cf14fdc0ac2c028cdba5960ecc4560a314e613b93b4585b62826f2d9a (matches local bytes)
deployer 0x3cDEAe9cE8E9f543DBEeCBc3956ee78a47B09f1b balance 0.03 ETH on Base (http://127.0.0.1:11545)
REFUSED: deployer 0x3cDEAe9cE8E9f543DBEeCBc3956ee78a47B09f1b holds 0.03 ETH, below the 0.061887105 ETH: 24754842 gas (measured over 22 transactions, evidence/phase5/base-fork/measurements.json) x 0.5 gwei live base fee (latest block 51000004) x 5 = 0.061887105 ETH, floor 0.02 ETH
ASSERT the same deployer with the same balance is refused once the base fee is high (0.5 gwei)
   REFUSED: deployer 0x3cDEAe9cE8E9f543DBEeCBc3956ee78a47B09f1b holds 0.03 ETH, below the 0.061887105 ETH: 24754842 gas (measured over 22 transactions, evidence/phase5/base-fork/measurements.json) x 0.5 gwei live base fee (latest block 51000004) x 5 = 0.061887105 ETH, floor 0.02 ETH

$ deploy-base.ts --i-confirmed-parameters --fork --rpc http://127.0.0.1:11545 --key-file /Users/michaelyang/Documents/Workspace/zero-one-dao/state/phase5-refusals-1789116477198-0/deployer.env --out evidence/phase5/base-fork/refusal-must-not-write-this.json --fork-genesis-commit 6e2b8c41291fca655f9eb82eb6c4264384536d11
ASSERT genesis commit 6e2b8c41291fca655f9eb82eb6c4264384536d11 advertised by public origin (local HEAD 6e2b8c41291fca655f9eb82eb6c4264384536d11, fork rehearsal pinned to a pushed ancestor)
constitution https://raw.githubusercontent.com/mkmkkkkk/zero-one-dao/6e2b8c41291fca655f9eb82eb6c4264384536d11/docs/CONSTITUTION.md keccak256 0xebc7c39cf14fdc0ac2c028cdba5960ecc4560a314e613b93b4585b62826f2d9a (matches local bytes)
deployer 0x3cDEAe9cE8E9f543DBEeCBc3956ee78a47B09f1b balance 0.061887104999999999 ETH on Base (http://127.0.0.1:11545)
REFUSED: deployer 0x3cDEAe9cE8E9f543DBEeCBc3956ee78a47B09f1b holds 0.061887104999999999 ETH, below the 0.061887105 ETH: 24754842 gas (measured over 22 transactions, evidence/phase5/base-fork/measurements.json) x 0.5 gwei live base fee (latest block 51000005) x 5 = 0.061887105 ETH, floor 0.02 ETH
ASSERT a deployer one wei under the computed requirement is refused (0.5 gwei)
   REFUSED: deployer 0x3cDEAe9cE8E9f543DBEeCBc3956ee78a47B09f1b holds 0.061887104999999999 ETH, below the 0.061887105 ETH: 24754842 gas (measured over 22 transactions, evidence/phase5/base-fork/measurements.json) x 0.5 gwei live base fee (latest block 51000005) x 5 = 0.061887105 ETH, floor 0.02 ETH

$ deploy-base.ts --i-confirmed-parameters --fork --rpc http://127.0.0.1:11545 --key-file /Users/michaelyang/Documents/Workspace/zero-one-dao/state/phase5-refusals-1789116477198-0/deployer.env --out evidence/phase5/base-fork/refusal-must-not-write-this.json --fork-genesis-commit 6e2b8c41291fca655f9eb82eb6c4264384536d11
ASSERT genesis commit 6e2b8c41291fca655f9eb82eb6c4264384536d11 advertised by public origin (local HEAD 6e2b8c41291fca655f9eb82eb6c4264384536d11, fork rehearsal pinned to a pushed ancestor)
constitution https://raw.githubusercontent.com/mkmkkkkk/zero-one-dao/6e2b8c41291fca655f9eb82eb6c4264384536d11/docs/CONSTITUTION.md keccak256 0xebc7c39cf14fdc0ac2c028cdba5960ecc4560a314e613b93b4585b62826f2d9a (matches local bytes)
deployer 0x3cDEAe9cE8E9f543DBEeCBc3956ee78a47B09f1b balance 0.061887105 ETH on Base (http://127.0.0.1:11545)
ASSERT deployer 0x3cDEAe9cE8E9f543DBEeCBc3956ee78a47B09f1b holds 0.061887105 ETH, at or above the 0.061887105 ETH: 24754842 gas (measured over 22 transactions, evidence/phase5/base-fork/measurements.json) x 0.5 gwei live base fee (latest block 51000006) x 5 = 0.061887105 ETH, floor 0.02 ETH
REFUSED: predicted Safe 0xe1fC10997beEE616D5666BF2D8A08428395AB9aB already holds 1000000 USDC (no longer a trap since phase 5 ruling 8, it would accrue to the genesis shares; pick a fresh salt for a clean address)
ASSERT the same deployer at exactly the computed requirement passes (0.5 gwei)
   ASSERT deployer 0x3cDEAe9cE8E9f543DBEeCBc3956ee78a47B09f1b holds 0.061887105 ETH, at or above the 0.061887105 ETH: 24754842 gas (measured over 22 transactions, evidence/phase5/base-fork/measurements.json) x 0.5 gwei live base fee (latest block 51000006) x 5 = 0.061887105 ETH, floor 0.02 ETH

deployer-gate receipts: evidence/phase5/deployer-gate/{requirement-table.json,gate-cases.log}

ASSERT all five deployment refusals, the predicted-Safe balance gate and the computed deployer funding gate still fire; no record was written and no public-network transaction was sent
