FORK attempt https://mainnet.base.org
ASSERT fork upstream=https://mainnet.base.org chainId=8453 block=51000000 loopback=http://127.0.0.1:11545
ASSERT before any write: loopback http://127.0.0.1:11545 chainId=8453 forkedNetwork=8453
ASSERT USDC proxy decimals=6 impersonated=0xd0b53D9277642d899DF5C87A3966A349A798F224 funded=50000000 recipient=0x458160805dD2D84aA219C60115F73894ee8A9e2c tx=0x97f125b5a15d244ee3fdda50c3f0666ee53e3a7092b59c62e2917d0405b47189
ASSERT USDC proxy decimals=6 impersonated=0xd0b53D9277642d899DF5C87A3966A349A798F224 funded=50000000 recipient=0x6545C7Cbae375effd7882B8A010c8191605CE5df tx=0x3bd3b04fa24970f9341102a24396508944fc9e1263f63af839b77335a1dfae49
superseded the previous fork record -> evidence/phase5/base-fork/deploy-base-fork.superseded.json
ASSERT constitution pins 229b3865515a61aef119b5fde5f0a862e9305550 (= local HEAD, pushed)
ASSERT genesis commit 229b3865515a61aef119b5fde5f0a862e9305550 advertised by public origin (local HEAD 229b3865515a61aef119b5fde5f0a862e9305550, fork rehearsal pinned to a pushed ancestor)
constitution https://raw.githubusercontent.com/mkmkkkkk/zero-one-dao/229b3865515a61aef119b5fde5f0a862e9305550/docs/CONSTITUTION.md keccak256 0xebc7c39cf14fdc0ac2c028cdba5960ecc4560a314e613b93b4585b62826f2d9a (matches local bytes)
deployer 0x458160805dD2D84aA219C60115F73894ee8A9e2c balance 1000 ETH on Base (http://127.0.0.1:11545)
ASSERT deployer 0x458160805dD2D84aA219C60115F73894ee8A9e2c holds 1000 ETH, at or above the 0.02 ETH: 24778573 gas (measured over 22 transactions, evidence/phase5/base-fork/measurements.json) x 0.003935754 gwei live base fee (latest block 51000002) x 5 = 0.00048761183899521 ETH, floor 0.02 ETH governs
ASSERT CREATE2-predicted Safe 0x18c69e2760c88A2B991e8A854Fcbf01c3032f566 USDC=0 before deployment
ASSERT CREATE2-predicted Safe 0x18c69e2760c88A2B991e8A854Fcbf01c3032f566 USDC=0 before deployment
safe 0x18c69e2760c88A2B991e8A854Fcbf01c3032f566 baal 0x6A5Ee5D57366d914A78eBe3d78cb226DE716F2c4 shares 0x6a5880e842f6b0c200E657F8C3b90FDEc252f29a factory 0xE9C1A7cE380bCeCDE482aeb273242E8b74Fc88D8 adapter 0x94A1350548230DF0005519Ed47D19A77dB1d6893 constitution 0x78a9b05e97C111C947EAaa58b17b5a9c531074bE
genesis: 50000000000000000000 shares to the founder (approve 0x4e9ea966d06994808d607afd83c3aaeab09f2287e6f18583f82a8793a6cb9ff3, deposit 0x5ddb20ffa1775940be11e957693824e500ab26ebb1d75dc1ff1722df6474e80d)
ASSERT the only shamans Baal ever granted are DepositShaman 0x80C35608C70A588271a099ae99D55973B7AC58B3 and WorkManager 0x97008DA0594DAF26b82AC49281A2C0528a6eB3b6, both permission 2 (manager)
verification inputs: /Users/michaelyang/Documents/Workspace/zero-one-dao/evidence/phase5/base-fork/verification-base (60 source units, compiler v0.8.36+commit.8a079791)
{
  "chain": "Base",
  "fork": true,
  "sourceCommit": "229b3865515a61aef119b5fde5f0a862e9305550",
  "workingTreeDirty": true,
  "genesisCommit": "229b3865515a61aef119b5fde5f0a862e9305550",
  "chainId": 8453,
  "rpcUrl": "http://127.0.0.1:11545",
  "explorer": "https://basescan.org",
  "deployedAt": "2026-09-11T08:17:54.906Z",
  "startBlock": 51000002,
  "deployer": "0x458160805dD2D84aA219C60115F73894ee8A9e2c",
  "founder": "0x458160805dD2D84aA219C60115F73894ee8A9e2c",
  "settlement": "0x833589fCD6eDb6E08f4c7C32D4f71b54bdA02913",
  "settlementNote": "Circle USDC on Base; no mint or faucet",
  "safe": "0x18c69e2760c88A2B991e8A854Fcbf01c3032f566",
  "baal": "0x6A5Ee5D57366d914A78eBe3d78cb226DE716F2c4",
  "shares": "0x6a5880e842f6b0c200E657F8C3b90FDEc252f29a",
  "loot": "0xF8F3a89C7B3b25E9BFfC0FC55785f419f427F585",
  "depositShaman": "0x80C35608C70A588271a099ae99D55973B7AC58B3",
  "treasuryLedger": "0xfE92e5F7A67a8b4C1246368fC90ee52FF57f4d51",
  "workManager": "0x97008DA0594DAF26b82AC49281A2C0528a6eB3b6",
  "templateFactory": "0xE9C1A7cE380bCeCDE482aeb273242E8b74Fc88D8",
  "templateDeployers": [
    "0x7BC2C32d5D875172a0bED25A3c7d71d8d2636270",
    "0x99d8163586D66b5Ef8172f6B7016dc09e834bbc8",
    "0x4DDf86f97c169c00c5aBe8dd2e7EF92334afa3Cf",
    "0xe9605A45F23F478245A5185E867000D0ee3e4da2"
  ],
  "intentAccount": "0x94A1350548230DF0005519Ed47D19A77dB1d6893",
  "constitution": {
    "address": "0x78a9b05e97C111C947EAaa58b17b5a9c531074bE",
    "textHash": "0xebc7c39cf14fdc0ac2c028cdba5960ecc4560a314e613b93b4585b62826f2d9a",
    "textUrl": "https://raw.githubusercontent.com/mkmkkkkk/zero-one-dao/229b3865515a61aef119b5fde5f0a862e9305550/docs/CONSTITUTION.md",
    "text": "docs/CONSTITUTION.md"
  },
  "singletons": {
    "baalSingleton": "0x5853DB2FF58309c5C342f97Bc44C2238ad03A559",
    "moduleProxyFactory": "0x258f59592cfba43006cD7378988A81AEF1dC4625",
    "safeSingleton": "0xC783647E796D3E4C4aC6ADF023DBA716D577Ca32",
    "safeProxyFactory": "0x30D53Baa745246E45dEc985e03965136D1Ebc497",
    "multiSend": "0x3Be5cfcF987031e531704B6e69C4a36829403094",
    "deploymentTransactions": [
      "0x44ae0060d82ad9f31909887cad748b2dfdc34af1de3d1a24045bc2c14df1523d",
      "0xa2f017a69dd40fe61a77210c4a11e42baf670da2a729f71578e714b06a16bfae",
      "0x08efdba9f3a37bdb8e24f3180ec25b56dac75593b09af964f59a53adbd6df862",
      "0x32f0fc4b75dd17a9d3841ebca38c7682201f586bcf03d4611eb6732eac3988de",
      "0x0a13e24c4357abc7400864eeebfe589143f2d9d9e3e7e2694319faed237e726e"
    ]
  },
  "governance": {
    "votingPeriod": 21600,
    "gracePeriod": 21600,
    "proposalOffering": "0",
    "quorumPercent": "0",
    "sponsorThreshold": "1000000000000000000",
    "minRetentionPercent": "66"
  },
  "shamans": [
    {
      "shaman": "0x80C35608C70A588271a099ae99D55973B7AC58B3",
      "permission": "2"
    },
    {
      "shaman": "0x97008DA0594DAF26b82AC49281A2C0528a6eB3b6",
      "permission": "2"
    }
  ],
  "genesis": {
    "depositUsdc6": "50000000",
    "sharesMinted": "50000000000000000000",
    "approveHash": "0x4e9ea966d06994808d607afd83c3aaeab09f2287e6f18583f82a8793a6cb9ff3",
    "depositHash": "0x5ddb20ffa1775940be11e957693824e500ab26ebb1d75dc1ff1722df6474e80d"
  },
  "txHashes": {
    "singleton:Baal": "0x44ae0060d82ad9f31909887cad748b2dfdc34af1de3d1a24045bc2c14df1523d",
    "singleton:ModuleProxyFactory": "0xa2f017a69dd40fe61a77210c4a11e42baf670da2a729f71578e714b06a16bfae",
    "singleton:GnosisSafe": "0x08efdba9f3a37bdb8e24f3180ec25b56dac75593b09af964f59a53adbd6df862",
    "singleton:GnosisSafeProxyFactory": "0x32f0fc4b75dd17a9d3841ebca38c7682201f586bcf03d4611eb6732eac3988de",
    "singleton:MultiSendCallOnly": "0x0a13e24c4357abc7400864eeebfe589143f2d9d9e3e7e2694319faed237e726e",
    "SafeProxy": "0xd64a7132c152538c2b6207f0691836eb7a6beb5298334bf1d584770e38bf8d3f",
    "BaalProxy": "0xef2608c8455721cf624f056f9532d2491b1350cfed88d70a7fe0d51f0e0f94e8",
    "NavShareToken": "0xd720e43c4eab3236e919095f2ad889837fb49724074a1d44a4e68cdb609d8a6f",
    "LootToken": "0x82a2bc24323fcd669b661dd5a34d6736fd9a9c332919ea279ed61a5ee06f5ebd",
    "DepositShaman": "0x2f53f36a489d20c0d137de353e368a2c8aca6c65ea2fac479725ead7951f3b61",
    "WorkManager": "0x2abc478afe47ffa295127e36dd5258dff78d02eeb8cb8e26062338c76679820a",
    "PaymentDeployer": "0x9a7b997608426ecac41044019b84fcfc85e6a396fd12d64821647e22664079dc",
    "StrategyDeployer": "0x04c5aabc758dcade39a8fa816b10d7fd6ee277d103fe61a37ccd5581bccc446e",
    "ProjectDeployer": "0x5bb732cde6325739ccd12bf1f76c503b4d97c9d9d44d91b3c7ee5a2736cec8a3",
    "ConfigDeployer": "0x35f9bea5ead2ccaaca4ed80d61b36ae1838e87633b3235c836c9f68fc8788905",
    "TemplateFactory": "0xd4b56bc02168d050a6d76a6a035e31b6e6e5326dc92b838375ed13babab7b245",
    "ZeroOneIntentAccount": "0x0e3d0db5bcc91285fe2f3928d537686c93b6056ac30d520aef775ff5c2ea23cd",
    "Constitution": "0x24b40a6d0bf462761192b9a1e31383b66d42f016443fc6954c85c817ad291c98",
    "Safe.setup": "0x1619249133b5d2df959746b17a762b893b18893012ebb2d6662caf9d0a089f93",
    "Baal.setUp": "0x65bfd017582a11ca3919e1933057849c68173792b6daae2b2dda42f3b0a83ef9"
  },
  "compiler": "v0.8.36+commit.8a079791"
}
ASSERT deployment + genesis total gas 24754770 over 22 transactions, in chain order (the record's txHashes are the same set and sum)
   gas   4267378 singleton:Baal
   gas    268875 singleton:ModuleProxyFactory
   gas   2738930 singleton:GnosisSafe
   gas    610833 singleton:GnosisSafeProxyFactory
   gas    131115 singleton:MultiSendCallOnly
   gas    105352 SafeProxy
   gas     72265 BaalProxy
   gas   1271442 NavShareToken
   gas    575817 LootToken
   gas   1526152 WorkManager
   gas   1751439 PaymentDeployer
   gas   2189002 StrategyDeployer
   gas   2667360 ProjectDeployer
   gas   1620021 ConfigDeployer
   gas   1545195 TemplateFactory
   gas    697887 DepositShaman
   gas   1343680 ZeroOneIntentAccount
   gas    327872 Constitution
   gas    174438 Safe.setup
   gas    502400 Baal.setUp
   gas     55449 genesis:approve
   gas    311868 genesis:deposit
ASSERT Baal fork runtime 19368 bytes < 24576 at 0x5853DB2FF58309c5C342f97Bc44C2238ad03A559; MultiSendCallOnly runtime 360 bytes at 0x3Be5cfcF987031e531704B6e69C4a36829403094
ASSERT the Baal fork caps baalGas at 8000000: a submitProposal one wei of gas above it reverts "baalGas to high"

== Payment round (the phase 3 rehearsal's step, on the phase 5 relay of contracts)
ASSERT Payment 1 USDC: proposal #1 processed passed=true actionFailed=false vote=0xa385d62035fbde7bed5a5ef3123e02558b98d57d66da124e4a81dd956adc1ec6 process=0xf7dc6f563e620841d856938f145a4f6dfa43827f9130712de7d8da3fbb81380e gas=275100

== Project round: a voted instance holds settlement outside the Safe, inside the ledger
ASSERT Project start: proposal #2 processed passed=true actionFailed=false vote=0x9b5e0d3ab64c3c40a09fa775ae7e8df823ec4e21e29efb38cba26da8d09b97c0 process=0x2bd4370abf1204cca564ce128f2645aafebf609cb37d7a8aabcb6f4b0f265d94 gas=305581
ASSERT ledger NAV 49000000 > Safe 39000000; instance 0x255Ca04A600c01c216CeDeF05fb78f297ecCFF7F holds 10000000

== Task round: the reward of an Active task is an unminted share liability
   WorkManager holds no shares, so the founder sponsors proposal #3 (tx 0x5a49451e05f79413ec719515b04002a9f6455d2b2e95ae3f0e311dcb3e20dab0)
ASSERT Task activation: proposal #3 processed passed=true actionFailed=false vote=0xfe717d6d65386c2ee4e5aa9a1521db35898e62532b82ffdcecf75437c0bc1943 process=0x4bb6d5a835562137dd2bf0284111bddb2271b767a4680b3b9bfb03603d100dae gas=215782

== Deposit priced by the TreasuryLedger and by the task liability
ASSERT deposit #1 (25 USDC): 25000000 USDC -> 30612244897959183673 shares at ledger NAV 49000000 (Safe 64000000) with liability 10000000000000000000; tx 0xb96f7fa4ce0f3f0f9bddf1cdcb4bcc64781611e89111523b043a4a84651ebc20
AbiFunctionNotFoundError: Function "lotCount" not found on ABI.
Make sure you are using the correct ABI and that the function exists on it.

Docs: https://viem.sh/docs/contract/encodeFunctionData
Version: viem@2.56.3
    at prepareEncodeFunctionData (/Users/michaelyang/Documents/Workspace/zero-one-dao/node_modules/viem/utils/abi/prepareEncodeFunctionData.ts:100:22)
    at <anonymous> (/Users/michaelyang/Documents/Workspace/zero-one-dao/node_modules/viem/utils/abi/encodeFunctionData.ts:84:12)
    at encodeFunctionData (/Users/michaelyang/Documents/Workspace/zero-one-dao/node_modules/viem/utils/abi/encodeFunctionData.ts:85:5)
    at readContract (/Users/michaelyang/Documents/Workspace/zero-one-dao/node_modules/viem/actions/public/readContract.ts:118:20)
    at Object.readContract (/Users/michaelyang/Documents/Workspace/zero-one-dao/node_modules/viem/clients/decorators/public.ts:2358:29)
    at at (/Users/michaelyang/Documents/Workspace/zero-one-dao/scripts/e2e-base-fork.ts:185:20)
    at shares (/Users/michaelyang/Documents/Workspace/zero-one-dao/scripts/e2e-base-fork.ts:188:80)
    at deposit (/Users/michaelyang/Documents/Workspace/zero-one-dao/scripts/e2e-base-fork.ts:314:60)
    at process.processTicksAndRejections (node:internal/process/task_queues:105:5)
    at async main (/Users/michaelyang/Documents/Workspace/zero-one-dao/scripts/e2e-base-fork.ts:319:19)
