anvil http://127.0.0.1:11545 chainId 31401
deployed: safe 0x4Ebf1151Dd285c6115e4e677De9252B1118DF332 baal 0x7C856E02c06AF0Bb24E3a06450f009Ff144FBe5A shares 0x7676FaD84AF0c38045775c71C66aD1cCDaa086B8 settlement 0xf729Bf055c3F76448b3de217E7e687EdF293039A
          depositShaman 0x898782B9E50eEC9e287e237dF6f83E7abFcaBe55 workManager 0x75EAaA4B8ba81aE7d8efcB55E14760A53f80647a constitution 0x891B8c61CA7B52E47D85E9bBd435d8E9F1B34F93
          templateFactory 0xFFF238a407B8c82f3895584174e555F956BdB082 deployers 0xcb67234eBB8cD2c5cb54137a24ce4dfA5ffE8775 0xFA3aEB3B85b2eEaB8c1f492c8678C4885FBd06b7 0x71f3c0B13Afa809e33CC5F34747453cFd1b960c6 0xb56602c2EBd6A520a5CF6cAE28C6FC9d574e9E26 intentAccount 0x18e7920FC821e738C1Fa77dC6219C52bCB0e2481
   F = 0x93f174c62eF57c46Af5dcDFf9600d078379b2946  founder (deployer; ordinary member via the 50 USDC genesis deposit)
   A = 0xE189066aFb0663530ED3A1b76004E02058a42393  member agent A
   B = 0xf15f1df0FB8aC536a87425847DB3707DC9727E38  member agent B
   C = 0x45d8B34D6D9f07Cc26aaB940878e8d9e65Ff2e0D  member agent C
   D = 0x42736f08EA00A6E4c9A8066b9D23bdC3881fF15E  depositor D (joins later)
   O = 0x7436A1145DAbCa36C48E3DfFf8CA9a4F0cf51207  operator O (mandate recipient)
   W = 0xA93c32C566ae54141F57F91bbd0316cFD9E16184  worker W (task deliverer)
   shaman 0x898782B9E50eEC9e287e237dF6f83E7abFcaBe55 permission 2 (DepositShaman)
   shaman 0x75EAaA4B8ba81aE7d8efcB55E14760A53f80647a permission 2 (WorkManager)
   ok: every shaman ever set is either revoked (0) or a plain manager (2): no admin, no governor
   ok: the only manager (mint) shamans are DepositShaman and WorkManager
   ok: Baal.avatar is the Safe: the only non-shaman minter is a passed proposal executed by the Safe
   ok: the founder holds no shaman permission
   ok: adminLock is on
   ok: the founder cannot call Baal.mintShares directly (reverted with !baal & !manager)
   constitution textHash 0xebc7c39cf14fdc0ac2c028cdba5960ecc4560a314e613b93b4585b62826f2d9a url docs/CONSTITUTION.md
   ok: Constitution.textHash == keccak256(docs/CONSTITUTION.md exact bytes)
   ok: Constitution has no state-changing function (immutable, no amendment path)
   ok: TemplateFactory is bound to this Safe, settlement and Baal
   ok: factory template 0 -> Payment deployer 0xcb67234eBB8cD2c5cb54137a24ce4dfA5ffE8775
   ok: Payment deployer is bound to the same Safe and settlement
   ok: factory template 1 -> Strategy deployer 0xFA3aEB3B85b2eEaB8c1f492c8678C4885FBd06b7
   ok: Strategy deployer is bound to the same Safe and settlement
   ok: factory template 2 -> Project deployer 0x71f3c0B13Afa809e33CC5F34747453cFd1b960c6
   ok: Project deployer is bound to the same Safe and settlement
   ok: factory template 3 -> Config deployer 0xb56602c2EBd6A520a5CF6cAE28C6FC9d574e9E26
   ok: Config deployer is bound to the same Safe and settlement
   ok: ZeroOneIntentAccount.factory is this TemplateFactory (op 0 deploys and submits through it)

== step 1: seed: fund actors with USDC-mock
   tx fund A with 10000 USDC: 0x3042585a948f2159c95ab5263cf371a4e18aec538eaa289de590e04176d22c92 (block 22, gas 51250)
   tx fund B with 10000 USDC: 0xa724dca3444847e117194107a23d596b1822543795e9a9174e2380f718c030e4 (block 23, gas 51250)
   tx fund C with 10000 USDC: 0x304dc49946d46736180e09a0084980cafe8ae74ba8857186876e1529d8327f1a (block 24, gas 51250)
   tx fund D with 10000 USDC: 0x32d96af1e2d76366d6b23cc7bd69d4ad3d4d2c03c64801f9b23463b66d1cc608 (block 25, gas 51238)
   tx fund O with 10000 USDC: 0x9f57c123a20cbfae6fa4af00837b0773e24de58454bc0b1d359c337d029e4337 (block 26, gas 51250)
   tx fund W with 10000 USDC: 0xad20a1e97368252f7aa8ba2a73c4653235e512457633929b06c01e813d026440 (block 27, gas 51250)

== step 2: seed: genesis deposit 50 USDC by the founder -> 50e18 shares = 100% of supply
   tx F approve deposit shaman: 0x4699d164d992e15de6ad263bd4b5dcb9d28cdaf0e26dd7cac3886e70d301b9b4 (block 28, gas 45901)
   tx F deposit 50 USDC -> 50 shares (quoted 50): 0xc106895f8180073e2768122d99b107938a6176c01f839e5d14c3ec7cd34cce5a (block 29, gas 303575)
   ok: genesis: 50 USDC (50e6) -> exactly 50e18 shares (1 USDC -> 1e18 shares while the treasury is empty)
   ok: the founder holds 100% of supply after genesis; nothing else was minted

== step 3: seed: A, B, C deposit 1000 USDC each at NAV (1 USDC per share)
   tx A approve deposit shaman: 0xe9139ab5ac575b4e8b4873640aae0fa52d765df004d03b15917f00b9ae753a8d (block 30, gas 45889)
   tx A deposit 1000 USDC -> 1000 shares (quoted 1000): 0xe0392d4f9e8e7b49fafda1c9839ca833d555b0e673d71c04de9de76485d8b13c (block 31, gas 235253)
   tx B approve deposit shaman: 0x8f53835e3cccc0527b847d762f34c27ec137300ac90fe33d153b61c7ce1ee52e (block 32, gas 45889)
   tx B deposit 1000 USDC -> 1000 shares (quoted 1000): 0x5eb6cc5ca936faca68c85af631b6a9376c47a39011fb20585bee63bcb2dadcb7 (block 33, gas 235253)
   tx C approve deposit shaman: 0x25db5d983aa27590749604a09cab8d3ed99a4f6e676f2fdbd316dbfcdf0e3d92 (block 34, gas 45889)
   tx C deposit 1000 USDC -> 1000 shares (quoted 1000): 0xc9f202e3c73e2a6002b2e74c84adb9480af3b844d8edc5d6dbbdd780c200c6a4 (block 35, gas 235253)
   [seeded] treasury(Safe) USDC = 3050  totalShares = 3050
   [seeded] F: USDC = 99939950  shares = 50
   [seeded] A: USDC = 9000  shares = 1000
   [seeded] B: USDC = 9000  shares = 1000
   [seeded] C: USDC = 9000  shares = 1000

== step 4: A proposes 'pay A 2000 USDC', votes YES; grace passes; the proposal is left Ready (expiration 0)
   tx A submitProposal #1 "A: pay A 2000 USDC" (baalGas 80023): 0x1a70c08ba6818a7c97849d29e96eebc2def5c52ce7999288d027fe3d79ec0ba2 (block 36, gas 263476)
   warp +1s (let votingStarts become past) -> block 37 timestamp 1789131441
   proposal #1 state = Voting
   tx A votes YES on #1 -> yes 1000 / no 0: 0x05f3972119c9ccd9fd0c40cce98b4713d6f2a251b3b2b5c179325c31d6a596e4 (block 38, gas 117227)
   warp +43200s (past grace of #1) -> block 39 timestamp 1789174641
   proposal #1 state = Ready
   ok: Ready, unprocessed

== step 5: D deposits 5000 USDC at the current NAV (1 USDC/share)
   tx D approve deposit shaman: 0x1d8404f708928a0d553358f8e5f9136ea4c6a333cb1fcd34c83754be395d4dc9 (block 40, gas 45901)
   tx D deposit 5000 USDC -> 5000 shares (quoted 5000): 0x39eb9c20eaf7befd32c65d1a0f766815a5c281ac8563e22d7490bbe1e7adfab6 (block 41, gas 252365)
   D holds 5000 shares = 62.11%; Safe 8050 USDC; D could not vote on #1 (votingStarts before D's checkpoint)

== step 6: A processes the old proposal
RETENTION proposal=1 chunk=1 gas=67668 tx=0xc166a7a4000e7cff52b1ea22466ab3b9121c337f7c2b562d6738b9f0862c72ba
   tx A processProposal #1 -> passed=true actionFailed=false state=Processed: 0xa971c7617007a6d4f538a95a010afccc5edab548e5bde39a7e89c48328f97b67 (block 43, gas 153009)
   ok: paid
   Safe 6050 USDC; D's 5000 shares now worth 3757.763975 USDC: D lost 1242.236025 USDC (24.84%) of the 2000 paid to A; A's own 1000 shares bore 248.447204 USDC
   tx D ragequit 5000 shares -> paid 3757.763975 USDC (pro-rata of 6050 at supply 8050): 0xf3854cd7bf1934e5c89ca13500d51d1342e8090db050751aef6f9895864e88d1 (block 44, gas 177857)
   D USDC 10000 -> 8757.763975 after exit (paid 3757.763975)
   ok: D recovered less than 76% of its deposit

=== SCENARIO NAV-06 Ready proposal executes against a later depositor (finding demonstrated; mitigation informational only): PASS ===

anvil stopped (http://127.0.0.1:11545)
