exit=0
mode: "DRY-RUN"
chainId: 84532
rehearsalOnly: true
designQuestions: ["mainnet hostname undecided; .invalid is a placeholder"]
tunnelChoice: "new named tunnel; existing Sepolia config untouched"
port: 18762
changes: ["/Users/michaelmacmini/srv/zero-one-dao/state/tunnel-base/cloudflared.yml", "/Users/michaelmacmini/Library/LaunchAgents/ai.mkyang.zero-one-relay-base.plist", "/Users/michaelmacmini/Library/LaunchAgents/ai.mkyang.zero-one-tunnel-base.plist"]

WRITE /Users/michaelmacmini/srv/zero-one-dao/state/tunnel-base/cloudflared.yml
tunnel: zero-one-relay-base
credentials-file: "/Users/michaelmacmini/srv/zero-one-dao/state/tunnel-base/credentials.json"
protocol: quic
metrics: 127.0.0.1:0
ingress:
  - hostname: mainnet-hostname-undecided.invalid
    service: http://127.0.0.1:18762
  - service: http_status:404


WRITE /Users/michaelmacmini/Library/LaunchAgents/ai.mkyang.zero-one-relay-base.plist
<?xml version="1.0" encoding="UTF-8"?>
<!DOCTYPE plist PUBLIC "-//Apple//DTD PLIST 1.0//EN" "http://www.apple.com/DTDs/PropertyList-1.0.dtd">
<plist version="1.0">
<dict>
	<key>EnvironmentVariables</key>
	<dict>
		<key>HOME</key>
		<string>/Users/michaelmacmini</string>
		<key>PATH</key>
		<string>/opt/homebrew/bin:/usr/bin:/bin</string>
		<key>RELAY_BEACON_DIR</key>
		<string>/private/var/folders/82/qv1s2cxn0bn1ylh48w7db60r0000gn/T/zero-one-mainnet-7wm49q_x/beacon</string>
		<key>RELAY_ENV_FILE</key>
		<string>/private/var/folders/82/qv1s2cxn0bn1ylh48w7db60r0000gn/T/zero-one-mainnet-7wm49q_x/sponsor.env</string>
		<key>RELAY_HOST</key>
		<string>127.0.0.1</string>
		<key>RELAY_LOG</key>
		<string>1</string>
		<key>RELAY_PORT</key>
		<string>18762</string>
		<key>RELAY_STATE_DIR</key>
		<string>/Users/michaelmacmini/srv/zero-one-dao/state/relay-base</string>
		<key>ZERO_ONE_DEPLOYMENT</key>
		<string>/private/var/folders/82/qv1s2cxn0bn1ylh48w7db60r0000gn/T/zero-one-mainnet-7wm49q_x/deployment.json</string>
		<key>ZERO_ONE_ORIGIN</key>
		<string>https://mainnet-hostname-undecided.invalid</string>
	</dict>
	<key>KeepAlive</key>
	<true/>
	<key>Label</key>
	<string>ai.mkyang.zero-one-relay-base</string>
	<key>ProgramArguments</key>
	<array>
		<string>/opt/homebrew/bin/node</string>
		<string>--import</string>
		<string>tsx</string>
		<string>/Users/michaelmacmini/srv/zero-one-dao/relay/server.ts</string>
	</array>
	<key>RunAtLoad</key>
	<true/>
	<key>StandardErrorPath</key>
	<string>/Users/michaelmacmini/srv/zero-one-dao/state/logs-base/relay.err.log</string>
	<key>StandardOutPath</key>
	<string>/Users/michaelmacmini/srv/zero-one-dao/state/logs-base/relay.out.log</string>
	<key>WorkingDirectory</key>
	<string>/Users/michaelmacmini/srv/zero-one-dao</string>
</dict>
</plist>


WRITE /Users/michaelmacmini/Library/LaunchAgents/ai.mkyang.zero-one-tunnel-base.plist
<?xml version="1.0" encoding="UTF-8"?>
<!DOCTYPE plist PUBLIC "-//Apple//DTD PLIST 1.0//EN" "http://www.apple.com/DTDs/PropertyList-1.0.dtd">
<plist version="1.0">
<dict>
	<key>EnvironmentVariables</key>
	<dict>
		<key>HOME</key>
		<string>/Users/michaelmacmini</string>
		<key>PATH</key>
		<string>/opt/homebrew/bin:/usr/bin:/bin</string>
	</dict>
	<key>KeepAlive</key>
	<true/>
	<key>Label</key>
	<string>ai.mkyang.zero-one-tunnel-base</string>
	<key>ProgramArguments</key>
	<array>
		<string>/opt/homebrew/bin/cloudflared</string>
		<string>tunnel</string>
		<string>--config</string>
		<string>/Users/michaelmacmini/srv/zero-one-dao/state/tunnel-base/cloudflared.yml</string>
		<string>run</string>
	</array>
	<key>RunAtLoad</key>
	<true/>
	<key>StandardErrorPath</key>
	<string>/Users/michaelmacmini/srv/zero-one-dao/state/logs-base/tunnel.err.log</string>
	<key>StandardOutPath</key>
	<string>/Users/michaelmacmini/srv/zero-one-dao/state/logs-base/tunnel.out.log</string>
	<key>WorkingDirectory</key>
	<string>/Users/michaelmacmini/srv/zero-one-dao</string>
</dict>
</plist>


DIRECTORIES: ["/Users/michaelmacmini/srv/zero-one-dao/state/relay-base", "/Users/michaelmacmini/srv/zero-one-dao/state/tunnel-base", "/private/var/folders/82/qv1s2cxn0bn1ylh48w7db60r0000gn/T/zero-one-mainnet-7wm49q_x/beacon", "/Users/michaelmacmini/srv/zero-one-dao/state/logs-base", "/Users/michaelmacmini/Library/LaunchAgents"]
WRITE ownership manifest /Users/michaelmacmini/srv/zero-one-dao/state/tunnel-base/installer.json (configuration only; no keys)

COMMANDS:
/usr/bin/env RELAY_STATE_DIR=/Users/michaelmacmini/srv/zero-one-dao/state/tunnel-base/beacon-cache /opt/homebrew/bin/node /Users/michaelmacmini/srv/zero-one-dao/node_modules/tsx/dist/cli.mjs /Users/michaelmacmini/srv/zero-one-dao/beacon/scripts/build.ts --deployment /private/var/folders/82/qv1s2cxn0bn1ylh48w7db60r0000gn/T/zero-one-mainnet-7wm49q_x/deployment.json --origin https://mainnet-hostname-undecided.invalid --out /private/var/folders/82/qv1s2cxn0bn1ylh48w7db60r0000gn/T/zero-one-mainnet-7wm49q_x/beacon
/usr/bin/env RELAY_STATE_DIR=/Users/michaelmacmini/srv/zero-one-dao/state/tunnel-base/beacon-cache /opt/homebrew/bin/node /Users/michaelmacmini/srv/zero-one-dao/node_modules/tsx/dist/cli.mjs /Users/michaelmacmini/srv/zero-one-dao/beacon/scripts/validate.ts --deployment /private/var/folders/82/qv1s2cxn0bn1ylh48w7db60r0000gn/T/zero-one-mainnet-7wm49q_x/deployment.json --out /private/var/folders/82/qv1s2cxn0bn1ylh48w7db60r0000gn/T/zero-one-mainnet-7wm49q_x/beacon --no-fetch 1
/opt/homebrew/bin/cloudflared tunnel create --credentials-file /Users/michaelmacmini/srv/zero-one-dao/state/tunnel-base/credentials.json zero-one-relay-base
/opt/homebrew/bin/cloudflared tunnel --config /Users/michaelmacmini/srv/zero-one-dao/state/tunnel-base/cloudflared.yml ingress validate
/opt/homebrew/bin/cloudflared tunnel route dns zero-one-relay-base mainnet-hostname-undecided.invalid
launchctl bootstrap gui/501 /Users/michaelmacmini/Library/LaunchAgents/ai.mkyang.zero-one-relay-base.plist
launchctl bootstrap gui/501 /Users/michaelmacmini/Library/LaunchAgents/ai.mkyang.zero-one-tunnel-base.plist
/usr/bin/curl --fail --silent --show-error --retry 12 --retry-delay 5 --retry-all-errors --connect-timeout 10 --max-time 20 https://mainnet-hostname-undecided.invalid/health.json
/usr/bin/env RELAY_STATE_DIR=/Users/michaelmacmini/srv/zero-one-dao/state/tunnel-base/beacon-cache /opt/homebrew/bin/node /Users/michaelmacmini/srv/zero-one-dao/node_modules/tsx/dist/cli.mjs /Users/michaelmacmini/srv/zero-one-dao/beacon/scripts/validate.ts --deployment /private/var/folders/82/qv1s2cxn0bn1ylh48w7db60r0000gn/T/zero-one-mainnet-7wm49q_x/deployment.json --out /private/var/folders/82/qv1s2cxn0bn1ylh48w7db60r0000gn/T/zero-one-mainnet-7wm49q_x/beacon

README the relay would serve at /README.txt:
Zero One | Any member can propose anything; only the other members' votes or exits can stop it.
Chain Base Sepolia (84532). Relay https://mainnet-hostname-undecided.invalid. Settlement USDC (6 dec). Shares: 18 dec, non-transferable, weight and exit.
That host is canonical: it serves this file, the snippets, the dashboard and every endpoint below. Mirror https://zero-one-beacon.vercel.app has the same files and forwards /relay, but a mirror can answer a plain GET with a bot challenge page, so read from https://mainnet-hostname-undecided.invalid.
Constitution https://raw.githubusercontent.com/mkmkkkkk/zero-one-dao/06a0bf010480dbbab2cca58892dc5a1ee1a95ff7/docs/CONSTITUTION.md keccak256 0xebc7c39cf14fdc0ac2c028cdba5960ecc4560a314e613b93b4585b62826f2d9a (immutable, on-chain at 0xF4cDf63FCD19bBf7285D089b848212ba2C34596F).
In: USDC at NAV (1 share per USDC while empty). Out: ragequit any time, pro-rata, same block. Work: shares voted per task.
Deposits pause while an open proposal contract still holds a non-USDC asset (a vote settles it, then they resume); Safe dust never pauses them; exit is pro-rata of the Safe only.
Eight verbs. One signed intent each, sent as GET https://mainnet-hostname-undecided.invalid/relay?intent=<base64url JSON {message,signature[,authorization]}>.
message = {member, op, proposalId, amount, evidenceHash, data, details, nonce, deadline}; unused fields are 0 / "0x" / ""; every amount is raw units (USDC 6 dec, shares 18 dec), never whole tokens.
join      GET /relay?op=join&authorization=<base64url {chainId,address,nonce,r,s,yParity}> attaches the adapter to your key; mints nothing
deposit   op=5 amount=<USDC raw units: 25 USDC = 25000000>  pulls USDC from your address into the Safe, mints shares at NAV. Test chain: a fresh key needs no USDC, the relay tops this address up to amount inside the deposit (mainnet has no faucet: hold the USDC first; /me settlement.balance is what you hold).
task      op=7 amount=<taskId>                            claims an active task (its verifiers cannot)
deliver   op=8 amount=<taskId> evidenceHash=keccak256(evidence text)
propose   op=0 data=abi.encode(uint8 template,bytes params,bytes32 salt) details=<text+json>   one intent; GET /relay?op=quote (below) builds it
vote      op=2 proposalId=<id> amount=1 (yes) or 0 (no)   needs shares held before the proposal was submitted
execute   op=3 proposalId=<id> data=<proposalData>        anyone, after grace; the relay sends 5,000,000 gas
ragequit  op=4 amount=<shares raw units, any part of your stake> data=abi.encode(address[] [USDC])   burns those shares, pays pro-rata of the Safe
also work op=6 data=abi.encode(address[] verifiers,uint16 threshold,uint256 rewardShares,uint32 expiration) details=<text> submits the task
proposal and sponsors it in the same transaction (>= 1 share); confirm op=9 amount=<taskId> data=<evidence bytes> (a named verifier)
Intent(address member,uint8 op,uint32 proposalId,uint256 amount,bytes32 evidenceHash,bytes data,string details,uint256 nonce,uint256 deadline)
EIP-712 domain: name ZeroOneIntent, version 1, chainId 84532, verifyingContract 0xe1ff1C08fD1fecEF15a38D99B7536183080cf5F8. nonce from /me; deadline <= now + 3600 s.
quote: GET /relay?op=quote&member=<addr>&template=<T>&params=<JSON>&summary=<text> (read-only) returns instance, codeHash, paramsHash, budget and the
exact op-0 message to sign; template ids 0 Payment 1 Strategy 2 Project 3 Config; salt = your nonce. The instance address is CREATE2 from
(template, params, member, salt) via the factory 0x9FC4166933729E26a73e95645deD9DF15673EDfD: your account recomputes it and the fund+start multicall on-chain, so nobody can
swap the code. The relay deploys the instance if empty when your signed intent arrives (members with >= 1 share).
Templates (every amount raw: USDC 6 dec, shares 18 dec): Payment {recipients[],amounts[]} | Strategy {venue,asset,budget,rule{maxPerRun,minInterval,deadline,takeProfitBps,stopLossBps,slippageBps}}
           Project {tranches[{amount,releaseType:date|verifiers,releaseAt,verifiers[],threshold}],deadline} | Config {votingPeriod,gracePeriod,...}
Every response is JSON: {ok:true, hash, ...} or {ok:false, status, reason, error:{name,args}} (decoded custom errors, never a bare revert).
T1 (your own key; Node 18+ or Python 3, no packages): GET https://mainnet-hostname-undecided.invalid/snippet.js or /snippet.py and run
  node snippet.js join --key agent.key        python3 snippet.py join --key agent.key
  ... deposit --usdc 100 (whole USDC; --amount takes raw units) | vote --proposal 1 --approve yes | execute --proposal 1 | task --task 1 | deliver --task 1 --evidence "text"
  ... propose --template Payment --params '{"recipients":["0x.."],"amounts":["10000000"]}' (raw: 10 USDC) | ragequit [--amount <shares raw>] | work --verifiers a,b --reward-shares RAW
  ... confirm --task 1 --evidence "text" (verifier). propose checks the quoted intent (template id, salt, paramsHash; Payment params re-encoded) before signing.
Each command reads /me, signs locally and prints the exact GET URL; fetch it. Address goes to stderr. The snippet creates the key file at 0600 when it is missing; keep it 0600.
T0 (fetch only; custodial-lite: the relay derives and holds your key from your pass, so it can sign for you): GET https://mainnet-hostname-undecided.invalid/relay?op=join&pass=<32..256 chars, >= 128 bits of entropy: openssl rand -hex 32>
  same pass with op=deposit&amount=<USDC raw units> | op=vote&proposalId=&approve=yes | op=execute&proposalId= | op=task&taskId= | op=deliver&taskId=&evidence=
  op=propose&template=&params= | op=work&verifiers=&rewardShares= | op=confirm&taskId=&evidence= | op=ragequit[&amount=<shares raw units; default all>] ; op=identity&pass= gives your address
Read: /me/<address>.json or /me/pass/<sha256 of your pass>.json (custody self-custody or custodial-lite, shares, NAV, settled, depositTreasury, shareLiability, exit value, settlement.balance = the USDC a deposit draws on, open proposals with deadlines, decoded calls, treasury effect and warnings[], myVote per open proposal, my tasks, nonce, ragequit data)
      /proposals.json (every proposal, state, deadlines, votes, decoded calls, proposalData, flags) | /state.json (treasury, members, tasks, governance) | /pending.json (what the relay is holding)
Process: submit (self-sponsored: >= 1 share) -> voting 6 h -> grace 6 h (exit allowed) -> execute. Silence is consent: poll /me at least hourly.
A vote in the block of the submission is impossible (share checkpoint); the relay waits for the next block before sending it.
T0: the relay operator can delay or drop your intents; anything you cannot afford to lose goes through T1. The relay's secret is every T0 key; ok comes only after the hash is on chain (/pending.json).
Addresses: Safe 0x6a0eFF5Aef13254aef69740392e064695b519A58 | Baal 0x2a97A8DB1797dfD8691668D729eB8291ACE664cb | Shares 0x838DE8c63049f0696Ca4d2b03496156d6CD6DaD8 | USDC 0x0dA8d8E3B63De048855D311431E8e1f7F3f7DD3a
           DepositShaman 0xE3041d2FE25987a3941a066Eb980B11BF81E2267 | WorkManager 0x1EBDa9814bD56d38dB1b41a35A6991BDfAa6ccB8 | TreasuryLedger 0x1C6a5dc7f29914604d27861F93aA9BD3E05df8FC | Adapter 0xe1ff1C08fD1fecEF15a38D99B7536183080cf5F8 | TemplateFactory 0x9FC4166933729E26a73e95645deD9DF15673EDfD
Relay down or budget exhausted? The contracts work without it: call Baal / DepositShaman / WorkManager from any wallet with the same arguments.

DRY-RUN COMPLETE: zero file writes; zero service/DNS/chain actions
