
> zero-one-dao@0.1.0 e2e:relay
> tsx relay/e2e-local.ts


== step 1: deploy Zero One on a fresh anvil (prague) + genesis: founder deposits 50 USDC -> 50e18 shares
   anvil http://127.0.0.1:11545 chainId 31401; safe 0x19b967966B292930c8263BeB0c66f699FEBE2fAf baal 0xA10c0d09Aa6C0292E18B334CbC23d4dbe66605cd adapter 0xBD7C38b9ACe2A29c712a57e6882341c2Fc81a9F9; genesis 0x9b65f9df1fe076c666081f3fd20aae25d8d9893f1728fe17cb1f61c2def621ac
   ok: founder holds 50e18 shares = 100%

== step 2: sponsor float: 10,000 test USDC to the relay sponsor (faucet for test chains); write the deployment record
   deployment record /Users/michaelyang/Documents/Workspace/zero-one-dao/state/e2e-relay-1788822091583/deployment.json

== step 3: start the relay against the mirror (sponsor = anvil account 15)
{
  "listening": "127.0.0.1:18751",
  "startedAt": "2026-09-07T23:01:32.892Z",
  "chainId": 31401,
  "adapter": "0xBD7C38b9ACe2A29c712a57e6882341c2Fc81a9F9",
  "sponsor": "0xe679C6A8F0972f01f66f5b70aE7B376A34Ab2B9a",
  "deployment": "/Users/michaelyang/Documents/Workspace/zero-one-dao/state/e2e-relay-1788822091583/deployment.json",
  "stateDir": "/Users/michaelyang/Documents/Workspace/zero-one-dao/state/e2e-relay-1788822091583/relay"
}

   health: {"service":"zero-one-relay","dao":"Zero One","chainId":31401,"chain":"local mirror","adapter":"0xBD7C38b9ACe2A29c712a57e6882341c2Fc81a9F9","baal":"0xA10c0d09Aa6C0292E18B334CbC23d4dbe66605cd","safe":"0x19b967966B292930c8263BeB0c66f699FEBE2fAf","settlement":"0x05487A7464ae74795300778Dc0c831881f081436","constitution":{"address":"0xbeb16878a57D4F3159a0997Fa985603bb3c856CE","textHash":"0xebc7c39cf14fdc0ac2c028cdba5960ecc4560a314e613b93b4585b62826f2d9a","textUrl":"docs/CONSTITUTION.md","text":"docs/CONSTITUTION.md"},"sponsor":"0xe679C6A8F0972f01f66f5b70aE7B376A34Ab2B9a","sponsorBalanceWei":"10000000
   ok: relay is alive on the mirror with the deployed adapter

== step 4: build and validate the beacon (README <= 44 lines, every address has code)
   validate: {"result":"PASS","readmeLines":43,"addressesWithCode":10,"proposals":0,"tasks":0,"members":1,"block":"24"}

----- README.txt (43 lines) -----
Zero One | Any member can propose anything; only the other members' votes or exits can stop it.
Chain local mirror (31401). Relay http://127.0.0.1:18751. Settlement USDC (6 dec). Shares: 18 dec, non-transferable, weight and exit.
Constitution http://127.0.0.1:18751/CONSTITUTION.md keccak256 0xebc7c39cf14fdc0ac2c028cdba5960ecc4560a314e613b93b4585b62826f2d9a (immutable, on-chain at 0xbeb16878a57D4F3159a0997Fa985603bb3c856CE).
In: USDC at NAV (1 share per USDC while empty). Out: ragequit any time, pro-rata, same block. Work: shares voted per task.

Eight verbs. One signed intent each, sent as GET http://127.0.0.1:18751/relay?intent=<base64url JSON {message,signature[,authorization]}>.
message = {member, op, proposalId, amount, evidenceHash, data, details, nonce, deadline}; unused fields are 0 / "0x" / "".
join      GET /relay?op=join&authorization=<base64url {chainId,address,nonce,r,s,yParity}> attaches the adapter to your key; mints nothing
deposit   op=5 amount=<USDC raw units>                    pulls USDC from your address into the Safe, mints shares at NAV
task      op=7 amount=<taskId>                            claims an active task (its verifiers cannot)
deliver   op=8 amount=<taskId> evidenceHash=keccak256(evidence text)
propose   op=0 data=abi.encode(uint8 template,bytes params,bytes32 salt) details=<text+json>   one intent; GET /relay?op=quote (below) builds it
vote      op=2 proposalId=<id> amount=1 (yes) or 0 (no)   needs shares held before the proposal was submitted
execute   op=3 proposalId=<id> data=<proposalData>        anyone, after grace; the relay sends 5,000,000 gas
ragequit  op=4 amount=<shares raw units> data=abi.encode(address[] [USDC])   burns shares, pays pro-rata of the Safe
also work op=6 data=abi.encode(address[] verifiers,uint16 threshold,uint256 rewardShares,uint32 expiration) details=<text> submits the task
proposal and sponsors it in the same transaction (>= 1 share); confirm op=9 amount=<taskId> data=<evidence bytes> (a named verifier)
Intent(address member,uint8 op,uint32 proposalId,uint256 amount,bytes32 evidenceHash,bytes data,string details,uint256 nonce,uint256 deadline)
EIP-712 domain: name ZeroOneIntent, version 1, chainId 31401, verifyingContract 0xBD7C38b9ACe2A29c712a57e6882341c2Fc81a9F9. nonce from /me; deadline <= now + 3600 s.
quote: GET /relay?op=quote&member=<addr>&template=<T>&params=<JSON>&summary=<text> (read-only) returns instance, codeHash, paramsHash, budget and the
exact op-0 message to sign; template ids 0 Payment 1 Strategy 2 Project 3 Config; salt = your nonce. The instance address is CREATE2 from
(template, params, member, salt) via the factory 0x665AC953966981e48D48057E9A4cdA0710bFb0fC: your account recomputes it and the fund+start multicall on-chain, so nobody can
swap the code. The relay deploys the instance if empty when your signed intent arrives (members with >= 1 share).
Templates: Payment {recipients[],amounts[]} | Strategy {venue,asset,budget,rule{maxPerRun,minInterval,deadline,takeProfitBps,stopLossBps}}
           Project {tranches[{amount,releaseType:date|verifiers,releaseAt,verifiers[],threshold}],deadline} | Config {votingPeriod,gracePeriod,...}
Every response is JSON: {ok:true, hash, ...} or {ok:false, status, reason, error:{name,args}} (decoded custom errors, never a bare revert).

T1 (your own key; Node 18+ or Python 3, no packages): GET http://127.0.0.1:18751/snippet.js or /snippet.py and run
  node snippet.js join --key agent.key        python3 snippet.py join --key agent.key
  ... deposit --usdc 100 | vote --proposal 1 --approve yes | execute --proposal 1 | task --task 1 | deliver --task 1 --evidence "text"
  ... propose --template Payment --params '{"recipients":["0x.."],"amounts":["10000000"]}' | ragequit | work --verifiers a,b --reward-shares RAW
  ... confirm --task 1 --evidence "text" (verifier). propose checks the quoted intent (template id, salt, paramsHash; Payment params re-encoded) before signing.
Each command reads /me, signs locally and prints the exact GET URL; fetch it. Address goes to stderr. Keep the key file 0600.
T0 (fetch only; custodial-lite: the relay derives and holds your key from your secret): GET http://127.0.0.1:18751/relay?op=join&pass=<32..256 random chars>
  same pass with op=deposit&amount= | op=vote&proposalId=&approve=yes | op=execute&proposalId= | op=task&taskId= | op=deliver&taskId=&evidence=
  op=propose&template=&params= | op=work&verifiers=&rewardShares= | op=confirm&taskId=&evidence= | op=ragequit ; op=identity&pass= gives your address
Read: /me/<address>.json (shares, NAV, exit value, open proposals with deadlines and treasury effect, my votes, my tasks, nonce, ragequit data)
      /proposals.json (every proposal, state, deadlines, votes, decoded calls, proposalData) | /state.json (treasury, members, tasks, governance)
Process: submit (self-sponsored: >= 1 share) -> voting 6 h -> grace 6 h (exit allowed) -> execute. Silence is consent: poll /me at least hourly.
A vote in the block of the submission is impossible (share checkpoint); the relay waits for the next block before sending it.
Addresses: Safe 0x19b967966B292930c8263BeB0c66f699FEBE2fAf | Baal 0xA10c0d09Aa6C0292E18B334CbC23d4dbe66605cd | Shares 0x4B740422C43b3793C464A50f50EAC92B15835bA9 | USDC 0x05487A7464ae74795300778Dc0c831881f081436
           DepositShaman 0x16a0291f5BB2d21D8dAd0c5cc1654C47C5B3E1F7 | WorkManager 0x212732aB9c4f94B8Df4a07038a4860782040547d | Adapter 0xBD7C38b9ACe2A29c712a57e6882341c2Fc81a9F9 | TemplateFactory 0x665AC953966981e48D48057E9A4cdA0710bFb0fC
Relay down or budget exhausted? The contracts work without it: call Baal / DepositShaman / WorkManager from any wallet with the same arguments.
----- end README.txt -----
   ok: README.txt is at most 44 lines
   ok: node snippet selftest: JavaScript keccak and curve vectors PASS
   ok: python snippet selftest: Python keccak and curve vectors PASS

== step 5: keys: a fresh T1 agent key (never funded with ETH) plus founder and verifier keys as 0600 files
   agent 0x409d297ff14D88763184d15D374A92bb7e961A48 (ETH balance 0) founder 0xfd6224F8b363523cE00f7cEE4a9C7ECd0E780395 verifiers 0x43140F39323997c4a91dd6B14F6023b7A4B6E525 0xb445294d308E398FECDB6f15336E3465eC3202b7

== step 6: T1 agent: join (node snippet.js join) -> delegation attached, nothing minted
   $ node snippet.js join --key /Users/michaelyang/Documents/Workspace/zero-one-dao/state/e2e-relay-1788822091583/keys/agent.key
   stderr: 0x409d297ff14d88763184d15d374a92bb7e961a48
   GET http://127.0.0.1:18751/relay?op=join&authorization=eyJjaGFpbklkIjozMTQwMSwi...
   -> 200 {"ok":true,"verb":"join","address":"0x409d297ff14D88763184d15D374A92bb7e961A48","delegated":true,"hash":"0xd6fbf5910794be037c3ba6615387237f20806c3f8761f71c92fb9c160d94ef75","blockNumber":"25","nonce":"0","shares":"0","note":"mints nothing; deposit at NAV or earn shares by verified work"}
   ok: relay answered ok ()
   ok: agent is delegated and holds 0 shares
   /me: {"address":"0x409d297ff14D88763184d15D374A92bb7e961A48","chainId":31401,"adapter":"0xBD7C38b9ACe2A29c712a57e6882341c2Fc81a9F9","delegated":true,"nonce":"0","authorizationNonce":1,"chainTime":1788822093,"domain":{"name":"ZeroOneIntent","version":"1","chainId":31401,"verifyingContract":"0xBD7C38b9ACe2A29c712a57e6882341c2Fc81a9F9"},"dao":{"name":"Zero One","principle":"Any member can propose anything; only the other members' votes or exits can stop it."},"custody":"self-custody","shares":"0","sharesFormatted":"0","percent":"0.0000","navUsdcPerShare":"1","exitValueUsdc":"0","usdc":"0","usdcFormatted":"0","spendable":"0","openProposals":[],"myProposals":[],"myTasks":[],"openTasks":[],"ragequit":{
   ok: /me shows delegated, nonce 0, 0 shares

== step 7: T1 agent: deposit 100 USDC (deposit --usdc 100); the mirror faucet tops the agent up first
   $ node snippet.js deposit --key /Users/michaelyang/Documents/Workspace/zero-one-dao/state/e2e-relay-1788822091583/keys/agent.key --usdc 100
   stderr: 0x409d297ff14d88763184d15d374a92bb7e961a48
   GET http://127.0.0.1:18751/relay?intent=eyJtZXNzYWdlIjp7Im1lbWJl...
   -> 200 {"ok":true,"verb":"deposit","op":5,"member":"0x409d297ff14D88763184d15D374A92bb7e961A48","hash":"0x1012b3cc8a8510f74ae2aa32feb12c7517a22119343209edad830b8e8fd995c3","blockNumber":"27","gasUsed":"209541","nonceUsed":"0","nextNonce":"1","deposit":{"usdc":"100","sharesMinted":"100"},"faucet":{"toppedUpUsdc":"100","hash":"0xc4a7dbf39cd75757db2fbcce33d9bfe58a4c491258999eef8d39c0c8f1fcbc93"}}
   ok: relay answered ok ()
   ok: 100 USDC at NAV 1 -> 100 shares
   /me: shares 100 (66.6666%) nav 1 exitValue 100 usdc 0 nonce 1
   ok: /me: 100 shares, NAV 1 USDC/share, exit value 100 USDC, nonce 1

== step 8: founder: join via the relay (python3 snippet.py) before any proposal exists
   $ python3 snippet.py join --key /Users/michaelyang/Documents/Workspace/zero-one-dao/state/e2e-relay-1788822091583/keys/founder.key
   stderr: 0xfd6224f8b363523ce00f7cee4a9c7ecd0e780395
   GET http://127.0.0.1:18751/relay?op=join&authorization=eyJjaGFpbklkIjozMTQwMSwi...
   -> 200 {"ok":true,"verb":"join","address":"0xfd6224F8b363523cE00f7cEE4a9C7ECd0E780395","delegated":true,"hash":"0xea5a2fd68cd0c7df9119d990885623af30b1e9356783462f0cbd60fa300169cc","blockNumber":"28","nonce":"0","shares":"0","note":"mints nothing; deposit at NAV or earn shares by verified work"}
   ok: relay answered ok ()

== step 9: T1 agent: propose a Payment of 10 USDC to itself with ONE signed intent (propose --template Payment): op=quote (read-only) -> sign -> the relay deploys the CREATE2 instance -> the account submits fund+start of exactly that address
   GET http://127.0.0.1:18751/relay?op=quote&member=0x409d297ff14D88763184d15D374A92bb7e961A48&template=Payment&params=%7B%22recipients%22%3A%5B%220x409d297ff14D88763184d15D374A92bb7e961A48%22%5D%2C%22amounts%22%3A%5B%2210000000%22%5D%7D&summary=agent%3A%20pay%20me%2010%20USDC
   -> 200 {"ok":true,"verb":"quote","instance":"0x23B4b00d9bbc7Bf0E05326dDBFA7Dc0CD0E2B262","exists":false,"template":"Payment","templateId":0,"contract":"PaymentProposal","codeHash":"0x2d67d850b53e69542d9472f67981ab63eede807d9cc7d1abc34f18635af74db4","paramsHash":"0xde57194861f5197087ee2fac0c4fa1b3596d42b6ab1eef5451dae07fc8762d4d","paramsBytes":"0x000000000000000000000000000000000000000000000000000000000000004000000000000000000000000000000000000000000000000000000000000000800000000000000000000000000000000000000000000000000000000000000001000000000000000000000000409d297ff14d88763184d15d374a92bb7e961a4800000000000000000000000000000000000000000000000000000000000000010000000000000000000000000000000000000000000000000000000000989680","salt":"0x0000000000000000000000000000000000000000000000000000000000000001","operator":"0x409d297ff14D88763184d15D374A92bb7e961A48","budget":"10000000","budgetUsdc":"10","deadline":"0","calls":[{"to":"0x05487A7464ae74795300778Dc0c831881f081436","data":"0xa9059cbb00000000000000000000000023b4b00d9bbc7bf0e05326ddbfa7dc0cd0e2b2620000000000000000000000000000000000000000000000000000000000989680"},{"to":"0x23B4b00d9bbc7Bf0E05326dDBFA7Dc0CD0E2B262","data":"0xbe9a6555"}],"propo
   ok: relay answered ok ()
   ok: quote: the instance address is known before deployment (exists: false), with its code hash
   $ node snippet.js propose --key /Users/michaelyang/Documents/Workspace/zero-one-dao/state/e2e-relay-1788822091583/keys/agent.key --template Payment --params "{\"recipients\":[\"0x409d297ff14D88763184d15D374A92bb7e961A48\"],\"amounts\":[\"10000000\"]}" --summary "agent: pay me 10 USDC"
   stderr: 0x409d297ff14d88763184d15d374a92bb7e961a48 | {"instance":"0x23B4b00d9bbc7Bf0E05326dDBFA7Dc0CD0E2B262","exists":false,"codeHash":"0x2d67d850b53e69542d9472f67981ab63eede807d9cc7d1abc34f18635af74db4","paramsHash":"0xde57194861f5197087ee2fac0c4fa1b3596d42b6ab1eef5451dae07fc8762d4d","operator":"0x409d297ff14D88763184d15D374A92bb7e961A48","budgetUsdc":"10","canPropose":true}
   GET http://127.0.0.1:18751/relay?intent=eyJtZXNzYWdlIjp7Im1lbWJl...
   -> 200 {"ok":true,"verb":"propose","op":0,"member":"0x409d297ff14D88763184d15D374A92bb7e961A48","hash":"0xb30060263ea3a718a79b8687866692edda1e9f8c9cd85c07dc1df86430dcc87a","blockNumber":"30","gasUsed":"272990","nonceUsed":"1","nextNonce":"2","proposalId":1,"sponsored":true,"instance":"0x23B4b00d9bbc7Bf0E05326dDBFA7Dc0CD0E2B262","template":"Payment","codeHash":"0x2d67d850b53e69542d9472f67981ab63eede807d9cc7d1abc34f18635af74db4","deployHash":"0xd69e4790df6f400e840e723c41dfbe463d9b4acb0358e5eccdf4e9578f1fdfbc","deployedBy":"relay sponsor"}
   ok: relay answered ok ()
   ok: proposal #1 submitted and self-sponsored (agent holds >= 1 share) in one intent
   ok: the relay deployed the instance at the quoted CREATE2 address before the intent (sponsored, member >= 1 share)
   ok: the code hash quoted before deployment equals keccak256 of the code now at the address
   /proposals.json #1: state Voting effect "10 USDC leaves the Safe; Payment contract 0x23B4b00d9bbc7Bf0E05326dDBFA7Dc0CD0E2B262 (budget 10 USDC, operator 0x409d297ff14D88763184d15D374A92bb7e961A48)" instance {"address":"0x23B4b00d9bbc7Bf0E05326dDBFA7Dc0CD0E2B262","template":"Payment","paramsHash":"0xde57194861f5197087ee2fac0c4fa1b3596d42b6ab1eef5451dae07fc8762d4d","operator":"0x409d297ff14D88763184d15D374A92bb7e961A48","budget":"10000000","budgetUsdc":"10","deadline":0,"status":"Pending","codeHash":"0x2
   ok: proposal #1 is Voting with treasury effect 10 USDC out
   ok: instance is a Pending Payment whose operator is the agent
   ok: the proposalData the account built on-chain equals the quoted (off-chain) multicall; details carry codeHash and paramsHash
   GET http://127.0.0.1:18751/relay?op=quote&member=0x409d297ff14D88763184d15D374A92bb7e961A48&template=Payment&params=%7B%22recipients%22%3A%5B%220x409d297ff14D88763184d15D374A92bb7e961A48%22%5D%2C%22amounts%22%3A%5B%2210000000%22%5D%7D&summary=x&salt=0x0000000000000000000000000000000000000000000000000000000000000001
   -> 200 {"ok":true,"verb":"quote","instance":"0x23B4b00d9bbc7Bf0E05326dDBFA7Dc0CD0E2B262","exists":true,"template":"Payment","templateId":0,"contract":"PaymentProposal","codeHash":"0x2d67d850b53e69542d9472f67981ab63eede807d9cc7d1abc34f18635af74db4","paramsHash":"0xde57194861f5197087ee2fac0c4fa1b3596d42b6ab1eef5451dae07fc8762d4d","paramsBytes":"0x000000000000000000000000000000000000000000000000000000000000004000000000000000000000000000000000000000000000000000000000000000800000000000000000000000000000000000000000000000000000000000000001000000000000000000000000409d297ff14d88763184d15d374a92bb7e961a4800000000000000000000000000000000000000000000000000000000000000010000000000000000000000000000000000000000000000000000000000989680","salt":"0x0000000000000000000000000000000000000000000000000000000000000001","operator":"0x409d297ff14D88763184d15D374A92bb7e961A48","budget":"10000000","budgetUsdc":"10","deadline":"0","calls":[{"to":"0x05487A7464ae74795300778Dc0c831881f081436","data":"0xa9059cbb00000000000000000000000023b4b00d9bbc7bf0e05326ddbfa7dc0cd0e2b2620000000000000000000000000000000000000000000000000000000000989680"},{"to":"0x23B4b00d9bbc7Bf0E05326dDBFA7Dc0CD0E2B262","data":"0xbe9a6555"}],"propos
   ok: relay answered ok ()
   ok: quoting the same (template, params, member, salt) again finds the deployed instance (deterministic address)
   $ node snippet.js propose --key /Users/michaelyang/Documents/Workspace/zero-one-dao/state/e2e-relay-1788822091583/keys/agent.key --template Payment --params "{\"recipients\":[\"0x409d297ff14D88763184d15D374A92bb7e961A48\"],\"amounts\":[\"10000000\"]}" --summary x
   stderr: 0x409d297ff14d88763184d15d374a92bb7e961a48 | {"instance":"0x5813AaDff41D0aDe18d3fb7b39B8f591468c70b5","exists":false,"codeHash":"0x2d67d850b53e69542d9472f67981ab63eede807d9cc7d1abc34f18635af74db4","paramsHash":"0xde57194861f5197087ee2fac0c4fa1b3596d42b6ab1eef5451dae07fc8762d4d","operator":"0x409d297ff14D88763184d15D374A92bb7e961A48","budgetUsdc":"10","canPropose":true}
   ok: the signed intent carries only the template id, the exact abi.encode(params) and a salt (nothing the relay chose)

== step 10: founder votes YES on #1 right after the submission (python3 snippet.py): the relay waits one block (ruling 7)
   $ python3 snippet.py vote --key /Users/michaelyang/Documents/Workspace/zero-one-dao/state/e2e-relay-1788822091583/keys/founder.key --proposal 1 --approve yes
   stderr: 0xfd6224f8b363523ce00f7cee4a9c7ecd0e780395
   GET http://127.0.0.1:18751/relay?intent=eyJtZXNzYWdlIjp7Im1lbWJl...
   -> 200 {"ok":true,"verb":"vote","op":2,"member":"0xfd6224F8b363523cE00f7cEE4a9C7ECd0E780395","hash":"0x45873d54ee77e909eee5bb982134ef64ec5e7c768c184dbd54ecff71fb336a54","blockNumber":"32","gasUsed":"157957","nonceUsed":"0","nextNonce":"1","waitedBlocks":1,"vote":{"proposalId":1,"approved":true,"shares":"50"}}
   ok: relay answered ok ()
   ok: the relay waited exactly one block before sending a vote that followed a fresh submission (ruling 7)
   ok: founder voted YES with 50 shares

== step 11: warp past voting + grace (12 h); T1 agent executes #1 via the relay (explicit 5,000,000 gas)
   $ node snippet.js execute --key /Users/michaelyang/Documents/Workspace/zero-one-dao/state/e2e-relay-1788822091583/keys/agent.key --proposal 1
   stderr: 0x409d297ff14d88763184d15d374a92bb7e961a48
   GET http://127.0.0.1:18751/relay?intent=eyJtZXNzYWdlIjp7Im1lbWJl...
   -> 200 {"ok":true,"verb":"execute","op":3,"member":"0x409d297ff14D88763184d15D374A92bb7e961A48","hash":"0xe9c0972e76ca89817dd678ac5cee80a7fef403f21a1e96f5a8e1b77e1725ba5b","blockNumber":"34","gasUsed":"246967","nonceUsed":"2","nextNonce":"3","processed":{"proposalId":1,"passed":true,"actionFailed":false}}
   ok: relay answered ok ()
   ok: proposal #1 passed and its action executed (fund + start)
   /me: usdc 10 shares 100 nav 0.933333 exitValue 93.333333
   ok: the agent sees the 10 USDC payment
   ok: the Safe holds 140 USDC (50 + 100 - 10)

== step 12: founder proposes a task via the relay (work: verifiers V1,V2 threshold 2, reward 5 shares): submitTask + sponsorProposal in ONE transaction (ruling 4); founder votes right after (relay waits one block); agent votes; warp; agent executes
   $ python3 snippet.py work --key /Users/michaelyang/Documents/Workspace/zero-one-dao/state/e2e-relay-1788822091583/keys/founder.key --verifiers 0x43140F39323997c4a91dd6B14F6023b7A4B6E525,0xb445294d308E398FECDB6f15336E3465eC3202b7 --threshold 2 --reward-shares 5000000000000000000 --details "ops: run the relay e2e"
   stderr: 0xfd6224f8b363523ce00f7cee4a9c7ecd0e780395
   GET http://127.0.0.1:18751/relay?intent=eyJtZXNzYWdlIjp7Im1lbWJl...
   -> 200 {"ok":true,"verb":"work","op":6,"member":"0xfd6224F8b363523cE00f7cEE4a9C7ECd0E780395","hash":"0x226b68b07617a44b143b4198c34a7635c9aa6cf8f3010f0fb36c0b29e1d9ad70","blockNumber":"35","gasUsed":"474939","nonceUsed":"1","nextNonce":"2","proposalId":2,"task":{"taskId":1,"proposalId":2},"sponsored":true}
   ok: relay answered ok ()
   ok: task #1 recorded, proposal #2 submitted
   ok: the same transaction sponsored #2 (SponsorProposal event): no ninth verb
   ok: proposal #2 is Voting, sponsored by the founder's own account
   $ python3 snippet.py vote --key /Users/michaelyang/Documents/Workspace/zero-one-dao/state/e2e-relay-1788822091583/keys/founder.key --proposal 2 --approve yes
   stderr: 0xfd6224f8b363523ce00f7cee4a9c7ecd0e780395
   GET http://127.0.0.1:18751/relay?intent=eyJtZXNzYWdlIjp7Im1lbWJl...
   -> 200 {"ok":true,"verb":"vote","op":2,"member":"0xfd6224F8b363523cE00f7cEE4a9C7ECd0E780395","hash":"0x82c3b0a8bc75575e67433226b6926321a8f0bea2952dbddc44f438a77730f24d","blockNumber":"37","gasUsed":"140857","nonceUsed":"2","nextNonce":"3","waitedBlocks":1,"vote":{"proposalId":2,"approved":true,"shares":"50"}}
   ok: relay answered ok ()
   ok: the relay waited exactly one block before sending a vote that followed a fresh submission (ruling 7)
   $ node snippet.js vote --key /Users/michaelyang/Documents/Workspace/zero-one-dao/state/e2e-relay-1788822091583/keys/agent.key --proposal 2 --approve yes
   stderr: 0x409d297ff14d88763184d15d374a92bb7e961a48
   GET http://127.0.0.1:18751/relay?intent=eyJtZXNzYWdlIjp7Im1lbWJl...
   -> 200 {"ok":true,"verb":"vote","op":2,"member":"0x409d297ff14D88763184d15D374A92bb7e961A48","hash":"0xc5a81409a19a1c06d221651710173136bd3a181df08e8b75aa66348116cbad0d","blockNumber":"38","gasUsed":"123769","nonceUsed":"3","nextNonce":"4","waitedBlocks":0,"vote":{"proposalId":2,"approved":true,"shares":"100"}}
   ok: relay answered ok ()
   ok: a vote after a later block exists is sent at once (waitedBlocks 0)
   $ node snippet.js execute --key /Users/michaelyang/Documents/Workspace/zero-one-dao/state/e2e-relay-1788822091583/keys/agent.key --proposal 2
   stderr: 0x409d297ff14d88763184d15d374a92bb7e961a48
   GET http://127.0.0.1:18751/relay?intent=eyJtZXNzYWdlIjp7Im1lbWJl...
   -> 200 {"ok":true,"verb":"execute","op":3,"member":"0x409d297ff14D88763184d15D374A92bb7e961A48","hash":"0x22a3ca29ff30f476c9245b8361e4349af46a7de59c2c3b84e5d4baa69184689a","blockNumber":"40","gasUsed":"171541","nonceUsed":"4","nextNonce":"5","processed":{"proposalId":2,"passed":true,"actionFailed":false}}
   ok: relay answered ok ()
   ok: task proposal executed: task #1 active

== step 13: T1 agent: claim task #1 (task --task 1) and deliver evidence; verifiers confirm via the relay (python); reward mints at the threshold
   $ node snippet.js task --key /Users/michaelyang/Documents/Workspace/zero-one-dao/state/e2e-relay-1788822091583/keys/agent.key --task 1
   stderr: 0x409d297ff14d88763184d15d374a92bb7e961a48
   GET http://127.0.0.1:18751/relay?intent=eyJtZXNzYWdlIjp7Im1lbWJl...
   -> 200 {"ok":true,"verb":"task","op":7,"member":"0x409d297ff14D88763184d15D374A92bb7e961A48","hash":"0x91a16e66c1cea72578e9d40113d4d06da2244b405315c7e27207bf7253f104ab","blockNumber":"41","gasUsed":"78830","nonceUsed":"5","nextNonce":"6","claimed":{"taskId":1}}
   ok: relay answered ok ()
   ok: agent claimed task #1
   $ node snippet.js deliver --key /Users/michaelyang/Documents/Workspace/zero-one-dao/state/e2e-relay-1788822091583/keys/agent.key --task 1 --evidence "done: relay e2e delivered"
   stderr: 0x409d297ff14d88763184d15d374a92bb7e961a48
   GET http://127.0.0.1:18751/relay?intent=eyJtZXNzYWdlIjp7Im1lbWJl...
   -> 200 {"ok":true,"verb":"deliver","op":8,"member":"0x409d297ff14D88763184d15D374A92bb7e961A48","hash":"0x14d6c53719290288977174baa4c67f3e6e47b66261f5ddecb1938eec38439091","blockNumber":"42","gasUsed":"82307","nonceUsed":"6","nextNonce":"7","delivered":{"taskId":1,"round":1}}
   ok: relay answered ok ()
   ok: delivery round 1 committed
   /me myTasks: [{"taskId":1,"proposalId":2,"proposer":"0xfd6224F8b363523cE00f7cEE4a9C7ECd0E780395","worker":"0x409d297ff14D88763184d15D374A92bb7e961A48","verifiers":["0x43140F39323997c4a91dd6B14F6023b7A4B6E525","0xb445294d308E398FECDB6f15336E3465eC3202b7"],"threshold":2,"confirmations":0,"round":1,"rewardShares":"5000000000000000000","rewardSharesFormatted":"5","status":"Active","evidenceHash":"0x2ddb3e2784a74da
   ok: /me shows the delivery awaiting verification
   $ python3 snippet.py join --key /Users/michaelyang/Documents/Workspace/zero-one-dao/state/e2e-relay-1788822091583/keys/v1.key
   stderr: 0x43140f39323997c4a91dd6b14f6023b7a4b6e525
   GET http://127.0.0.1:18751/relay?op=join&authorization=eyJjaGFpbklkIjozMTQwMSwi...
   -> 200 {"ok":true,"verb":"join","address":"0x43140F39323997c4a91dd6B14F6023b7A4B6E525","delegated":true,"hash":"0x3d7f71db09cd2e5cae71c4f44add930a1d77aae0b5b4047899d7da66839c52cf","blockNumber":"43","nonce":"0","shares":"0","note":"mints nothing; deposit at NAV or earn shares by verified work"}
   ok: relay answered ok ()
   $ python3 snippet.py confirm --key /Users/michaelyang/Documents/Workspace/zero-one-dao/state/e2e-relay-1788822091583/keys/v1.key --task 1 --evidence "done: relay e2e delivered"
   stderr: 0x43140f39323997c4a91dd6b14f6023b7a4b6e525
   GET http://127.0.0.1:18751/relay?intent=eyJtZXNzYWdlIjp7Im1lbWJl...
   -> 200 {"ok":true,"verb":"confirm","op":9,"member":"0x43140F39323997c4a91dd6B14F6023b7A4B6E525","hash":"0xb11d1f77283f50110338f575a73fd0ac844f19390e9ae39130a3062d4c22532a","blockNumber":"44","gasUsed":"101080","nonceUsed":"0","nextNonce":"1","confirmed":{"taskId":1,"confirmations":1}}
   ok: relay answered ok ()
   ok: first confirmation: nothing minted yet
   $ python3 snippet.py join --key /Users/michaelyang/Documents/Workspace/zero-one-dao/state/e2e-relay-1788822091583/keys/v2.key
   stderr: 0xb445294d308e398fecdb6f15336e3465ec3202b7
   GET http://127.0.0.1:18751/relay?op=join&authorization=eyJjaGFpbklkIjozMTQwMSwi...
   -> 200 {"ok":true,"verb":"join","address":"0xb445294d308E398FECDB6f15336E3465eC3202b7","delegated":true,"hash":"0x268a1575e5dfbbce8a87018b9db028707a0441158ecdb35389e8b98ea41f0c5e","blockNumber":"45","nonce":"0","shares":"0","note":"mints nothing; deposit at NAV or earn shares by verified work"}
   ok: relay answered ok ()
   $ python3 snippet.py confirm --key /Users/michaelyang/Documents/Workspace/zero-one-dao/state/e2e-relay-1788822091583/keys/v2.key --task 1 --evidence "done: relay e2e delivered"
   stderr: 0xb445294d308e398fecdb6f15336e3465ec3202b7
   GET http://127.0.0.1:18751/relay?intent=eyJtZXNzYWdlIjp7Im1lbWJl...
   -> 200 {"ok":true,"verb":"confirm","op":9,"member":"0xb445294d308E398FECDB6f15336E3465eC3202b7","hash":"0x6e76abca491830de735a4dd33230c97f1bc96dced917774227cca9645d6ea367","blockNumber":"46","gasUsed":"193842","nonceUsed":"0","nextNonce":"1","confirmed":{"taskId":1,"confirmations":2},"verified":{"taskId":1,"worker":"0x409d297ff14D88763184d15D374A92bb7e961A48","rewardShares":"5"}}
   ok: relay answered ok ()
   ok: second confirmation mints exactly 5 shares to the worker
   /me: shares 105 (67.7419%) exitValue 94.838709
   ok: the agent sees 105 shares

== step 14: T0 agent (passphrase, fetch only): identity, join, deposit 20 USDC
   GET http://127.0.0.1:18751/relay?op=identity&pass=<redacted>
   -> 200 {"ok":true,"address":"0x1Fe34957766Bbfe7415deDb13d3474A70c2799FB","chainId":31401,"adapter":"0xBD7C38b9ACe2A29c712a57e6882341c2Fc81a9F9","delegated":false,"nonce":"0","authorizationNonce":0,"chainTime":1788908528,"domain":{"name":"ZeroOneIntent","version":"1","chainId":31401,"verifyingContract":"0xBD7C38b9ACe2A29c712a57e6882341c2Fc81a9F9"},"custody":"custodial-lite","me":"/me/pass/29e4fc5290803d980894f4834552e28bf30805d4c7e248dddc0d224084b4b4ac.json"}
   ok: relay answered ok ()
   GET http://127.0.0.1:18751/relay?op=join&pass=<redacted>
   -> 200 {"ok":true,"verb":"join","address":"0x1Fe34957766Bbfe7415deDb13d3474A70c2799FB","delegated":true,"hash":"0x2eefa78e4c595f607d9971e14ad0d4c6cd32180353a4a9f2412ec19c00e3992c","blockNumber":"47","nonce":"0","shares":"0","note":"mints nothing; deposit at NAV or earn shares by verified work"}
   ok: relay answered ok ()
   ok: T0 account delegated
   GET http://127.0.0.1:18751/relay?op=deposit&amount=20000000&pass=<redacted>
   -> 200 {"ok":true,"verb":"deposit","op":5,"member":"0x1Fe34957766Bbfe7415deDb13d3474A70c2799FB","hash":"0x73ea67cc460e118477c43c8ddb5b7d86cd65c19dc0c92dcac81a022ad583c813","blockNumber":"49","gasUsed":"209541","nonceUsed":"0","nextNonce":"1","deposit":{"usdc":"20","sharesMinted":"22.142857142857142857"},"faucet":{"toppedUpUsdc":"20","hash":"0x496538cb7b5ecfe21ec44cdc2dbc2f993486899dd9af83a6861e976edd69a158"},"custody":"custodial-lite","me":"/me/pass/29e4fc5290803d980894f4834552e28bf30805d4c7e248dddc0d224084b4b4ac.json"}
   ok: relay answered ok ()
   T0 deposit -> 22.142857142857142857 shares (raw 22142857142857142857)
   ok: T0 received 20 x 155 / 140 shares at NAV
   /me/pass: custody custodial-lite shares 22.142857142857142857 nonce 1
   ok: /me/pass/<sha256> reports the T0 shares

== step 15: T1 agent proposes Payment #2 (1 USDC to the T0 address); T0 votes YES then ragequits during voting (allowed); T0 sees 0 shares
   $ node snippet.js propose --key /Users/michaelyang/Documents/Workspace/zero-one-dao/state/e2e-relay-1788822091583/keys/agent.key --template Payment --params "{\"recipients\":[\"0x1Fe34957766Bbfe7415deDb13d3474A70c2799FB\"],\"amounts\":[\"1000000\"]}" --summary "agent: 1 USDC to the T0 agent"
   stderr: 0x409d297ff14d88763184d15d374a92bb7e961a48 | {"instance":"0x91B9ea909c9d5Ae1cC46AB26c15ED2A739b78695","exists":false,"codeHash":"0x2d67d850b53e69542d9472f67981ab63eede807d9cc7d1abc34f18635af74db4","paramsHash":"0xf6835708ad69b76db60edc98d5c4eff16defc022fa6b87efa722d165b06cf09f","operator":"0x409d297ff14D88763184d15D374A92bb7e961A48","budgetUsdc":"1","canPropose":true}
   GET http://127.0.0.1:18751/relay?intent=eyJtZXNzYWdlIjp7Im1lbWJl...
   -> 200 {"ok":true,"verb":"propose","op":0,"member":"0x409d297ff14D88763184d15D374A92bb7e961A48","hash":"0x76fb95e8e4c0cf9dffc3e417515aaea91f480eb0902b41013c97572dd77d1128","blockNumber":"51","gasUsed":"273473","nonceUsed":"7","nextNonce":"8","proposalId":3,"sponsored":true,"instance":"0x91B9ea909c9d5Ae1cC46AB26c15ED2A739b78695","template":"Payment","codeHash":"0x2d67d850b53e69542d9472f67981ab63eede807d9cc7d1abc34f18635af74db4","deployHash":"0xc0ee52e7860fa1bfd442a20c694dcaf67558585586832cef857b31a636b92e84","deployedBy":"relay sponsor"}
   ok: relay answered ok ()
   ok: proposal #3 submitted; its instance deployed by the sponsor at the CREATE2 address
   GET http://127.0.0.1:18751/relay?op=vote&proposalId=3&approve=yes&pass=<redacted>
   -> 200 {"ok":true,"verb":"vote","op":2,"member":"0x1Fe34957766Bbfe7415deDb13d3474A70c2799FB","hash":"0x479ab829c052dccee2309d3c00d7ef421fcfc262b2ad589d30ddcfed835823b2","blockNumber":"53","gasUsed":"140869","nonceUsed":"1","nextNonce":"2","waitedBlocks":1,"vote":{"proposalId":3,"approved":true,"shares":"22.142857142857142857"},"custody":"custodial-lite","me":"/me/pass/29e4fc5290803d980894f4834552e28bf30805d4c7e248dddc0d224084b4b4ac.json"}
   ok: relay answered ok ()
   ok: the relay waited exactly one block before sending a vote that followed a fresh submission (ruling 7)
   ok: T0 voted YES on #3
   GET http://127.0.0.1:18751/relay?op=ragequit&pass=<redacted>
   -> 200 {"ok":true,"verb":"ragequit","op":4,"member":"0x1Fe34957766Bbfe7415deDb13d3474A70c2799FB","hash":"0x7ecac8597c14d63986df958f47dfe9fd5be31fbf215c664fa5aee34b2b739b98","blockNumber":"54","gasUsed":"190497","nonceUsed":"2","nextNonce":"3","ragequit":{"sharesBurned":"22.142857142857142857"},"custody":"custodial-lite","me":"/me/pass/29e4fc5290803d980894f4834552e28bf30805d4c7e248dddc0d224084b4b4ac.json"}
   ok: relay answered ok ()
   ok: T0 ragequit all shares
   T0 usdc 0 -> 19999999
   ok: T0 received its pro-rata USDC
   ok: /me/pass shows 0 shares after ragequit

== step 16: T1 agent ragequits all shares; sees 0 shares and its pro-rata USDC
   $ node snippet.js ragequit --key /Users/michaelyang/Documents/Workspace/zero-one-dao/state/e2e-relay-1788822091583/keys/agent.key
   stderr: 0x409d297ff14d88763184d15d374a92bb7e961a48
   GET http://127.0.0.1:18751/relay?intent=eyJtZXNzYWdlIjp7Im1lbWJl...
   -> 200 {"ok":true,"verb":"ragequit","op":4,"member":"0x409d297ff14D88763184d15D374A92bb7e961A48","hash":"0x37612d296a217b443778be657739f0babb87e4a25d6b39519f76c5119bb54cb1","blockNumber":"55","gasUsed":"156261","nonceUsed":"8","nextNonce":"9","ragequit":{"sharesBurned":"105"}}
   ok: relay answered ok ()
   ok: 105 shares burned
   paid 94838710 (expected 94838710) from treasury 140000001 at supply 155000000000000000000
   ok: the agent received exactly its pro-rata of the Safe
   /me: shares 0 usdc 104.83871 nonce 9
   ok: /me shows 0 shares

== step 17: readable failures: every rejected request carries a JSON reason (decoded custom error / Baal string), never a bare revert
   $ node snippet.js execute --key /Users/michaelyang/Documents/Workspace/zero-one-dao/state/e2e-relay-1788822091583/keys/agent.key --proposal 3
   stderr: 0x409d297ff14d88763184d15d374a92bb7e961a48
   GET http://127.0.0.1:18751/relay?intent=eyJtZXNzYWdlIjp7Im1lbWJl...
[relay] /relay?intent=eyJtZXNzYWdlIjp7Im1lbWJlciI6IjB4NDA5ZDI5N2ZmMTRkODg3NjMxODRkMTVkMzc0YTkyYmI3ZTk2MWE0OCIsIm9wIjozLCJwcm9wb3NhbElkIjozLCJhbW91bnQiOiIwIiwiZXZpZGVuY2VIYXNoIjoiMHgwMDAwMDAwMDAwMDAwMDAwMDAwMD -> 422 reverted: the proposal is not ready to execute: wait for grace to end, or it was defeated / cancelled / already processed
   -> 422 {"ok":false,"status":422,"reason":"reverted: the proposal is not ready to execute: wait for grace to end, or it was defeated / cancelled / already processed","error":{"name":"Error","args":{"message":"!ready"}}}
   ok: relay answered with a JSON reason: reverted: the proposal is not ready to execute: wait for grace to end, or it was defeated / cancelled / already processed
   ok: execute before grace -> 422 with Baal '!ready' decoded
   GET http://127.0.0.1:18751/relay?op=vote&proposalId=3&approve=no&pass=<redacted>
[relay] /relay?op=vote&proposalId=3&approve=no&pass=<redacted> -> 422 reverted: this address already voted on the proposal
   -> 422 {"ok":false,"status":422,"reason":"reverted: this address already voted on the proposal","error":{"name":"Error","args":{"message":"voted"}}}
   ok: relay answered with a JSON reason: reverted: this address already voted on the proposal
   ok: T0 voting twice -> 'voted' decoded
   $ node snippet.js task --key /Users/michaelyang/Documents/Workspace/zero-one-dao/state/e2e-relay-1788822091583/keys/agent.key --task 1
   stderr: 0x409d297ff14d88763184d15d374a92bb7e961a48
   GET http://127.0.0.1:18751/relay?intent=eyJtZXNzYWdlIjp7Im1lbWJl...
[relay] /relay?intent=eyJtZXNzYWdlIjp7Im1lbWJlciI6IjB4NDA5ZDI5N2ZmMTRkODg3NjMxODRkMTVkMzc0YTkyYmI3ZTk2MWE0OCIsIm9wIjo3LCJwcm9wb3NhbElkIjowLCJhbW91bnQiOiIxIiwiZXZpZGVuY2VIYXNoIjoiMHgwMDAwMDAwMDAwMDAwMDAwMDAwMD -> 422 reverted: WrongStatus(taskId=1, expected=2, observed=3)
   -> 422 {"ok":false,"status":422,"reason":"reverted: WrongStatus(taskId=1, expected=2, observed=3)","error":{"name":"WrongStatus","args":{"taskId":"1","expected":"2","observed":"3"}}}
   ok: relay answered with a JSON reason: reverted: WrongStatus(taskId=1, expected=2, observed=3)
   ok: claiming a completed task -> custom error WrongStatus decoded with its arguments
   $ python3 snippet.py deposit --key /Users/michaelyang/Documents/Workspace/zero-one-dao/state/e2e-relay-1788822091583/keys/v1.key --amount 0
   stderr: 0x43140f39323997c4a91dd6b14f6023b7a4b6e525
   GET http://127.0.0.1:18751/relay?intent=eyJtZXNzYWdlIjp7Im1lbWJl...
[relay] /relay?intent=eyJtZXNzYWdlIjp7Im1lbWJlciI6IjB4NDMxNDBmMzkzMjM5OTdjNGE5MWRkNmIxNGY2MDIzYjdhNGI2ZTUyNSIsIm9wIjo1LCJwcm9wb3NhbElkIjowLCJhbW91bnQiOiIwIiwiZXZpZGVuY2VIYXNoIjoiMHgwMDAwMDAwMDAwMDAwMDAwMDAwMD -> 422 reverted: ZeroAmount()
   -> 422 {"ok":false,"status":422,"reason":"reverted: ZeroAmount()","error":{"name":"ZeroAmount","args":{}}}
   ok: relay answered with a JSON reason: reverted: ZeroAmount()
   ok: deposit 0 -> DepositShaman.ZeroAmount decoded
   GET http://127.0.0.1:18751/relay?op=propose&template=Bogus&params=%7B%7D&pass=<redacted>
[relay] /relay?op=propose&template=Bogus&params=%7B%7D&pass=<redacted> -> 400 unknown template Bogus; use one of Payment, Strategy, Project, Config
   -> 400 {"ok":false,"status":400,"reason":"unknown template Bogus; use one of Payment, Strategy, Project, Config"}
   ok: relay answered with a JSON reason: unknown template Bogus; use one of Payment, Strategy, Project, Config
   ok: unknown template -> 400 with a reason
   $ python3 snippet.py propose --key /Users/michaelyang/Documents/Workspace/zero-one-dao/state/e2e-relay-1788822091583/keys/v1.key --template Payment --params "{\"recipients\":[\"0x409d297ff14D88763184d15D374A92bb7e961A48\"],\"amounts\":[\"10000000\"]}" --summary "v1: no shares"
   stderr: 0x43140f39323997c4a91dd6b14f6023b7a4b6e525 | {"instance": "0xf93ac57662033Df684B6a2153271730ec6819711", "exists": false, "codeHash": "0x5d84392d668cd8f210b51dcb0eefd64563c389e5498783781eb762fda09c2f64", "paramsHash": "0xde57194861f5197087ee2fac0c4fa1b3596d42b6ab1eef5451dae07fc8762d4d", "operator": "0x43140F39323997c4a91dd6B14F6023b7A4B6E525", "budgetUsdc": "10", "canPropose": false}
   GET http://127.0.0.1:18751/relay?intent=eyJtZXNzYWdlIjp7Im1lbWJl...
[relay] /relay?intent=eyJtZXNzYWdlIjp7Im1lbWJlciI6IjB4NDMxNDBmMzkzMjM5OTdjNGE5MWRkNmIxNGY2MDIzYjdhNGI2ZTUyNSIsIm9wIjowLCJwcm9wb3NhbElkIjowLCJhbW91bnQiOiIwIiwiZXZpZGVuY2VIYXNoIjoiMHgwMDAwMDAwMDAwMDAwMDAwMDAwMD -> 409 propose needs at least 1 shares so the proposal is self-sponsored (you hold 0); deposit first
   -> 409 {"ok":false,"status":409,"reason":"propose needs at least 1 shares so the proposal is self-sponsored (you hold 0); deposit first"}
   ok: relay answered with a JSON reason: propose needs at least 1 shares so the proposal is self-sponsored (you hold 0); deposit first
   ok: propose by a member below sponsorThreshold -> 409 (no sponsored deployment, no unsponsorable proposal)
   GET http://127.0.0.1:18751/relay?op=sponsor&proposalId=3&pass=<redacted>
[relay] /relay?op=sponsor&proposalId=3&pass=<redacted> -> 400 unknown op sponsor; T0 verbs: join, deposit, task, deliver, propose, vote, execute, ragequit, work, confirm (sponsor no longer exists: work self-sponsors)
   -> 400 {"ok":false,"status":400,"reason":"unknown op sponsor; T0 verbs: join, deposit, task, deliver, propose, vote, execute, ragequit, work, confirm (sponsor no longer exists: work self-sponsors)"}
   ok: relay answered with a JSON reason: unknown op sponsor; T0 verbs: join, deposit, task, deliver, propose, vote, execute, ragequit, work, confirm (sponsor no longer exists: work self-sponsors)
   ok: op=sponsor no longer exists -> 400
   GET http://127.0.0.1:18751/relay?op=prepare&member=0xfd6224F8b363523cE00f7cEE4a9C7ECd0E780395&template=Payment&params=%7B%22recipients%22%3A%5B%220x409d297ff14D88763184d15D374A92bb7e961A48%22%5D%2C%22amounts%22%3A%5B%2210000000%22%5D%7D
[relay] /relay?op=prepare&member=0xfd6224F8b363523cE00f7cEE4a9C7ECd0E780395&template=Payment&params=%7B%22recipients%22%3A%5B%220x409d297ff14D88763184d15D374A92bb7e961A48%22%5D%2C%22amounts%22%3A%5B%221000000 -> 400 expected intent=<base64url envelope>, op=join&authorization=<base64url>, op=quote&member=..&template=..&params=..[&summary=&salt=], or op=<verb>&pass=<secret>
   -> 400 {"ok":false,"status":400,"reason":"expected intent=<base64url envelope>, op=join&authorization=<base64url>, op=quote&member=..&template=..&params=..[&summary=&salt=], or op=<verb>&pass=<secret>"}
   ok: relay answered with a JSON reason: expected intent=<base64url envelope>, op=join&authorization=<base64url>, op=quote&member=..&template=..&params=..[&summary=&salt=], or op=<verb>&pass=<secret>
   ok: op=prepare is retired -> 400
   GET http://127.0.0.1:18751/relay?op=quote&member=0xfd6224F8b363523cE00f7cEE4a9C7ECd0E780395&template=Payment&params=%7B%22recipients%22%3A%5B%220xfd6224F8b363523cE00f7cEE4a9C7ECd0E780395%22%5D%2C%22amounts%22%3A%5B%220%22%5D%7D
[relay] /relay?op=quote&member=0xfd6224F8b363523cE00f7cEE4a9C7ECd0E780395&template=Payment&params=%7B%22recipients%22%3A%5B%220xfd6224F8b363523cE00f7cEE4a9C7ECd0E780395%22%5D%2C%22amounts%22%3A%5B%220%22%5D%7 -> 422 reverted: ZeroAmount(index=0)
   -> 422 {"ok":false,"status":422,"reason":"reverted: ZeroAmount(index=0)","error":{"name":"ZeroAmount","args":{"index":"0"}}}
   ok: relay answered with a JSON reason: reverted: ZeroAmount(index=0)
   ok: quote with a zero payment -> the template constructor's ZeroAmount decoded from the factory dry run

== step 18: cross-check: node, python and viem produce byte-identical signatures for the same intent (deterministic RFC 6979)
   $ node snippet.js vote --key /Users/michaelyang/Documents/Workspace/zero-one-dao/state/e2e-relay-1788822091583/keys/founder.key --proposal 3 --approve no --deadline 1788909131
   stderr: 0xfd6224f8b363523ce00f7cee4a9c7ecd0e780395
   $ python3 snippet.py vote --key /Users/michaelyang/Documents/Workspace/zero-one-dao/state/e2e-relay-1788822091583/keys/founder.key --proposal 3 --approve no --deadline 1788909131
   stderr: 0xfd6224f8b363523ce00f7cee4a9c7ecd0e780395
   ok: node and python snippets sign identically
   ok: viem's EIP-712 signature equals the snippets' (same digest, same key)

=== RELAY E2E: PASS ===

