
> zero-one-dao@0.1.0 e2e:relay
> tsx relay/e2e-local.ts


== step 1: deploy Zero One on a fresh anvil (prague) + genesis: founder deposits 50 USDC -> 50e18 shares
   anvil http://127.0.0.1:11545 chainId 31401; safe 0xc682275DBb37A28fBF49C45908c4252012545CA0 baal 0xE3746Db71978C2c42FfA39E50b24edEA3a686CB5 adapter 0xDF63895A153c3F30616b612199f7a08cD7AE5EB3; genesis 0x319035181ea36c753818ddff03025d31421e04100a22f2e270da2b01d3ca938e
   ok: founder holds 50e18 shares = 100%

== step 2: sponsor float: 10,000 test USDC to the relay sponsor (faucet for test chains); write the deployment record
   deployment record /Users/michaelyang/Documents/Workspace/zero-one-dao/state/e2e-relay-1788820585190/deployment.json

== step 3: start the relay against the mirror (sponsor = anvil account 15)
{
  "listening": "127.0.0.1:18751",
  "startedAt": "2026-09-07T22:36:26.342Z",
  "chainId": 31401,
  "adapter": "0xDF63895A153c3F30616b612199f7a08cD7AE5EB3",
  "sponsor": "0xa28f60a261B9b61afE7A3b0f2E635B92cc163B9c",
  "deployment": "/Users/michaelyang/Documents/Workspace/zero-one-dao/state/e2e-relay-1788820585190/deployment.json",
  "stateDir": "/Users/michaelyang/Documents/Workspace/zero-one-dao/state/e2e-relay-1788820585190/relay"
}

   health: {"service":"zero-one-relay","dao":"Zero One","chainId":31401,"chain":"local mirror","adapter":"0xDF63895A153c3F30616b612199f7a08cD7AE5EB3","baal":"0xE3746Db71978C2c42FfA39E50b24edEA3a686CB5","safe":"0xc682275DBb37A28fBF49C45908c4252012545CA0","settlement":"0x3E12c10bAFb76ab6a48a1530a3b2D95baF6C0204","constitution":{"address":"0xac41A49DBFe7328Cf6bE6bdeb687187256822758","textHash":"0xebc7c39cf14fdc0ac2c028cdba5960ecc4560a314e613b93b4585b62826f2d9a","textUrl":"docs/CONSTITUTION.md","text":"docs/CONSTITUTION.md"},"sponsor":"0xa28f60a261B9b61afE7A3b0f2E635B92cc163B9c","sponsorBalanceWei":"10000000
   ok: relay is alive on the mirror with the deployed adapter

== step 4: build and validate the beacon (README <= 44 lines, every address has code)
   validate: {"result":"PASS","readmeLines":38,"addressesWithCode":9,"proposals":0,"tasks":0,"members":1,"block":"19"}

----- README.txt (38 lines) -----
Zero One | Any member can propose anything; only the other members' votes or exits can stop it.
Chain local mirror (31401). Relay http://127.0.0.1:18751. Settlement USDC (6 dec). Shares: 18 dec, non-transferable, weight and exit.
Constitution http://127.0.0.1:18751/CONSTITUTION.md keccak256 0xebc7c39cf14fdc0ac2c028cdba5960ecc4560a314e613b93b4585b62826f2d9a (immutable, on-chain at 0xac41A49DBFe7328Cf6bE6bdeb687187256822758).
In: USDC at NAV (1 share per USDC while empty). Out: ragequit any time, pro-rata, same block. Work: shares voted per task.

Eight verbs. One signed intent each, sent as GET http://127.0.0.1:18751/relay?intent=<base64url JSON {message,signature[,authorization]}>.
message = {member, op, proposalId, amount, evidenceHash, data, details, nonce, deadline}; unused fields are 0 / "0x" / "".
join      GET /relay?op=join&authorization=<base64url {chainId,address,nonce,r,s,yParity}> attaches the adapter to your key; mints nothing
deposit   op=5 amount=<USDC raw units>                    pulls USDC from your address into the Safe, mints shares at NAV
task      op=7 amount=<taskId>                            claims an active task (its verifiers cannot)
deliver   op=8 amount=<taskId> evidenceHash=keccak256(evidence text)
propose   op=0 data=<proposalData> details=<text+json>    both come from GET /relay?op=prepare&member=&template=&params=&sig= (below)
vote      op=2 proposalId=<id> amount=1 (yes) or 0 (no)   needs shares held before the proposal was submitted
execute   op=3 proposalId=<id> data=<proposalData>        anyone, after grace; the relay sends 5,000,000 gas
ragequit  op=4 amount=<shares raw units> data=abi.encode(address[] [USDC])   burns shares, pays pro-rata of the Safe
also work op=6 data=abi.encode(address[] verifiers,uint16 threshold,uint256 rewardShares,uint32 expiration) details=<text> (the WorkManager submits
the task proposal, so a member must then sponsor it: op=1 proposalId=<id>); confirm op=9 amount=<taskId> data=<evidence bytes> (a named verifier)
Intent(address member,uint8 op,uint32 proposalId,uint256 amount,bytes32 evidenceHash,bytes data,string details,uint256 nonce,uint256 deadline)
EIP-712 domain: name ZeroOneIntent, version 1, chainId 31401, verifyingContract 0xDF63895A153c3F30616b612199f7a08cD7AE5EB3. nonce from /me; deadline <= now + 3600 s.
prepare: sig = EIP-191 personal_sign of "Zero One prepare\nmember: <addr>\ntemplate: <T>\nparamsHash: <keccak256(params)>\nnonce: <nonce>".
Templates: Payment {recipients[],amounts[]} | Strategy {venue,asset,budget,rule{maxPerRun,minInterval,deadline,takeProfitBps,stopLossBps}}
           Project {tranches[{amount,releaseType:date|verifiers,releaseAt,verifiers[],threshold}],deadline} | Config {votingPeriod,gracePeriod,...}
Every response is JSON: {ok:true, hash, ...} or {ok:false, status, reason, error:{name,args}} (decoded custom errors, never a bare revert).

T1 (your own key; Node 18+ or Python 3, no packages): GET http://127.0.0.1:18751/snippet.js or /snippet.py and run
  node snippet.js join --key agent.key        python3 snippet.py join --key agent.key
  ... deposit --usdc 100 | vote --proposal 1 --approve yes | execute --proposal 1 | task --task 1 | deliver --task 1 --evidence "text"
  ... propose --template Payment --params '{"recipients":["0x.."],"amounts":["10000000"]}' | ragequit | work --verifiers a,b --reward-shares RAW
Each command reads /me, signs locally and prints the exact GET URL; fetch it. Address goes to stderr. Keep the key file 0600.
T0 (fetch only; custodial-lite: the relay derives and holds your key from your secret): GET http://127.0.0.1:18751/relay?op=join&pass=<32..256 random chars>
  same pass with op=deposit&amount= | op=vote&proposalId=&approve=yes | op=execute&proposalId= | op=task&taskId= | op=deliver&taskId=&evidence=
  op=propose&template=&params= | op=ragequit ; GET /relay?op=identity&pass= gives your address and /me/pass/<sha256(pass)>.json
Read: /me/<address>.json (shares, NAV, exit value, open proposals with deadlines and treasury effect, my votes, my tasks, nonce, ragequit data)
      /proposals.json (every proposal, state, deadlines, votes, decoded calls, proposalData) | /state.json (treasury, members, tasks, governance)
Process: submit (self-sponsored with >= 1 share) -> voting 6 h -> grace 6 h (exit allowed) -> execute. Silence is consent: poll /me at least hourly.
Addresses: Safe 0xc682275DBb37A28fBF49C45908c4252012545CA0 | Baal 0xE3746Db71978C2c42FfA39E50b24edEA3a686CB5 | Shares 0x000405126E32d1fffc9A69e3567B483CC35f1Caa | USDC 0x3E12c10bAFb76ab6a48a1530a3b2D95baF6C0204
           DepositShaman 0x24ADFd4C61483C8089AA4Bc02BFd4a603d8E398E | WorkManager 0x78A18478F0A76f8Bc9a19aA7E773191aB5700dde | Adapter 0xDF63895A153c3F30616b612199f7a08cD7AE5EB3
Relay down or budget exhausted? The contracts work without it: call Baal / DepositShaman / WorkManager from any wallet with the same arguments.
----- end README.txt -----
   ok: README.txt is at most 44 lines
   ok: node snippet selftest: JavaScript keccak and curve vectors PASS
   ok: python snippet selftest: Python keccak and curve vectors PASS

== step 5: keys: a fresh T1 agent key (never funded with ETH) plus founder and verifier keys as 0600 files
   agent 0xF265183fD2D41b6FDC8724E87d2d0FB70B5daFaC (ETH balance 0) founder 0xf84b47f77eFf00611DBe7426398324e758383956 verifiers 0x8ee57589696310196A3aA1C2b0d741d188d1E8cc 0xf3814c1c470d2F2C8A5C1907c222Ea0E3BAD1a85

== step 6: T1 agent: join (node snippet.js join) -> delegation attached, nothing minted
   $ node snippet.js join --key /Users/michaelyang/Documents/Workspace/zero-one-dao/state/e2e-relay-1788820585190/keys/agent.key
   stderr: 0xf265183fd2d41b6fdc8724e87d2d0fb70b5dafac
   GET http://127.0.0.1:18751/relay?op=join&authorization=eyJjaGFpbklkIjozMTQwMSwi...
   -> 200 {"ok":true,"verb":"join","address":"0xF265183fD2D41b6FDC8724E87d2d0FB70B5daFaC","delegated":true,"hash":"0x05342015fb3c909e78e60f36cdd20ccfdbe5b205a6e48cb7a4e3e9be5841a4c2","blockNumber":"20","nonce":"0","shares":"0","note":"mints nothing; deposit at NAV or earn shares by verified work"}
   ok: relay answered ok ()
   ok: agent is delegated and holds 0 shares
   /me: {"address":"0xF265183fD2D41b6FDC8724E87d2d0FB70B5daFaC","chainId":31401,"adapter":"0xDF63895A153c3F30616b612199f7a08cD7AE5EB3","delegated":true,"nonce":"0","authorizationNonce":1,"chainTime":1788820586,"domain":{"name":"ZeroOneIntent","version":"1","chainId":31401,"verifyingContract":"0xDF63895A153c3F30616b612199f7a08cD7AE5EB3"},"dao":{"name":"Zero One","principle":"Any member can propose anything; only the other members' votes or exits can stop it."},"custody":"self-custody","shares":"0","sharesFormatted":"0","percent":"0.0000","navUsdcPerShare":"1","exitValueUsdc":"0","usdc":"0","usdcFormatted":"0","spendable":"0","openProposals":[],"myProposals":[],"myTasks":[],"openTasks":[],"ragequit":{
   ok: /me shows delegated, nonce 0, 0 shares

== step 7: T1 agent: deposit 100 USDC (deposit --usdc 100); the mirror faucet tops the agent up first
   $ node snippet.js deposit --key /Users/michaelyang/Documents/Workspace/zero-one-dao/state/e2e-relay-1788820585190/keys/agent.key --usdc 100
   stderr: 0xf265183fd2d41b6fdc8724e87d2d0fb70b5dafac
   GET http://127.0.0.1:18751/relay?intent=eyJtZXNzYWdlIjp7Im1lbWJl...
   -> 200 {"ok":true,"verb":"deposit","op":5,"member":"0xF265183fD2D41b6FDC8724E87d2d0FB70B5daFaC","hash":"0x3e2ae7e8045c8126367b66b68ad6ff68e38a605e3a550382ea5caa01442b3aaf","blockNumber":"22","gasUsed":"209526","nonceUsed":"0","nextNonce":"1","deposit":{"usdc":"100","sharesMinted":"100"},"faucet":{"toppedUpUsdc":"100","hash":"0xe55f610a7801515a5b5954fab525605c5802d53542f197ac455e452c858bb0b6"}}
   ok: relay answered ok ()
   ok: 100 USDC at NAV 1 -> 100 shares
   /me: shares 100 (66.6666%) nav 1 exitValue 100 usdc 0 nonce 1
   ok: /me: 100 shares, NAV 1 USDC/share, exit value 100 USDC, nonce 1

== step 8: T1 agent: propose a Payment of 10 USDC to itself (propose --template Payment): prepare deploys the instance, then the signed op-0 intent submits the proposal
   $ node snippet.js propose --key /Users/michaelyang/Documents/Workspace/zero-one-dao/state/e2e-relay-1788820585190/keys/agent.key --template Payment --params "{\"recipients\":[\"0xF265183fD2D41b6FDC8724E87d2d0FB70B5daFaC\"],\"amounts\":[\"10000000\"]}" --summary "agent: pay me 10 USDC"
   stderr: 0xf265183fd2d41b6fdc8724e87d2d0fb70b5dafac | {"instance":"0x7BE16741c22fB05B9725c83B4669F53270248ea4","codeHash":"0xd8c7577082999eed040a3d660cd58dc205eafec423155282a367344106b07fe0","paramsHash":"0xfb82c25c378cbae708494b788287b4b36af11d1a7a1977a058f1087845e1aa54","operator":"0xF265183fD2D41b6FDC8724E87d2d0FB70B5daFaC","budgetUsdc":"10"}
   GET http://127.0.0.1:18751/relay?intent=eyJtZXNzYWdlIjp7Im1lbWJl...
   -> 200 {"ok":true,"verb":"propose","op":0,"member":"0xF265183fD2D41b6FDC8724E87d2d0FB70B5daFaC","hash":"0xc07a591463a3e376fb209936e216cd377bfcaab565d71feae3ecb4210a1043c7","blockNumber":"24","gasUsed":"241554","nonceUsed":"1","nextNonce":"2","proposalId":1,"sponsored":true}
   ok: relay answered ok ()
   ok: proposal #1 submitted and self-sponsored (agent holds >= 1 share)
   /proposals.json #1: state Voting effect "10 USDC leaves the Safe; Payment contract 0x7BE16741c22fB05B9725c83B4669F53270248ea4 (budget 10 USDC, operator 0xF265183fD2D41b6FDC8724E87d2d0FB70B5daFaC)" instance {"address":"0x7BE16741c22fB05B9725c83B4669F53270248ea4","template":"Payment","paramsHash":"0xfb82c25c378cbae708494b788287b4b36af11d1a7a1977a058f1087845e1aa54","operator":"0xF265183fD2D41b6FDC8724E87d2d0FB70B5daFaC","budget":"10000000","budgetUsdc":"10","deadline":0,"status":"Pending","codeHash":"0xd
   ok: proposal #1 is Voting with treasury effect 10 USDC out
   ok: instance is a Pending Payment whose operator is the agent

== step 9: founder: join + vote YES on #1 via the relay (python3 snippet.py)
   $ python3 snippet.py join --key /Users/michaelyang/Documents/Workspace/zero-one-dao/state/e2e-relay-1788820585190/keys/founder.key
   stderr: 0xf84b47f77eff00611dbe7426398324e758383956
   GET http://127.0.0.1:18751/relay?op=join&authorization=eyJjaGFpbklkIjozMTQwMSwi...
   -> 200 {"ok":true,"verb":"join","address":"0xf84b47f77eFf00611DBe7426398324e758383956","delegated":true,"hash":"0x9580d5bac6df4550cfed56079faf4885c17bfa120d38a920f94120737d0de8f6","blockNumber":"26","nonce":"0","shares":"0","note":"mints nothing; deposit at NAV or earn shares by verified work"}
   ok: relay answered ok ()
   $ python3 snippet.py vote --key /Users/michaelyang/Documents/Workspace/zero-one-dao/state/e2e-relay-1788820585190/keys/founder.key --proposal 1 --approve yes
   stderr: 0xf84b47f77eff00611dbe7426398324e758383956
   GET http://127.0.0.1:18751/relay?intent=eyJtZXNzYWdlIjp7Im1lbWJl...
   -> 200 {"ok":true,"verb":"vote","op":2,"member":"0xf84b47f77eFf00611DBe7426398324e758383956","hash":"0x043011fe8a9537756aec1da1215345e7baef066f4ddddabe6dffb634e55c68e8","blockNumber":"27","gasUsed":"157930","nonceUsed":"0","nextNonce":"1","vote":{"proposalId":1,"approved":true,"shares":"50"}}
   ok: relay answered ok ()
   ok: founder voted YES with 50 shares

== step 10: warp past voting + grace (12 h); T1 agent executes #1 via the relay (explicit 5,000,000 gas)
   $ node snippet.js execute --key /Users/michaelyang/Documents/Workspace/zero-one-dao/state/e2e-relay-1788820585190/keys/agent.key --proposal 1
   stderr: 0xf265183fd2d41b6fdc8724e87d2d0fb70b5dafac
   GET http://127.0.0.1:18751/relay?intent=eyJtZXNzYWdlIjp7Im1lbWJl...
   -> 200 {"ok":true,"verb":"execute","op":3,"member":"0xF265183fD2D41b6FDC8724E87d2d0FB70B5daFaC","hash":"0xd1f5c58c8f035f3b2beee9b2e1c66483354466d0e4971b6d0eb704191894071d","blockNumber":"29","gasUsed":"246976","nonceUsed":"2","nextNonce":"3","processed":{"proposalId":1,"passed":true,"actionFailed":false}}
   ok: relay answered ok ()
   ok: proposal #1 passed and its action executed (fund + start)
   /me: usdc 10 shares 100 nav 0.933333 exitValue 93.333333
   ok: the agent sees the 10 USDC payment
   ok: the Safe holds 140 USDC (50 + 100 - 10)

== step 11: founder proposes a task via the relay (work: verifiers V1,V2 threshold 2, reward 5 shares) and sponsors it; founder + agent vote YES; warp; agent executes
   $ python3 snippet.py work --key /Users/michaelyang/Documents/Workspace/zero-one-dao/state/e2e-relay-1788820585190/keys/founder.key --verifiers 0x8ee57589696310196A3aA1C2b0d741d188d1E8cc,0xf3814c1c470d2F2C8A5C1907c222Ea0E3BAD1a85 --threshold 2 --reward-shares 5000000000000000000 --details "ops: run the relay e2e"
   stderr: 0xf84b47f77eff00611dbe7426398324e758383956
   GET http://127.0.0.1:18751/relay?intent=eyJtZXNzYWdlIjp7Im1lbWJl...
   -> 200 {"ok":true,"verb":"work","op":6,"member":"0xf84b47f77eFf00611DBe7426398324e758383956","hash":"0x55ad49a1b488b0416b49b23a121e573c659c2fd73419fa1e0535754e04d6dcde","blockNumber":"30","gasUsed":"386977","nonceUsed":"1","nextNonce":"2","proposalId":2,"task":{"taskId":1,"proposalId":2}}
   ok: relay answered ok ()
   ok: task #1 recorded, proposal #2 submitted
   $ python3 snippet.py sponsor --key /Users/michaelyang/Documents/Workspace/zero-one-dao/state/e2e-relay-1788820585190/keys/founder.key --proposal 2
   stderr: 0xf84b47f77eff00611dbe7426398324e758383956
   GET http://127.0.0.1:18751/relay?intent=eyJtZXNzYWdlIjp7Im1lbWJl...
   -> 200 {"ok":true,"verb":"sponsor","op":1,"member":"0xf84b47f77eFf00611DBe7426398324e758383956","hash":"0x95e06b38b6c868ada79547ee117bea1f0ff12501f9e3339b1e525670999be139","blockNumber":"31","gasUsed":"165461","nonceUsed":"2","nextNonce":"3","sponsored":true}
   ok: relay answered ok ()
   ok: the WorkManager submitted #2 unsponsored; the founder sponsors it (op 1) so voting starts
   $ python3 snippet.py vote --key /Users/michaelyang/Documents/Workspace/zero-one-dao/state/e2e-relay-1788820585190/keys/founder.key --proposal 2 --approve yes
   stderr: 0xf84b47f77eff00611dbe7426398324e758383956
   GET http://127.0.0.1:18751/relay?intent=eyJtZXNzYWdlIjp7Im1lbWJl...
   -> 200 {"ok":true,"verb":"vote","op":2,"member":"0xf84b47f77eFf00611DBe7426398324e758383956","hash":"0x911708a7d581d07235f6b9cfabbac46d2d59a3d52418779e1cedf8802ffa8e64","blockNumber":"33","gasUsed":"140842","nonceUsed":"3","nextNonce":"4","vote":{"proposalId":2,"approved":true,"shares":"50"}}
   ok: relay answered ok ()
   $ node snippet.js vote --key /Users/michaelyang/Documents/Workspace/zero-one-dao/state/e2e-relay-1788820585190/keys/agent.key --proposal 2 --approve yes
   stderr: 0xf265183fd2d41b6fdc8724e87d2d0fb70b5dafac
   GET http://127.0.0.1:18751/relay?intent=eyJtZXNzYWdlIjp7Im1lbWJl...
   -> 200 {"ok":true,"verb":"vote","op":2,"member":"0xF265183fD2D41b6FDC8724E87d2d0FB70B5daFaC","hash":"0x753c0d3d9647074d1192278ce0a0d3fdefb200b48077e44d2cf9312b573c003c","blockNumber":"34","gasUsed":"123766","nonceUsed":"3","nextNonce":"4","vote":{"proposalId":2,"approved":true,"shares":"100"}}
   ok: relay answered ok ()
   $ node snippet.js execute --key /Users/michaelyang/Documents/Workspace/zero-one-dao/state/e2e-relay-1788820585190/keys/agent.key --proposal 2
   stderr: 0xf265183fd2d41b6fdc8724e87d2d0fb70b5dafac
   GET http://127.0.0.1:18751/relay?intent=eyJtZXNzYWdlIjp7Im1lbWJl...
   -> 200 {"ok":true,"verb":"execute","op":3,"member":"0xF265183fD2D41b6FDC8724E87d2d0FB70B5daFaC","hash":"0x200e63a6650ad57a6a12ac06a81b3009f70bee75b981ceae9cb7e82481940803","blockNumber":"36","gasUsed":"171538","nonceUsed":"4","nextNonce":"5","processed":{"proposalId":2,"passed":true,"actionFailed":false}}
   ok: relay answered ok ()
   ok: task proposal executed: task #1 active

== step 12: T1 agent: claim task #1 (task --task 1) and deliver evidence; verifiers confirm via the relay (python); reward mints at the threshold
   $ node snippet.js task --key /Users/michaelyang/Documents/Workspace/zero-one-dao/state/e2e-relay-1788820585190/keys/agent.key --task 1
   stderr: 0xf265183fd2d41b6fdc8724e87d2d0fb70b5dafac
   GET http://127.0.0.1:18751/relay?intent=eyJtZXNzYWdlIjp7Im1lbWJl...
   -> 200 {"ok":true,"verb":"task","op":7,"member":"0xF265183fD2D41b6FDC8724E87d2d0FB70B5daFaC","hash":"0x5c3f33712add414171b4b12db82889b3cd0689aa1b606755a30cfa17094f9415","blockNumber":"37","gasUsed":"78823","nonceUsed":"5","nextNonce":"6","claimed":{"taskId":1}}
   ok: relay answered ok ()
   ok: agent claimed task #1
   $ node snippet.js deliver --key /Users/michaelyang/Documents/Workspace/zero-one-dao/state/e2e-relay-1788820585190/keys/agent.key --task 1 --evidence "done: relay e2e delivered"
   stderr: 0xf265183fd2d41b6fdc8724e87d2d0fb70b5dafac
   GET http://127.0.0.1:18751/relay?intent=eyJtZXNzYWdlIjp7Im1lbWJl...
   -> 200 {"ok":true,"verb":"deliver","op":8,"member":"0xF265183fD2D41b6FDC8724E87d2d0FB70B5daFaC","hash":"0xddead173b7d5d0d9669d3a6376b2c660437f784da5a265ba0df2cc9aa6622870","blockNumber":"38","gasUsed":"82290","nonceUsed":"6","nextNonce":"7","delivered":{"taskId":1,"round":1}}
   ok: relay answered ok ()
   ok: delivery round 1 committed
   /me myTasks: [{"taskId":1,"proposalId":2,"proposer":"0xf84b47f77eFf00611DBe7426398324e758383956","worker":"0xF265183fD2D41b6FDC8724E87d2d0FB70B5daFaC","verifiers":["0x8ee57589696310196A3aA1C2b0d741d188d1E8cc","0xf3814c1c470d2F2C8A5C1907c222Ea0E3BAD1a85"],"threshold":2,"confirmations":0,"round":1,"rewardShares":"5000000000000000000","rewardSharesFormatted":"5","status":"Active","evidenceHash":"0x2ddb3e2784a74da
   ok: /me shows the delivery awaiting verification
   $ python3 snippet.py join --key /Users/michaelyang/Documents/Workspace/zero-one-dao/state/e2e-relay-1788820585190/keys/v1.key
   stderr: 0x8ee57589696310196a3aa1c2b0d741d188d1e8cc
   GET http://127.0.0.1:18751/relay?op=join&authorization=eyJjaGFpbklkIjozMTQwMSwi...
   -> 200 {"ok":true,"verb":"join","address":"0x8ee57589696310196A3aA1C2b0d741d188d1E8cc","delegated":true,"hash":"0x1e569fda07cdca4655f70c7bfa8061a36627e92dc17a4225d376cda92be84749","blockNumber":"39","nonce":"0","shares":"0","note":"mints nothing; deposit at NAV or earn shares by verified work"}
   ok: relay answered ok ()
   $ python3 snippet.py confirm --key /Users/michaelyang/Documents/Workspace/zero-one-dao/state/e2e-relay-1788820585190/keys/v1.key --task 1 --evidence "done: relay e2e delivered"
   stderr: 0x8ee57589696310196a3aa1c2b0d741d188d1e8cc
   GET http://127.0.0.1:18751/relay?intent=eyJtZXNzYWdlIjp7Im1lbWJl...
   -> 200 {"ok":true,"verb":"confirm","op":9,"member":"0x8ee57589696310196A3aA1C2b0d741d188d1E8cc","hash":"0xde1f130d28d4a5e975e5152b033c0e80eb583169bab854ab33bf572577417760","blockNumber":"40","gasUsed":"101083","nonceUsed":"0","nextNonce":"1","confirmed":{"taskId":1,"confirmations":1}}
   ok: relay answered ok ()
   ok: first confirmation: nothing minted yet
   $ python3 snippet.py join --key /Users/michaelyang/Documents/Workspace/zero-one-dao/state/e2e-relay-1788820585190/keys/v2.key
   stderr: 0xf3814c1c470d2f2c8a5c1907c222ea0e3bad1a85
   GET http://127.0.0.1:18751/relay?op=join&authorization=eyJjaGFpbklkIjozMTQwMSwi...
   -> 200 {"ok":true,"verb":"join","address":"0xf3814c1c470d2F2C8A5C1907c222Ea0E3BAD1a85","delegated":true,"hash":"0x4adaa94c0621e57ad1c024a54b3cbd500f555b45d6d496ef4d4b73fe7c65afd2","blockNumber":"41","nonce":"0","shares":"0","note":"mints nothing; deposit at NAV or earn shares by verified work"}
   ok: relay answered ok ()
   $ python3 snippet.py confirm --key /Users/michaelyang/Documents/Workspace/zero-one-dao/state/e2e-relay-1788820585190/keys/v2.key --task 1 --evidence "done: relay e2e delivered"
   stderr: 0xf3814c1c470d2f2c8a5c1907c222ea0e3bad1a85
   GET http://127.0.0.1:18751/relay?intent=eyJtZXNzYWdlIjp7Im1lbWJl...
   -> 200 {"ok":true,"verb":"confirm","op":9,"member":"0xf3814c1c470d2F2C8A5C1907c222Ea0E3BAD1a85","hash":"0x086503af830903bc835d85c5cb0085ae211bf5b5db3d0835c86221f01c3f1a7e","blockNumber":"42","gasUsed":"193833","nonceUsed":"0","nextNonce":"1","confirmed":{"taskId":1,"confirmations":2},"verified":{"taskId":1,"worker":"0xF265183fD2D41b6FDC8724E87d2d0FB70B5daFaC","rewardShares":"5"}}
   ok: relay answered ok ()
   ok: second confirmation mints exactly 5 shares to the worker
   /me: shares 105 (67.7419%) exitValue 94.838709
   ok: the agent sees 105 shares

== step 13: T0 agent (passphrase, fetch only): identity, join, deposit 20 USDC
   GET http://127.0.0.1:18751/relay?op=identity&pass=<redacted>
   -> 200 {"ok":true,"address":"0x43d00e75a5Ef473675bFa196Ffa785FD5FF4634C","chainId":31401,"adapter":"0xDF63895A153c3F30616b612199f7a08cD7AE5EB3","delegated":false,"nonce":"0","authorizationNonce":0,"chainTime":1788907020,"domain":{"name":"ZeroOneIntent","version":"1","chainId":31401,"verifyingContract":"0xDF63895A153c3F30616b612199f7a08cD7AE5EB3"},"custody":"custodial-lite","me":"/me/pass/d3dc93a4525ca4722f7b3d652b9a05d4a708c249952447271d205a7a09ebd9f1.json"}
   ok: relay answered ok ()
   GET http://127.0.0.1:18751/relay?op=join&pass=<redacted>
   -> 200 {"ok":true,"verb":"join","address":"0x43d00e75a5Ef473675bFa196Ffa785FD5FF4634C","delegated":true,"hash":"0xe780a35124d52174365b89b648cd14a1d02a341a937f1cfcb074bf37ea437f34","blockNumber":"43","nonce":"0","shares":"0","note":"mints nothing; deposit at NAV or earn shares by verified work"}
   ok: relay answered ok ()
   ok: T0 account delegated
   GET http://127.0.0.1:18751/relay?op=deposit&amount=20000000&pass=<redacted>
   -> 200 {"ok":true,"verb":"deposit","op":5,"member":"0x43d00e75a5Ef473675bFa196Ffa785FD5FF4634C","hash":"0xcc04f96fb55fe51726c0639412045f725299bc6d810a25a6e06b3e0a42130485","blockNumber":"45","gasUsed":"209538","nonceUsed":"0","nextNonce":"1","deposit":{"usdc":"20","sharesMinted":"22.142857142857142857"},"faucet":{"toppedUpUsdc":"20","hash":"0xa220e343491b9a9a5cd4ea3dbe4390f9b20bff2b861edc746bc86fcf8071a94d"},"custody":"custodial-lite","me":"/me/pass/d3dc93a4525ca4722f7b3d652b9a05d4a708c249952447271d205a7a09ebd9f1.json"}
   ok: relay answered ok ()
   T0 deposit -> 22.142857142857142857 shares (raw 22142857142857142857)
   ok: T0 received 20 x 155 / 140 shares at NAV
   /me/pass: custody custodial-lite shares 22.142857142857142857 nonce 1
   ok: /me/pass/<sha256> reports the T0 shares

== step 14: T1 agent proposes Payment #2 (1 USDC to the T0 address); T0 votes YES then ragequits during voting (allowed); T0 sees 0 shares
   $ node snippet.js propose --key /Users/michaelyang/Documents/Workspace/zero-one-dao/state/e2e-relay-1788820585190/keys/agent.key --template Payment --params "{\"recipients\":[\"0x43d00e75a5Ef473675bFa196Ffa785FD5FF4634C\"],\"amounts\":[\"1000000\"]}" --summary "agent: 1 USDC to the T0 agent"
   stderr: 0xf265183fd2d41b6fdc8724e87d2d0fb70b5dafac | {"instance":"0xf7808a0E5aBe871545945183Cc3cC9aE170F87C0","codeHash":"0xd8c7577082999eed040a3d660cd58dc205eafec423155282a367344106b07fe0","paramsHash":"0x9b948d0dc7ac5c1c5e6cd379c6cb01dbc5f48696b008ab4c960215485ae9f85e","operator":"0xF265183fD2D41b6FDC8724E87d2d0FB70B5daFaC","budgetUsdc":"1"}
   GET http://127.0.0.1:18751/relay?intent=eyJtZXNzYWdlIjp7Im1lbWJl...
   -> 200 {"ok":true,"verb":"propose","op":0,"member":"0xF265183fD2D41b6FDC8724E87d2d0FB70B5daFaC","hash":"0x80cc5de06a625d1985e77ffcde4a0026fbff91848e8012ea7e012ce92be17283","blockNumber":"47","gasUsed":"241614","nonceUsed":"7","nextNonce":"8","proposalId":3,"sponsored":true}
   ok: relay answered ok ()
   ok: proposal #3 submitted
   GET http://127.0.0.1:18751/relay?op=vote&proposalId=3&approve=yes&pass=<redacted>
   -> 200 {"ok":true,"verb":"vote","op":2,"member":"0x43d00e75a5Ef473675bFa196Ffa785FD5FF4634C","hash":"0x543dcc9b281bbe620d21081957deac56df840de0ac35dba86d47f6f90ff6d2ee","blockNumber":"49","gasUsed":"140866","nonceUsed":"1","nextNonce":"2","vote":{"proposalId":3,"approved":true,"shares":"22.142857142857142857"},"custody":"custodial-lite","me":"/me/pass/d3dc93a4525ca4722f7b3d652b9a05d4a708c249952447271d205a7a09ebd9f1.json"}
   ok: relay answered ok ()
   ok: T0 voted YES on #3
   GET http://127.0.0.1:18751/relay?op=ragequit&pass=<redacted>
   -> 200 {"ok":true,"verb":"ragequit","op":4,"member":"0x43d00e75a5Ef473675bFa196Ffa785FD5FF4634C","hash":"0x19ac8b280662a410f43c7f8bc30102e0884501e5ba9fe62423931d95b64256d3","blockNumber":"50","gasUsed":"190506","nonceUsed":"2","nextNonce":"3","ragequit":{"sharesBurned":"22.142857142857142857"},"custody":"custodial-lite","me":"/me/pass/d3dc93a4525ca4722f7b3d652b9a05d4a708c249952447271d205a7a09ebd9f1.json"}
   ok: relay answered ok ()
   ok: T0 ragequit all shares
   T0 usdc 0 -> 19999999
   ok: T0 received its pro-rata USDC
   ok: /me/pass shows 0 shares after ragequit

== step 15: T1 agent ragequits all shares; sees 0 shares and its pro-rata USDC
   $ node snippet.js ragequit --key /Users/michaelyang/Documents/Workspace/zero-one-dao/state/e2e-relay-1788820585190/keys/agent.key
   stderr: 0xf265183fd2d41b6fdc8724e87d2d0fb70b5dafac
   GET http://127.0.0.1:18751/relay?intent=eyJtZXNzYWdlIjp7Im1lbWJl...
   -> 200 {"ok":true,"verb":"ragequit","op":4,"member":"0xF265183fD2D41b6FDC8724E87d2d0FB70B5daFaC","hash":"0x82d916a970cfa3867db416d36e1219d758ac0ee6796bcf09543d0a9036a9151e","blockNumber":"51","gasUsed":"156282","nonceUsed":"8","nextNonce":"9","ragequit":{"sharesBurned":"105"}}
   ok: relay answered ok ()
   ok: 105 shares burned
   paid 94838710 (expected 94838710) from treasury 140000001 at supply 155000000000000000000
   ok: the agent received exactly its pro-rata of the Safe
   /me: shares 0 usdc 104.83871 nonce 9
   ok: /me shows 0 shares

== step 16: readable failures: every rejected request carries a JSON reason (decoded custom error / Baal string), never a bare revert
   $ node snippet.js execute --key /Users/michaelyang/Documents/Workspace/zero-one-dao/state/e2e-relay-1788820585190/keys/agent.key --proposal 3
   stderr: 0xf265183fd2d41b6fdc8724e87d2d0fb70b5dafac
   GET http://127.0.0.1:18751/relay?intent=eyJtZXNzYWdlIjp7Im1lbWJl...
[relay] /relay?intent=eyJtZXNzYWdlIjp7Im1lbWJlciI6IjB4ZjI2NTE4M2ZkMmQ0MWI2ZmRjODcyNGU4N2QyZDBmYjcwYjVkYWZhYyIsIm9wIjozLCJwcm9wb3NhbElkIjozLCJhbW91bnQiOiIwIiwiZXZpZGVuY2VIYXNoIjoiMHgwMDAwMDAwMDAwMDAwMDAwMDAwMD -> 422 reverted: the proposal is not ready to execute: wait for grace to end, or it was defeated / cancelled / already processed
   -> 422 {"ok":false,"status":422,"reason":"reverted: the proposal is not ready to execute: wait for grace to end, or it was defeated / cancelled / already processed","error":{"name":"Error","args":{"message":"!ready"}}}
   ok: relay answered with a JSON reason: reverted: the proposal is not ready to execute: wait for grace to end, or it was defeated / cancelled / already processed
   ok: execute before grace -> 422 with Baal '!ready' decoded
   GET http://127.0.0.1:18751/relay?op=vote&proposalId=3&approve=no&pass=<redacted>
[relay] /relay?op=vote&proposalId=3&approve=no&pass=<redacted> -> 422 reverted: this address already voted on the proposal
   -> 422 {"ok":false,"status":422,"reason":"reverted: this address already voted on the proposal","error":{"name":"Error","args":{"message":"voted"}}}
   ok: relay answered with a JSON reason: reverted: this address already voted on the proposal
   ok: T0 voting twice -> 'voted' decoded
   $ node snippet.js task --key /Users/michaelyang/Documents/Workspace/zero-one-dao/state/e2e-relay-1788820585190/keys/agent.key --task 1
   stderr: 0xf265183fd2d41b6fdc8724e87d2d0fb70b5dafac
   GET http://127.0.0.1:18751/relay?intent=eyJtZXNzYWdlIjp7Im1lbWJl...
[relay] /relay?intent=eyJtZXNzYWdlIjp7Im1lbWJlciI6IjB4ZjI2NTE4M2ZkMmQ0MWI2ZmRjODcyNGU4N2QyZDBmYjcwYjVkYWZhYyIsIm9wIjo3LCJwcm9wb3NhbElkIjowLCJhbW91bnQiOiIxIiwiZXZpZGVuY2VIYXNoIjoiMHgwMDAwMDAwMDAwMDAwMDAwMDAwMD -> 422 reverted: WrongStatus(taskId=1, expected=2, observed=3)
   -> 422 {"ok":false,"status":422,"reason":"reverted: WrongStatus(taskId=1, expected=2, observed=3)","error":{"name":"WrongStatus","args":{"taskId":"1","expected":"2","observed":"3"}}}
   ok: relay answered with a JSON reason: reverted: WrongStatus(taskId=1, expected=2, observed=3)
   ok: claiming a completed task -> custom error WrongStatus decoded with its arguments
   $ python3 snippet.py deposit --key /Users/michaelyang/Documents/Workspace/zero-one-dao/state/e2e-relay-1788820585190/keys/v1.key --amount 0
   stderr: 0x8ee57589696310196a3aa1c2b0d741d188d1e8cc
   GET http://127.0.0.1:18751/relay?intent=eyJtZXNzYWdlIjp7Im1lbWJl...
[relay] /relay?intent=eyJtZXNzYWdlIjp7Im1lbWJlciI6IjB4OGVlNTc1ODk2OTYzMTAxOTZhM2FhMWMyYjBkNzQxZDE4OGQxZThjYyIsIm9wIjo1LCJwcm9wb3NhbElkIjowLCJhbW91bnQiOiIwIiwiZXZpZGVuY2VIYXNoIjoiMHgwMDAwMDAwMDAwMDAwMDAwMDAwMD -> 422 reverted: ZeroAmount()
   -> 422 {"ok":false,"status":422,"reason":"reverted: ZeroAmount()","error":{"name":"ZeroAmount","args":{}}}
   ok: relay answered with a JSON reason: reverted: ZeroAmount()
   ok: deposit 0 -> DepositShaman.ZeroAmount decoded
   GET http://127.0.0.1:18751/relay?op=propose&template=Bogus&params=%7B%7D&pass=<redacted>
[relay] /relay?op=propose&template=Bogus&params=%7B%7D&pass=<redacted> -> 400 unknown template Bogus; use one of Payment, Strategy, Project, Config
   -> 400 {"ok":false,"status":400,"reason":"unknown template Bogus; use one of Payment, Strategy, Project, Config"}
   ok: relay answered with a JSON reason: unknown template Bogus; use one of Payment, Strategy, Project, Config
   ok: unknown template -> 400 with a reason
   GET http://127.0.0.1:18751/relay?op=prepare&member=0xf84b47f77eFf00611DBe7426398324e758383956&template=Payment&params=%7B%22recipients%22%3A%5B%220xF265183fD2D41b6FDC8724E87d2d0FB70B5daFaC%22%5D%2C%22amounts%22%3A%5B%2210000000%22%5D%7D&sig=0x111111111111111111111111111111111111111111111111111111111111111111111111111111111111111111111111111111111111111111111111111111111b
[relay] /relay?op=prepare&member=0xf84b47f77eFf00611DBe7426398324e758383956&template=Payment&params=%7B%22recipients%22%3A%5B%220xF265183fD2D41b6FDC8724E87d2d0FB70B5daFaC%22%5D%2C%22amounts%22%3A%5B%221000000 -> 401 prepare signature: signature is malformed or not on the curve
   -> 401 {"ok":false,"status":401,"reason":"prepare signature: signature is malformed or not on the curve"}
   ok: relay answered with a JSON reason: prepare signature: signature is malformed or not on the curve
   ok: prepare with a bad signature -> 401 with a signature reason

== step 17: cross-check: node, python and viem produce byte-identical signatures for the same intent (deterministic RFC 6979)
   $ node snippet.js vote --key /Users/michaelyang/Documents/Workspace/zero-one-dao/state/e2e-relay-1788820585190/keys/founder.key --proposal 3 --approve no --deadline 1788907624
   stderr: 0xf84b47f77eff00611dbe7426398324e758383956
   $ python3 snippet.py vote --key /Users/michaelyang/Documents/Workspace/zero-one-dao/state/e2e-relay-1788820585190/keys/founder.key --proposal 3 --approve no --deadline 1788907624
   stderr: 0xf84b47f77eff00611dbe7426398324e758383956
   ok: node and python snippets sign identically
   ok: viem's EIP-712 signature equals the snippets' (same digest, same key)

=== RELAY E2E: PASS ===

