
> zero-one-dao@0.1.0 e2e:relay
> tsx relay/e2e-local.ts


== step 1: deploy Zero One on a fresh anvil (prague) + genesis: founder deposits 50 USDC -> 50e18 shares
   anvil http://127.0.0.1:11545 chainId 31401; safe 0x49811eE68F1e72DD02Ecf4b073b8eFeB29aCeEb2 baal 0x0DFEdA4A7612b6c386BBbeC50fe922dFd02D7bDF adapter 0xC89b8FCEF831368830C65C6AEC47f9827b3913a9; genesis 0xa705255ecf8fac61c2b031a49545dcbdf601b69a38acab3d1a0ceb487260f409
   ok: founder holds 50e18 shares = 100%

== step 2: sponsor float: 10,000 test USDC to the relay sponsor (faucet for test chains); write the deployment record
   deployment record /Users/michaelmacmini/srv/zero-one-phase4/state/e2e-relay-1788955103936/deployment.json
   ok: relay decodes TreasuryNotSettled with the settlement-vote recovery reason

== step 3: start the relay against the mirror (sponsor = anvil account 15)
{
  "listening": "127.0.0.1:18752",
  "startedAt": "2026-09-09T11:58:24.785Z",
  "chainId": 31401,
  "adapter": "0xC89b8FCEF831368830C65C6AEC47f9827b3913a9",
  "sponsor": "0xF8D2afea118737cbDBe8Ff715a8880df49A298B5",
  "deployment": "/Users/michaelmacmini/srv/zero-one-phase4/state/e2e-relay-1788955103936/deployment.json",
  "stateDir": "/Users/michaelmacmini/srv/zero-one-phase4/state/e2e-relay-1788955103936/relay"
}

   health: {"service":"zero-one-relay","dao":"Zero One","chainId":31401,"chain":"local mirror","adapter":"0xC89b8FCEF831368830C65C6AEC47f9827b3913a9","baal":"0x0DFEdA4A7612b6c386BBbeC50fe922dFd02D7bDF","safe":"0x49811eE68F1e72DD02Ecf4b073b8eFeB29aCeEb2","settlement":"0xf41D32f4ec0324b8E4a8B772ae9000773b8A1772","constitution":{"address":"0xd780690d6fB169571e7B52aA1C5Af4A5Cb7332E4","textHash":"0xebc7c39cf14fdc0ac2c028cdba5960ecc4560a314e613b93b4585b62826f2d9a","textUrl":"docs/CONSTITUTION.md","text":"docs/CONSTITUTION.md"},"sponsor":"0xF8D2afea118737cbDBe8Ff715a8880df49A298B5","sponsorBalanceWei":"10000000
   ok: relay is alive on the mirror with the deployed adapter

== step 4: build and validate the beacon (README <= 44 lines, every address has code)
[index] scan 0..24 rows=1
$ beacon/scripts/validate.ts --deployment <mirror> --out <mirror-beacon>
{
  "result": "PASS",
  "readmeLines": 43,
  "addressesWithCode": 11,
  "proposals": 0,
  "tasks": 0,
  "members": 1,
  "block": "24"
}

$ wc -l README.txt
      43 /Users/michaelmacmini/srv/zero-one-phase4/state/e2e-relay-1788955103936/beacon/README.txt

   ok: beacon validator CLI produced PASS
   ok: README line count command succeeds

----- README.txt (43 lines) -----
Zero One | Any member can propose anything; only the other members' votes or exits can stop it.
Chain local mirror (31401). Relay http://127.0.0.1:18752. Settlement USDC (6 dec). Shares: 18 dec, non-transferable, weight and exit.
Constitution http://127.0.0.1:18752/CONSTITUTION.md keccak256 0xebc7c39cf14fdc0ac2c028cdba5960ecc4560a314e613b93b4585b62826f2d9a (immutable, on-chain at 0xd780690d6fB169571e7B52aA1C5Af4A5Cb7332E4).
In: USDC at NAV (1 share per USDC while empty). Out: ragequit any time, pro-rata, same block. Work: shares voted per task.
Deposits pause while the treasury holds anything but USDC; exit is pro-rata of the Safe.
Eight verbs. One signed intent each, sent as GET http://127.0.0.1:18752/relay?intent=<base64url JSON {message,signature[,authorization]}>.
message = {member, op, proposalId, amount, evidenceHash, data, details, nonce, deadline}; unused fields are 0 / "0x" / "".
join      GET /relay?op=join&authorization=<base64url {chainId,address,nonce,r,s,yParity}> attaches the adapter to your key; mints nothing
deposit   op=5 amount=<USDC raw units>                    pulls USDC from your address into the Safe, mints shares at NAV
task      op=7 amount=<taskId>                            claims an active task (its verifiers cannot)
deliver   op=8 amount=<taskId> evidenceHash=keccak256(evidence text)
propose   op=0 data=abi.encode(uint8 template,bytes params,bytes32 salt) details=<text+json>   one intent; GET /relay?op=quote (below) builds it
vote      op=2 proposalId=<id> amount=1 (yes) or 0 (no)   needs shares held before the proposal was submitted
execute   op=3 proposalId=<id> data=<proposalData>        anyone, after grace; the relay sends 5,000,000 gas
ragequit  op=4 amount=<shares raw units> data=abi.encode(address[] [USDC])   burns shares, pays pro-rata of the Safe
also work op=6 data=abi.encode(address[] verifiers,uint16 threshold,uint256 rewardShares,uint32 expiration) details=<text> submits the task
proposal and sponsors it in the same transaction (>= 1 share); confirm op=9 amount=<taskId> data=<evidence bytes> (a named verifier)
Intent(address member,uint8 op,uint32 proposalId,uint256 amount,bytes32 evidenceHash,bytes data,string details,uint256 nonce,uint256 deadline)
EIP-712 domain: name ZeroOneIntent, version 1, chainId 31401, verifyingContract 0xC89b8FCEF831368830C65C6AEC47f9827b3913a9. nonce from /me; deadline <= now + 3600 s.
quote: GET /relay?op=quote&member=<addr>&template=<T>&params=<JSON>&summary=<text> (read-only) returns instance, codeHash, paramsHash, budget and the
exact op-0 message to sign; template ids 0 Payment 1 Strategy 2 Project 3 Config; salt = your nonce. The instance address is CREATE2 from
(template, params, member, salt) via the factory 0x495C3e573f9d0EF7dB45132D0Bd15bc3D2Ab472D: your account recomputes it and the fund+start multicall on-chain, so nobody can
swap the code. The relay deploys the instance if empty when your signed intent arrives (members with >= 1 share).
Templates: Payment {recipients[],amounts[]} | Strategy {venue,asset,budget,rule{maxPerRun,minInterval,deadline,takeProfitBps,stopLossBps,slippageBps}}
           Project {tranches[{amount,releaseType:date|verifiers,releaseAt,verifiers[],threshold}],deadline} | Config {votingPeriod,gracePeriod,...}
Every response is JSON: {ok:true, hash, ...} or {ok:false, status, reason, error:{name,args}} (decoded custom errors, never a bare revert).

T1 (your own key; Node 18+ or Python 3, no packages): GET http://127.0.0.1:18752/snippet.js or /snippet.py and run
  node snippet.js join --key agent.key        python3 snippet.py join --key agent.key
  ... deposit --usdc 100 | vote --proposal 1 --approve yes | execute --proposal 1 | task --task 1 | deliver --task 1 --evidence "text"
  ... propose --template Payment --params '{"recipients":["0x.."],"amounts":["10000000"]}' | ragequit | work --verifiers a,b --reward-shares RAW
  ... confirm --task 1 --evidence "text" (verifier). propose checks the quoted intent (template id, salt, paramsHash; Payment params re-encoded) before signing.
Each command reads /me, signs locally and prints the exact GET URL; fetch it. Address goes to stderr. Keep the key file 0600.
T0 (fetch only; custodial-lite: the relay derives and holds your key from your secret): GET http://127.0.0.1:18752/relay?op=join&pass=<32..256 random chars>
  same pass with op=deposit&amount= | op=vote&proposalId=&approve=yes | op=execute&proposalId= | op=task&taskId= | op=deliver&taskId=&evidence=
  op=propose&template=&params= | op=work&verifiers=&rewardShares= | op=confirm&taskId=&evidence= | op=ragequit ; op=identity&pass= gives your address
Read: /me/<address>.json (shares, NAV, settled, depositTreasury, exit value, open proposals with deadlines and treasury effect, my votes, my tasks, nonce, ragequit data)
      /proposals.json (every proposal, state, deadlines, votes, decoded calls, proposalData) | /state.json (treasury, members, tasks, governance)
Process: submit (self-sponsored: >= 1 share) -> voting 6 h -> grace 6 h (exit allowed) -> execute. Silence is consent: poll /me at least hourly.
A vote in the block of the submission is impossible (share checkpoint); the relay waits for the next block before sending it.
Addresses: Safe 0x49811eE68F1e72DD02Ecf4b073b8eFeB29aCeEb2 | Baal 0x0DFEdA4A7612b6c386BBbeC50fe922dFd02D7bDF | Shares 0x10Eec58B4BB3e2B19807b1E5a3b1fBcfF40E4289 | USDC 0xf41D32f4ec0324b8E4a8B772ae9000773b8A1772
           DepositShaman 0x5bD3E90E95353Af6fC465F89C69129c6421F265B | WorkManager 0xa85532BC9EFB778201ac9B4b1243289AF0Cffa97 | Adapter 0xC89b8FCEF831368830C65C6AEC47f9827b3913a9 | TemplateFactory 0x495C3e573f9d0EF7dB45132D0Bd15bc3D2Ab472D
Relay down or budget exhausted? The contracts work without it: call Baal / DepositShaman / WorkManager from any wallet with the same arguments.
----- end README.txt -----
   ok: README.txt is at most 44 lines
   ok: node snippet selftest: JavaScript keccak and curve vectors PASS
   ok: python snippet selftest: Python keccak and curve vectors PASS

== step 5: keys: a fresh T1 agent key (never funded with ETH) plus founder and verifier keys as 0600 files
   agent 0xD576598eE80ccDd630A25A46aff2949A7791879C (ETH balance 0) founder 0x481acD8917D0029fc4a2048379765641B60e242c verifiers 0x0600c4281837C1cd7d0b286Fc8E847F0245aac83 0x48647177039aC9D29Cb42c2617d33973E2ae40AD

== step 6: T1 agent: join (node snippet.js join) -> delegation attached, nothing minted
   $ node snippet.js join --key /Users/michaelmacmini/srv/zero-one-phase4/state/e2e-relay-1788955103936/keys/agent.key
[index] scan 0..24 rows=1
   stderr: 0xd576598ee80ccdd630a25a46aff2949a7791879c
   GET http://127.0.0.1:18752/relay?op=join&authorization=eyJjaGFpbklkIjozMTQwMSwi...
   -> 200 {"ok":true,"verb":"join","address":"0xD576598eE80ccDd630A25A46aff2949A7791879C","delegated":true,"hash":"0x11523e9d8b182bd31ae021ab6c894fda1fc869b7097cfea9d7e125cf4feceaf7","blockNumber":"25","nonce":"0","shares":"0","note":"mints nothing; deposit at NAV or earn shares by verified work"}
   ok: relay answered ok ()
   ok: agent is delegated and holds 0 shares
[index] scan 25..25 rows=1
   /me: {"address":"0xD576598eE80ccDd630A25A46aff2949A7791879C","chainId":31401,"adapter":"0xC89b8FCEF831368830C65C6AEC47f9827b3913a9","delegated":true,"nonce":"0","authorizationNonce":1,"chainTime":1788955105,"domain":{"name":"ZeroOneIntent","version":"1","chainId":31401,"verifyingContract":"0xC89b8FCEF831368830C65C6AEC47f9827b3913a9"},"dao":{"name":"Zero One","principle":"Any member can propose anything; only the other members' votes or exits can stop it."},"custody":"self-custody","shares":"0","sharesFormatted":"0","percent":"0.0000","navUsdcPerShare":"1","settled":true,"depositTreasury":"50000000","exitValueUsdc":"0","usdc":"0","usdcFormatted":"0","spendable":"0","openProposals":[],"myProposals"
   ok: /me shows delegated, nonce 0, 0 shares

== step 7: T1 agent: deposit 100 USDC (deposit --usdc 100); the mirror faucet tops the agent up first
   $ node snippet.js deposit --key /Users/michaelmacmini/srv/zero-one-phase4/state/e2e-relay-1788955103936/keys/agent.key --usdc 100
   stderr: 0xd576598ee80ccdd630a25a46aff2949a7791879c
   GET http://127.0.0.1:18752/relay?intent=eyJtZXNzYWdlIjp7Im1lbWJl...
   -> 200 {"ok":true,"verb":"deposit","op":5,"member":"0xD576598eE80ccDd630A25A46aff2949A7791879C","hash":"0xa5d8846eb080a7d6329af14aeab6f87e203c0f006619d091fe2755af75c50c99","blockNumber":"27","gasUsed":"214268","nonceUsed":"0","nextNonce":"1","deposit":{"usdc":"100","sharesMinted":"100"},"faucet":{"toppedUpUsdc":"100","hash":"0xce70a9d3036904d3187542a39325048b0af9bd65d0c08a5a984a33d9ac995ff3"}}
   ok: relay answered ok ()
   ok: 100 USDC at NAV 1 -> 100 shares
[index] scan 26..27 rows=2
   /me: shares 100 (66.6666%) nav 1 exitValue 100 usdc 0 nonce 1
   ok: /me: 100 shares, NAV 1 USDC/share, exit value 100 USDC, nonce 1
   ok: /me exposes settled and depositTreasury at the state block
   ok: /state.json exposes the same ledger deposit NAV as /me

== step 8: founder: join via the relay (python3 snippet.py) before any proposal exists
   $ python3 snippet.py join --key /Users/michaelmacmini/srv/zero-one-phase4/state/e2e-relay-1788955103936/keys/founder.key
   stderr: 0x481acd8917d0029fc4a2048379765641b60e242c
   GET http://127.0.0.1:18752/relay?op=join&authorization=eyJjaGFpbklkIjozMTQwMSwi...
   -> 200 {"ok":true,"verb":"join","address":"0x481acD8917D0029fc4a2048379765641B60e242c","delegated":true,"hash":"0xe0d95456a8c146a9756dae152463c1785bcb7bd61c62f9dd268843764c0ff21b","blockNumber":"28","nonce":"0","shares":"0","note":"mints nothing; deposit at NAV or earn shares by verified work"}
   ok: relay answered ok ()

== step 9: T1 agent: propose a Payment of 10 USDC to itself with ONE signed intent (propose --template Payment): op=quote (read-only) -> sign -> the relay deploys the CREATE2 instance -> the account submits fund+start of exactly that address
   GET http://127.0.0.1:18752/relay?op=quote&member=0xD576598eE80ccDd630A25A46aff2949A7791879C&template=Payment&params=%7B%22recipients%22%3A%5B%220xD576598eE80ccDd630A25A46aff2949A7791879C%22%5D%2C%22amounts%22%3A%5B%2210000000%22%5D%7D&summary=agent%3A%20pay%20me%2010%20USDC
   -> 200 {"ok":true,"verb":"quote","instance":"0xef4ce3c7b47AC8A63f4deC21490f63991192dCC6","exists":false,"template":"Payment","templateId":0,"contract":"PaymentProposal","codeHash":"0x8255c656d5c8084780fc590babcc844348515ea80a8a2c8e21bd33105600462b","paramsHash":"0xfc4f53ec1d3ca23daf0864686658460f1240798b3f790a0f020db99e3ec48496","paramsBytes":"0x000000000000000000000000000000000000000000000000000000000000004000000000000000000000000000000000000000000000000000000000000000800000000000000000000000000000000000000000000000000000000000000001000000000000000000000000d576598ee80ccdd630a25a46aff2949a7791879c00000000000000000000000000000000000000000000000000000000000000010000000000000000000000000000000000000000000000000000000000989680","salt":"0x0000000000000000000000000000000000000000000000000000000000000001","operator":"0xD576598eE80ccDd630A25A46aff2949A7791879C","budget":"10000000","budgetUsdc":"10","deadline":"0","calls":[{"to":"0xf41D32f4ec0324b8E4a8B772ae9000773b8A1772","data":"0xa9059cbb000000000000000000000000ef4ce3c7b47ac8a63f4dec21490f63991192dcc60000000000000000000000000000000000000000000000000000000000989680"},{"to":"0xef4ce3c7b47AC8A63f4deC21490f63991192dCC6","data":"0xbe9a6555"}],"propo
   ok: relay answered ok ()
   ok: quote: the instance address is known before deployment (exists: false), with its code hash
   $ node snippet.js propose --key /Users/michaelmacmini/srv/zero-one-phase4/state/e2e-relay-1788955103936/keys/agent.key --template Payment --params "{\"recipients\":[\"0xD576598eE80ccDd630A25A46aff2949A7791879C\"],\"amounts\":[\"10000000\"]}" --summary "agent: pay me 10 USDC"
[index] scan 28..28 rows=2
   stderr: 0xd576598ee80ccdd630a25a46aff2949a7791879c | {"instance":"0xef4ce3c7b47AC8A63f4deC21490f63991192dCC6","exists":false,"codeHash":"0x8255c656d5c8084780fc590babcc844348515ea80a8a2c8e21bd33105600462b","paramsHash":"0xfc4f53ec1d3ca23daf0864686658460f1240798b3f790a0f020db99e3ec48496","operator":"0xD576598eE80ccDd630A25A46aff2949A7791879C","budgetUsdc":"10","canPropose":true}
   GET http://127.0.0.1:18752/relay?intent=eyJtZXNzYWdlIjp7Im1lbWJl...
   -> 200 {"ok":true,"verb":"propose","op":0,"member":"0xD576598eE80ccDd630A25A46aff2949A7791879C","hash":"0x7af2dc426a424cc7e1e4e4d264e4e6bbefa14a807b05b2f791d58b0e85a4120d","blockNumber":"30","gasUsed":"276098","nonceUsed":"1","nextNonce":"2","proposalId":1,"sponsored":true,"instance":"0xef4ce3c7b47AC8A63f4deC21490f63991192dCC6","template":"Payment","codeHash":"0x8255c656d5c8084780fc590babcc844348515ea80a8a2c8e21bd33105600462b","deployHash":"0xf9e96ef097d5dd805c0599d726cfe230bb239192b0774586886195e69a7eb7d0","deployedBy":"relay sponsor"}
   ok: relay answered ok ()
   ok: proposal #1 submitted and self-sponsored (agent holds >= 1 share) in one intent
   ok: the relay deployed the instance at the quoted CREATE2 address before the intent (sponsored, member >= 1 share)
   ok: the code hash quoted before deployment equals keccak256 of the code now at the address
[index] scan 29..30 rows=3
   /proposals.json #1: state Voting effect "10 USDC leaves the Safe; Payment contract 0xef4ce3c7b47AC8A63f4deC21490f63991192dCC6 (budget 10 USDC, operator 0xD576598eE80ccDd630A25A46aff2949A7791879C)" instance {"address":"0xef4ce3c7b47AC8A63f4deC21490f63991192dCC6","template":"Payment","paramsHash":"0xfc4f53ec1d3ca23daf0864686658460f1240798b3f790a0f020db99e3ec48496","operator":"0xD576598eE80ccDd630A25A46aff2949A7791879C","budget":"10000000","budgetUsdc":"10","deadline":0,"status":"Pending","codeHash":"0x8
   ok: proposal #1 is Voting with treasury effect 10 USDC out
   ok: instance is a Pending Payment whose operator is the agent
   ok: the proposalData the account built on-chain equals the quoted (off-chain) multicall; details carry codeHash and paramsHash
   GET http://127.0.0.1:18752/relay?op=quote&member=0xD576598eE80ccDd630A25A46aff2949A7791879C&template=Payment&params=%7B%22recipients%22%3A%5B%220xD576598eE80ccDd630A25A46aff2949A7791879C%22%5D%2C%22amounts%22%3A%5B%2210000000%22%5D%7D&summary=x&salt=0x0000000000000000000000000000000000000000000000000000000000000001
   -> 200 {"ok":true,"verb":"quote","instance":"0xef4ce3c7b47AC8A63f4deC21490f63991192dCC6","exists":true,"template":"Payment","templateId":0,"contract":"PaymentProposal","codeHash":"0x8255c656d5c8084780fc590babcc844348515ea80a8a2c8e21bd33105600462b","paramsHash":"0xfc4f53ec1d3ca23daf0864686658460f1240798b3f790a0f020db99e3ec48496","paramsBytes":"0x000000000000000000000000000000000000000000000000000000000000004000000000000000000000000000000000000000000000000000000000000000800000000000000000000000000000000000000000000000000000000000000001000000000000000000000000d576598ee80ccdd630a25a46aff2949a7791879c00000000000000000000000000000000000000000000000000000000000000010000000000000000000000000000000000000000000000000000000000989680","salt":"0x0000000000000000000000000000000000000000000000000000000000000001","operator":"0xD576598eE80ccDd630A25A46aff2949A7791879C","budget":"10000000","budgetUsdc":"10","deadline":"0","calls":[{"to":"0xf41D32f4ec0324b8E4a8B772ae9000773b8A1772","data":"0xa9059cbb000000000000000000000000ef4ce3c7b47ac8a63f4dec21490f63991192dcc60000000000000000000000000000000000000000000000000000000000989680"},{"to":"0xef4ce3c7b47AC8A63f4deC21490f63991192dCC6","data":"0xbe9a6555"}],"propos
   ok: relay answered ok ()
   ok: quoting the same (template, params, member, salt) again finds the deployed instance (deterministic address)
   $ node snippet.js propose --key /Users/michaelmacmini/srv/zero-one-phase4/state/e2e-relay-1788955103936/keys/agent.key --template Payment --params "{\"recipients\":[\"0xD576598eE80ccDd630A25A46aff2949A7791879C\"],\"amounts\":[\"10000000\"]}" --summary x
   stderr: 0xd576598ee80ccdd630a25a46aff2949a7791879c | {"instance":"0x7089CEE7264c7914907371Ce66F09B2f55016EAe","exists":false,"codeHash":"0x8255c656d5c8084780fc590babcc844348515ea80a8a2c8e21bd33105600462b","paramsHash":"0xfc4f53ec1d3ca23daf0864686658460f1240798b3f790a0f020db99e3ec48496","operator":"0xD576598eE80ccDd630A25A46aff2949A7791879C","budgetUsdc":"10","canPropose":true}
   ok: the signed intent carries only the template id, the exact abi.encode(params) and a salt (nothing the relay chose)

== step 10: founder votes YES on #1 right after the submission (python3 snippet.py): the relay waits one block (ruling 7)
   $ python3 snippet.py vote --key /Users/michaelmacmini/srv/zero-one-phase4/state/e2e-relay-1788955103936/keys/founder.key --proposal 1 --approve yes
   stderr: 0x481acd8917d0029fc4a2048379765641b60e242c
   GET http://127.0.0.1:18752/relay?intent=eyJtZXNzYWdlIjp7Im1lbWJl...
   -> 200 {"ok":true,"verb":"vote","op":2,"member":"0x481acD8917D0029fc4a2048379765641B60e242c","hash":"0x60b21d196a764ae0415df70ca279746f52cd9612776a673d485ed1f11741bb45","blockNumber":"32","gasUsed":"157957","nonceUsed":"0","nextNonce":"1","waitedBlocks":1,"vote":{"proposalId":1,"approved":true,"shares":"50"}}
   ok: relay answered ok ()
   ok: the relay waited exactly one block before sending a vote that followed a fresh submission (ruling 7)
   ok: founder voted YES with 50 shares

== step 11: warp past voting + grace (12 h); T1 agent executes #1 via the relay (explicit 5,000,000 gas)
   $ node snippet.js execute --key /Users/michaelmacmini/srv/zero-one-phase4/state/e2e-relay-1788955103936/keys/agent.key --proposal 1
[index] scan 31..33 rows=4
   stderr: 0xd576598ee80ccdd630a25a46aff2949a7791879c
   GET http://127.0.0.1:18752/relay?intent=eyJtZXNzYWdlIjp7Im1lbWJl...
   -> 200 {"ok":true,"verb":"execute","op":3,"member":"0xD576598eE80ccDd630A25A46aff2949A7791879C","hash":"0x63c29468a138792daa22e7d0c72ca3cad07032a0adab1e781707aa8b1762d0da","blockNumber":"34","gasUsed":"299323","nonceUsed":"2","nextNonce":"3","processed":{"proposalId":1,"passed":true,"actionFailed":false}}
   ok: relay answered ok ()
   ok: proposal #1 passed and its action executed (fund + start)
[index] scan 34..34 rows=5
   /me: usdc 10 shares 100 nav 0.933333 exitValue 93.333333
   ok: the agent sees the 10 USDC payment
   ok: the Safe holds 140 USDC (50 + 100 - 10)

== step 12: founder proposes a task via the relay (work: verifiers V1,V2 threshold 2, reward 5 shares): submitTask + sponsorProposal in ONE transaction (ruling 4); founder votes right after (relay waits one block); agent votes; warp; agent executes
   $ python3 snippet.py work --key /Users/michaelmacmini/srv/zero-one-phase4/state/e2e-relay-1788955103936/keys/founder.key --verifiers 0x0600c4281837C1cd7d0b286Fc8E847F0245aac83,0x48647177039aC9D29Cb42c2617d33973E2ae40AD --threshold 2 --reward-shares 5000000000000000000 --details "ops: run the relay e2e"
   stderr: 0x481acd8917d0029fc4a2048379765641b60e242c
   GET http://127.0.0.1:18752/relay?intent=eyJtZXNzYWdlIjp7Im1lbWJl...
   -> 200 {"ok":true,"verb":"work","op":6,"member":"0x481acD8917D0029fc4a2048379765641B60e242c","hash":"0x31d3e6536216127ccf1592e40535ba7f0dc30604f80a70e8ece293436021b124","blockNumber":"35","gasUsed":"474939","nonceUsed":"1","nextNonce":"2","proposalId":2,"task":{"taskId":1,"proposalId":2},"sponsored":true}
   ok: relay answered ok ()
   ok: task #1 recorded, proposal #2 submitted
   ok: the same transaction sponsored #2 (SponsorProposal event): no ninth verb
[index] scan 35..35 rows=8
   ok: proposal #2 is Voting, sponsored by the founder's own account
   $ python3 snippet.py vote --key /Users/michaelmacmini/srv/zero-one-phase4/state/e2e-relay-1788955103936/keys/founder.key --proposal 2 --approve yes
   stderr: 0x481acd8917d0029fc4a2048379765641b60e242c
   GET http://127.0.0.1:18752/relay?intent=eyJtZXNzYWdlIjp7Im1lbWJl...
   -> 200 {"ok":true,"verb":"vote","op":2,"member":"0x481acD8917D0029fc4a2048379765641B60e242c","hash":"0x86f72487e8b215aa738c895fdf66cad9d29f103aecd39bb4496ae754fa1f0458","blockNumber":"37","gasUsed":"140869","nonceUsed":"2","nextNonce":"3","waitedBlocks":1,"vote":{"proposalId":2,"approved":true,"shares":"50"}}
   ok: relay answered ok ()
   ok: the relay waited exactly one block before sending a vote that followed a fresh submission (ruling 7)
   $ node snippet.js vote --key /Users/michaelmacmini/srv/zero-one-phase4/state/e2e-relay-1788955103936/keys/agent.key --proposal 2 --approve yes
[index] scan 36..37 rows=9
   stderr: 0xd576598ee80ccdd630a25a46aff2949a7791879c
   GET http://127.0.0.1:18752/relay?intent=eyJtZXNzYWdlIjp7Im1lbWJl...
   -> 200 {"ok":true,"verb":"vote","op":2,"member":"0xD576598eE80ccDd630A25A46aff2949A7791879C","hash":"0x257435c28bf1fee9495e1012e8b848919f64dcd41491118d85b04a3a30b37d39","blockNumber":"38","gasUsed":"123769","nonceUsed":"3","nextNonce":"4","waitedBlocks":0,"vote":{"proposalId":2,"approved":true,"shares":"100"}}
   ok: relay answered ok ()
   ok: a vote after a later block exists is sent at once (waitedBlocks 0)
   $ node snippet.js execute --key /Users/michaelmacmini/srv/zero-one-phase4/state/e2e-relay-1788955103936/keys/agent.key --proposal 2
[index] scan 38..39 rows=10
   stderr: 0xd576598ee80ccdd630a25a46aff2949a7791879c
   GET http://127.0.0.1:18752/relay?intent=eyJtZXNzYWdlIjp7Im1lbWJl...
   -> 200 {"ok":true,"verb":"execute","op":3,"member":"0xD576598eE80ccDd630A25A46aff2949A7791879C","hash":"0xcf1493e5f535deb65334eb4c84fd612d73ee371c698af088dd623a9ec878826c","blockNumber":"40","gasUsed":"171541","nonceUsed":"4","nextNonce":"5","processed":{"proposalId":2,"passed":true,"actionFailed":false}}
   ok: relay answered ok ()
   ok: task proposal executed: task #1 active

== step 13: T1 agent: claim task #1 (task --task 1) and deliver evidence; verifiers confirm via the relay (python); reward mints at the threshold
   $ node snippet.js task --key /Users/michaelmacmini/srv/zero-one-phase4/state/e2e-relay-1788955103936/keys/agent.key --task 1
[index] scan 40..40 rows=12
   stderr: 0xd576598ee80ccdd630a25a46aff2949a7791879c
   GET http://127.0.0.1:18752/relay?intent=eyJtZXNzYWdlIjp7Im1lbWJl...
   -> 200 {"ok":true,"verb":"task","op":7,"member":"0xD576598eE80ccDd630A25A46aff2949A7791879C","hash":"0xd42668834cdfb9f6acaf36deb0f6749a90076658c139e9151e62fd27e23665d8","blockNumber":"41","gasUsed":"78830","nonceUsed":"5","nextNonce":"6","claimed":{"taskId":1}}
   ok: relay answered ok ()
   ok: agent claimed task #1
   $ node snippet.js deliver --key /Users/michaelmacmini/srv/zero-one-phase4/state/e2e-relay-1788955103936/keys/agent.key --task 1 --evidence "done: relay e2e delivered"
[index] scan 41..41 rows=13
   stderr: 0xd576598ee80ccdd630a25a46aff2949a7791879c
   GET http://127.0.0.1:18752/relay?intent=eyJtZXNzYWdlIjp7Im1lbWJl...
   -> 200 {"ok":true,"verb":"deliver","op":8,"member":"0xD576598eE80ccDd630A25A46aff2949A7791879C","hash":"0x243a931bef6c9d00a5409b8690886a7b6fc1cd88de113eb4a2d00befdcdd83d4","blockNumber":"42","gasUsed":"82307","nonceUsed":"6","nextNonce":"7","delivered":{"taskId":1,"round":1}}
   ok: relay answered ok ()
   ok: delivery round 1 committed
[index] scan 42..42 rows=14
   /me myTasks: [{"taskId":1,"proposalId":2,"proposer":"0x481acD8917D0029fc4a2048379765641B60e242c","worker":"0xD576598eE80ccDd630A25A46aff2949A7791879C","verifiers":["0x0600c4281837C1cd7d0b286Fc8E847F0245aac83","0x48647177039aC9D29Cb42c2617d33973E2ae40AD"],"threshold":2,"confirmations":0,"round":1,"rewardShares":"5000000000000000000","rewardSharesFormatted":"5","status":"Active","evidenceHash":"0x2ddb3e2784a74da
   ok: /me shows the delivery awaiting verification
   $ python3 snippet.py join --key /Users/michaelmacmini/srv/zero-one-phase4/state/e2e-relay-1788955103936/keys/v1.key
   stderr: 0x0600c4281837c1cd7d0b286fc8e847f0245aac83
   GET http://127.0.0.1:18752/relay?op=join&authorization=eyJjaGFpbklkIjozMTQwMSwi...
   -> 200 {"ok":true,"verb":"join","address":"0x0600c4281837C1cd7d0b286Fc8E847F0245aac83","delegated":true,"hash":"0x509e9c95ffd8d3b1ef38fe8f2bdb923cd10b1819461a549998d2eadd7839fd60","blockNumber":"43","nonce":"0","shares":"0","note":"mints nothing; deposit at NAV or earn shares by verified work"}
   ok: relay answered ok ()
   $ python3 snippet.py confirm --key /Users/michaelmacmini/srv/zero-one-phase4/state/e2e-relay-1788955103936/keys/v1.key --task 1 --evidence "done: relay e2e delivered"
[index] scan 43..43 rows=14
   stderr: 0x0600c4281837c1cd7d0b286fc8e847f0245aac83
   GET http://127.0.0.1:18752/relay?intent=eyJtZXNzYWdlIjp7Im1lbWJl...
   -> 200 {"ok":true,"verb":"confirm","op":9,"member":"0x0600c4281837C1cd7d0b286Fc8E847F0245aac83","hash":"0xadd6c15576789c7e88d5ecfcfdd9b2b8c1d1dc447318202de054b714a4ffaa34","blockNumber":"44","gasUsed":"101080","nonceUsed":"0","nextNonce":"1","confirmed":{"taskId":1,"confirmations":1}}
   ok: relay answered ok ()
   ok: first confirmation: nothing minted yet
   $ python3 snippet.py join --key /Users/michaelmacmini/srv/zero-one-phase4/state/e2e-relay-1788955103936/keys/v2.key
[index] scan 44..44 rows=15
   stderr: 0x48647177039ac9d29cb42c2617d33973e2ae40ad
   GET http://127.0.0.1:18752/relay?op=join&authorization=eyJjaGFpbklkIjozMTQwMSwi...
   -> 200 {"ok":true,"verb":"join","address":"0x48647177039aC9D29Cb42c2617d33973E2ae40AD","delegated":true,"hash":"0xe8e03d8f18736744059c13fb021f937f0db48503562584e4af394b5c2de0925b","blockNumber":"45","nonce":"0","shares":"0","note":"mints nothing; deposit at NAV or earn shares by verified work"}
   ok: relay answered ok ()
   $ python3 snippet.py confirm --key /Users/michaelmacmini/srv/zero-one-phase4/state/e2e-relay-1788955103936/keys/v2.key --task 1 --evidence "done: relay e2e delivered"
[index] scan 45..45 rows=15
   stderr: 0x48647177039ac9d29cb42c2617d33973e2ae40ad
   GET http://127.0.0.1:18752/relay?intent=eyJtZXNzYWdlIjp7Im1lbWJl...
   -> 200 {"ok":true,"verb":"confirm","op":9,"member":"0x48647177039aC9D29Cb42c2617d33973E2ae40AD","hash":"0x48c43e3f472dfca44b52317702799d6b32f3b2a3169d3830114a8b32f2511fb1","blockNumber":"46","gasUsed":"193842","nonceUsed":"0","nextNonce":"1","confirmed":{"taskId":1,"confirmations":2},"verified":{"taskId":1,"worker":"0xD576598eE80ccDd630A25A46aff2949A7791879C","rewardShares":"5"}}
   ok: relay answered ok ()
   ok: second confirmation mints exactly 5 shares to the worker
[index] scan 46..46 rows=18
   /me: shares 105 (67.7419%) exitValue 94.838709
   ok: the agent sees 105 shares

== step 14: T0 agent (passphrase, fetch only): identity, join, deposit 20 USDC
   GET http://127.0.0.1:18752/relay?op=identity&pass=<redacted>
   -> 200 {"ok":true,"address":"0x8E3C493D639629F4927914B9d77CeB4d50921372","chainId":31401,"adapter":"0xC89b8FCEF831368830C65C6AEC47f9827b3913a9","delegated":false,"nonce":"0","authorizationNonce":0,"chainTime":1789041528,"domain":{"name":"ZeroOneIntent","version":"1","chainId":31401,"verifyingContract":"0xC89b8FCEF831368830C65C6AEC47f9827b3913a9"},"custody":"custodial-lite","me":"/me/pass/2da50ec61b7cb61f86ea33a1205b008cdfc117a8ff2ecf9fa30583340bcab0fc.json"}
   ok: relay answered ok ()
   GET http://127.0.0.1:18752/relay?op=join&pass=<redacted>
   -> 200 {"ok":true,"verb":"join","address":"0x8E3C493D639629F4927914B9d77CeB4d50921372","delegated":true,"hash":"0x1ab321b33ddb449834fb002d9fd9fb4b9d8161935695fbd0ea518570ac353e8c","blockNumber":"47","nonce":"0","shares":"0","note":"mints nothing; deposit at NAV or earn shares by verified work"}
   ok: relay answered ok ()
   ok: T0 account delegated
   GET http://127.0.0.1:18752/relay?op=deposit&amount=20000000&pass=<redacted>
[index] scan 47..47 rows=18
   -> 200 {"ok":true,"verb":"deposit","op":5,"member":"0x8E3C493D639629F4927914B9d77CeB4d50921372","hash":"0x8b722fc35d00b3a0059d321ac9627b0985eafd9261d51d4824e168555513d4b1","blockNumber":"49","gasUsed":"214268","nonceUsed":"0","nextNonce":"1","deposit":{"usdc":"20","sharesMinted":"22.142857142857142857"},"faucet":{"toppedUpUsdc":"20","hash":"0x230787c53f238bc8dbb64f853dcdfbc2c4190f4dfc39dbabee2d1a01e487c06e"},"custody":"custodial-lite","me":"/me/pass/2da50ec61b7cb61f86ea33a1205b008cdfc117a8ff2ecf9fa30583340bcab0fc.json"}
   ok: relay answered ok ()
   T0 deposit -> 22.142857142857142857 shares (raw 22142857142857142857)
   ok: T0 received 20 x 155 / 140 shares at NAV
[index] scan 48..49 rows=19
   /me/pass: custody custodial-lite shares 22.142857142857142857 nonce 1
   ok: /me/pass/<sha256> reports the T0 shares

== step 15: T1 agent proposes Payment #2 (1 USDC to the T0 address); T0 votes YES then ragequits during voting (allowed); T0 sees 0 shares
   $ node snippet.js propose --key /Users/michaelmacmini/srv/zero-one-phase4/state/e2e-relay-1788955103936/keys/agent.key --template Payment --params "{\"recipients\":[\"0x8E3C493D639629F4927914B9d77CeB4d50921372\"],\"amounts\":[\"1000000\"]}" --summary "agent: 1 USDC to the T0 agent"
   stderr: 0xd576598ee80ccdd630a25a46aff2949a7791879c | {"instance":"0x473e0D25d8463A11C403cCc56DeD713C52009Ccc","exists":false,"codeHash":"0x8255c656d5c8084780fc590babcc844348515ea80a8a2c8e21bd33105600462b","paramsHash":"0x399ac54e24c2ead91f186fd6a866dd37ee1d020f02c3ea3857b228c319411424","operator":"0xD576598eE80ccDd630A25A46aff2949A7791879C","budgetUsdc":"1","canPropose":true}
   GET http://127.0.0.1:18752/relay?intent=eyJtZXNzYWdlIjp7Im1lbWJl...
   -> 200 {"ok":true,"verb":"propose","op":0,"member":"0xD576598eE80ccDd630A25A46aff2949A7791879C","hash":"0x131569e7bb15ba89cc0f2c4d23ea0d20d545c7241c26bb73665140715a88aae8","blockNumber":"51","gasUsed":"276581","nonceUsed":"7","nextNonce":"8","proposalId":3,"sponsored":true,"instance":"0x473e0D25d8463A11C403cCc56DeD713C52009Ccc","template":"Payment","codeHash":"0x8255c656d5c8084780fc590babcc844348515ea80a8a2c8e21bd33105600462b","deployHash":"0x1f5377660eef845119a5ed6bc5631b6e9e5fad26cdd697dc16acbfb08009f25b","deployedBy":"relay sponsor"}
   ok: relay answered ok ()
   ok: proposal #3 submitted; its instance deployed by the sponsor at the CREATE2 address
   GET http://127.0.0.1:18752/relay?op=vote&proposalId=3&approve=yes&pass=<redacted>
[index] scan 50..51 rows=20
   -> 200 {"ok":true,"verb":"vote","op":2,"member":"0x8E3C493D639629F4927914B9d77CeB4d50921372","hash":"0x6fd62a05ac7581b0dd93a2e95ce16290d1506c87d5f486eb3442f395fefec0e1","blockNumber":"53","gasUsed":"140869","nonceUsed":"1","nextNonce":"2","waitedBlocks":1,"vote":{"proposalId":3,"approved":true,"shares":"22.142857142857142857"},"custody":"custodial-lite","me":"/me/pass/2da50ec61b7cb61f86ea33a1205b008cdfc117a8ff2ecf9fa30583340bcab0fc.json"}
   ok: relay answered ok ()
   ok: the relay waited exactly one block before sending a vote that followed a fresh submission (ruling 7)
   ok: T0 voted YES on #3
   GET http://127.0.0.1:18752/relay?op=ragequit&pass=<redacted>
[index] scan 52..53 rows=21
   -> 200 {"ok":true,"verb":"ragequit","op":4,"member":"0x8E3C493D639629F4927914B9d77CeB4d50921372","hash":"0xac79a9f4989506921cedd5fec328110ab44e51be42d9e1160f074dde1541766d","blockNumber":"54","gasUsed":"190497","nonceUsed":"2","nextNonce":"3","ragequit":{"sharesBurned":"22.142857142857142857"},"custody":"custodial-lite","me":"/me/pass/2da50ec61b7cb61f86ea33a1205b008cdfc117a8ff2ecf9fa30583340bcab0fc.json"}
   ok: relay answered ok ()
   ok: T0 ragequit all shares
   T0 usdc 0 -> 19999999
   ok: T0 received its pro-rata USDC
[index] scan 54..54 rows=22
   ok: /me/pass shows 0 shares after ragequit

== step 16: T1 agent ragequits all shares; sees 0 shares and its pro-rata USDC
   $ node snippet.js ragequit --key /Users/michaelmacmini/srv/zero-one-phase4/state/e2e-relay-1788955103936/keys/agent.key
   stderr: 0xd576598ee80ccdd630a25a46aff2949a7791879c
   GET http://127.0.0.1:18752/relay?intent=eyJtZXNzYWdlIjp7Im1lbWJl...
   -> 200 {"ok":true,"verb":"ragequit","op":4,"member":"0xD576598eE80ccDd630A25A46aff2949A7791879C","hash":"0x434788ee522c3efcc1e80e4bc5dd7f12f7ff6d87c73b4f0a84060cff3cf10a23","blockNumber":"55","gasUsed":"156273","nonceUsed":"8","nextNonce":"9","ragequit":{"sharesBurned":"105"}}
   ok: relay answered ok ()
   ok: 105 shares burned
   paid 94838710 (expected 94838710) from treasury 140000001 at supply 155000000000000000000
   ok: the agent received exactly its pro-rata of the Safe
[index] scan 55..55 rows=23
   /me: shares 0 usdc 104.83871 nonce 9
   ok: /me shows 0 shares

== step 17: readable failures: every rejected request carries a JSON reason (decoded custom error / Baal string), never a bare revert
   $ node snippet.js execute --key /Users/michaelmacmini/srv/zero-one-phase4/state/e2e-relay-1788955103936/keys/agent.key --proposal 3
   stderr: 0xd576598ee80ccdd630a25a46aff2949a7791879c
   GET http://127.0.0.1:18752/relay?intent=eyJtZXNzYWdlIjp7Im1lbWJl...
[relay] /relay?intent=eyJtZXNzYWdlIjp7Im1lbWJlciI6IjB4ZDU3NjU5OGVlODBjY2RkNjMwYTI1YTQ2YWZmMjk0OWE3NzkxODc5YyIsIm9wIjozLCJwcm9wb3NhbElkIjozLCJhbW91bnQiOiIwIiwiZXZpZGVuY2VIYXNoIjoiMHgwMDAwMDAwMDAwMDAwMDAwMDAwMD -> 422 reverted: the proposal is not ready to execute: wait for grace to end, or it was defeated / cancelled / already processed
   -> 422 {"ok":false,"status":422,"reason":"reverted: the proposal is not ready to execute: wait for grace to end, or it was defeated / cancelled / already processed","error":{"name":"Error","args":{"message":"!ready"}}}
   ok: relay answered with a JSON reason: reverted: the proposal is not ready to execute: wait for grace to end, or it was defeated / cancelled / already processed
   ok: execute before grace -> 422 with Baal '!ready' decoded
   GET http://127.0.0.1:18752/relay?op=vote&proposalId=3&approve=no&pass=<redacted>
[index] resume 55 scanned=0
[relay] /relay?op=vote&proposalId=3&approve=no&pass=<redacted> -> 422 reverted: this address already voted on the proposal
   -> 422 {"ok":false,"status":422,"reason":"reverted: this address already voted on the proposal","error":{"name":"Error","args":{"message":"voted"}}}
   ok: relay answered with a JSON reason: reverted: this address already voted on the proposal
   ok: T0 voting twice -> 'voted' decoded
   $ node snippet.js task --key /Users/michaelmacmini/srv/zero-one-phase4/state/e2e-relay-1788955103936/keys/agent.key --task 1
[index] resume 55 scanned=0
   stderr: 0xd576598ee80ccdd630a25a46aff2949a7791879c
   GET http://127.0.0.1:18752/relay?intent=eyJtZXNzYWdlIjp7Im1lbWJl...
[relay] /relay?intent=eyJtZXNzYWdlIjp7Im1lbWJlciI6IjB4ZDU3NjU5OGVlODBjY2RkNjMwYTI1YTQ2YWZmMjk0OWE3NzkxODc5YyIsIm9wIjo3LCJwcm9wb3NhbElkIjowLCJhbW91bnQiOiIxIiwiZXZpZGVuY2VIYXNoIjoiMHgwMDAwMDAwMDAwMDAwMDAwMDAwMD -> 422 reverted: WrongStatus(taskId=1, expected=2, observed=3)
   -> 422 {"ok":false,"status":422,"reason":"reverted: WrongStatus(taskId=1, expected=2, observed=3)","error":{"name":"WrongStatus","args":{"taskId":"1","expected":"2","observed":"3"}}}
   ok: relay answered with a JSON reason: reverted: WrongStatus(taskId=1, expected=2, observed=3)
   ok: claiming a completed task -> custom error WrongStatus decoded with its arguments
   $ python3 snippet.py deposit --key /Users/michaelmacmini/srv/zero-one-phase4/state/e2e-relay-1788955103936/keys/v1.key --amount 0
[index] resume 55 scanned=0
   stderr: 0x0600c4281837c1cd7d0b286fc8e847f0245aac83
   GET http://127.0.0.1:18752/relay?intent=eyJtZXNzYWdlIjp7Im1lbWJl...
[relay] /relay?intent=eyJtZXNzYWdlIjp7Im1lbWJlciI6IjB4MDYwMGM0MjgxODM3YzFjZDdkMGIyODZmYzhlODQ3ZjAyNDVhYWM4MyIsIm9wIjo1LCJwcm9wb3NhbElkIjowLCJhbW91bnQiOiIwIiwiZXZpZGVuY2VIYXNoIjoiMHgwMDAwMDAwMDAwMDAwMDAwMDAwMD -> 422 reverted: ZeroAmount()
   -> 422 {"ok":false,"status":422,"reason":"reverted: ZeroAmount()","error":{"name":"ZeroAmount","args":{}}}
   ok: relay answered with a JSON reason: reverted: ZeroAmount()
   ok: deposit 0 -> DepositShaman.ZeroAmount decoded
   GET http://127.0.0.1:18752/relay?op=propose&template=Bogus&params=%7B%7D&pass=<redacted>
[relay] /relay?op=propose&template=Bogus&params=%7B%7D&pass=<redacted> -> 400 unknown template Bogus; use one of Payment, Strategy, Project, Config
   -> 400 {"ok":false,"status":400,"reason":"unknown template Bogus; use one of Payment, Strategy, Project, Config"}
   ok: relay answered with a JSON reason: unknown template Bogus; use one of Payment, Strategy, Project, Config
   ok: unknown template -> 400 with a reason
   $ python3 snippet.py propose --key /Users/michaelmacmini/srv/zero-one-phase4/state/e2e-relay-1788955103936/keys/v1.key --template Payment --params "{\"recipients\":[\"0xD576598eE80ccDd630A25A46aff2949A7791879C\"],\"amounts\":[\"10000000\"]}" --summary "v1: no shares"
   stderr: 0x0600c4281837c1cd7d0b286fc8e847f0245aac83 | {"instance": "0x858C65fdcfEB5dD712b3009Da1311BF01C6ffC81", "exists": false, "codeHash": "0xc595fd7256365528bb4f63c5614019fb8288381d64ce2e2bbcfd83f8e9459029", "paramsHash": "0xfc4f53ec1d3ca23daf0864686658460f1240798b3f790a0f020db99e3ec48496", "operator": "0x0600c4281837C1cd7d0b286Fc8E847F0245aac83", "budgetUsdc": "10", "canPropose": false}
   GET http://127.0.0.1:18752/relay?intent=eyJtZXNzYWdlIjp7Im1lbWJl...
[relay] /relay?intent=eyJtZXNzYWdlIjp7Im1lbWJlciI6IjB4MDYwMGM0MjgxODM3YzFjZDdkMGIyODZmYzhlODQ3ZjAyNDVhYWM4MyIsIm9wIjowLCJwcm9wb3NhbElkIjowLCJhbW91bnQiOiIwIiwiZXZpZGVuY2VIYXNoIjoiMHgwMDAwMDAwMDAwMDAwMDAwMDAwMD -> 409 propose needs at least 1 shares so the proposal is self-sponsored (you hold 0); deposit first
   -> 409 {"ok":false,"status":409,"reason":"propose needs at least 1 shares so the proposal is self-sponsored (you hold 0); deposit first"}
   ok: relay answered with a JSON reason: propose needs at least 1 shares so the proposal is self-sponsored (you hold 0); deposit first
   ok: propose by a member below sponsorThreshold -> 409 (no sponsored deployment, no unsponsorable proposal)
   GET http://127.0.0.1:18752/relay?op=sponsor&proposalId=3&pass=<redacted>
[relay] /relay?op=sponsor&proposalId=3&pass=<redacted> -> 400 unknown op sponsor; T0 verbs: join, deposit, task, deliver, propose, vote, execute, ragequit, work, confirm (sponsor no longer exists: work self-sponsors)
   -> 400 {"ok":false,"status":400,"reason":"unknown op sponsor; T0 verbs: join, deposit, task, deliver, propose, vote, execute, ragequit, work, confirm (sponsor no longer exists: work self-sponsors)"}
   ok: relay answered with a JSON reason: unknown op sponsor; T0 verbs: join, deposit, task, deliver, propose, vote, execute, ragequit, work, confirm (sponsor no longer exists: work self-sponsors)
   ok: op=sponsor no longer exists -> 400
   GET http://127.0.0.1:18752/relay?op=prepare&member=0x481acD8917D0029fc4a2048379765641B60e242c&template=Payment&params=%7B%22recipients%22%3A%5B%220xD576598eE80ccDd630A25A46aff2949A7791879C%22%5D%2C%22amounts%22%3A%5B%2210000000%22%5D%7D
[relay] /relay?op=prepare&member=0x481acD8917D0029fc4a2048379765641B60e242c&template=Payment&params=%7B%22recipients%22%3A%5B%220xD576598eE80ccDd630A25A46aff2949A7791879C%22%5D%2C%22amounts%22%3A%5B%221000000 -> 400 expected intent=<base64url envelope>, op=join&authorization=<base64url>, op=quote&member=..&template=..&params=..[&summary=&salt=], or op=<verb>&pass=<secret>
   -> 400 {"ok":false,"status":400,"reason":"expected intent=<base64url envelope>, op=join&authorization=<base64url>, op=quote&member=..&template=..&params=..[&summary=&salt=], or op=<verb>&pass=<secret>"}
   ok: relay answered with a JSON reason: expected intent=<base64url envelope>, op=join&authorization=<base64url>, op=quote&member=..&template=..&params=..[&summary=&salt=], or op=<verb>&pass=<secret>
   ok: op=prepare is retired -> 400
   GET http://127.0.0.1:18752/relay?op=quote&member=0x481acD8917D0029fc4a2048379765641B60e242c&template=Payment&params=%7B%22recipients%22%3A%5B%220x481acD8917D0029fc4a2048379765641B60e242c%22%5D%2C%22amounts%22%3A%5B%220%22%5D%7D
[relay] /relay?op=quote&member=0x481acD8917D0029fc4a2048379765641B60e242c&template=Payment&params=%7B%22recipients%22%3A%5B%220x481acD8917D0029fc4a2048379765641B60e242c%22%5D%2C%22amounts%22%3A%5B%220%22%5D%7 -> 422 reverted: ZeroAmount(index=0)
   -> 422 {"ok":false,"status":422,"reason":"reverted: ZeroAmount(index=0)","error":{"name":"ZeroAmount","args":{"index":"0"}}}
   ok: relay answered with a JSON reason: reverted: ZeroAmount(index=0)
   ok: quote with a zero payment -> the template constructor's ZeroAmount decoded from the factory dry run

== step 18: cross-check: node, python and viem produce byte-identical signatures for the same intent (deterministic RFC 6979)
   $ node snippet.js vote --key /Users/michaelmacmini/srv/zero-one-phase4/state/e2e-relay-1788955103936/keys/founder.key --proposal 3 --approve no --deadline 1789042131
   stderr: 0x481acd8917d0029fc4a2048379765641b60e242c
   $ python3 snippet.py vote --key /Users/michaelmacmini/srv/zero-one-phase4/state/e2e-relay-1788955103936/keys/founder.key --proposal 3 --approve no --deadline 1789042131
   stderr: 0x481acd8917d0029fc4a2048379765641b60e242c
   ok: node and python snippets sign identically
   ok: viem's EIP-712 signature equals the snippets' (same digest, same key)

== step 19: phase 3 two-process concurrency, duplicate intents, restart cursor and killed broadcaster recovery
ASSERT Base policy no faucet; daily=2000000000000000 floor=3000000000000000 maxFee=100000000 priority=1000000
ASSERT cross-chain state directory startup refused before any transaction
ASSERT sponsored hash=0xf66fa79caa54eee4b58af9638c6bfdb8e7e6be26e7b2aabe90951da99a2c824e replayed=false
ASSERT sponsored hash=0x0cbfff6474ad279d2def69f2fdf58369f1b5a9afc7c3ead5dc35afd0443368a0 replayed=false
[index] scan 56..57 rows=23
ASSERT sponsored hash=0xca46bd1467ef179d829793247e097a7ffe12636aaaa216ba4791743bf6319fe8 replayed=false
ASSERT sponsored hash=0x71f014773e51f79fb9867ad4a432c9fd1497a9ce7fcae33bcc47a1f8f42aaf34 replayed=false
ASSERT two processes concurrent deposits nonce=29,31 treasuryDelta=2000000 no collision no double spend
ASSERT sponsored hash=0x05f811f1e163a4993947d1bf0faae925a0a5209f239197c7db8f6c7c4264905a replayed=false
ASSERT sponsored hash=0x2ebf38b59151cc43dfa662bed2aeb6affd99682f499dcdaaceb7b4b9bf610270 replayed=false
ASSERT sponsored hash=0x2ebf38b59151cc43dfa662bed2aeb6affd99682f499dcdaaceb7b4b9bf610270 replayed=true
ASSERT duplicate intent single hash=0x2ebf38b59151cc43dfa662bed2aeb6affd99682f499dcdaaceb7b4b9bf610270 treasuryDelta=1000000
[index] resume 64 scanned=0
ASSERT restart persisted decoded rows and cursor resumed without historical scan
ASSERT sponsored hash=none replayed=false
ASSERT killed owner recovered pid+age signed hash=0xa12788add538d0cee42ea9c7abc466ff429c07e7ea0fa44cadfca9f42c768a8d nonce=35 one mined transaction lock released
=== RELAY HARDENING: PASS ===

== step 20: phase 4 ledger HTTP: open-budget NAV, actual unsettled deposit refusals, and settlement recovery
   ledger HTTP tx transfer: 0x70acb8b90637ffe2f300114b85928a23471f4d84f075d7f085d32e1425bae4dd block=69
   ledger HTTP tx submitVote: 0xa2de5f2ad11983ac00470054aad63dbac5cb51b53c99d32ab4e205c6fa407064 block=73

=== RELAY E2E: FAIL ===

ContractFunctionExecutionError: The contract function "processProposal" reverted with the following reason:
prev!processed

Contract Call:
  address:   0x0DFEdA4A7612b6c386BBbeC50fe922dFd02D7bDF
  function:  processProposal(uint32 id, bytes proposalData)
  args:                     (4, 0x8d80ff0a000000000000000000000000000000000000000000000000000000000000002000000000000000000000000000000000000000000000000000000000000000f200f41D32f4ec0324b8E4a8B772ae9000773b8A177200000000000000000000000000000000000000000000000000000000000000000000000000000000000000000000000000000000000000000000000000000044a9059cbb00000000000000000000000043cf6bd6be260c848dd07ba59f0500151a85407900000000000000000000000000000000000000000000000000000000009896800043cF6bD6be260C848Dd07BA59F0500151a85407900000000000000000000000000000000000000000000000000000000000000000000000000000000000000000000000000000000000000000000000000000004be9a65550000000000000000000000000000)
  sender:    0x481acD8917D0029fc4a2048379765641B60e242c

Docs: https://viem.sh/docs/contract/simulateContract
Details: execution reverted: prev!processed
Version: viem@2.56.3
    at getContractError (/Users/michaelmacmini/srv/zero-one-phase4/node_modules/viem/utils/errors/getContractError.ts:82:10)
    at simulateContract (/Users/michaelmacmini/srv/zero-one-phase4/node_modules/viem/actions/public/simulateContract.ts:316:11)
    ... 4 lines matching cause stack trace ...
    at async main (/Users/michaelmacmini/srv/zero-one-phase4/relay/e2e-local.ts:384:5) {
  cause: ContractFunctionRevertedError: The contract function "processProposal" reverted with the following reason:
  prev!processed
  
  Details: execution reverted: prev!processed
  Version: viem@2.56.3
      at <anonymous> (/Users/michaelmacmini/srv/zero-one-phase4/node_modules/viem/utils/errors/getContractError.ts:68:14)
      at getContractError (/Users/michaelmacmini/srv/zero-one-phase4/node_modules/viem/utils/errors/getContractError.ts:80:5)
      at simulateContract (/Users/michaelmacmini/srv/zero-one-phase4/node_modules/viem/actions/public/simulateContract.ts:316:11)
      at process.processTicksAndRejections (node:internal/process/task_queues:104:5)
      at async send (/Users/michaelmacmini/srv/zero-one-phase4/relay/e2e-ledger.ts:17:24)
      ... 2 lines matching cause stack trace ...
      at async main (/Users/michaelmacmini/srv/zero-one-phase4/relay/e2e-local.ts:384:5) {
    details: 'execution reverted: prev!processed',
    docsPath: undefined,
    metaMessages: undefined,
    shortMessage: 'The contract function "processProposal" reverted with the following reason:\n' +
      'prev!processed',
    version: '2.56.3',
    data: { abiItem: [Object], args: [Array], errorName: 'Error' },
    raw: '0x08c379a00000000000000000000000000000000000000000000000000000000000000020000000000000000000000000000000000000000000000000000000000000000e707265762170726f636573736564000000000000000000000000000000000000',
    reason: 'prev!processed',
    signature: undefined,
    [cause]: CallExecutionError: Execution reverted with reason: prev!processed.
    
    Raw Call Arguments:
      from:  0x481acD8917D0029fc4a2048379765641B60e242c
      to:    0x0DFEdA4A7612b6c386BBbeC50fe922dFd02D7bDF
      data:  0x706a6e930000000000000000000000000000000000000000000000000000000000000004000000000000000000000000000000000000000000000000000000000000004000000000000000000000000000000000000000000000000000000000000001448d80ff0a000000000000000000000000000000000000000000000000000000000000002000000000000000000000000000000000000000000000000000000000000000f200f41D32f4ec0324b8E4a8B772ae9000773b8A177200000000000000000000000000000000000000000000000000000000000000000000000000000000000000000000000000000000000000000000000000000044a9059cbb00000000000000000000000043cf6bd6be260c848dd07ba59f0500151a85407900000000000000000000000000000000000000000000000000000000009896800043cF6bD6be260C848Dd07BA59F0500151a85407900000000000000000000000000000000000000000000000000000000000000000000000000000000000000000000000000000000000000000000000000000004be9a6555000000000000000000000000000000000000000000000000000000000000000000000000000000000000
    
    Details: execution reverted: prev!processed
    Version: viem@2.56.3
        at getCallError (/Users/michaelmacmini/srv/zero-one-phase4/node_modules/viem/utils/errors/getCallError.ts:42:10)
        at call (/Users/michaelmacmini/srv/zero-one-phase4/node_modules/viem/_esm/actions/public/call.js:175:15)
        ... 5 lines matching cause stack trace ...
        at async main (/Users/michaelmacmini/srv/zero-one-phase4/relay/e2e-local.ts:384:5) {
      cause: [ExecutionRevertedError],
      details: 'execution reverted: prev!processed',
      docsPath: undefined,
      metaMessages: [Array],
      shortMessage: 'Execution reverted with reason: prev!processed.',
      version: '2.56.3'
    }
  },
  details: 'execution reverted: prev!processed',
  docsPath: '/docs/contract/simulateContract',
  metaMessages: [
    'Contract Call:',
    '  address:   0x0DFEdA4A7612b6c386BBbeC50fe922dFd02D7bDF\n' +
      '  function:  processProposal(uint32 id, bytes proposalData)\n' +
      '  args:                     (4, 0x8d80ff0a000000000000000000000000000000000000000000000000000000000000002000000000000000000000000000000000000000000000000000000000000000f200f41D32f4ec0324b8E4a8B772ae9000773b8A177200000000000000000000000000000000000000000000000000000000000000000000000000000000000000000000000000000000000000000000000000000044a9059cbb00000000000000000000000043cf6bd6be260c848dd07ba59f0500151a85407900000000000000000000000000000000000000000000000000000000009896800043cF6bD6be260C848Dd07BA59F0500151a85407900000000000000000000000000000000000000000000000000000000000000000000000000000000000000000000000000000000000000000000000000000004be9a65550000000000000000000000000000)\n' +
      '  sender:    0x481acD8917D0029fc4a2048379765641B60e242c'
  ],
  shortMessage: 'The contract function "processProposal" reverted with the following reason:\n' +
    'prev!processed',
  version: '2.56.3',
  abi: [
    { inputs: [], stateMutability: 'nonpayable', type: 'constructor' },
    { inputs: [Array], name: 'NotIERC165Compliant', type: 'error' },
    {
      anonymous: false,
      inputs: [Array],
      name: 'Approval',
      type: 'event'
    },
    {
      anonymous: false,
      inputs: [Array],
      name: 'AvatarSet',
      type: 'event'
    },
    {
      anonymous: false,
      inputs: [Array],
      name: 'CancelProposal',
      type: 'event'
    },
    {
      anonymous: false,
      inputs: [Array],
      name: 'ChangedGuard',
      type: 'event'
    },
    {
      anonymous: false,
      inputs: [Array],
      name: 'GovernanceConfigSet',
      type: 'event'
    },
    {
      anonymous: false,
      inputs: [Array],
      name: 'Initialized',
      type: 'event'
    },
    {
      anonymous: false,
      inputs: [Array],
      name: 'LockAdmin',
      type: 'event'
    },
    {
      anonymous: false,
      inputs: [Array],
      name: 'LockGovernor',
      type: 'event'
    },
    {
      anonymous: false,
      inputs: [Array],
      name: 'LockManager',
      type: 'event'
    },
    {
      anonymous: false,
      inputs: [Array],
      name: 'LootPaused',
      type: 'event'
    },
    {
      anonymous: false,
      inputs: [Array],
      name: 'OwnershipTransferred',
      type: 'event'
    },
    {
      anonymous: false,
      inputs: [Array],
      name: 'ProcessProposal',
      type: 'event'
    },
    {
      anonymous: false,
      inputs: [Array],
      name: 'Ragequit',
      type: 'event'
    },
    {
      anonymous: false,
      inputs: [Array],
      name: 'SetTrustedForwarder',
      type: 'event'
    },
    {
      anonymous: false,
      inputs: [Array],
      name: 'SetupComplete',
      type: 'event'
    },
    {
      anonymous: false,
      inputs: [Array],
      name: 'ShamanSet',
      type: 'event'
    },
    {
      anonymous: false,
      inputs: [Array],
      name: 'SharesPaused',
      type: 'event'
    },
    {
      anonymous: false,
      inputs: [Array],
      name: 'SponsorProposal',
      type: 'event'
    },
    {
      anonymous: false,
      inputs: [Array],
      name: 'SubmitProposal',
      type: 'event'
    },
    {
      anonymous: false,
      inputs: [Array],
      name: 'SubmitVote',
      type: 'event'
    },
    {
      anonymous: false,
      inputs: [Array],
      name: 'TargetSet',
      type: 'event'
    },
    {
      inputs: [],
      name: 'adminLock',
      outputs: [Array],
      stateMutability: 'view',
      type: 'function'
    },
    {
      inputs: [],
      name: 'avatar',
      outputs: [Array],
      stateMutability: 'view',
      type: 'function'
    },
    {
      inputs: [Array],
      name: 'burnLoot',
      outputs: [],
      stateMutability: 'nonpayable',
      type: 'function'
    },
    {
      inputs: [Array],
      name: 'burnShares',
      outputs: [],
      stateMutability: 'nonpayable',
      type: 'function'
    },
    {
      inputs: [Array],
      name: 'cancelProposal',
      outputs: [],
      stateMutability: 'nonpayable',
      type: 'function'
    },
    {
      inputs: [Array],
      name: 'encodeMultisend',
      outputs: [Array],
      stateMutability: 'pure',
      type: 'function'
    },
    {
      inputs: [Array],
      name: 'executeAsBaal',
      outputs: [],
      stateMutability: 'nonpayable',
      type: 'function'
    },
    {
      inputs: [],
      name: 'getGuard',
      outputs: [Array],
      stateMutability: 'view',
      type: 'function'
    },
    {
      inputs: [Array],
      name: 'getProposalStatus',
      outputs: [Array],
      stateMutability: 'view',
      type: 'function'
    },
    {
      inputs: [],
      name: 'governorLock',
      outputs: [Array],
      stateMutability: 'view',
      type: 'function'
    },
    {
      inputs: [],
      name: 'gracePeriod',
      outputs: [Array],
      stateMutability: 'view',
      type: 'function'
    },
    {
      inputs: [],
      name: 'guard',
      outputs: [Array],
      stateMutability: 'view',
      type: 'function'
    },
    {
      inputs: [Array],
      name: 'hashOperation',
      outputs: [Array],
      stateMutability: 'pure',
      type: 'function'
    },
    {
      inputs: [Array],
      name: 'isAdmin',
      outputs: [Array],
      stateMutability: 'view',
      type: 'function'
    },
    {
      inputs: [Array],
      name: 'isGovernor',
      outputs: [Array],
      stateMutability: 'view',
      type: 'function'
    },
    {
      inputs: [Array],
      name: 'isManager',
      outputs: [Array],
      stateMutability: 'view',
      type: 'function'
    },
    {
      inputs: [Array],
      name: 'isTrustedForwarder',
      outputs: [Array],
      stateMutability: 'view',
      type: 'function'
    },
    {
      inputs: [],
      name: 'latestSponsoredProposalId',
      outputs: [Array],
      stateMutability: 'view',
      type: 'function'
    },
    {
      inputs: [],
      name: 'lockAdmin',
      outputs: [],
      stateMutability: 'nonpayable',
      type: 'function'
    },
    {
      inputs: [],
      name: 'lockGovernor',
      outputs: [],
      stateMutability: 'nonpayable',
      type: 'function'
    },
    {
      inputs: [],
      name: 'lockManager',
      outputs: [],
      stateMutability: 'nonpayable',
      type: 'function'
    },
    {
      inputs: [],
      name: 'lootToken',
      outputs: [Array],
      stateMutability: 'view',
      type: 'function'
    },
    {
      inputs: [],
      name: 'managerLock',
      outputs: [Array],
      stateMutability: 'view',
      type: 'function'
    },
    {
      inputs: [Array],
      name: 'memberVoted',
      outputs: [Array],
      stateMutability: 'view',
      type: 'function'
    },
    {
      inputs: [],
      name: 'minRetentionPercent',
      outputs: [Array],
      stateMutability: 'view',
      type: 'function'
    },
    {
      inputs: [Array],
      name: 'mintLoot',
      outputs: [],
      stateMutability: 'nonpayable',
      type: 'function'
    },
    {
      inputs: [Array],
      name: 'mintShares',
      outputs: [],
      stateMutability: 'nonpayable',
      type: 'function'
    },
    {
      inputs: [],
      name: 'multisendLibrary',
      outputs: [Array],
      stateMutability: 'view',
      type: 'function'
    },
    {
      inputs: [],
      name: 'owner',
      outputs: [Array],
      stateMutability: 'view',
      type: 'function'
    },
    {
      inputs: [Array],
      name: 'processProposal',
      outputs: [],
      stateMutability: 'nonpayable',
      type: 'function'
    },
    {
      inputs: [],
      name: 'proposalCount',
      outputs: [Array],
      stateMutability: 'view',
      type: 'function'
    },
    {
      inputs: [],
      name: 'proposalOffering',
      outputs: [Array],
      stateMutability: 'view',
      type: 'function'
    },
    {
      inputs: [Array],
      name: 'proposals',
      outputs: [Array],
      stateMutability: 'view',
      type: 'function'
    },
    {
      inputs: [],
      name: 'quorumPercent',
      outputs: [Array],
      stateMutability: 'view',
      type: 'function'
    },
    {
      inputs: [Array],
      name: 'ragequit',
      outputs: [],
      stateMutability: 'nonpayable',
      type: 'function'
    },
    {
      inputs: [],
      name: 'renounceOwnership',
      outputs: [],
      stateMutability: 'nonpayable',
      type: 'function'
    },
    {
      inputs: [Array],
      name: 'setAdminConfig',
      outputs: [],
      stateMutability: 'nonpayable',
      type: 'function'
    },
    {
      inputs: [Array],
      name: 'setAvatar',
      outputs: [],
      stateMutability: 'nonpayable',
      type: 'function'
    },
    {
      inputs: [Array],
      name: 'setGovernanceConfig',
      outputs: [],
      stateMutability: 'nonpayable',
      type: 'function'
    },
    {
      inputs: [Array],
      name: 'setGuard',
      outputs: [],
      stateMutability: 'nonpayable',
      type: 'function'
    },
    {
      inputs: [Array],
      name: 'setShamans',
      outputs: [],
      stateMutability: 'nonpayable',
      type: 'function'
    },
    {
      inputs: [Array],
      name: 'setTarget',
      outputs: [],
      stateMutability: 'nonpayable',
      type: 'function'
    },
    {
      inputs: [Array],
      name: 'setTrustedForwarder',
      outputs: [],
      stateMutability: 'nonpayable',
      type: 'function'
    },
    {
      inputs: [Array],
      name: 'setUp',
      outputs: [],
      stateMutability: 'nonpayable',
      type: 'function'
    },
    {
      inputs: [Array],
      name: 'shamans',
      outputs: [Array],
      stateMutability: 'view',
      type: 'function'
    },
    {
      inputs: [],
      name: 'sharesToken',
      outputs: [Array],
      stateMutability: 'view',
      type: 'function'
    },
    {
      inputs: [Array],
      name: 'sponsorProposal',
      outputs: [],
      stateMutability: 'nonpayable',
      type: 'function'
    },
    {
      inputs: [],
      name: 'sponsorThreshold',
      outputs: [Array],
      stateMutability: 'view',
      type: 'function'
    },
    {
      inputs: [Array],
      name: 'state',
      outputs: [Array],
      stateMutability: 'view',
      type: 'function'
    },
    {
      inputs: [Array],
      name: 'submitProposal',
      outputs: [Array],
      stateMutability: 'payable',
      type: 'function'
    },
    {
      inputs: [Array],
      name: 'submitVote',
      outputs: [],
      stateMutability: 'nonpayable',
      type: 'function'
    },
    {
      inputs: [Array],
      name: 'submitVoteWithSig',
      outputs: [],
      stateMutability: 'nonpayable',
      type: 'function'
    },
    {
      inputs: [],
      name: 'target',
      outputs: [Array],
      stateMutability: 'view',
      type: 'function'
    },
    {
      inputs: [],
      name: 'totalLoot',
      outputs: [Array],
      stateMutability: 'view',
      type: 'function'
    },
    {
      inputs: [],
      name: 'totalShares',
      outputs: [Array],
      stateMutability: 'view',
      type: 'function'
    },
    {
      inputs: [],
      name: 'totalSupply',
      outputs: [Array],
      stateMutability: 'view',
      type: 'function'
    },
    {
      inputs: [Array],
      name: 'transferOwnership',
      outputs: [],
      stateMutability: 'nonpayable',
      type: 'function'
    },
    {
      inputs: [],
      name: 'trustedForwarder',
      outputs: [Array],
      stateMutability: 'view',
      type: 'function'
    },
    {
      inputs: [],
      name: 'versionRecipient',
      outputs: [Array],
      stateMutability: 'view',
      type: 'function'
    },
    {
      inputs: [Array],
      name: 'votingNonces',
      outputs: [Array],
      stateMutability: 'view',
      type: 'function'
    },
    {
      inputs: [],
      name: 'votingPeriod',
      outputs: [Array],
      stateMutability: 'view',
      type: 'function'
    }
  ],
  args: [
    4,
    '0x8d80ff0a000000000000000000000000000000000000000000000000000000000000002000000000000000000000000000000000000000000000000000000000000000f200f41D32f4ec0324b8E4a8B772ae9000773b8A177200000000000000000000000000000000000000000000000000000000000000000000000000000000000000000000000000000000000000000000000000000044a9059cbb00000000000000000000000043cf6bd6be260c848dd07ba59f0500151a85407900000000000000000000000000000000000000000000000000000000009896800043cF6bD6be260C848Dd07BA59F0500151a85407900000000000000000000000000000000000000000000000000000000000000000000000000000000000000000000000000000000000000000000000000000004be9a65550000000000000000000000000000'
  ],
  contractAddress: '0x0DFEdA4A7612b6c386BBbeC50fe922dFd02D7bDF',
  formattedArgs: undefined,
  functionName: 'processProposal',
  sender: '0x481acD8917D0029fc4a2048379765641B60e242c'
}
