anvil http://127.0.0.1:11545 chainId 31401
deployed: safe 0x082e5301B08C8e44a4Ff6792A3ca515a0Cf09FC6 baal 0xd0006Fe367e6566D2F7D783E0Dc8e17aef79B46D shares 0x55Da1C8347fC01CC8Fa35b8A38682c29963C4aA1 settlement 0x264572B3f1C1F3f4cD499c64C4f95f8fb6139b17
          depositShaman 0xcd69D6A491F411A8AaBb51da61b9b95B2B1DA9DD workManager 0xFdEc1aB0Dee0af1bF43fC1F46e96F7F7c9d70d94 constitution 0x1218aD4062BF8bbd1C07D76c2b4E3257C9a24899
          templateFactory 0x4B42D900b8a57f03Eb88aDf1d4acE2F95b58990D deployers 0xB9966249b2b293675CD89e03bAD6095BDb1d4E51 0x5ccB24882dc998c32894Fe6ddC7cfafcC687804f 0x508225da3Bb687445f416CAa39A460EbdDc5B008 0x9d4eC541E963d0C6d422039832a1D69dF2BC0446 intentAccount 0x133f24b1c3D29df4fA5D09c47d3cC7271A391C91
   F = 0xCFE1d70f6B87811132A2632A00b8e286E0c541B8  founder (deployer; ordinary member via the 50 USDC genesis deposit)
   A = 0x42859A6F962892ac4f8fda82C4778d9bF79322e8  member agent A
   B = 0xA5694387a0039F98810d537880080dC560Bdb039  member agent B
   C = 0x45446715e35cc04A4A09B930e4E2C96b03573005  member agent C
   D = 0x22Ed02336CA5e32Da2e3Bf6c1Ea574DB84313B64  depositor D (joins later)
   O = 0xEB273546BE0BD5d26460035aD4696ceAC6Db2fB5  operator O (mandate recipient)
   W = 0xCc0Ba4d6C19a837582775dCAE0D38125B902b32b  worker W (task deliverer)
   shaman 0xcd69D6A491F411A8AaBb51da61b9b95B2B1DA9DD permission 2 (DepositShaman)
   shaman 0xFdEc1aB0Dee0af1bF43fC1F46e96F7F7c9d70d94 permission 2 (WorkManager)
   ok: every shaman ever set is either revoked (0) or a plain manager (2): no admin, no governor
   ok: the only manager (mint) shamans are DepositShaman and WorkManager
   ok: Baal.avatar is the Safe: the only non-shaman minter is a passed proposal executed by the Safe
   ok: the founder holds no shaman permission
   ok: adminLock is on
   ok: the founder cannot call Baal.mintShares directly (reverted with !baal & !manager)
   constitution textHash 0xebc7c39cf14fdc0ac2c028cdba5960ecc4560a314e613b93b4585b62826f2d9a url docs/CONSTITUTION.md
   ok: Constitution.textHash == keccak256(docs/CONSTITUTION.md exact bytes)
   ok: Constitution has no state-changing function (immutable, no amendment path)
   ok: TemplateFactory is bound to this Safe, settlement and Baal
   ok: factory template 0 -> Payment deployer 0xB9966249b2b293675CD89e03bAD6095BDb1d4E51
   ok: Payment deployer is bound to the same Safe and settlement
   ok: factory template 1 -> Strategy deployer 0x5ccB24882dc998c32894Fe6ddC7cfafcC687804f
   ok: Strategy deployer is bound to the same Safe and settlement
   ok: factory template 2 -> Project deployer 0x508225da3Bb687445f416CAa39A460EbdDc5B008
   ok: Project deployer is bound to the same Safe and settlement
   ok: factory template 3 -> Config deployer 0x9d4eC541E963d0C6d422039832a1D69dF2BC0446
   ok: Config deployer is bound to the same Safe and settlement
   ok: ZeroOneIntentAccount.factory is this TemplateFactory (op 0 deploys and submits through it)

== step 1: seed: fund actors with USDC-mock
   tx fund A with 10000 USDC: 0xfbb95db3576ed97858333c7e15e7e7de6777159d734d2f62490a8a150a2bfe5f (block 22, gas 51250)
   tx fund B with 10000 USDC: 0x014de3e07be199f8e37901d9e0bf763eadb7e32bb75c4823e53e399bc318fceb (block 23, gas 51250)
   tx fund C with 10000 USDC: 0x00396579295d029693f8712455fd2e9bf1464488d494f218c93039524482c9c8 (block 24, gas 51250)
   tx fund D with 10000 USDC: 0xc420ea41809e790f86d051f5e58379420a3504a6dc6423f56b7dc37fc724a9df (block 25, gas 51250)
   tx fund O with 10000 USDC: 0x6a1e1f0c2efafd41db333c88caa78708b8150fcfccb32d3ede560469fabb3e1c (block 26, gas 51250)
   tx fund W with 10000 USDC: 0xb216542e13bd751d7bb0055ce14ab7d218e80d49c4e0873bdbc718189098c7a5 (block 27, gas 51250)

== step 2: seed: genesis deposit 50 USDC by the founder -> 50e18 shares = 100% of supply
   tx F approve deposit shaman: 0xea48dd18bdf4c70b1d19c5ce5b80f8de653f461bcb2bca5d775cc5abe68ffc53 (block 28, gas 45901)
   tx F deposit 50 USDC -> 50 shares (quoted 50): 0xddf2c47ec99e1ad53c711e736c62d45deaff566dc88bb0e2abb9bdab3ebf7281 (block 29, gas 303575)
   ok: genesis: 50 USDC (50e6) -> exactly 50e18 shares (1 USDC -> 1e18 shares while the treasury is empty)
   ok: the founder holds 100% of supply after genesis; nothing else was minted

== step 3: seed: A, B, C deposit 1000 USDC each at NAV (1 USDC per share)
   tx A approve deposit shaman: 0x3bb62ff8b5371ac72c783a3c088234d51f40580ba0d0a88a861107ccad9c2c48 (block 30, gas 45889)
   tx A deposit 1000 USDC -> 1000 shares (quoted 1000): 0x5ee267021c984f6fd46a7dfe435e4066a34ee9d82059f4df84295b174eae3324 (block 31, gas 235253)
   tx B approve deposit shaman: 0x1c2f5e7609b8486dc54b8fd3f5bdae80647a54eab216124fd7e2e852967ab27a (block 32, gas 45889)
   tx B deposit 1000 USDC -> 1000 shares (quoted 1000): 0x00f2bc694215efdc488515defcac65665ebeea61f33e09a94f42b6c72b594d07 (block 33, gas 235253)
   tx C approve deposit shaman: 0x5e857783b7374ede859629acccca6f7df26e61369005beffc9d1c76b2fb7dcd1 (block 34, gas 45889)
   tx C deposit 1000 USDC -> 1000 shares (quoted 1000): 0xd79979455ad1652a17f7c4e3c42bad55aa99b75eb48cf04b6eceb77201aa3c41 (block 35, gas 235253)
   [seeded] treasury(Safe) USDC = 3050  totalShares = 3050
   [seeded] F: USDC = 99939950  shares = 50
   [seeded] A: USDC = 9000  shares = 1000
   [seeded] B: USDC = 9000  shares = 1000
   [seeded] C: USDC = 9000  shares = 1000

== step 4: T-7: Project P1: tranche 0 = 300 USDC by date (due day 2), tranche 1 = 200 USDC by verifiers B, C; deadline day 3; voted and started
   A deployed ProjectProposal @ 0xa342e89aef9bc2a976B9f11480F948fECD162964 via TemplateFactory (tx 0x4e0e3cf99758fe61df3a448dc0562fbe6f56a8dde17957cbf226efd9e26f1c00, salt 0x0000000000000000000000000000000000000000000000000000000000000002) paramsHash 0xcaa77a3f178f1cb2f5721a1d49f3395da808412fadc0789e84847bdbf5af979e codeHash 0xb721ff43fd35c4fefd2770261c523c4601edce569ecc5caeea3015cb00e3f79e
   factory.proposalData == builder multicall (asserted byte-identical in submitTemplateProposal)
   tx A submitProposal #1 "A: P1 two tranches, 3 d deadline {"template":"Project","contract":"ProjectPropos...": 0x3cfb6656aaac91dbc21f2c2f73345eeaaf83bb898dffa596b73e0fe369304ecc (block 37, gas 285456)
   details: A: P1 two tranches, 3 d deadline {"template":"Project","contract":"ProjectProposal","compiler":"0.8.36+commit.8a079791.Emscripten.clang","instance":"0xa342e89aef9bc2a976B9f11480F948fECD162964","operator":"0x42859A6F962892ac4f8fda82C4778d9bF79322e8","budget":"500000000","deadline":"1789390901","params":{"tranches":[{"amount":"300000000","releaseType":"date","releaseAt":"1789304501","verifiers":[],"threshold":0},{"amount":"200000000","releaseType":"verifiers","releaseAt":"0","verifiers":["0xA5694387a0039F98810d537880080dC560Bdb039","0x45446715e35cc04A4A09B930e4E2C96b03573005"],"threshold":2}],"deadline":"1789390901"},"paramsHash":"0xcaa77a3f178f1cb2f5721a1d49f3395da808412fadc0789e84847bdbf5af979e","codeHash":"0xb721ff43fd35c4fefd2770261c523c4601edce569ecc5caeea3015cb00e3f79e","salt":"0x0000000000000000000000000000000000000000000000000000000000000002"}
   warp +1s (let votingStarts become past) -> block 38 timestamp 1789131702
   proposal #1 state = Voting
   tx A votes YES on #1 -> yes 1000 / no 0: 0x5afade71e00734a6401a9a230ccc4f418f6efc12ee59833232ee62220c90ccb3 (block 39, gas 117227)
   tx B votes YES on #1 -> yes 2000 / no 0: 0x6f4104edbb153d088db58f5f05560b8f800c88f5ba4a0a047415c5786d388bcd (block 40, gas 100127)
   warp +43200s (past grace of #1) -> block 41 timestamp 1789174902
   proposal #1 state = Ready
   tx D processProposal #1 -> passed=true actionFailed=false state=Processed: 0x74d1d58014a6c64945dc0a046adabbe004acc9342d896821c894fc555ae5dc78 (block 42, gas 299059)
   ok: P1 funded (500) and Running

== step 5: T-7: nobody calls release(0) on day 2; the deadline passes; release(0) and confirm(1) revert DeadlinePassed, only end() applies
   warp +216000s (past the project deadline) -> block 43 timestamp 1789390902
   at deadline + 1: release(0) by the operator reverts; confirm(1) by a verifier reverts; end() by anyone succeeds
   holds [T-7]: after the deadline exactly one of {pay the operator, return to the Safe} is possible for a due tranche (end() only)
   ok: release(0) after the deadline reverts DeadlinePassed (reverted with DeadlinePassed)
   ok: confirm(1) after the deadline reverts DeadlinePassed (reverted with DeadlinePassed)
   tx W end(): 0x4468d78eac62bcb6f87a9191761a03328b3d30d15b88f9795ea06acfe23ed2a2 (block 44, gas 62267)
   [P1] Project @ 0xa342e89aef9bc2a976B9f11480F948fECD162964: status Complete budget 500 deadline 1789390901 operator 0x42859A6F962892ac4f8fda82C4778d9bF79322e8 params 0xcaa77a3f178f1cb2f5721a1d49f3395da808412fadc0789e84847bdbf5af979e held 0 USDC
   end(): 500 USDC (both unreleased tranches) back to the Safe; operator A received 0 USDC after the deadline; Complete
   holds [T-7]: no tranche is paid after the project deadline (paid 0 USDC; 500 USDC returned)

== step 6: T-7: a Project whose deadline has already come cannot start (the funding multicall fails atomically, nothing moves)
   A deployed ProjectProposal @ 0xC72d56e062B030e571C5d319D099535445e951Fa via TemplateFactory (tx 0xa420c285ffc579ef3dda5ddafb5d98759fbfa7f2df18383185984e2110cee4f0, salt 0x0000000000000000000000000000000000000000000000000000000000000005) paramsHash 0x3b8af1d914fd55b4c73685d9aaa5332a1792b68412fa4cbfe982abff4205425a codeHash 0xb721ff43fd35c4fefd2770261c523c4601edce569ecc5caeea3015cb00e3f79e
   factory.proposalData == builder multicall (asserted byte-identical in submitTemplateProposal)
   tx A submitProposal #2 "A: P-late, deadline before its own grace ends {"template":"Project","contract":"...": 0x81e72a8946288acb00c1261a1dd31c1f2d51127feb60a7dff1d51597b40ba86c (block 46, gas 301226)
   details: A: P-late, deadline before its own grace ends {"template":"Project","contract":"ProjectProposal","compiler":"0.8.36+commit.8a079791.Emscripten.clang","instance":"0xC72d56e062B030e571C5d319D099535445e951Fa","operator":"0x42859A6F962892ac4f8fda82C4778d9bF79322e8","budget":"300000000","deadline":"1789563702","params":{"tranches":[{"amount":"300000000","releaseType":"date","releaseAt":"0","verifiers":[],"threshold":0}],"deadline":"1789563702"},"paramsHash":"0x3b8af1d914fd55b4c73685d9aaa5332a1792b68412fa4cbfe982abff4205425a","codeHash":"0xb721ff43fd35c4fefd2770261c523c4601edce569ecc5caeea3015cb00e3f79e","salt":"0x0000000000000000000000000000000000000000000000000000000000000005"}
   warp +1s (let votingStarts become past) -> block 47 timestamp 1789390903
   proposal #2 state = Voting
   tx A votes YES on #2 -> yes 1000 / no 0: 0xca7c9eff6fd8aa8dc576486348e70756cadcc1d2f09aefa8b515d8a72a349ea4 (block 48, gas 117227)
   tx B votes YES on #2 -> yes 2000 / no 0: 0x6e06c978fa30e4d6092d4d30a730346916216522a1b2f8e79965ea549c57e53d (block 49, gas 100127)
   warp +43200s (past grace of #2) -> block 50 timestamp 1789434103
   proposal #2 state = Ready
   warp +172800s (past the late project's deadline before processing) -> block 51 timestamp 1789606903
   tx D processProposal #2 -> passed=true actionFailed=true state=Processed: 0x7e4e770b8cb7ead14f21266260087d0a721b205fa9469ac7d4d8563d3b4fda48 (block 52, gas 281227)
   [P-late] Project @ 0xC72d56e062B030e571C5d319D099535445e951Fa: status Pending budget 300 deadline 1789563702 operator 0x42859A6F962892ac4f8fda82C4778d9bF79322e8 params 0x3b8af1d914fd55b4c73685d9aaa5332a1792b68412fa4cbfe982abff4205425a held 0 USDC
   holds [T-7]: a Project started after its deadline reverts DeadlinePassed inside start(): actionFailed, the Safe keeps the budget

== step 7: T-8: a Pending Project cannot be amended by the Safe (eth_call from the Safe): Overcommitted(scheduled, held = 0)
   Safe -> amend(Pending P2 @ 0xA20762aA4AC91D2Ed94601b4da927d28A05053bb) : Overcommitted
   holds [T-8]: Project amend while Pending reverts Overcommitted (a Pending instance holds 0): documented in TEMPLATES.md (Project amend: Running); observed Overcommitted

== step 8: T-9a: Config with gracePeriod 0: Baal keeps the old value, start() reverts NotApplied, the whole action fails; nothing applied
   baalGas: the action fails at every gas limit (meant to fail?); using the fallback 2000000
   A deployed ConfigProposal @ 0xe3c073cb6CB73C32A2DEc4f9E6AAcF466Ff8D4Fe via TemplateFactory (tx 0x97f9ee2f58a9d8c754d8b1b36dc71e7c974a9183c4f371f56a1b4cf25e0a133b, salt 0x0000000000000000000000000000000000000000000000000000000000000009) paramsHash 0x2df32bbb55251c99d4c61ace1c9bace4e69c94093a7600bcd244233723889124 codeHash 0x2c0ba2f9fda4a0e965aa2cef289f8163ec87b3c28039ebd23a165d0854000aa6
   factory.proposalData == builder multicall (asserted byte-identical in submitTemplateProposal)
   tx A submitProposal #3 "A: grace 0 {"template":"Config","contract":"ConfigProposal","compiler":"0.8.36+c...": 0xeaad3f42bb8e55e2ad89226d007fafb84b3f53f7604fd4941253e56b4ef5523a (block 55, gas 302817)
   details: A: grace 0 {"template":"Config","contract":"ConfigProposal","compiler":"0.8.36+commit.8a079791.Emscripten.clang","instance":"0xe3c073cb6CB73C32A2DEc4f9E6AAcF466Ff8D4Fe","operator":"0x42859A6F962892ac4f8fda82C4778d9bF79322e8","budget":"0","deadline":"0","params":{"votingPeriod":21600,"gracePeriod":0,"proposalOffering":"0","quorumPercent":"0","sponsorThreshold":"1000000000000000000","minRetentionPercent":"66"},"paramsHash":"0x2df32bbb55251c99d4c61ace1c9bace4e69c94093a7600bcd244233723889124","codeHash":"0x2c0ba2f9fda4a0e965aa2cef289f8163ec87b3c28039ebd23a165d0854000aa6","salt":"0x0000000000000000000000000000000000000000000000000000000000000009"}
   warp +1s (let votingStarts become past) -> block 56 timestamp 1789606904
   proposal #3 state = Voting
   tx A votes YES on #3 -> yes 1000 / no 0: 0x26a34613d1742f688ff5027721031f9184a1504c4bd8c3796c41b1fad6578b07 (block 57, gas 117227)
   tx B votes YES on #3 -> yes 2000 / no 0: 0xa1b29cc95887717096c929354a404d074620deeada9d5c6278f64f231a09c063 (block 58, gas 100127)
   warp +43200s (past grace of #3) -> block 59 timestamp 1789650104
   proposal #3 state = Ready
   tx D processProposal #3 -> passed=true actionFailed=true state=Processed: 0x18b44f9fb7ebcb0b244dc9d6b83ef184db41a4872bbb85fc44a07b412ce55bc5 (block 60, gas 276330)
   holds [T-9]: grace 0 -> actionFailed=true, gracePeriod still 21600 (documented; holds)

== step 9: T-9b: Config with quorumPercent 101 (Baal only checks minRetention <= 100): A and B vote YES; it applies
   A deployed ConfigProposal @ 0x08D2Ecb4c0e027F9a8E47b0871D0E62F366B33f7 via TemplateFactory (tx 0x13c68085b23009b2c0e901c8dc6eaaf70debc14104ca78f0aaa53dfb75cb49af, salt 0x000000000000000000000000000000000000000000000000000000000000000c) paramsHash 0xd655b080c5e9e04793fd6aa0c66d288e2f332cc93416e5000db8a1d547264fae codeHash 0x2c0ba2f9fda4a0e965aa2cef289f8163ec87b3c28039ebd23a165d0854000aa6
   factory.proposalData == builder multicall (asserted byte-identical in submitTemplateProposal)
   tx A submitProposal #4 "A: quorum 101% {"template":"Config","contract":"ConfigProposal","compiler":"0.8....": 0xeb92649731246ba92b4dbf5868938ea038f0d3979b7ed7e185b81846f1f59092 (block 62, gas 302973)
   details: A: quorum 101% {"template":"Config","contract":"ConfigProposal","compiler":"0.8.36+commit.8a079791.Emscripten.clang","instance":"0x08D2Ecb4c0e027F9a8E47b0871D0E62F366B33f7","operator":"0x42859A6F962892ac4f8fda82C4778d9bF79322e8","budget":"0","deadline":"0","params":{"votingPeriod":21600,"gracePeriod":21600,"proposalOffering":"0","quorumPercent":"101","sponsorThreshold":"1000000000000000000","minRetentionPercent":"66"},"paramsHash":"0xd655b080c5e9e04793fd6aa0c66d288e2f332cc93416e5000db8a1d547264fae","codeHash":"0x2c0ba2f9fda4a0e965aa2cef289f8163ec87b3c28039ebd23a165d0854000aa6","salt":"0x000000000000000000000000000000000000000000000000000000000000000c"}
   warp +1s (let votingStarts become past) -> block 63 timestamp 1789650105
   proposal #4 state = Voting
   tx A votes YES on #4 -> yes 1000 / no 0: 0xbca3f0384a348fee738364555440b42b8e9019129a67e53a5799910331bb6488 (block 64, gas 117227)
   tx B votes YES on #4 -> yes 2000 / no 0: 0x5db64438b0a540bb821c921a8b16e8638b0d953657bae0b58e90559b6b97db53 (block 65, gas 100127)
   warp +43200s (past grace of #4) -> block 66 timestamp 1789693305
   proposal #4 state = Ready
   tx D processProposal #4 -> passed=true actionFailed=false state=Processed: 0x51c001d6002a0c2cf9586c9131be5a6c54c2a1b8f6c883bd52d8a219cba0a94e (block 67, gas 256047)
   [C1] Config @ 0x08D2Ecb4c0e027F9a8E47b0871D0E62F366B33f7: status Complete budget 0 deadline 0 operator 0x42859A6F962892ac4f8fda82C4778d9bF79322e8 params 0xd655b080c5e9e04793fd6aa0c66d288e2f332cc93416e5000db8a1d547264fae held 0 USDC
   quorumPercent now 101; Config instance Complete
   holds [T-9]: Baal accepts a quorum above 100% (applied quorumPercent = 101): no on-chain cap by ruling; disclosed in PARAMETERS and flagged by the relay's /me

== step 10: T-9b: a Payment (10 USDC to O) with 100% of shares voting YES is processed as not passed; a repair Config (quorum 0) with 100% YES fails the same way
   A deployed PaymentProposal @ 0x78BA62871bA1EEAfD98CE30A7A396e08e65a34ca via TemplateFactory (tx 0xae0129156f2ef5202f6a8268b6fda3d2fd6a7134dfc1992b2adb4792bda91a54, salt 0x000000000000000000000000000000000000000000000000000000000000000f) paramsHash 0xcbd28a8aa61bc6673036e39201e0c74b105cad37b5c61af78e8e50cf95d6d5be codeHash 0xe138c3ad040c8c5aef915eba54c57c4bd27d1daf5da5e65f87c1f4e988d1b181
   factory.proposalData == builder multicall (asserted byte-identical in submitTemplateProposal)
   tx A submitProposal #5 "A: pay O 10 {"template":"Payment","contract":"PaymentProposal","compiler":"0.8.3...": 0xc601541ede9c58dbd8b6154ea08059677431bda0daf02b2f840f0684d0e9d126 (block 69, gas 298992)
   details: A: pay O 10 {"template":"Payment","contract":"PaymentProposal","compiler":"0.8.36+commit.8a079791.Emscripten.clang","instance":"0x78BA62871bA1EEAfD98CE30A7A396e08e65a34ca","operator":"0x42859A6F962892ac4f8fda82C4778d9bF79322e8","budget":"10000000","deadline":"0","params":{"recipients":["0xEB273546BE0BD5d26460035aD4696ceAC6Db2fB5"],"amounts":["10000000"]},"paramsHash":"0xcbd28a8aa61bc6673036e39201e0c74b105cad37b5c61af78e8e50cf95d6d5be","codeHash":"0xe138c3ad040c8c5aef915eba54c57c4bd27d1daf5da5e65f87c1f4e988d1b181","salt":"0x000000000000000000000000000000000000000000000000000000000000000f"}
   warp +1s (let votingStarts become past) -> block 70 timestamp 1789693306
   proposal #5 state = Voting
   tx A votes YES on #5 -> yes 1000 / no 0: 0x9811573fdb74b9ef663556645eeab602b12f7fd5bfe9337d7618821c33f73bd7 (block 71, gas 117227)
   tx B votes YES on #5 -> yes 2000 / no 0: 0x3013049ae0dbbc3c254fb6785e16cfaab6e1bfd94f3cd646515076c924a5caff (block 72, gas 100127)
   tx C votes YES on #5 -> yes 3000 / no 0: 0xae601f9dde60fd34643a3515662861878c4bdab64544f8812455ce154c8f5646 (block 73, gas 100127)
   tx F votes YES on #5 -> yes 3050 / no 0: 0x309f0c8f3ff6d1dc5cc561ba4b2fc21f37266f73daac2942f0e4402aa6d1d810 (block 74, gas 100127)
   warp +43200s (past grace of #5) -> block 75 timestamp 1789736506
   proposal #5 state = Ready
   tx D processProposal #5 -> passed=false actionFailed=false state=Processed: 0xee88c7475a238d438272c177bc821eb5bafe98efa72c7c1e1d840e4157224520 (block 76, gas 115358)
   payment: yes 3050 of 3050 shares (100%), passed=false, state Processed, O got 10000 USDC
   holds [T-9]: with quorum 101% a proposal approved by 100% of shares is processed as not passed (yes*100 < 101*supply for every vote): terminal for collective action, documented
   A deployed ConfigProposal @ 0xA622Cdaaf81f1f6d019a14f61fBEc45D7eF3Ccd3 via TemplateFactory (tx 0x767504df6c199c339512d19c596d4834eed9a41c035ad24990b5726c43e2f142, salt 0x0000000000000000000000000000000000000000000000000000000000000012) paramsHash 0xb9f9f1a54858fd63758e419fc36ed08822228936575879b1c60d6abd43c019ca codeHash 0x2c0ba2f9fda4a0e965aa2cef289f8163ec87b3c28039ebd23a165d0854000aa6
   factory.proposalData == builder multicall (asserted byte-identical in submitTemplateProposal)
   tx A submitProposal #6 "A: repair quorum -> 0 {"template":"Config","contract":"ConfigProposal","compiler...": 0x1f12c1fa5988771e0eb00131a6d9b38da4ea7ac2697b0c71c0fa16745201eb2d (block 78, gas 303021)
   details: A: repair quorum -> 0 {"template":"Config","contract":"ConfigProposal","compiler":"0.8.36+commit.8a079791.Emscripten.clang","instance":"0xA622Cdaaf81f1f6d019a14f61fBEc45D7eF3Ccd3","operator":"0x42859A6F962892ac4f8fda82C4778d9bF79322e8","budget":"0","deadline":"0","params":{"votingPeriod":21600,"gracePeriod":21600,"proposalOffering":"0","quorumPercent":"0","sponsorThreshold":"1000000000000000000","minRetentionPercent":"66"},"paramsHash":"0xb9f9f1a54858fd63758e419fc36ed08822228936575879b1c60d6abd43c019ca","codeHash":"0x2c0ba2f9fda4a0e965aa2cef289f8163ec87b3c28039ebd23a165d0854000aa6","salt":"0x0000000000000000000000000000000000000000000000000000000000000012"}
   warp +1s (let votingStarts become past) -> block 79 timestamp 1789736507
   proposal #6 state = Voting
   tx A votes YES on #6 -> yes 1000 / no 0: 0xc431edb70dac432222365082019fe4212b683f9c0c792c7db552bdea22287679 (block 80, gas 117227)
   tx B votes YES on #6 -> yes 2000 / no 0: 0x25f3cae27073c6f82b5ee590ff3896c92d5908ac6ad4ddbca3e108f868df8738 (block 81, gas 100127)
   tx C votes YES on #6 -> yes 3000 / no 0: 0x375f047453539f160e60b422e69514d44d6490269fe23ad222ff263902dcd8fa (block 82, gas 100127)
   tx F votes YES on #6 -> yes 3050 / no 0: 0x712280bc04a42165c873afb8d8abd0dc51af2245bf76a622fb0f3744723f153c (block 83, gas 100127)
   warp +43200s (past grace of #6) -> block 84 timestamp 1789779707
   proposal #6 state = Ready
   tx D processProposal #6 -> passed=false actionFailed=false state=Processed: 0x773c3ece2342dca72dd0af94aa64348d3d54ece73fbc6a681e7b303779cafe89 (block 85, gas 116166)
   holds [T-9]: a unanimous repair proposal cannot pass either (passed=false; quorumPercent still 101): the documented terminal shape; exit is the remedy

== step 11: T-9b: exit still works: C ragequits 1000 shares and is paid pro-rata (the constitution's remedy survives the terminal config)
   tx C ragequit 1000 shares -> paid 1000 USDC (pro-rata of 3050 at supply 3050): 0xe95d9ca5712e91e09fb72605a4f9db525e6ae442920181af016c3ba1926e8927 (block 86, gas 222148)
   holds [T-9]: C exited with 1000 USDC (expected pro-rata 1000): exit protects every member; only collective action is dead
   ok: C address present

=== AUDIT TEST project-config-edges: ALL INVARIANTS HOLD ===
anvil stopped (http://127.0.0.1:11545)
