anvil http://127.0.0.1:11545 chainId 31401
deployed: safe 0x50Af8e24E9964DeC7D5BE7e3A9eb3d470CBCfaf9 baal 0xd389942D19a890f7C0e989787389C50081DfD283 shares 0xF3102ae77195455a5D74D11e001872595F399476 settlement 0x46B22fdBAcBaC78680d8cF117745eAF1E9B5203c
          depositShaman 0x59fb315947F70289fd85313D1c87E7049D0f991F workManager 0x08F1dB2B49F87543f15EDf0bD470D93773767A04 constitution 0x9F8785A9CF1319Ae71619812DEfd2D975fE11535
          templateFactory 0x5eb83b6FF30D64452A02Ab43dF195eB355b033Bf deployers 0x29C737c225b0F9Aec8c55de628E854b119A7F507 0x095d055342958E53809BAFA293D0F43c49f21e41 0xb6Bc0AaBDa8CFec15BB00aEe320423c24Ad5340B 0xb59a98c91bDFF566f1772cd23e3A4F7977cB73f3 intentAccount 0x8a40DA10F0474280B6C2969ee78E39336e0C504c
   F = 0x8f3D663ABef46A1D32E789d176eF336da2F94D0E  founder (deployer; ordinary member via the 50 USDC genesis deposit)
   A = 0x210F1D70557E068c579dD509B97646293723c363  member agent A
   B = 0xf24fD603956798613606b5B4381ACF1aEb0fE01f  member agent B
   C = 0xE5241a4eC71D60DE4E248A9d8EaF8C14cB6Ae244  member agent C
   D = 0x45D6a6CeDF2578F8443DCeB6188B43F93cf6A958  depositor D (joins later)
   O = 0xcf3DD99cf6829ABB86A4FB1c4b6E3dAe7658B773  operator O (mandate recipient)
   W = 0xa5E9Ad2C535B61e14E2c6FD07eC285c23488EfcF  worker W (task deliverer)
   shaman 0x59fb315947F70289fd85313D1c87E7049D0f991F permission 2 (DepositShaman)
   shaman 0x08F1dB2B49F87543f15EDf0bD470D93773767A04 permission 2 (WorkManager)
   ok: every shaman ever set is either revoked (0) or a plain manager (2): no admin, no governor
   ok: the only manager (mint) shamans are DepositShaman and WorkManager
   ok: Baal.avatar is the Safe: the only non-shaman minter is a passed proposal executed by the Safe
   ok: the founder holds no shaman permission
   ok: adminLock is on
   ok: the founder cannot call Baal.mintShares directly (reverted with !baal & !manager)
   constitution textHash 0xebc7c39cf14fdc0ac2c028cdba5960ecc4560a314e613b93b4585b62826f2d9a url docs/CONSTITUTION.md
   ok: Constitution.textHash == keccak256(docs/CONSTITUTION.md exact bytes)
   ok: Constitution has no state-changing function (immutable, no amendment path)
   ok: TemplateFactory is bound to this Safe, settlement and Baal
   ok: factory template 0 -> Payment deployer 0x29C737c225b0F9Aec8c55de628E854b119A7F507
   ok: Payment deployer is bound to the same Safe and settlement
   ok: factory template 1 -> Strategy deployer 0x095d055342958E53809BAFA293D0F43c49f21e41
   ok: Strategy deployer is bound to the same Safe and settlement
   ok: factory template 2 -> Project deployer 0xb6Bc0AaBDa8CFec15BB00aEe320423c24Ad5340B
   ok: Project deployer is bound to the same Safe and settlement
   ok: factory template 3 -> Config deployer 0xb59a98c91bDFF566f1772cd23e3A4F7977cB73f3
   ok: Config deployer is bound to the same Safe and settlement
   ok: ZeroOneIntentAccount.factory is this TemplateFactory (op 0 deploys and submits through it)

== step 1: seed: fund actors with USDC-mock
   tx fund A with 10000 USDC: 0xf42ea00a5cf4924824c32e6138796c88f0752675cc04d4d6f949f8660ead7db5 (block 22, gas 51250)
   tx fund B with 10000 USDC: 0x239dfb7f62f894a1dd26ff48a60499ce666e5b0168b057197ef6fcb686cb5483 (block 23, gas 51250)
   tx fund C with 10000 USDC: 0x59051e01cee78d36f2bc54afe23b6b834caacd1f607b830970f3119dadbffbca (block 24, gas 51250)
   tx fund D with 10000 USDC: 0x5eb0f6bf43e0be62bc20cf5bf6ed6eb68eabaf8fc80b1c7e2190d821f5621f36 (block 25, gas 51250)
   tx fund O with 10000 USDC: 0x7a93e46257cb8e61880e76c44412fe9d1144562e7f411942d846e12c1a86e347 (block 26, gas 51250)
   tx fund W with 10000 USDC: 0x184c497b228a6d86ba20f2d720e6f8cf49495b8f19342e311712d0f3f4283467 (block 27, gas 51250)

== step 2: seed: genesis deposit 50 USDC by the founder -> 50e18 shares = 100% of supply
   tx F approve deposit shaman: 0xab453910c838c86e1de492dfc14ecd469ddf0fcef30ac25dd7d5cbd48f63477a (block 28, gas 45901)
   tx F deposit 50 USDC -> 50 shares (quoted 50): 0x70675b560437a5401cf844f1fe60d55841b8e548325c2eac7f68bca6906dbbc3 (block 29, gas 203247)
   ok: genesis: 50 USDC (50e6) -> exactly 50e18 shares (1 USDC -> 1e18 shares while the treasury is empty)
   ok: the founder holds 100% of supply after genesis; nothing else was minted

== step 3: seed: A, B, C deposit 1000 USDC each at NAV (1 USDC per share)
   tx A approve deposit shaman: 0x2f69d25e986da2b6cb730d3c655095b77b3631f82ebe8980f2037b809e92b619 (block 30, gas 45889)
   tx A deposit 1000 USDC -> 1000 shares (quoted 1000): 0xe2a2cb4f8ee15dc98a0d066ee8ee67be6744d2004e3808bcaa6cae8fae276528 (block 31, gas 169134)
   tx B approve deposit shaman: 0x4f49a1709132b7f321db7158705df88ab9ac776ad78fa7bfb23c816cc9432e87 (block 32, gas 45889)
   tx B deposit 1000 USDC -> 1000 shares (quoted 1000): 0x98767ea9a080863671cf71b0c8658c7483d40bc7c2e3fca532bde80cf1cbb41c (block 33, gas 169134)
   tx C approve deposit shaman: 0xaee3831e6c39ab0568f1e8372e0bd28616b3a5eb42ab256507d3a440a04f9244 (block 34, gas 45889)
   tx C deposit 1000 USDC -> 1000 shares (quoted 1000): 0x53b2fd27ba7022cfb2afb974f1d8d7f7e86240e479a6141bfdea0cc12cf36632 (block 35, gas 169134)
   [seeded] treasury(Safe) USDC = 3050  totalShares = 3050
   [seeded] F: USDC = 99939950  shares = 50
   [seeded] A: USDC = 9000  shares = 1000
   [seeded] B: USDC = 9000  shares = 1000
   [seeded] C: USDC = 9000  shares = 1000

== step 4: V = a contract holding exactly 1 share (deposited 1 USDC before the proposal exists)
   AuditMulticall helper @ 0xbdfb62e6fa6366beb8f12955024357776e7975ba (tx 0x935bd318d48b271f32ccbc7805a1a361e33d7ed3c4074ad875a3b3d07a8f9ecb, block 36)
   tx fund D with 5000 USDC: 0x804ada85d1b15fb4c223a5655463ec832308465972b0968bb32bbab189256b54 (block 37, gas 34150)
   tx V deposits 1 USDC [ONE tx, 2 inner calls]: 0x0668056a538633a107deddfec5d0965296813a0e8fdf11fb9d68042b500f2e50 (block 39, gas 181143)
   ok: V holds 1 share

== step 5: A proposes 'pay O 100 USDC'; A and B vote YES (2000 of 3051 shares)
   tx A submitProposal #1 "A: pay O 100 USDC": 0xd05be3508e2e498c3a66fea665fb6a425ea2a4190b07dbffbcf00a643278e4c1 (block 40, gas 204060)
   warp +1s (let votingStarts become past) -> block 41 timestamp 1788956213
   proposal #1 state = Voting
   tx A votes YES on #1 -> yes 1000 / no 0: 0x46730a06d2cebd92b20ca7588691ba219537550d48a84b888e323a6df1ff3b58 (block 42, gas 117855)
   tx B votes YES on #1 -> yes 2000 / no 0: 0xcb4ab0d51b56c19a60b1a900ceb42c404818ebbefb588de218ef9d6a494fd794 (block 43, gas 100755)

== step 6: V in ONE transaction: deposit 1600 USDC, vote NO (weight 1), ragequit the 1600 shares
   tx V deposit + vote NO + ragequit [ONE tx, 4 inner calls]: 0x639955b37bbd4ff2f7b68afd35f902829469154662b4c94bd3810ea4939c8a77 (block 44, gas 289904)
   tx 0x639955b37bbd4ff2f7b68afd35f902829469154662b4c94bd3810ea4939c8a77: yes 2000 no 1; high-water mark 4651 (66% = 3069.66), live supply 3051; V USDC 2999 -> 2999 (net 0), V shares 1
   ok: supply is below 66% of the high-water mark although no real member left

== step 7: grace passes; processProposal -> defeated by minRetention; O unpaid
   warp +43200s (past grace of #1) -> block 45 timestamp 1788999413
   proposal #1 state = Ready
   tx W processProposal #1 -> passed=false actionFailed=false state=Processed: 0x735f5f5687b014c1673618157f33b6cbc6a5894a82f10e515ad8c7c02cbfe4cb (block 46, gas 114430)
   passed=false actionFailed=false; O USDC 10000 -> 10000; A+B YES 2000 shares overruled by V's 1 share + 1600 USDC for one transaction
   ok: the proposal did not pass
   attacker cost: gas + rounding (0 USDC); repeatable against every proposal; requires 1 share held before the proposal's votingStarts

=== SCENARIO GOV-04 minRetention veto with same-tx deposit + vote + exit (finding demonstrated): PASS ===

anvil stopped (http://127.0.0.1:11545)
