anvil http://127.0.0.1:11545 chainId 31401
deployed: safe 0xbd9278D6209205644a3b7FD650C8535c9D0DE816 baal 0xb225e63f8F5fa879B9e5E629407F58F928c694c8 shares 0x151c7e9017D1a43762c53F63Cc9D88Eef35907D1 settlement 0xec652B67514dD9453e6cD21C6276C6e5130C3220
          depositShaman 0xb915315AF654D8ACF4A7D9fa7A21119c08bd697B workManager 0x634Ab6f3dC02ea3effE804289341De29fA37f7F9 constitution 0x62081A70eB32D7DAc521E3249d2ab113F70fcddF
          templateFactory 0x35a97B73e78672c96716F1dc12d60E48CDF2F243 deployers 0x43D979963f4972fbB4088703D199816CCdCe1044 0xD30174Fc3f8334A062ed89425749C9E36B6b5c95 0x013d61e25ff7AAA7B9774c50714A30429508bED9 0x89a19fE9e811f47b03d66c64C8280327ff44bbf7 intentAccount 0xF61Bb30b993d773388e20c77883495129d2018A7
   F = 0x3604Ef0BC5c09ac13Cfd59926BAD025ED7A9cA2D  founder (deployer; ordinary member via the 50 USDC genesis deposit)
   A = 0x7Fb4D7c9bfF288a45f764ccBe7e29cD9715AaB45  member agent A
   B = 0xbfd6ca276De93a3Ab8Aa5863F64f455a46b7448D  member agent B
   C = 0xCAb5Bec91e3E075909ff42BC446de427E98A98d9  member agent C
   D = 0x4Ff8F0090e6534E13271363D427Dde52ebEd962C  depositor D (joins later)
   O = 0x09C67A1625Bc192edE3E5e9aD0CFD308B4688bAF  operator O (mandate recipient)
   W = 0xA13d78a14Fe98AA3348544B123866Eb8Db5AC6Dd  worker W (task deliverer)
   shaman 0xb915315AF654D8ACF4A7D9fa7A21119c08bd697B permission 2 (DepositShaman)
   shaman 0x634Ab6f3dC02ea3effE804289341De29fA37f7F9 permission 2 (WorkManager)
   ok: every shaman ever set is either revoked (0) or a plain manager (2): no admin, no governor
   ok: the only manager (mint) shamans are DepositShaman and WorkManager
   ok: Baal.avatar is the Safe: the only non-shaman minter is a passed proposal executed by the Safe
   ok: the founder holds no shaman permission
   ok: adminLock is on
   ok: the founder cannot call Baal.mintShares directly (reverted with !baal & !manager)
   constitution textHash 0xebc7c39cf14fdc0ac2c028cdba5960ecc4560a314e613b93b4585b62826f2d9a url docs/CONSTITUTION.md
   ok: Constitution.textHash == keccak256(docs/CONSTITUTION.md exact bytes)
   ok: Constitution has no state-changing function (immutable, no amendment path)
   ok: TemplateFactory is bound to this Safe, settlement and Baal
   ok: factory template 0 -> Payment deployer 0x43D979963f4972fbB4088703D199816CCdCe1044
   ok: Payment deployer is bound to the same Safe and settlement
   ok: factory template 1 -> Strategy deployer 0xD30174Fc3f8334A062ed89425749C9E36B6b5c95
   ok: Strategy deployer is bound to the same Safe and settlement
   ok: factory template 2 -> Project deployer 0x013d61e25ff7AAA7B9774c50714A30429508bED9
   ok: Project deployer is bound to the same Safe and settlement
   ok: factory template 3 -> Config deployer 0x89a19fE9e811f47b03d66c64C8280327ff44bbf7
   ok: Config deployer is bound to the same Safe and settlement
   ok: ZeroOneIntentAccount.factory is this TemplateFactory (op 0 deploys and submits through it)

== step 1: seed: fund actors with USDC-mock
   tx fund A with 10000 USDC: 0xb78db92f00a0439536ba9ec2eb56172f1d5f1eb6ba66333414c2bbc75694b9b8 (block 22, gas 51250)
   tx fund B with 10000 USDC: 0xb58260ba40c1af33784f6fe21f1b108107566f80515858870f07d5db25c049c9 (block 23, gas 51250)
   tx fund C with 10000 USDC: 0xa0c2027ccf0205d7019f486c4d0f59fa11328f644916d33b8ef74961240b0a37 (block 24, gas 51250)
   tx fund D with 10000 USDC: 0x570ac25ffb5e543de1b895e417d6fc022f66d051e3e170b996bac47286c27386 (block 25, gas 51250)
   tx fund O with 10000 USDC: 0x6284c04d0d2051be3ecd0fdc591f9d13fd824074b093e47b5bf59cf93f93f6ba (block 26, gas 51250)
   tx fund W with 10000 USDC: 0x46c5b1f7e014bf2c66fbb4f12dd68591363ae642a6e9bcaae7dab2b3d1ed66ad (block 27, gas 51250)

== step 2: seed: genesis deposit 50 USDC by the founder -> 50e18 shares = 100% of supply
   tx F approve deposit shaman: 0xfdd83da2fa5b126a3e537a6b3b97ba89a27ccfca76347e17ec3a878f16a15295 (block 28, gas 45901)
   tx F deposit 50 USDC -> 50 shares (quoted 50): 0xa1a5c59cc5bf69870f988e1711b034238bdd61c0c567f8caed3b296d63152e89 (block 29, gas 203247)
   ok: genesis: 50 USDC (50e6) -> exactly 50e18 shares (1 USDC -> 1e18 shares while the treasury is empty)
   ok: the founder holds 100% of supply after genesis; nothing else was minted

== step 3: seed: A, B, C deposit 1000 USDC each at NAV (1 USDC per share)
   tx A approve deposit shaman: 0xc97e340f802b501c4ea03f46f570a9f360f8b9d9c638f6698c27c4bd2461f2ac (block 30, gas 45889)
   tx A deposit 1000 USDC -> 1000 shares (quoted 1000): 0xeb80c8aa5926a75adb03c229a8296337f08a10e6c3e47cb03d4a4d15b95119aa (block 31, gas 169134)
   tx B approve deposit shaman: 0x8ece735b2dd35e20fcd97b4094f381f6b3392e2b047a1a4b658e1dd1f596473d (block 32, gas 45889)
   tx B deposit 1000 USDC -> 1000 shares (quoted 1000): 0x82baa089a19615b80ebf96ed30e5e91e5aba6d73e66c09ea8ab3ebd6e3d60130 (block 33, gas 169134)
   tx C approve deposit shaman: 0xe00f854dfaada54ab232b4dc8fea214786fa5d24298a9c28d5d39677e3e51715 (block 34, gas 45889)
   tx C deposit 1000 USDC -> 1000 shares (quoted 1000): 0xdd17bc2f0ea0e043268ea100c3dafeeb43f007aabfa69768264fd614e7f2984b (block 35, gas 169134)
   [seeded] treasury(Safe) USDC = 3050  totalShares = 3050
   [seeded] F: USDC = 99939950  shares = 50
   [seeded] A: USDC = 9000  shares = 1000
   [seeded] B: USDC = 9000  shares = 1000
   [seeded] C: USDC = 9000  shares = 1000

== step 4: A proposes 'pay A 2000 USDC', votes YES; grace passes; the proposal is left Ready (expiration 0)
   tx A submitProposal #1 "A: pay A 2000 USDC": 0x6caaf09ce362797ea518a0e783a3ce5fc40f8315c65ca3c7acb500cbe1892f58 (block 36, gas 204072)
   warp +1s (let votingStarts become past) -> block 37 timestamp 1788956254
   proposal #1 state = Voting
   tx A votes YES on #1 -> yes 1000 / no 0: 0x32afbb4472f8b130b288bcfb006ed5c6f307584d28728471d5f07f58caa87ba1 (block 38, gas 117855)
   warp +43200s (past grace of #1) -> block 39 timestamp 1788999454
   proposal #1 state = Ready
   ok: Ready, unprocessed

== step 5: D deposits 5000 USDC at the current NAV (1 USDC/share)
   tx D approve deposit shaman: 0x1bd9aeac43dacaa29ef84f32472e63fba76fecf1cafaa3b36f300513a5013928 (block 40, gas 45901)
   tx D deposit 5000 USDC -> 5000 shares (quoted 5000): 0xdb28b187bfab15952192f8d2487748966fea9be17ef892841949f5d6eb80d7d8 (block 41, gas 169146)
   D holds 5000 shares = 62.11%; Safe 8050 USDC; D could not vote on #1 (votingStarts before D's checkpoint)

== step 6: A processes the old proposal
   tx A processProposal #1 -> passed=true actionFailed=false state=Processed: 0x215a5e5dc3d936d7c15261abd14a7465ae04eca8255fd68b86abcf6f2fda4ae9 (block 42, gas 154418)
   ok: paid
   Safe 6050 USDC; D's 5000 shares now worth 3757.763975 USDC: D lost 1242.236025 USDC (24.84%) of the 2000 paid to A; A's own 1000 shares bore 248.447204 USDC
   tx D ragequit 5000 shares -> paid 3757.763975 USDC (pro-rata of 6050 at supply 8050): 0xe96f36e7af38a3e4522b896ee2ab3feb924d6b4cb353cd8dcda80c760a27bf0b (block 43, gas 122531)
   D USDC 10000 -> 8757.763975 after exit (paid 3757.763975)
   ok: D recovered less than 76% of its deposit

=== SCENARIO NAV-06 Ready proposal executes against a later depositor (finding demonstrated; mitigation informational only): PASS ===

anvil stopped (http://127.0.0.1:11545)
