anvil http://127.0.0.1:11545 chainId 31401
deployed: safe 0xA39CD5F4f6b18A11EBF50ca224DE1dFf2733884c baal 0xBcB8990f2cEaD87467DED0B08C933933C4a45498 shares 0x32538be48410DF7a024006E78f7c5c04bBa7E781 settlement 0x20ACcbE5E516497c6f679d5E0437F0eD9182bFaD
   F = 0xB738c63870639b35ab0BC9d8C9df28323f1eacFC
   A = 0xfD61351D57DEEc9525A6EE62fb581D10B2Bee1aD
   B = 0x2934C9B740E2d74C598dF6b20dA58cD4D2a1543F
   C = 0xd51e4dbA8bd320E193D4d6bDe119DCD122490729
   D = 0x188aAbfb299B24D4834988105a5BbE0C82C57027
   O = 0x8079C48755F2aEc1635ffA8C60899ff2FbCd783F
   W = 0x5813B6D658b7470b18A03870E7F7549657407305
   shaman 0x67A7a1c37683DB9648F4492fA95834AA5aF8Ab15 permission 2 (DepositShaman)
   shaman 0x92fca3a551f73a4254E7Bdbd01F3a605948E3A58 permission 2 (WorkManager)
   ok: every shaman ever set is either revoked (0) or a plain manager (2): no admin, no governor
   ok: the only manager (mint) shamans are DepositShaman and WorkManager
   ok: Baal.avatar is the Safe: the only non-shaman minter is a passed proposal executed by the Safe
   ok: the founder holds no shaman permission
   ok: adminLock is on
   ok: the founder cannot call Baal.mintShares directly (reverted with !baal & !manager)
   constitution textHash 0xebc7c39cf14fdc0ac2c028cdba5960ecc4560a314e613b93b4585b62826f2d9a url docs/CONSTITUTION.md
   ok: Constitution.textHash == keccak256(docs/CONSTITUTION.md exact bytes)
   ok: Constitution has no state-changing function (immutable, no amendment path)
   ok: TemplateFactory is bound to this Safe, settlement and Baal
   ok: factory template 0 -> Payment deployer 0x47E9b6732497FCb76711a1db029b66B34D87F2cA
   ok: Payment deployer is bound to the same Safe and settlement
   ok: factory template 1 -> Strategy deployer 0x420cB9488c8c69092dCC1E6E28F53E689357D440
   ok: Strategy deployer is bound to the same Safe and settlement
   ok: factory template 2 -> Project deployer 0x52347809afA56e154352fc7415E8802DF51EB62B
   ok: Project deployer is bound to the same Safe and settlement
   ok: factory template 3 -> Config deployer 0x261E608dce6A7F56129cc7D2A0555ABa19F8b5d2
   ok: Config deployer is bound to the same Safe and settlement
   ok: ZeroOneIntentAccount.factory is this TemplateFactory (op 0 deploys and submits through it)

== step 1: seed: fund actors with USDC-mock
   tx fund A with 10000 USDC: 0xf75d31133fa249bc5c27299bb1397a6fc3f645df8de01e88f6a19c9f0bc47fd5 (block 22, gas 51250)
   tx fund B with 10000 USDC: 0x3a04916d5333bdec852d0a4198a53fc423e425b527f2aa3c960ece21bda3b651 (block 23, gas 51250)
   tx fund C with 10000 USDC: 0xa0bb3ebbbd574dd06c9cf186d69b7c8dc1714555d03d19e124250c36dd218509 (block 24, gas 51250)
   tx fund D with 10000 USDC: 0x3519701bb536a463369a3d8c29e1a9477a61700912e062d398dafcba586862b6 (block 25, gas 51250)
   tx fund O with 10000 USDC: 0xddc4a64c2189741d9a15fd8e00e5ca20309aabb701d02d5d89779d71762747b1 (block 26, gas 51250)
   tx fund W with 10000 USDC: 0xef04d4ec5bd83a7993f941801b462f840121e5280301dfcd4c26709a791d813f (block 27, gas 51250)

== step 2: seed: genesis deposit 50 USDC by the founder -> 50e18 shares = 100% of supply
   tx F approve deposit shaman: 0x4db4eb4a7513e32590f546f4e764213ad12924ca8c30a09ee0913688717a320e (block 28, gas 45901)
   tx F deposit 50 USDC -> 50 shares (quoted 50): 0x52d8b0db2eea149791780701b351103f84dff8931e4dc880d45c997d4e8a97c9 (block 29, gas 303575)
   ok: genesis: 50 USDC (50e6) -> exactly 50e18 shares (1 USDC -> 1e18 shares while the treasury is empty)
   ok: the founder holds 100% of supply after genesis; nothing else was minted

== step 3: seed: A, B, C deposit 1000 USDC each at NAV (1 USDC per share)
   tx A approve deposit shaman: 0xfa1a026ac3e2dcbed9f7ea76b26401aca946439897bcd5fa263a937645fa769d (block 30, gas 45889)
   tx A deposit 1000 USDC -> 1000 shares (quoted 1000): 0x3c32b1f2ffbb9c48bffd17bbce6a330afb7bffa5ff4a4aad3844193406b42fc4 (block 31, gas 235253)
   tx B approve deposit shaman: 0x2f2a47174f531262595f2d6c026a72244c3fe8c616dc9a29c8c7ae0b004c3308 (block 32, gas 45889)
   tx B deposit 1000 USDC -> 1000 shares (quoted 1000): 0xd45cb60982e8cfcc84cd0ee01a19cbb68f81fd8f1e5b3af5283293d5403aca49 (block 33, gas 235253)
   tx C approve deposit shaman: 0x9497135e5bcb6121bbdb4b86cd704a55198ad0090546da83c973a1ac8a699178 (block 34, gas 45889)
   tx C deposit 1000 USDC -> 1000 shares (quoted 1000): 0x5cabfc41bcf86eb9c3057ac17859911536e333d14b3a0272c5e2fb2d8397ada8 (block 35, gas 235253)
   [seeded] treasury(Safe) USDC = 3050  totalShares = 3050
   [seeded] F: USDC = 99939950  shares = 50
   [seeded] A: USDC = 9000  shares = 1000
   [seeded] B: USDC = 9000  shares = 1000
   [seeded] C: USDC = 9000  shares = 1000

== step 4: Project: 2000 USDC in one verifier tranche (B, C; threshold 2), 1 day deadline; passes with A + B YES
   A deployed ProjectProposal @ 0xdf0F8719150523075791C684d93B5F7538FCc330 via TemplateFactory (tx 0xc4f494ec34aee7e9409c4ccc99b3bcf0116bbb298ce5826f68598b9338ad07a4, salt 0x0000000000000000000000000000000000000000000000000000000000000002) paramsHash 0xd894c684fa76a5ef6aceb30e9f528e2a15cc1e73489af8bd4e0abe10edbb120b codeHash 0x0300541e775219569d6940e6d7fb3af5ce53fb468facba2249a2ee83200ea676
   factory.proposalData == builder multicall (asserted byte-identical in submitTemplateProposal)
   tx A submitProposal #1 "A: build X, 2000 USDC on verifier release {"template":"Project","contract":"Proj...": 0x181bccaa3500d99167ab8b3a5c640e382ea2be0dfffe81e4af13a4c5ac3b2375 (block 37, gas 283619)
   details: A: build X, 2000 USDC on verifier release {"template":"Project","contract":"ProjectProposal","compiler":"0.8.36+commit.8a079791.Emscripten.clang","instance":"0xdf0F8719150523075791C684d93B5F7538FCc330","operator":"0xfD61351D57DEEc9525A6EE62fb581D10B2Bee1aD","budget":"2000000000","deadline":"1789218182","params":{"tranches":[{"amount":"2000000000","releaseType":"verifiers","releaseAt":"0","verifiers":["0x2934C9B740E2d74C598dF6b20dA58cD4D2a1543F","0xd51e4dbA8bd320E193D4d6bDe119DCD122490729"],"threshold":2}],"deadline":"1789218182"},"paramsHash":"0xd894c684fa76a5ef6aceb30e9f528e2a15cc1e73489af8bd4e0abe10edbb120b","codeHash":"0x0300541e775219569d6940e6d7fb3af5ce53fb468facba2249a2ee83200ea676","salt":"0x0000000000000000000000000000000000000000000000000000000000000002"}
   warp +1s (let votingStarts become past) -> block 38 timestamp 1789131783
   proposal #1 state = Voting
   tx A votes YES on #1 -> yes 1000 / no 0: 0xf51832a08536e7851f8fa475a712c3e8cd110ba75b87f5050facf1bc172f097b (block 39, gas 117227)
   tx B votes YES on #1 -> yes 2000 / no 0: 0xe3d2eb062a3d5eface3d4d0a1e1916fb4c343f2bdc1c7e97cd4e78e7d0e60b79 (block 40, gas 100127)
   warp +43200s (past grace of #1) -> block 41 timestamp 1789174983
   proposal #1 state = Ready
   tx B processProposal #1 -> passed=true actionFailed=false state=Processed: 0xacdac41b38f3bcee0f39bd80f85dc59926a8c461862ee765e5aebaf0e2f2f55f (block 42, gas 291789)
   ok: project funded
   [after funding] treasury(Safe) USDC = 1050  totalShares = 3050
   [after funding] F: USDC = 99939950  shares = 50
   [after funding] A: USDC = 9000  shares = 1000
   [after funding] B: USDC = 9000  shares = 1000
   [after funding] C: USDC = 9000  shares = 1000
   ok: Safe 1050, project instance 2000

== step 5: A proposes 'hand A an unlimited USDC allowance on the Safe' (call-only, = the Safe balance at execution); C objects the only effective way: exit during grace
   tx A submitProposal #2 "A: pay A what the Safe holds" (baalGas 97534): 0x8e41f42ea8cce66db6f9e088b2c63cfb754aacddba9094015c2c15ca9e1d8bf2 (block 43, gas 283472)
   warp +1s (let votingStarts become past) -> block 44 timestamp 1789174984
   proposal #2 state = Voting
   tx A votes YES on #2 -> yes 1000 / no 0: 0x7816cda4db71e7a5c3cb0a25b3eff239aa2aed3b4ef30df99aeb7a5fa2cb938a (block 45, gas 117227)
   warp +21600s (to grace of #2) -> block 46 timestamp 1789196584
   proposal #2 state = Grace
   tx C ragequit 1000 shares -> paid 344.262295 USDC (pro-rata of 1050 at supply 3050): 0x0cc36fc540688e30d3d117c6a4330d2d3e75aa13a51c2899eeb94541b5117cdf (block 47, gas 222148)
   C burned 1000 shares for 344.262295 USDC; its pro-rata of Safe + instance would be 1000: exit cost 655.737705 USDC = 65.57% of its value
   ok: payout is pro-rata of the Safe only
   warp +21600s (past grace of #2) -> block 48 timestamp 1789218184
   proposal #2 state = Ready
RETENTION proposal=2 chunk=1 gas=52685 tx=0x207609384527683381ea046dd5e466725830d8f211a9718c9cdc6e894a482888
   tx A processProposal #2 -> passed=true actionFailed=false state=Processed: 0xc9c1aaf6013d0febfac27169608caed12809c3039f74d398d24cb1ae5a171cbf (block 50, gas 164756)
   ok: the allowance proposal executed
   ok: A paid 705.737705 = the Safe after C's exit (B, F asleep; C's 16.4% exit is below the 34% trigger)

== step 6: the project ends unspent; the 2000 return to the Safe and belong to the stayers (A, B, F) including C's forfeited part
   warp +86405s (past the project deadline) -> block 52 timestamp 1789304589
   tx anyone calls end(): 0x69cca373d2e23597d42f20c9db0265e7748937be83da49df7245fa16a5d10d2f (block 53, gas 75947)
   [after end()] treasury(Safe) USDC = 2000  totalShares = 2050
   [after end()] F: USDC = 99939950  shares = 50
   [after end()] A: USDC = 9705.737705  shares = 1000
   [after end()] B: USDC = 9000  shares = 1000
   [after end()] C: USDC = 9344.262295  shares = 0
   tx A ragequit 1000 shares -> paid 975.609756 USDC (pro-rata of 2000 at supply 2050): 0x8a0ffede54ef10837a4fe338b5e0515874b1c914dc8e0a412c13964fd8354cbf (block 54, gas 205048)
   A: deposited 1000, received 705.737705 (vote) + 975.609756 (exit) = 1681.347461 USDC; C: deposited 1000, left with 344.262295; B (asleep): 975.609756 if it exits now
   ok: A's exit alone recovers most of a second deposit's worth: C's forfeited value moved to the stayers
   general rule: with fraction f of NAV outside the Safe, blocking-by-exit costs the objector f x its value (here f = 2000/3050 = 65.6%); blocking-by-vote costs gas but needs weight > proposer's YES

=== SCENARIO ECO-08 exit-cost-deployed-capital: PASS ===

anvil stopped (http://127.0.0.1:11545)
