anvil http://127.0.0.1:11545 chainId 31401
deployed: safe 0x200d4759893d2BD3896944A9C15Aa66b4cfde051 baal 0x3E9EE27e12673524388F45c90a8183806fcE4A3e shares 0x14b38B2D5AE98E753EAe5466e543BaBf3207565f settlement 0x7cFeFA221F5493317f9b3F53d8528c181d1aD460
   F = 0x3Eff09A618435Ca7f3c69E5795C0624Cc0bCF283
   A = 0xE33296f9E9c6E20Cd633964467e9D4BC2c2268A7
   B = 0xA822BCCca26Abc9700D30B4D298B7b2422aE8826
   C = 0xFdcF20c3C1b6bE71E1711DA7909D0c405eF32E65
   D = 0x7147dF20051Fd697f87e5ed32Af2ead11552776D
   O = 0x42206f205De456a4E88E03Bc68E88dDb876f4D35
   W = 0xAD8991E6BE79A6Af398AB0b4e42aF8b5cF8F9BD5
   shaman 0x61a2Fd676797b22Ee5DF521aeA0f82Bb10a61cF9 permission 2 (DepositShaman)
   shaman 0x2eC3936b9E146F103f3e06c3483b668adBBdF753 permission 2 (WorkManager)
   ok: every shaman ever set is either revoked (0) or a plain manager (2): no admin, no governor
   ok: the only manager (mint) shamans are DepositShaman and WorkManager
   ok: Baal.avatar is the Safe: the only non-shaman minter is a passed proposal executed by the Safe
   ok: the founder holds no shaman permission
   ok: adminLock is on
   ok: the founder cannot call Baal.mintShares directly (reverted with !baal & !manager)
   constitution textHash 0xebc7c39cf14fdc0ac2c028cdba5960ecc4560a314e613b93b4585b62826f2d9a url docs/CONSTITUTION.md
   ok: Constitution.textHash == keccak256(docs/CONSTITUTION.md exact bytes)
   ok: Constitution has no state-changing function (immutable, no amendment path)
   ok: TemplateFactory is bound to this Safe, settlement and Baal
   ok: factory template 0 -> Payment deployer 0x1cEE51cAce98e7544B5F04C246ad8F2788C5C25f
   ok: Payment deployer is bound to the same Safe and settlement
   ok: factory template 1 -> Strategy deployer 0xBE0cf229130aAE00Ec0CD699B8298c687B170404
   ok: Strategy deployer is bound to the same Safe and settlement
   ok: factory template 2 -> Project deployer 0x8F957c29913F401aacD80c52F998ffB8A4f9B255
   ok: Project deployer is bound to the same Safe and settlement
   ok: factory template 3 -> Config deployer 0x3bbc18eBfEd37D07A1B82bc8925576612E73B825
   ok: Config deployer is bound to the same Safe and settlement
   ok: ZeroOneIntentAccount.factory is this TemplateFactory (op 0 deploys and submits through it)
   tx F approve deposit shaman: 0xf38f0233b9075acf54dde25d6bbfbb4229763da607e08336605df91128f3da04 (block 22, gas 45901)
   tx F deposit 50 USDC -> 50 shares (quoted 50): 0x805df7c16cc1a486bf673d3d3d9a96fbb67786d1031c92ab956857e1f323281a (block 23, gas 203247)
   tx fund A with 1000 USDC: 0x9260413e47d743f76230970308fcca29bedd1a7f2d8ea2e6a742d8d95e9148d8 (block 24, gas 51238)

== step 1: join: A signs an EIP-7702 authorization for the adapter; the sponsor broadcasts it (as relay/server.ts join())
   ok: A is delegated to the adapter (code 0xef01002ea87cbc51cf772f63e64fb65394677475210ac4)

== step 2: sponsor relays A's signed deposit intent (op 5, 100 USDC)
   [after sponsored deposit] treasury(Safe) USDC = 150  totalShares = 150
   [after sponsored deposit] A: USDC = 900  shares = 100
   ok: A holds 100 shares (gas 214341 paid by the sponsor; digest 0x3b3e33cd6f083267...)

== step 3: compromised sponsor key: what it can do with A's account and the DAO
   revert ok [replay of the same intent (nonce 0 already used)]: The contract function "executeIntent" reverted with the following reason: | nonce/expiry | Contract Call:
   revert ok [altered amount with the old signature]: The contract function "executeIntent" reverted with the following reason: | signature | Contract Call:
   revert ok [sponsor-signed ragequit intent for A]: The contract function "executeIntent" reverted with the following reason: | signature | Contract Call:
   revert ok [Baal.ragequit by the sponsor (burns msg.sender's shares: it has 0)]: The contract function "ragequit" reverted with the following signature: | 0xdb42144d | Unable to decode signature "0xdb42144d" as it was not found on the provided ABI.
   revert ok [Baal.mintShares by the sponsor]: The contract function "mintShares" reverted with the following reason: | !baal & !manager | Contract Call:
   revert ok [Baal.submitVote by the sponsor (no shares)]: The contract function "submitVote" reverted with the following reason: | !voting | Contract Call:
   revert ok [WorkManager.activateTask by the sponsor]: The contract function "activateTask" reverted. | Error: OnlySafe(address caller) |                (0xA61B05192bab5bCC025655ef235eb77fDF90479b)
   revert ok [TemplateFactory.deploy with empty params (permissionless but harmless: constructor reverts)]: The contract function "deploy" reverted. | Contract Call: |   address:   0x5BB73e68179DD3a006BDc478466B660A0Da26748
   value under the sponsor key: its ETH 999999 milli-ETH (mainnet plan: 0.01 ETH); treasury reachable: 0 of 150 USDC; member shares reachable: 0 of 150
   relay-level powers that need no key forgery (argued, relay/server.ts): delay/drop a request, reorder requests in its queue, front-run a member's propose by deploying the same CREATE2 instance (idempotent, harmless), refuse service (503). None changes what a signed intent does on chain.
   T0 (custodial-lite) accounts are different: their keys derive from state/relay/secret + pass (relay/server.ts passAccount); a host compromise owns them fully (component 5).

=== SCENARIO OPS-02 sponsor-key-compromise: PASS ===

anvil stopped (http://127.0.0.1:11545)
