anvil http://127.0.0.1:11545 chainId 31401
deployed: safe 0x339b3E3cf35BAf7D7312DAE7f2aCf6a2f9d51A88 baal 0x0e0D74833AC5C6Bf6A0bEE9A65342De6Bab78c22 shares 0x3dd12d6FF36D62a26d60697F3871C3B6B819E7cf settlement 0x1918229B3DBee76008087034c6A60b9137C6c424
   F = 0xA0b011D5323354d74727d050DC504394614Ec5a1
   A = 0x93f10751D87401a08B2284492DeB4B6C1aa3d414
   B = 0xA78357a68351DCFAA9d4bDC28d5b7F704f3A0236
   C = 0x924C957340E17a6afD91cC7912d1B8097Ab0B3Da
   D = 0x9C9485056f2846b3Bdc9AF82c4261062983fB528
   O = 0x4b5144B17E411eF5d6E1F1bB3aEF296f7901B25B
   W = 0x98D3893E5f530ab47Db6cEa18dE46B7eE10959Ec
   shaman 0x74EeF04a9A0703789aF99E4CbC55fdfB12c78687 permission 2 (DepositShaman)
   shaman 0x50f04515e1Ec2116964736880E8C733905E06752 permission 2 (WorkManager)
   ok: every shaman ever set is either revoked (0) or a plain manager (2): no admin, no governor
   ok: the only manager (mint) shamans are DepositShaman and WorkManager
   ok: Baal.avatar is the Safe: the only non-shaman minter is a passed proposal executed by the Safe
   ok: the founder holds no shaman permission
   ok: adminLock is on
   ok: the founder cannot call Baal.mintShares directly (reverted with !baal & !manager)
   constitution textHash 0xebc7c39cf14fdc0ac2c028cdba5960ecc4560a314e613b93b4585b62826f2d9a url docs/CONSTITUTION.md
   ok: Constitution.textHash == keccak256(docs/CONSTITUTION.md exact bytes)
   ok: Constitution has no state-changing function (immutable, no amendment path)
   ok: TemplateFactory is bound to this Safe, settlement and Baal
   ok: factory template 0 -> Payment deployer 0x509a9194C43cdBF56c338520f278e11Ee54c7B87
   ok: Payment deployer is bound to the same Safe and settlement
   ok: factory template 1 -> Strategy deployer 0xbFB28966c9Af6388C65a3f800333A6E96deB1258
   ok: Strategy deployer is bound to the same Safe and settlement
   ok: factory template 2 -> Project deployer 0x83Ac234DcB148571EDDf97aB9aE8F89f159fE9ab
   ok: Project deployer is bound to the same Safe and settlement
   ok: factory template 3 -> Config deployer 0x4C0953CEeA4773dBb9CFf392D7F8932d1bD4c886
   ok: Config deployer is bound to the same Safe and settlement
   ok: ZeroOneIntentAccount.factory is this TemplateFactory (op 0 deploys and submits through it)

== step 1: seed: fund actors with USDC-mock
   tx fund A with 10000 USDC: 0x12f00d0c9721f1a76d192fc4f04eef47498eae32c56bfa6dacf1739aa9cdba92 (block 22, gas 51250)
   tx fund B with 10000 USDC: 0x97598b79a878220132266ac48d6fe3cdbf2e210da26462490f98b8595eb37dd0 (block 23, gas 51250)
   tx fund C with 10000 USDC: 0x310e95a28b433dc0cf4a7dd486c4fcae5175b0b003fee7204d152456574f0096 (block 24, gas 51250)
   tx fund D with 10000 USDC: 0xcc544e042c6066c3e8661fc0e8a70525a4a9f2dafa11e84145892f201c2604d5 (block 25, gas 51250)
   tx fund O with 10000 USDC: 0x1b9ef28818ca01a1c7b6b89740a7d19497b8b8299608308ba78d5775e187733f (block 26, gas 51250)
   tx fund W with 10000 USDC: 0xe0728844b27e51cb30f0425a92903f97d545f7b992c230f17f97faea94c20309 (block 27, gas 51250)

== step 2: seed: genesis deposit 50 USDC by the founder -> 50e18 shares = 100% of supply
   tx F approve deposit shaman: 0xed1663e87006c61a8440c2b67e5863ad04b65fc146fc4497a7145cda3ffaecbf (block 28, gas 45901)
   tx F deposit 50 USDC -> 50 shares (quoted 50): 0xdddf38b15b13a2d1668c956dccad138859279be0e4e1f97ac6a333bd062d53f3 (block 29, gas 203247)
   ok: genesis: 50 USDC (50e6) -> exactly 50e18 shares (1 USDC -> 1e18 shares while the treasury is empty)
   ok: the founder holds 100% of supply after genesis; nothing else was minted

== step 3: seed: A, B, C deposit 1000 USDC each at NAV (1 USDC per share)
   tx A approve deposit shaman: 0x64f845cc342f64ab35d94bdaed8ec1a62e37b1e5c1cfcd662557eee48c89c160 (block 30, gas 45889)
   tx A deposit 1000 USDC -> 1000 shares (quoted 1000): 0xd1a2ca4e2880318bfc940e049c5e0d0a893737a8bddcdb6bddb2b226f3a101e2 (block 31, gas 169134)
   tx B approve deposit shaman: 0xf37e836f483f1f830dc92194c7a49c9d5b71e297d680328a3fbc5d4da35942fc (block 32, gas 45889)
   tx B deposit 1000 USDC -> 1000 shares (quoted 1000): 0x9383167fdf8a037e648a8e6708ae234fa2c318f915af49393c82d84b1298b081 (block 33, gas 169134)
   tx C approve deposit shaman: 0x117e19107ee114624187beedb91739c9d3e8453394956034007f5b1147e83cf3 (block 34, gas 45889)
   tx C deposit 1000 USDC -> 1000 shares (quoted 1000): 0x2b8bf50ff8d67f69ff3f1ed635506f4410e98b4c4bc5c8d1c0c403dc34d36887 (block 35, gas 169134)
   [seeded] treasury(Safe) USDC = 3050  totalShares = 3050
   [seeded] F: USDC = 99939950  shares = 50
   [seeded] A: USDC = 9000  shares = 1000
   [seeded] B: USDC = 9000  shares = 1000
   [seeded] C: USDC = 9000  shares = 1000

== step 4: (1) approve-based drain: Safe approves W for the whole balance; the index shows 0 USDC leaving
   tx A submitProposal #1 "A: housekeeping": 0x603fd4b3c134c88e68fca243466957fea40f49101dbe80a4d35c8468cdc4c24f (block 36, gas 204012)
   warp +1s (let votingStarts become past) -> block 37 timestamp 1788956186
   proposal #1 state = Voting
[index] scan 0..37 rows=5
   /proposals.json #1: usdcOut=0 summary="USDC.approve(0x98D3893E5f530ab47Db6cEa18dE46B7eE10959Ec, 340282366920938463463374607431768211456)" calls=[USDC.approve(0x98D3893E5f530ab47Db6cEa18dE46B7eE10959Ec, 340282366920938463463374607431768211456)]
   ok: index reports usdcOut 0 for an approve that hands the treasury to W
   tx A votes YES on #1 -> yes 1000 / no 0: 0xf5fea79b8aaab73628ad963d4279baf8d6a266257dd0945f4c6b2876dd3cd75d (block 38, gas 117855)
   warp +43200s (past grace of #1) -> block 39 timestamp 1788999386
   proposal #1 state = Ready
   tx A processProposal #1 -> passed=true actionFailed=false state=Processed: 0x66e25f133f18e6ec10ec7c14173a12af019dda076d00dd2bbdcc01f80e41949e (block 40, gas 166145)
   [after W transferFrom] treasury(Safe) USDC = 0  totalShares = 3050
   [after W transferFrom] W: USDC = 13050  shares = 0
   ok: W pulled 3050 USDC any time after execution (tx 0x8039251a0165b73dc26fd9b8fdbb8002c604df9eeec72c65738daea3e8840955); no proposal, vote or grace involved in the pull

== step 5: (2) delegatecall drain: refill, then a proposal whose only call is operation=1 into a Drainer
   tx A submitProposal #2 "A: maintenance": 0x52bdf47221228c9766931e57d7bd6586ae3925ff2aa34ec187717f20bd2136ab (block 44, gas 204240)
   warp +1s (let votingStarts become past) -> block 45 timestamp 1788999387
   proposal #2 state = Voting
[index] scan 38..45 rows=8
   /proposals.json #2: usdcOut=0 summary="0x98026243032011B5048710372807f18eAD1c7A56.0x837971e4" calls=[0x98026243032011B5048710372807f18eAD1c7A56.0x837971e4]
   ok: index reports usdcOut 0 and an opaque selector for the delegatecall drain
   tx A votes YES on #2 -> yes 1000 / no 0: 0xb5ab0357f842fdf03519b242d42e1a55d1e62189d79fbdc07c7bd20162c02cd6 (block 46, gas 117855)
   warp +43200s (past grace of #2) -> block 47 timestamp 1789042587
   proposal #2 state = Ready
   tx A processProposal #2 -> passed=true actionFailed=false state=Processed: 0x22dc8807f4570bd9c9c01b0bb470b09e30c7b8cc0a81dd8b8c452d4b3b3d4890 (block 48, gas 154015)
   ok: Safe drained by delegatecall: 3050 USDC to W

== step 6: (3) impersonating a template: details claim a benign Payment instance, calls do something else
   tx A submitProposal #3 "A: pay O 10 USDC (Payment template) {"template":"Payment","contract":"PaymentProposal","compiler":"0.8.36+commit.8a079791.Emscripten.clang","instance":"0x182B38AEaB7C0F533638EFAdEcAF0e664DA736dC","operator":"0x93f10751D87401a08B2284492DeB4B6C1aa3d414","budget":"10000000","deadline":"0","params":{"recipients":["0x4b5144B17E411eF5d6E1F1bB3aEF296f7901B25B"],"amounts":["10000000"]},"paramsHash":"0xb9394bc97784aa97e6674215c262224b8032e085c0b14a51260ecfd59890de40","codeHash":"0x4142c8308af0c617d597acabed938243854174a4e1d26f860c5d4da117b15ac1","salt":"0x0000000000000000000000000000000000000000000000000000000000000009"}": 0x8bdd1513ccc69597969d69db81f0a22fd20d7c45d60551959314f3035e2d72d9 (block 51, gas 218839)
   warp +1s (let votingStarts become past) -> block 52 timestamp 1789042588
   proposal #3 state = Voting
[index] scan 46..52 rows=11
   /proposals.json #3: usdcOut=3050 summary="3050 USDC leaves the Safe; Payment contract 0x182B38AEaB7C0F533638EFAdEcAF0e664DA736dC (budget 10 USDC, operator 0x93f10751D87401a08B2284492DeB4B6C1aa3d414)" calls=[USDC.transfer(0x98D3893E5f530ab47Db6cEa18dE46B7eE10959Ec, 3050 USDC) from the Safe] instance=Payment 0x182B38AEaB7C0F533638EFAdEcAF0e664DA736dC budget 10
   ok: index attaches the claimed instance (Payment 0x182B38AEaB7C0F533638EFAdEcAF0e664DA736dC budget 10) next to calls that pay W 3050 USDC: an agent reading details/instance is misled; only the decoded calls tell the truth
   details carry codeHash 0x4142c8308af0c617... of the benign instance (live 0x4142c8308af0c617...) while proposalData funds 0x98D3893E5f530ab47Db6cEa18dE46B7eE10959Ec

== step 7: (4) reorg: anvil_reorg against the persisted index checkpoint
[index] scan 0..52 rows=10
   anvil_reorg depth 2: block 52 hash 0xa1278c2281 -> 0x1fdb05a5ea; index rescanned, proposals now 2 (last id 2, state Processed)

=== SCENARIO ECO-06/OPS-07 hidden-treasury-effect: PASS ===

anvil stopped (http://127.0.0.1:11545)
