anvil http://127.0.0.1:11545 chainId 31401
deployed: safe 0xFCE495f98c8D53Ff5AC537009b511b7779E6DcB2 baal 0x57a84C97a58497Eb2E67A8553554739307bF30Dc shares 0x17C38CB5465b23ff788400596B76edf17a55A39D settlement 0xAaE9fbE9D5bB37aD2892c6020e72772260844d03
   F = 0xeC3D66828b0Eac378aEdFE1fAF22631A18C7E991
   A = 0x6aB199A3D37D68138151481ab05B908884Ee0E9b
   B = 0x7f910a5650C381eF07f0B80E66D665FA0E3C6f97
   C = 0x09D66d016BDD4f33295ADac3223A6aC34d952168
   D = 0xdB3d7937AD72160B24B690646Bf3df8A67c6bF29
   O = 0x701612d9f35746B7aBe3F182fc7825dA94B81ffa
   W = 0x38e3166f456CBe6Bc20e4234cd7D1Cc5A1668720
   shaman 0xf7Ce05240589fF23626118D8Ac2613Fb50Cb0807 permission 2 (DepositShaman)
   shaman 0x8496BC54b3BA59c3fe3A99FFD0df71EaE70174aF permission 2 (WorkManager)
   ok: every shaman ever set is either revoked (0) or a plain manager (2): no admin, no governor
   ok: the only manager (mint) shamans are DepositShaman and WorkManager
   ok: Baal.avatar is the Safe: the only non-shaman minter is a passed proposal executed by the Safe
   ok: the founder holds no shaman permission
   ok: adminLock is on
   ok: the founder cannot call Baal.mintShares directly (reverted with !baal & !manager)
   constitution textHash 0xebc7c39cf14fdc0ac2c028cdba5960ecc4560a314e613b93b4585b62826f2d9a url docs/CONSTITUTION.md
   ok: Constitution.textHash == keccak256(docs/CONSTITUTION.md exact bytes)
   ok: Constitution has no state-changing function (immutable, no amendment path)
   ok: TemplateFactory is bound to this Safe, settlement and Baal
   ok: factory template 0 -> Payment deployer 0xaBB24C0eC0f779684d933E4038B5Dbf9b4372C15
   ok: Payment deployer is bound to the same Safe and settlement
   ok: factory template 1 -> Strategy deployer 0x0364456A997a8de0b2E054D803a9D67dD2538466
   ok: Strategy deployer is bound to the same Safe and settlement
   ok: factory template 2 -> Project deployer 0x3C36A8f6c2aA47cD5AcA6e55F7dC3e550b2AFED6
   ok: Project deployer is bound to the same Safe and settlement
   ok: factory template 3 -> Config deployer 0xbBaD95F5F3aefEe54A7229F25d9c7A95Ab813b9f
   ok: Config deployer is bound to the same Safe and settlement
   ok: ZeroOneIntentAccount.factory is this TemplateFactory (op 0 deploys and submits through it)

== step 1: seed: fund actors with USDC-mock
   tx fund A with 10000 USDC: 0x62e4c0bbffac8a13fdfdab7fb9b2ea81c6892e7947ec56d16de6795621af4810 (block 22, gas 51250)
   tx fund B with 10000 USDC: 0x434bf7a31da0422e2351e6ba8f1b46228c7c22a71dc5a1e7218fb9b062e949c7 (block 23, gas 51250)
   tx fund C with 10000 USDC: 0x9d6ed264f406464500a022500c0e1910b3b951c329ba11667f061b25bb6aa63a (block 24, gas 51250)
   tx fund D with 10000 USDC: 0x26904fa4f000d05d89c6e276643e18858e47f442a306adaad5e0cd9e313815aa (block 25, gas 51250)
   tx fund O with 10000 USDC: 0x24045a1ad476e40a2c2956d15e3764134a70982d0243ec0cb0a2d5c524e933f6 (block 26, gas 51250)
   tx fund W with 10000 USDC: 0xc2a5acd580877932bc9393f31fb850e9ea659ec0772ee4dd6cbde53e22a74fbf (block 27, gas 51250)

== step 2: seed: genesis deposit 50 USDC by the founder -> 50e18 shares = 100% of supply
   tx F approve deposit shaman: 0xe6025545945ecce8d2d4a7a4813adabb2e3540e643a935c10870ce38abd476f1 (block 28, gas 45901)
   tx F deposit 50 USDC -> 50 shares (quoted 50): 0x0542b731fe70d4be8a1eed54199b1c5fe50cee649061b6dccff37055889eddee (block 29, gas 203247)
   ok: genesis: 50 USDC (50e6) -> exactly 50e18 shares (1 USDC -> 1e18 shares while the treasury is empty)
   ok: the founder holds 100% of supply after genesis; nothing else was minted

== step 3: seed: A, B, C deposit 1000 USDC each at NAV (1 USDC per share)
   tx A approve deposit shaman: 0xbcd8e2497e03e16b5bea8b256fd40af17ead98049f5dc1ccf94805cf8c3dc078 (block 30, gas 45889)
   tx A deposit 1000 USDC -> 1000 shares (quoted 1000): 0xcea59340e097aeebbee06cc849d599cc3f3b920905e9be3afe5a26e25f18f538 (block 31, gas 169134)
   tx B approve deposit shaman: 0xfaa7fcfd001cbd7e93accc80695f10dfa5eeb08e41d79e557a7f235af81f9719 (block 32, gas 45889)
   tx B deposit 1000 USDC -> 1000 shares (quoted 1000): 0xdf24b76494b748d09f2703e05f8f4dc50b96475b8b59469bd5773082be1b44c9 (block 33, gas 169134)
   tx C approve deposit shaman: 0x4ef05bde260000a298d1199b731dba6648251a8a0220a46982e62a5df7cdb472 (block 34, gas 45889)
   tx C deposit 1000 USDC -> 1000 shares (quoted 1000): 0xde24fb9636ca39eab62106567e03d7a93a13b63b0fc1bed8735a5a5a7d6aca84 (block 35, gas 169134)
   [seeded] treasury(Safe) USDC = 3050  totalShares = 3050
   [seeded] F: USDC = 99939950  shares = 50
   [seeded] A: USDC = 9000  shares = 1000
   [seeded] B: USDC = 9000  shares = 1000
   [seeded] C: USDC = 9000  shares = 1000

== step 4: Project: 2000 USDC in one verifier tranche (B, C; threshold 2), 1 day deadline; passes with A + B YES
   A deployed ProjectProposal @ 0x9993a22b6e3b4DED0407623030665e6f7ED45aA0 via TemplateFactory (tx 0xfb6308ae51210716cf4d5b2c5241f1d387e27babf59ac7b9652e825e9c1b23a1, salt 0x0000000000000000000000000000000000000000000000000000000000000002) paramsHash 0x93b4bd4043e235d0308809e4e95df8e100256d3f49b437fee38875e1ea720069 codeHash 0x43802c40935dd96ad1b543d243a26c1c85407fce4214a7b6c2c54c56598a23f8
   factory.proposalData == builder multicall (asserted byte-identical in submitTemplateProposal)
   tx A submitProposal #1 "A: build X, 2000 USDC on verifier release {"template":"Project","contract":"Proj...": 0x196e545837d92566fe47115d33ec08f4baa2806db18372873ab1a3c214fc8799 (block 37, gas 224407)
   details: A: build X, 2000 USDC on verifier release {"template":"Project","contract":"ProjectProposal","compiler":"0.8.36+commit.8a079791.Emscripten.clang","instance":"0x9993a22b6e3b4DED0407623030665e6f7ED45aA0","operator":"0x6aB199A3D37D68138151481ab05B908884Ee0E9b","budget":"2000000000","deadline":"1789042713","params":{"tranches":[{"amount":"2000000000","releaseType":"verifiers","releaseAt":"0","verifiers":["0x7f910a5650C381eF07f0B80E66D665FA0E3C6f97","0x09D66d016BDD4f33295ADac3223A6aC34d952168"],"threshold":2}],"deadline":"1789042713"},"paramsHash":"0x93b4bd4043e235d0308809e4e95df8e100256d3f49b437fee38875e1ea720069","codeHash":"0x43802c40935dd96ad1b543d243a26c1c85407fce4214a7b6c2c54c56598a23f8","salt":"0x0000000000000000000000000000000000000000000000000000000000000002"}
   warp +1s (let votingStarts become past) -> block 38 timestamp 1788956315
   proposal #1 state = Voting
   tx A votes YES on #1 -> yes 1000 / no 0: 0xb92c3251566019a1316b23504d9d3a77cc0c0b86fb8d0d1e25fe83b529c2d177 (block 39, gas 117855)
   tx B votes YES on #1 -> yes 2000 / no 0: 0x6aa8c1c7689f9940bc0d3553ece37e4d68b938e55add2ead868b2085280fe7e0 (block 40, gas 100755)
   warp +43200s (past grace of #1) -> block 41 timestamp 1788999515
   proposal #1 state = Ready
   tx B processProposal #1 -> passed=true actionFailed=false state=Processed: 0x6a55922ee07f4bf8312c15cb2232095e682c26b4ab6ced05e998a1e425c82497 (block 42, gas 214218)
   ok: project funded
   [after funding] treasury(Safe) USDC = 1050  totalShares = 3050
   [after funding] F: USDC = 99939950  shares = 50
   [after funding] A: USDC = 9000  shares = 1000
   [after funding] B: USDC = 9000  shares = 1000
   [after funding] C: USDC = 9000  shares = 1000
   ok: Safe 1050, project instance 2000

== step 5: A proposes 'move the Safe balance at execution to A' (delegatecall Drainer); C objects the only effective way: exit during grace
   tx A submitProposal #2 "A: pay A what the Safe holds": 0xd65ce355a32c9b5460780c7c4cb1f6475a60206cd3aa52825cb25b0c3dc7a9ed (block 44, gas 204408)
   warp +1s (let votingStarts become past) -> block 45 timestamp 1788999516
   proposal #2 state = Voting
   tx A votes YES on #2 -> yes 1000 / no 0: 0xf0be9c2a06decd9226685e703c013ccf194349d451221affeb065f14aecaaaad (block 46, gas 117855)
   warp +21600s (to grace of #2) -> block 47 timestamp 1789021116
   proposal #2 state = Grace
   tx C ragequit 1000 shares -> paid 344.262295 USDC (pro-rata of 1050 at supply 3050): 0xffd5ace8a2cb9401dd045c047504a7ea84d99d941f651fb87e492f1e08478166 (block 48, gas 149698)
   C burned 1000 shares for 344.262295 USDC; its pro-rata of Safe + instance would be 1000: exit cost 655.737705 USDC = 65.57% of its value
   ok: payout is pro-rata of the Safe only
   warp +21600s (past grace of #2) -> block 49 timestamp 1789042716
   proposal #2 state = Ready
   tx A processProposal #2 -> passed=true actionFailed=false state=Processed: 0xa264a27dadaee31789090af2aac0cb4dc893eb69ebc213c897bc485f21e8aad8 (block 50, gas 154015)
   ok: A paid 705.737705 = the Safe after C's exit (B, F asleep; C's 16.4% exit is below the 34% trigger)

== step 6: the project ends unspent; the 2000 return to the Safe and belong to the stayers (A, B, F) including C's forfeited part
   warp +86405s (past the project deadline) -> block 51 timestamp 1789129121
   tx anyone calls end(): 0xb989384375230200642f9211ea15d11a1a0683715608549dbbd3337406f18043 (block 52, gas 61219)
   [after end()] treasury(Safe) USDC = 2000  totalShares = 2050
   [after end()] F: USDC = 99939950  shares = 50
   [after end()] A: USDC = 9705.737705  shares = 1000
   [after end()] B: USDC = 9000  shares = 1000
   [after end()] C: USDC = 9344.262295  shares = 0
   tx A ragequit 1000 shares -> paid 975.609756 USDC (pro-rata of 2000 at supply 2050): 0x6a5c5d3eb54833e03a98435e79c8b70017a84e1729360ffb189f14184e67d8d0 (block 53, gas 132598)
   A: deposited 1000, received 705.737705 (vote) + 975.609756 (exit) = 1681.347461 USDC; C: deposited 1000, left with 344.262295; B (asleep): 975.609756 if it exits now
   ok: A's exit alone recovers most of a second deposit's worth: C's forfeited value moved to the stayers
   general rule: with fraction f of NAV outside the Safe, blocking-by-exit costs the objector f x its value (here f = 2000/3050 = 65.6%); blocking-by-vote costs gas but needs weight > proposer's YES

=== SCENARIO ECO-08 exit-cost-deployed-capital: PASS ===

anvil stopped (http://127.0.0.1:11545)
